2026-02-12 12:45:49,090 | INFO | Training MobileNetV1 on CIFAR-10 with FP (dtype=torch.bfloat16) on device cuda:0
2026-02-12 12:45:49,090 | INFO | Hyperparameters: epochs=100, batch_size=128, lr=0.01, beta=0.999
2026-02-12 12:46:01,233 | INFO | Batch 100 | Loss: 2.1289 | Correct: 22/128 | Elapsed Time: 12.14s
2026-02-12 12:46:08,513 | INFO | Batch 200 | Loss: 1.7744 | Correct: 46/128 | Elapsed Time: 7.28s
2026-02-12 12:46:15,753 | INFO | Batch 300 | Loss: 1.7295 | Correct: 48/128 | Elapsed Time: 7.24s
2026-02-12 12:46:25,855 | INFO | Epoch [1/100] - Loss: 1.8926 | Correct: 14312/50000 (28.62%, 36.76s)
2026-02-12 12:46:29,757 | INFO | Validation - Loss: 1.5703 | Correct: 4094/10000 (40.94%, 3.90s)
2026-02-12 12:46:29,799 | INFO | New best model saved at epoch 1 with Top1 Acc: 40.94%
2026-02-12 12:46:37,193 | INFO | Batch 100 | Loss: 1.5596 | Correct: 56/128 | Elapsed Time: 7.39s
2026-02-12 12:46:44,529 | INFO | Batch 200 | Loss: 1.5303 | Correct: 54/128 | Elapsed Time: 7.34s
2026-02-12 12:46:51,777 | INFO | Batch 300 | Loss: 1.5000 | Correct: 52/128 | Elapsed Time: 7.25s
2026-02-12 12:46:58,373 | INFO | Epoch [2/100] - Loss: 1.5267 | Correct: 21942/50000 (43.88%, 28.57s)
2026-02-12 12:47:00,960 | INFO | Validation - Loss: 1.4633 | Correct: 4649/10000 (46.49%, 2.59s)
2026-02-12 12:47:00,999 | INFO | New best model saved at epoch 2 with Top1 Acc: 46.49%
2026-02-12 12:47:08,330 | INFO | Batch 100 | Loss: 1.5078 | Correct: 62/128 | Elapsed Time: 7.33s
2026-02-12 12:47:15,644 | INFO | Batch 200 | Loss: 1.4238 | Correct: 70/128 | Elapsed Time: 7.31s
2026-02-12 12:47:22,906 | INFO | Batch 300 | Loss: 1.2344 | Correct: 64/128 | Elapsed Time: 7.26s
2026-02-12 12:47:29,530 | INFO | Epoch [3/100] - Loss: 1.3609 | Correct: 25176/50000 (50.35%, 28.53s)
2026-02-12 12:47:32,148 | INFO | Validation - Loss: 1.2364 | Correct: 5468/10000 (54.68%, 2.62s)
2026-02-12 12:47:32,186 | INFO | New best model saved at epoch 3 with Top1 Acc: 54.68%
2026-02-12 12:47:39,491 | INFO | Batch 100 | Loss: 1.1523 | Correct: 74/128 | Elapsed Time: 7.31s
2026-02-12 12:47:46,713 | INFO | Batch 200 | Loss: 1.2227 | Correct: 70/128 | Elapsed Time: 7.22s
2026-02-12 12:47:53,969 | INFO | Batch 300 | Loss: 1.1846 | Correct: 81/128 | Elapsed Time: 7.26s
2026-02-12 12:48:00,613 | INFO | Epoch [4/100] - Loss: 1.2314 | Correct: 27637/50000 (55.27%, 28.43s)
2026-02-12 12:48:03,171 | INFO | Validation - Loss: 1.2579 | Correct: 5435/10000 (54.35%, 2.56s)
2026-02-12 12:48:10,433 | INFO | Batch 100 | Loss: 1.1680 | Correct: 77/128 | Elapsed Time: 7.26s
2026-02-12 12:48:17,706 | INFO | Batch 200 | Loss: 1.1152 | Correct: 76/128 | Elapsed Time: 7.27s
2026-02-12 12:48:24,942 | INFO | Batch 300 | Loss: 1.2598 | Correct: 66/128 | Elapsed Time: 7.24s
2026-02-12 12:48:31,530 | INFO | Epoch [5/100] - Loss: 1.1307 | Correct: 29679/50000 (59.36%, 28.36s)
2026-02-12 12:48:34,078 | INFO | Validation - Loss: 1.1284 | Correct: 5918/10000 (59.18%, 2.55s)
2026-02-12 12:48:34,114 | INFO | New best model saved at epoch 5 with Top1 Acc: 59.18%
2026-02-12 12:48:41,423 | INFO | Batch 100 | Loss: 1.0039 | Correct: 85/128 | Elapsed Time: 7.31s
2026-02-12 12:48:48,682 | INFO | Batch 200 | Loss: 0.9570 | Correct: 83/128 | Elapsed Time: 7.26s
2026-02-12 12:48:55,939 | INFO | Batch 300 | Loss: 0.9722 | Correct: 84/128 | Elapsed Time: 7.26s
2026-02-12 12:49:02,595 | INFO | Epoch [6/100] - Loss: 1.0499 | Correct: 31147/50000 (62.29%, 28.48s)
2026-02-12 12:49:05,141 | INFO | Validation - Loss: 1.1453 | Correct: 5976/10000 (59.76%, 2.55s)
2026-02-12 12:49:05,178 | INFO | New best model saved at epoch 6 with Top1 Acc: 59.76%
2026-02-12 12:49:12,459 | INFO | Batch 100 | Loss: 1.0166 | Correct: 79/128 | Elapsed Time: 7.28s
2026-02-12 12:49:19,721 | INFO | Batch 200 | Loss: 0.9736 | Correct: 86/128 | Elapsed Time: 7.26s
2026-02-12 12:49:27,052 | INFO | Batch 300 | Loss: 0.9355 | Correct: 88/128 | Elapsed Time: 7.33s
2026-02-12 12:49:33,612 | INFO | Epoch [7/100] - Loss: 0.9715 | Correct: 32655/50000 (65.31%, 28.43s)
2026-02-12 12:49:36,156 | INFO | Validation - Loss: 0.9593 | Correct: 6556/10000 (65.56%, 2.54s)
2026-02-12 12:49:36,211 | INFO | New best model saved at epoch 7 with Top1 Acc: 65.56%
2026-02-12 12:49:43,626 | INFO | Batch 100 | Loss: 1.1514 | Correct: 79/128 | Elapsed Time: 7.42s
2026-02-12 12:49:50,881 | INFO | Batch 200 | Loss: 0.9922 | Correct: 80/128 | Elapsed Time: 7.25s
2026-02-12 12:49:58,200 | INFO | Batch 300 | Loss: 0.8657 | Correct: 89/128 | Elapsed Time: 7.32s
2026-02-12 12:50:04,867 | INFO | Epoch [8/100] - Loss: 0.9111 | Correct: 33694/50000 (67.39%, 28.66s)
2026-02-12 12:50:07,448 | INFO | Validation - Loss: 0.8817 | Correct: 6850/10000 (68.50%, 2.58s)
2026-02-12 12:50:07,494 | INFO | New best model saved at epoch 8 with Top1 Acc: 68.50%
2026-02-12 12:50:14,826 | INFO | Batch 100 | Loss: 0.7632 | Correct: 95/128 | Elapsed Time: 7.33s
2026-02-12 12:50:22,116 | INFO | Batch 200 | Loss: 0.9556 | Correct: 92/128 | Elapsed Time: 7.29s
2026-02-12 12:50:29,385 | INFO | Batch 300 | Loss: 0.9136 | Correct: 85/128 | Elapsed Time: 7.27s
2026-02-12 12:50:35,995 | INFO | Epoch [9/100] - Loss: 0.8576 | Correct: 34722/50000 (69.44%, 28.50s)
2026-02-12 12:50:38,567 | INFO | Validation - Loss: 0.9170 | Correct: 6890/10000 (68.90%, 2.57s)
2026-02-12 12:50:38,611 | INFO | New best model saved at epoch 9 with Top1 Acc: 68.90%
2026-02-12 12:50:46,005 | INFO | Batch 100 | Loss: 0.7817 | Correct: 95/128 | Elapsed Time: 7.39s
2026-02-12 12:50:53,296 | INFO | Batch 200 | Loss: 0.8149 | Correct: 91/128 | Elapsed Time: 7.29s
2026-02-12 12:51:00,587 | INFO | Batch 300 | Loss: 0.7871 | Correct: 90/128 | Elapsed Time: 7.29s
2026-02-12 12:51:07,280 | INFO | Epoch [10/100] - Loss: 0.8112 | Correct: 35510/50000 (71.02%, 28.67s)
2026-02-12 12:51:09,831 | INFO | Validation - Loss: 0.8082 | Correct: 7164/10000 (71.64%, 2.55s)
2026-02-12 12:51:09,867 | INFO | New best model saved at epoch 10 with Top1 Acc: 71.64%
2026-02-12 12:51:17,153 | INFO | Batch 100 | Loss: 0.6914 | Correct: 97/128 | Elapsed Time: 7.29s
2026-02-12 12:51:24,392 | INFO | Batch 200 | Loss: 0.6841 | Correct: 99/128 | Elapsed Time: 7.24s
2026-02-12 12:51:31,667 | INFO | Batch 300 | Loss: 0.7358 | Correct: 93/128 | Elapsed Time: 7.27s
2026-02-12 12:51:38,262 | INFO | Epoch [11/100] - Loss: 0.7810 | Correct: 36288/50000 (72.58%, 28.40s)
2026-02-12 12:51:40,827 | INFO | Validation - Loss: 0.8008 | Correct: 7218/10000 (72.18%, 2.56s)
2026-02-12 12:51:40,869 | INFO | New best model saved at epoch 11 with Top1 Acc: 72.18%
2026-02-12 12:51:48,282 | INFO | Batch 100 | Loss: 0.8013 | Correct: 94/128 | Elapsed Time: 7.41s
2026-02-12 12:51:55,599 | INFO | Batch 200 | Loss: 0.7778 | Correct: 90/128 | Elapsed Time: 7.32s
2026-02-12 12:52:02,956 | INFO | Batch 300 | Loss: 0.7002 | Correct: 98/128 | Elapsed Time: 7.36s
2026-02-12 12:52:09,597 | INFO | Epoch [12/100] - Loss: 0.7433 | Correct: 36856/50000 (73.71%, 28.73s)
2026-02-12 12:52:12,212 | INFO | Validation - Loss: 0.8138 | Correct: 7155/10000 (71.55%, 2.61s)
2026-02-12 12:52:19,523 | INFO | Batch 100 | Loss: 0.7485 | Correct: 96/128 | Elapsed Time: 7.31s
2026-02-12 12:52:26,863 | INFO | Batch 200 | Loss: 0.8428 | Correct: 91/128 | Elapsed Time: 7.34s
2026-02-12 12:52:34,172 | INFO | Batch 300 | Loss: 0.7485 | Correct: 94/128 | Elapsed Time: 7.31s
2026-02-12 12:52:40,735 | INFO | Epoch [13/100] - Loss: 0.7156 | Correct: 37348/50000 (74.70%, 28.52s)
2026-02-12 12:52:43,301 | INFO | Validation - Loss: 0.7685 | Correct: 7315/10000 (73.15%, 2.57s)
2026-02-12 12:52:43,355 | INFO | New best model saved at epoch 13 with Top1 Acc: 73.15%
2026-02-12 12:52:50,644 | INFO | Batch 100 | Loss: 0.5913 | Correct: 103/128 | Elapsed Time: 7.29s
2026-02-12 12:52:57,977 | INFO | Batch 200 | Loss: 0.5596 | Correct: 105/128 | Elapsed Time: 7.33s
2026-02-12 12:53:05,307 | INFO | Batch 300 | Loss: 0.6108 | Correct: 102/128 | Elapsed Time: 7.33s
2026-02-12 12:53:11,923 | INFO | Epoch [14/100] - Loss: 0.6913 | Correct: 37794/50000 (75.59%, 28.57s)
2026-02-12 12:53:14,410 | INFO | Validation - Loss: 0.7029 | Correct: 7567/10000 (75.67%, 2.49s)
2026-02-12 12:53:14,450 | INFO | New best model saved at epoch 14 with Top1 Acc: 75.67%
2026-02-12 12:53:21,784 | INFO | Batch 100 | Loss: 0.6738 | Correct: 95/128 | Elapsed Time: 7.33s
2026-02-12 12:53:29,085 | INFO | Batch 200 | Loss: 0.7241 | Correct: 94/128 | Elapsed Time: 7.30s
2026-02-12 12:53:36,432 | INFO | Batch 300 | Loss: 0.6992 | Correct: 97/128 | Elapsed Time: 7.35s
2026-02-12 12:53:43,085 | INFO | Epoch [15/100] - Loss: 0.6689 | Correct: 38202/50000 (76.40%, 28.63s)
2026-02-12 12:53:45,639 | INFO | Validation - Loss: 0.6773 | Correct: 7618/10000 (76.18%, 2.55s)
2026-02-12 12:53:45,681 | INFO | New best model saved at epoch 15 with Top1 Acc: 76.18%
2026-02-12 12:53:53,066 | INFO | Batch 100 | Loss: 0.7407 | Correct: 96/128 | Elapsed Time: 7.38s
2026-02-12 12:54:00,344 | INFO | Batch 200 | Loss: 0.6948 | Correct: 100/128 | Elapsed Time: 7.28s
2026-02-12 12:54:07,602 | INFO | Batch 300 | Loss: 0.5923 | Correct: 100/128 | Elapsed Time: 7.26s
2026-02-12 12:54:14,217 | INFO | Epoch [16/100] - Loss: 0.6454 | Correct: 38595/50000 (77.19%, 28.54s)
2026-02-12 12:54:16,798 | INFO | Validation - Loss: 0.6601 | Correct: 7723/10000 (77.23%, 2.58s)
2026-02-12 12:54:16,835 | INFO | New best model saved at epoch 16 with Top1 Acc: 77.23%
2026-02-12 12:54:24,150 | INFO | Batch 100 | Loss: 0.7271 | Correct: 98/128 | Elapsed Time: 7.31s
2026-02-12 12:54:31,472 | INFO | Batch 200 | Loss: 0.6641 | Correct: 97/128 | Elapsed Time: 7.32s
2026-02-12 12:54:38,751 | INFO | Batch 300 | Loss: 0.7026 | Correct: 93/128 | Elapsed Time: 7.28s
2026-02-12 12:54:45,417 | INFO | Epoch [17/100] - Loss: 0.6275 | Correct: 38945/50000 (77.89%, 28.58s)
2026-02-12 12:54:48,050 | INFO | Validation - Loss: 0.6582 | Correct: 7710/10000 (77.10%, 2.63s)
2026-02-12 12:54:55,352 | INFO | Batch 100 | Loss: 0.6055 | Correct: 102/128 | Elapsed Time: 7.30s
2026-02-12 12:55:02,616 | INFO | Batch 200 | Loss: 0.5420 | Correct: 102/128 | Elapsed Time: 7.26s
2026-02-12 12:55:09,928 | INFO | Batch 300 | Loss: 0.6880 | Correct: 99/128 | Elapsed Time: 7.31s
2026-02-12 12:55:16,502 | INFO | Epoch [18/100] - Loss: 0.6117 | Correct: 39232/50000 (78.46%, 28.45s)
2026-02-12 12:55:19,066 | INFO | Validation - Loss: 0.7148 | Correct: 7538/10000 (75.38%, 2.56s)
2026-02-12 12:55:26,320 | INFO | Batch 100 | Loss: 0.5425 | Correct: 103/128 | Elapsed Time: 7.25s
2026-02-12 12:55:33,706 | INFO | Batch 200 | Loss: 0.6304 | Correct: 95/128 | Elapsed Time: 7.39s
2026-02-12 12:55:41,017 | INFO | Batch 300 | Loss: 0.5576 | Correct: 109/128 | Elapsed Time: 7.31s
2026-02-12 12:55:47,683 | INFO | Epoch [19/100] - Loss: 0.5950 | Correct: 39447/50000 (78.89%, 28.62s)
2026-02-12 12:55:50,237 | INFO | Validation - Loss: 0.6503 | Correct: 7733/10000 (77.33%, 2.55s)
2026-02-12 12:55:50,279 | INFO | New best model saved at epoch 19 with Top1 Acc: 77.33%
2026-02-12 12:55:57,608 | INFO | Batch 100 | Loss: 0.6973 | Correct: 92/128 | Elapsed Time: 7.33s
2026-02-12 12:56:04,905 | INFO | Batch 200 | Loss: 0.5059 | Correct: 103/128 | Elapsed Time: 7.30s
2026-02-12 12:56:12,188 | INFO | Batch 300 | Loss: 0.5239 | Correct: 103/128 | Elapsed Time: 7.28s
2026-02-12 12:56:18,792 | INFO | Epoch [20/100] - Loss: 0.5762 | Correct: 39879/50000 (79.76%, 28.51s)
2026-02-12 12:56:21,380 | INFO | Validation - Loss: 0.6254 | Correct: 7853/10000 (78.53%, 2.59s)
2026-02-12 12:56:21,427 | INFO | New best model saved at epoch 20 with Top1 Acc: 78.53%
2026-02-12 12:56:28,771 | INFO | Batch 100 | Loss: 0.5615 | Correct: 105/128 | Elapsed Time: 7.34s
2026-02-12 12:56:36,104 | INFO | Batch 200 | Loss: 0.6841 | Correct: 97/128 | Elapsed Time: 7.33s
2026-02-12 12:56:43,396 | INFO | Batch 300 | Loss: 0.6367 | Correct: 101/128 | Elapsed Time: 7.29s
2026-02-12 12:56:50,083 | INFO | Epoch [21/100] - Loss: 0.5636 | Correct: 40120/50000 (80.24%, 28.66s)
2026-02-12 12:56:52,674 | INFO | Validation - Loss: 0.6297 | Correct: 7863/10000 (78.63%, 2.59s)
2026-02-12 12:56:52,724 | INFO | New best model saved at epoch 21 with Top1 Acc: 78.63%
2026-02-12 12:57:00,041 | INFO | Batch 100 | Loss: 0.5845 | Correct: 105/128 | Elapsed Time: 7.32s
2026-02-12 12:57:07,396 | INFO | Batch 200 | Loss: 0.6323 | Correct: 100/128 | Elapsed Time: 7.36s
2026-02-12 12:57:14,694 | INFO | Batch 300 | Loss: 0.6572 | Correct: 96/128 | Elapsed Time: 7.30s
2026-02-12 12:57:21,376 | INFO | Epoch [22/100] - Loss: 0.5534 | Correct: 40339/50000 (80.68%, 28.65s)
2026-02-12 12:57:23,968 | INFO | Validation - Loss: 0.6156 | Correct: 7865/10000 (78.65%, 2.59s)
2026-02-12 12:57:24,016 | INFO | New best model saved at epoch 22 with Top1 Acc: 78.65%
2026-02-12 12:57:31,389 | INFO | Batch 100 | Loss: 0.4922 | Correct: 108/128 | Elapsed Time: 7.37s
2026-02-12 12:57:38,715 | INFO | Batch 200 | Loss: 0.5967 | Correct: 102/128 | Elapsed Time: 7.33s
2026-02-12 12:57:46,072 | INFO | Batch 300 | Loss: 0.6172 | Correct: 99/128 | Elapsed Time: 7.36s
2026-02-12 12:57:52,718 | INFO | Epoch [23/100] - Loss: 0.5371 | Correct: 40557/50000 (81.11%, 28.70s)
2026-02-12 12:57:55,274 | INFO | Validation - Loss: 0.6134 | Correct: 7925/10000 (79.25%, 2.56s)
2026-02-12 12:57:55,318 | INFO | New best model saved at epoch 23 with Top1 Acc: 79.25%
2026-02-12 12:58:02,637 | INFO | Batch 100 | Loss: 0.4409 | Correct: 107/128 | Elapsed Time: 7.32s
2026-02-12 12:58:09,939 | INFO | Batch 200 | Loss: 0.5464 | Correct: 99/128 | Elapsed Time: 7.30s
2026-02-12 12:58:17,160 | INFO | Batch 300 | Loss: 0.5679 | Correct: 102/128 | Elapsed Time: 7.22s
2026-02-12 12:58:23,746 | INFO | Epoch [24/100] - Loss: 0.5243 | Correct: 40752/50000 (81.50%, 28.43s)
2026-02-12 12:58:26,329 | INFO | Validation - Loss: 0.6463 | Correct: 7817/10000 (78.17%, 2.58s)
2026-02-12 12:58:33,664 | INFO | Batch 100 | Loss: 0.4851 | Correct: 106/128 | Elapsed Time: 7.33s
2026-02-12 12:58:40,959 | INFO | Batch 200 | Loss: 0.4424 | Correct: 112/128 | Elapsed Time: 7.30s
2026-02-12 12:58:48,187 | INFO | Batch 300 | Loss: 0.4631 | Correct: 108/128 | Elapsed Time: 7.23s
2026-02-12 12:58:54,889 | INFO | Epoch [25/100] - Loss: 0.5213 | Correct: 40844/50000 (81.69%, 28.56s)
2026-02-12 12:58:57,492 | INFO | Validation - Loss: 0.6370 | Correct: 7838/10000 (78.38%, 2.60s)
2026-02-12 12:59:04,861 | INFO | Batch 100 | Loss: 0.5000 | Correct: 107/128 | Elapsed Time: 7.37s
2026-02-12 12:59:12,219 | INFO | Batch 200 | Loss: 0.4124 | Correct: 111/128 | Elapsed Time: 7.36s
2026-02-12 12:59:19,534 | INFO | Batch 300 | Loss: 0.6099 | Correct: 103/128 | Elapsed Time: 7.31s
2026-02-12 12:59:26,186 | INFO | Epoch [26/100] - Loss: 0.5047 | Correct: 41150/50000 (82.30%, 28.69s)
2026-02-12 12:59:28,772 | INFO | Validation - Loss: 0.5839 | Correct: 8036/10000 (80.36%, 2.59s)
2026-02-12 12:59:28,823 | INFO | New best model saved at epoch 26 with Top1 Acc: 80.36%
2026-02-12 12:59:36,213 | INFO | Batch 100 | Loss: 0.4839 | Correct: 103/128 | Elapsed Time: 7.39s
2026-02-12 12:59:43,487 | INFO | Batch 200 | Loss: 0.5210 | Correct: 106/128 | Elapsed Time: 7.27s
2026-02-12 12:59:50,800 | INFO | Batch 300 | Loss: 0.3872 | Correct: 114/128 | Elapsed Time: 7.31s
2026-02-12 12:59:57,429 | INFO | Epoch [27/100] - Loss: 0.4934 | Correct: 41271/50000 (82.54%, 28.61s)
2026-02-12 13:00:00,000 | INFO | Validation - Loss: 0.6049 | Correct: 7879/10000 (78.79%, 2.57s)
2026-02-12 13:00:07,382 | INFO | Batch 100 | Loss: 0.5571 | Correct: 100/128 | Elapsed Time: 7.38s
2026-02-12 13:00:14,730 | INFO | Batch 200 | Loss: 0.5186 | Correct: 100/128 | Elapsed Time: 7.35s
2026-02-12 13:00:22,068 | INFO | Batch 300 | Loss: 0.4429 | Correct: 109/128 | Elapsed Time: 7.34s
2026-02-12 13:00:28,725 | INFO | Epoch [28/100] - Loss: 0.4881 | Correct: 41441/50000 (82.88%, 28.72s)
2026-02-12 13:00:31,347 | INFO | Validation - Loss: 0.6172 | Correct: 7902/10000 (79.02%, 2.62s)
2026-02-12 13:00:38,621 | INFO | Batch 100 | Loss: 0.5630 | Correct: 104/128 | Elapsed Time: 7.27s
2026-02-12 13:00:46,025 | INFO | Batch 200 | Loss: 0.5264 | Correct: 105/128 | Elapsed Time: 7.40s
2026-02-12 13:00:53,365 | INFO | Batch 300 | Loss: 0.3972 | Correct: 111/128 | Elapsed Time: 7.34s
2026-02-12 13:01:00,016 | INFO | Epoch [29/100] - Loss: 0.4744 | Correct: 41633/50000 (83.27%, 28.67s)
2026-02-12 13:01:02,598 | INFO | Validation - Loss: 0.5587 | Correct: 8095/10000 (80.95%, 2.58s)
2026-02-12 13:01:02,641 | INFO | New best model saved at epoch 29 with Top1 Acc: 80.95%
2026-02-12 13:01:09,953 | INFO | Batch 100 | Loss: 0.3755 | Correct: 113/128 | Elapsed Time: 7.31s
2026-02-12 13:01:17,219 | INFO | Batch 200 | Loss: 0.4844 | Correct: 105/128 | Elapsed Time: 7.27s
2026-02-12 13:01:24,511 | INFO | Batch 300 | Loss: 0.4270 | Correct: 112/128 | Elapsed Time: 7.29s
2026-02-12 13:01:31,158 | INFO | Epoch [30/100] - Loss: 0.4701 | Correct: 41775/50000 (83.55%, 28.52s)
2026-02-12 13:01:33,721 | INFO | Validation - Loss: 0.6033 | Correct: 7950/10000 (79.50%, 2.56s)
2026-02-12 13:01:41,042 | INFO | Batch 100 | Loss: 0.3079 | Correct: 116/128 | Elapsed Time: 7.32s
2026-02-12 13:01:48,303 | INFO | Batch 200 | Loss: 0.3926 | Correct: 112/128 | Elapsed Time: 7.26s
2026-02-12 13:01:55,604 | INFO | Batch 300 | Loss: 0.5400 | Correct: 100/128 | Elapsed Time: 7.30s
2026-02-12 13:02:02,285 | INFO | Epoch [31/100] - Loss: 0.4562 | Correct: 41917/50000 (83.83%, 28.56s)
2026-02-12 13:02:04,900 | INFO | Validation - Loss: 0.5650 | Correct: 8079/10000 (80.79%, 2.61s)
2026-02-12 13:02:12,198 | INFO | Batch 100 | Loss: 0.5288 | Correct: 106/128 | Elapsed Time: 7.30s
2026-02-12 13:02:19,516 | INFO | Batch 200 | Loss: 0.4299 | Correct: 108/128 | Elapsed Time: 7.32s
2026-02-12 13:02:26,842 | INFO | Batch 300 | Loss: 0.3462 | Correct: 114/128 | Elapsed Time: 7.33s
2026-02-12 13:02:33,453 | INFO | Epoch [32/100] - Loss: 0.4526 | Correct: 41981/50000 (83.96%, 28.55s)
2026-02-12 13:02:36,019 | INFO | Validation - Loss: 0.6034 | Correct: 8024/10000 (80.24%, 2.57s)
2026-02-12 13:02:43,343 | INFO | Batch 100 | Loss: 0.4270 | Correct: 104/128 | Elapsed Time: 7.32s
2026-02-12 13:02:50,627 | INFO | Batch 200 | Loss: 0.4172 | Correct: 110/128 | Elapsed Time: 7.28s
2026-02-12 13:02:57,879 | INFO | Batch 300 | Loss: 0.5439 | Correct: 103/128 | Elapsed Time: 7.25s
2026-02-12 13:03:04,545 | INFO | Epoch [33/100] - Loss: 0.4408 | Correct: 42235/50000 (84.47%, 28.52s)
2026-02-12 13:03:07,096 | INFO | Validation - Loss: 0.6086 | Correct: 7949/10000 (79.49%, 2.55s)
2026-02-12 13:03:14,383 | INFO | Batch 100 | Loss: 0.3408 | Correct: 112/128 | Elapsed Time: 7.29s
2026-02-12 13:03:21,631 | INFO | Batch 200 | Loss: 0.4280 | Correct: 104/128 | Elapsed Time: 7.25s
2026-02-12 13:03:28,948 | INFO | Batch 300 | Loss: 0.3315 | Correct: 109/128 | Elapsed Time: 7.32s
2026-02-12 13:03:35,556 | INFO | Epoch [34/100] - Loss: 0.4413 | Correct: 42238/50000 (84.48%, 28.46s)
2026-02-12 13:03:38,112 | INFO | Validation - Loss: 0.5786 | Correct: 8045/10000 (80.45%, 2.56s)
2026-02-12 13:03:45,436 | INFO | Batch 100 | Loss: 0.3276 | Correct: 114/128 | Elapsed Time: 7.32s
2026-02-12 13:03:52,711 | INFO | Batch 200 | Loss: 0.3435 | Correct: 112/128 | Elapsed Time: 7.27s
2026-02-12 13:03:59,989 | INFO | Batch 300 | Loss: 0.3225 | Correct: 114/128 | Elapsed Time: 7.28s
2026-02-12 13:04:06,639 | INFO | Epoch [35/100] - Loss: 0.4277 | Correct: 42476/50000 (84.95%, 28.53s)
2026-02-12 13:04:09,267 | INFO | Validation - Loss: 0.5955 | Correct: 8051/10000 (80.51%, 2.63s)
2026-02-12 13:04:16,648 | INFO | Batch 100 | Loss: 0.4871 | Correct: 108/128 | Elapsed Time: 7.38s
2026-02-12 13:04:23,993 | INFO | Batch 200 | Loss: 0.3862 | Correct: 111/128 | Elapsed Time: 7.35s
2026-02-12 13:04:31,239 | INFO | Batch 300 | Loss: 0.3823 | Correct: 109/128 | Elapsed Time: 7.25s
2026-02-12 13:04:37,831 | INFO | Epoch [36/100] - Loss: 0.4207 | Correct: 42642/50000 (85.28%, 28.56s)
2026-02-12 13:04:40,401 | INFO | Validation - Loss: 0.5363 | Correct: 8155/10000 (81.55%, 2.57s)
2026-02-12 13:04:40,441 | INFO | New best model saved at epoch 36 with Top1 Acc: 81.55%
2026-02-12 13:04:47,807 | INFO | Batch 100 | Loss: 0.4441 | Correct: 111/128 | Elapsed Time: 7.37s
2026-02-12 13:04:55,133 | INFO | Batch 200 | Loss: 0.3381 | Correct: 110/128 | Elapsed Time: 7.33s
2026-02-12 13:05:02,480 | INFO | Batch 300 | Loss: 0.3086 | Correct: 117/128 | Elapsed Time: 7.35s
2026-02-12 13:05:09,096 | INFO | Epoch [37/100] - Loss: 0.4182 | Correct: 42662/50000 (85.32%, 28.65s)
2026-02-12 13:05:11,678 | INFO | Validation - Loss: 0.5849 | Correct: 8048/10000 (80.48%, 2.58s)
2026-02-12 13:05:18,969 | INFO | Batch 100 | Loss: 0.3628 | Correct: 114/128 | Elapsed Time: 7.29s
2026-02-12 13:05:26,296 | INFO | Batch 200 | Loss: 0.4128 | Correct: 114/128 | Elapsed Time: 7.33s
2026-02-12 13:05:33,611 | INFO | Batch 300 | Loss: 0.4478 | Correct: 108/128 | Elapsed Time: 7.31s
2026-02-12 13:05:40,247 | INFO | Epoch [38/100] - Loss: 0.4165 | Correct: 42705/50000 (85.41%, 28.57s)
2026-02-12 13:05:42,849 | INFO | Validation - Loss: 0.5461 | Correct: 8212/10000 (82.12%, 2.60s)
2026-02-12 13:05:42,904 | INFO | New best model saved at epoch 38 with Top1 Acc: 82.12%
2026-02-12 13:05:50,270 | INFO | Batch 100 | Loss: 0.3035 | Correct: 114/128 | Elapsed Time: 7.37s
2026-02-12 13:05:57,603 | INFO | Batch 200 | Loss: 0.4121 | Correct: 109/128 | Elapsed Time: 7.33s
2026-02-12 13:06:04,989 | INFO | Batch 300 | Loss: 0.2988 | Correct: 114/128 | Elapsed Time: 7.39s
2026-02-12 13:06:11,640 | INFO | Epoch [39/100] - Loss: 0.4031 | Correct: 42820/50000 (85.64%, 28.74s)
2026-02-12 13:06:14,187 | INFO | Validation - Loss: 0.5408 | Correct: 8213/10000 (82.13%, 2.55s)
2026-02-12 13:06:14,229 | INFO | New best model saved at epoch 39 with Top1 Acc: 82.13%
2026-02-12 13:06:21,510 | INFO | Batch 100 | Loss: 0.4790 | Correct: 103/128 | Elapsed Time: 7.28s
2026-02-12 13:06:28,783 | INFO | Batch 200 | Loss: 0.4028 | Correct: 108/128 | Elapsed Time: 7.27s
2026-02-12 13:06:36,034 | INFO | Batch 300 | Loss: 0.3457 | Correct: 112/128 | Elapsed Time: 7.25s
2026-02-12 13:06:42,735 | INFO | Epoch [40/100] - Loss: 0.3971 | Correct: 43000/50000 (86.00%, 28.51s)
2026-02-12 13:06:45,317 | INFO | Validation - Loss: 0.5155 | Correct: 8266/10000 (82.66%, 2.58s)
2026-02-12 13:06:45,367 | INFO | New best model saved at epoch 40 with Top1 Acc: 82.66%
2026-02-12 13:06:52,719 | INFO | Batch 100 | Loss: 0.3564 | Correct: 109/128 | Elapsed Time: 7.35s
2026-02-12 13:07:00,011 | INFO | Batch 200 | Loss: 0.4788 | Correct: 106/128 | Elapsed Time: 7.29s
2026-02-12 13:07:07,310 | INFO | Batch 300 | Loss: 0.3152 | Correct: 113/128 | Elapsed Time: 7.30s
2026-02-12 13:07:13,948 | INFO | Epoch [41/100] - Loss: 0.3935 | Correct: 43104/50000 (86.21%, 28.58s)
2026-02-12 13:07:16,537 | INFO | Validation - Loss: 0.5273 | Correct: 8259/10000 (82.59%, 2.59s)
2026-02-12 13:07:23,824 | INFO | Batch 100 | Loss: 0.4128 | Correct: 111/128 | Elapsed Time: 7.29s
2026-02-12 13:07:31,105 | INFO | Batch 200 | Loss: 0.3687 | Correct: 109/128 | Elapsed Time: 7.28s
2026-02-12 13:07:38,384 | INFO | Batch 300 | Loss: 0.3694 | Correct: 112/128 | Elapsed Time: 7.28s
2026-02-12 13:07:45,048 | INFO | Epoch [42/100] - Loss: 0.3865 | Correct: 43104/50000 (86.21%, 28.51s)
2026-02-12 13:07:47,612 | INFO | Validation - Loss: 0.5376 | Correct: 8195/10000 (81.95%, 2.56s)
2026-02-12 13:07:54,939 | INFO | Batch 100 | Loss: 0.4797 | Correct: 107/128 | Elapsed Time: 7.32s
2026-02-12 13:08:02,202 | INFO | Batch 200 | Loss: 0.3184 | Correct: 111/128 | Elapsed Time: 7.26s
2026-02-12 13:08:09,458 | INFO | Batch 300 | Loss: 0.3376 | Correct: 109/128 | Elapsed Time: 7.26s
2026-02-12 13:08:16,071 | INFO | Epoch [43/100] - Loss: 0.3841 | Correct: 43177/50000 (86.35%, 28.46s)
2026-02-12 13:08:18,647 | INFO | Validation - Loss: 0.5524 | Correct: 8191/10000 (81.91%, 2.58s)
2026-02-12 13:08:25,961 | INFO | Batch 100 | Loss: 0.6465 | Correct: 96/128 | Elapsed Time: 7.31s
2026-02-12 13:08:33,274 | INFO | Batch 200 | Loss: 0.4492 | Correct: 108/128 | Elapsed Time: 7.31s
2026-02-12 13:08:40,593 | INFO | Batch 300 | Loss: 0.3589 | Correct: 111/128 | Elapsed Time: 7.32s
2026-02-12 13:08:47,271 | INFO | Epoch [44/100] - Loss: 0.3741 | Correct: 43375/50000 (86.75%, 28.62s)
2026-02-12 13:08:49,848 | INFO | Validation - Loss: 0.5472 | Correct: 8237/10000 (82.37%, 2.58s)
2026-02-12 13:08:57,072 | INFO | Batch 100 | Loss: 0.3943 | Correct: 110/128 | Elapsed Time: 7.22s
2026-02-12 13:09:04,406 | INFO | Batch 200 | Loss: 0.2974 | Correct: 114/128 | Elapsed Time: 7.33s
2026-02-12 13:09:11,700 | INFO | Batch 300 | Loss: 0.4070 | Correct: 109/128 | Elapsed Time: 7.29s
2026-02-12 13:09:18,342 | INFO | Epoch [45/100] - Loss: 0.3697 | Correct: 43379/50000 (86.76%, 28.49s)
2026-02-12 13:09:20,896 | INFO | Validation - Loss: 0.5696 | Correct: 8165/10000 (81.65%, 2.55s)
2026-02-12 13:09:28,237 | INFO | Batch 100 | Loss: 0.3918 | Correct: 105/128 | Elapsed Time: 7.34s
2026-02-12 13:09:35,512 | INFO | Batch 200 | Loss: 0.4165 | Correct: 111/128 | Elapsed Time: 7.27s
2026-02-12 13:09:42,831 | INFO | Batch 300 | Loss: 0.4309 | Correct: 109/128 | Elapsed Time: 7.32s
2026-02-12 13:09:49,498 | INFO | Epoch [46/100] - Loss: 0.3704 | Correct: 43508/50000 (87.02%, 28.60s)
2026-02-12 13:09:52,110 | INFO | Validation - Loss: 0.5185 | Correct: 8298/10000 (82.98%, 2.61s)
2026-02-12 13:09:52,162 | INFO | New best model saved at epoch 46 with Top1 Acc: 82.98%
2026-02-12 13:09:59,544 | INFO | Batch 100 | Loss: 0.3301 | Correct: 110/128 | Elapsed Time: 7.38s
2026-02-12 13:10:06,878 | INFO | Batch 200 | Loss: 0.4561 | Correct: 111/128 | Elapsed Time: 7.33s
2026-02-12 13:10:14,180 | INFO | Batch 300 | Loss: 0.3176 | Correct: 117/128 | Elapsed Time: 7.30s
2026-02-12 13:10:20,765 | INFO | Epoch [47/100] - Loss: 0.3632 | Correct: 43550/50000 (87.10%, 28.60s)
2026-02-12 13:10:23,337 | INFO | Validation - Loss: 0.5173 | Correct: 8328/10000 (83.28%, 2.57s)
2026-02-12 13:10:23,389 | INFO | New best model saved at epoch 47 with Top1 Acc: 83.28%
2026-02-12 13:10:30,680 | INFO | Batch 100 | Loss: 0.3992 | Correct: 115/128 | Elapsed Time: 7.29s
2026-02-12 13:10:37,952 | INFO | Batch 200 | Loss: 0.2964 | Correct: 115/128 | Elapsed Time: 7.27s
2026-02-12 13:10:45,271 | INFO | Batch 300 | Loss: 0.2554 | Correct: 118/128 | Elapsed Time: 7.32s
2026-02-12 13:10:51,953 | INFO | Epoch [48/100] - Loss: 0.3577 | Correct: 43626/50000 (87.25%, 28.56s)
2026-02-12 13:10:54,569 | INFO | Validation - Loss: 0.5142 | Correct: 8328/10000 (83.28%, 2.61s)
2026-02-12 13:11:01,868 | INFO | Batch 100 | Loss: 0.5391 | Correct: 107/128 | Elapsed Time: 7.30s
2026-02-12 13:11:09,203 | INFO | Batch 200 | Loss: 0.3511 | Correct: 111/128 | Elapsed Time: 7.34s
2026-02-12 13:11:16,523 | INFO | Batch 300 | Loss: 0.4016 | Correct: 109/128 | Elapsed Time: 7.32s
2026-02-12 13:11:23,179 | INFO | Epoch [49/100] - Loss: 0.3540 | Correct: 43734/50000 (87.47%, 28.61s)
2026-02-12 13:11:25,762 | INFO | Validation - Loss: 0.5794 | Correct: 8111/10000 (81.11%, 2.58s)
2026-02-12 13:11:33,060 | INFO | Batch 100 | Loss: 0.3088 | Correct: 115/128 | Elapsed Time: 7.30s
2026-02-12 13:11:40,402 | INFO | Batch 200 | Loss: 0.3958 | Correct: 111/128 | Elapsed Time: 7.34s
2026-02-12 13:11:47,732 | INFO | Batch 300 | Loss: 0.4434 | Correct: 107/128 | Elapsed Time: 7.33s
2026-02-12 13:11:54,315 | INFO | Epoch [50/100] - Loss: 0.3494 | Correct: 43784/50000 (87.57%, 28.55s)
2026-02-12 13:11:56,885 | INFO | Validation - Loss: 0.5369 | Correct: 8264/10000 (82.64%, 2.57s)
2026-02-12 13:12:04,180 | INFO | Batch 100 | Loss: 0.3831 | Correct: 111/128 | Elapsed Time: 7.29s
2026-02-12 13:12:11,474 | INFO | Batch 200 | Loss: 0.2993 | Correct: 114/128 | Elapsed Time: 7.29s
2026-02-12 13:12:18,726 | INFO | Batch 300 | Loss: 0.3003 | Correct: 117/128 | Elapsed Time: 7.25s
2026-02-12 13:12:25,410 | INFO | Epoch [51/100] - Loss: 0.2856 | Correct: 44973/50000 (89.95%, 28.52s)
2026-02-12 13:12:27,980 | INFO | Validation - Loss: 0.4327 | Correct: 8583/10000 (85.83%, 2.57s)
2026-02-12 13:12:28,025 | INFO | New best model saved at epoch 51 with Top1 Acc: 85.83%
2026-02-12 13:12:35,412 | INFO | Batch 100 | Loss: 0.2744 | Correct: 115/128 | Elapsed Time: 7.39s
2026-02-12 13:12:42,793 | INFO | Batch 200 | Loss: 0.2742 | Correct: 117/128 | Elapsed Time: 7.38s
2026-02-12 13:12:50,085 | INFO | Batch 300 | Loss: 0.1978 | Correct: 119/128 | Elapsed Time: 7.29s
2026-02-12 13:12:56,780 | INFO | Epoch [52/100] - Loss: 0.2592 | Correct: 45470/50000 (90.94%, 28.75s)
2026-02-12 13:12:59,333 | INFO | Validation - Loss: 0.4311 | Correct: 8562/10000 (85.62%, 2.55s)
2026-02-12 13:13:06,768 | INFO | Batch 100 | Loss: 0.2588 | Correct: 119/128 | Elapsed Time: 7.43s
2026-02-12 13:13:14,183 | INFO | Batch 200 | Loss: 0.1798 | Correct: 122/128 | Elapsed Time: 7.42s
2026-02-12 13:13:21,440 | INFO | Batch 300 | Loss: 0.2107 | Correct: 119/128 | Elapsed Time: 7.26s
2026-02-12 13:13:28,092 | INFO | Epoch [53/100] - Loss: 0.2526 | Correct: 45536/50000 (91.07%, 28.76s)
2026-02-12 13:13:30,660 | INFO | Validation - Loss: 0.4248 | Correct: 8606/10000 (86.06%, 2.57s)
2026-02-12 13:13:30,699 | INFO | New best model saved at epoch 53 with Top1 Acc: 86.06%
2026-02-12 13:13:38,010 | INFO | Batch 100 | Loss: 0.2284 | Correct: 116/128 | Elapsed Time: 7.31s
2026-02-12 13:13:45,485 | INFO | Batch 200 | Loss: 0.2330 | Correct: 117/128 | Elapsed Time: 7.47s
2026-02-12 13:13:52,815 | INFO | Batch 300 | Loss: 0.2664 | Correct: 115/128 | Elapsed Time: 7.33s
2026-02-12 13:13:59,578 | INFO | Epoch [54/100] - Loss: 0.2440 | Correct: 45681/50000 (91.36%, 28.88s)
2026-02-12 13:14:02,183 | INFO | Validation - Loss: 0.4247 | Correct: 8585/10000 (85.85%, 2.60s)
2026-02-12 13:14:09,534 | INFO | Batch 100 | Loss: 0.1493 | Correct: 123/128 | Elapsed Time: 7.35s
2026-02-12 13:14:16,784 | INFO | Batch 200 | Loss: 0.2122 | Correct: 118/128 | Elapsed Time: 7.25s
2026-02-12 13:14:24,140 | INFO | Batch 300 | Loss: 0.1664 | Correct: 121/128 | Elapsed Time: 7.36s
2026-02-12 13:14:30,841 | INFO | Epoch [55/100] - Loss: 0.2399 | Correct: 45837/50000 (91.67%, 28.66s)
2026-02-12 13:14:33,477 | INFO | Validation - Loss: 0.4276 | Correct: 8585/10000 (85.85%, 2.63s)
2026-02-12 13:14:40,829 | INFO | Batch 100 | Loss: 0.2864 | Correct: 117/128 | Elapsed Time: 7.35s
2026-02-12 13:14:48,167 | INFO | Batch 200 | Loss: 0.1858 | Correct: 121/128 | Elapsed Time: 7.34s
2026-02-12 13:14:55,494 | INFO | Batch 300 | Loss: 0.2095 | Correct: 120/128 | Elapsed Time: 7.33s
2026-02-12 13:15:02,161 | INFO | Epoch [56/100] - Loss: 0.2370 | Correct: 45875/50000 (91.75%, 28.68s)
2026-02-12 13:15:04,811 | INFO | Validation - Loss: 0.4310 | Correct: 8593/10000 (85.93%, 2.65s)
2026-02-12 13:15:12,120 | INFO | Batch 100 | Loss: 0.1980 | Correct: 119/128 | Elapsed Time: 7.31s
2026-02-12 13:15:19,484 | INFO | Batch 200 | Loss: 0.2001 | Correct: 119/128 | Elapsed Time: 7.36s
2026-02-12 13:15:26,819 | INFO | Batch 300 | Loss: 0.3081 | Correct: 115/128 | Elapsed Time: 7.33s
2026-02-12 13:15:33,573 | INFO | Epoch [57/100] - Loss: 0.2406 | Correct: 45801/50000 (91.60%, 28.76s)
2026-02-12 13:15:36,142 | INFO | Validation - Loss: 0.4283 | Correct: 8571/10000 (85.71%, 2.57s)
2026-02-12 13:15:43,557 | INFO | Batch 100 | Loss: 0.2465 | Correct: 118/128 | Elapsed Time: 7.41s
2026-02-12 13:15:50,877 | INFO | Batch 200 | Loss: 0.2554 | Correct: 117/128 | Elapsed Time: 7.32s
2026-02-12 13:15:58,162 | INFO | Batch 300 | Loss: 0.3469 | Correct: 114/128 | Elapsed Time: 7.28s
2026-02-12 13:16:04,775 | INFO | Epoch [58/100] - Loss: 0.2377 | Correct: 45825/50000 (91.65%, 28.63s)
2026-02-12 13:16:07,376 | INFO | Validation - Loss: 0.4255 | Correct: 8592/10000 (85.92%, 2.60s)
2026-02-12 13:16:14,795 | INFO | Batch 100 | Loss: 0.1884 | Correct: 121/128 | Elapsed Time: 7.42s
2026-02-12 13:16:22,141 | INFO | Batch 200 | Loss: 0.2734 | Correct: 116/128 | Elapsed Time: 7.35s
2026-02-12 13:16:29,518 | INFO | Batch 300 | Loss: 0.3052 | Correct: 112/128 | Elapsed Time: 7.38s
2026-02-12 13:16:36,155 | INFO | Epoch [59/100] - Loss: 0.2346 | Correct: 45963/50000 (91.93%, 28.78s)
2026-02-12 13:16:38,699 | INFO | Validation - Loss: 0.4283 | Correct: 8582/10000 (85.82%, 2.54s)
2026-02-12 13:16:46,017 | INFO | Batch 100 | Loss: 0.3044 | Correct: 113/128 | Elapsed Time: 7.32s
2026-02-12 13:16:53,371 | INFO | Batch 200 | Loss: 0.1531 | Correct: 119/128 | Elapsed Time: 7.35s
2026-02-12 13:17:00,737 | INFO | Batch 300 | Loss: 0.2671 | Correct: 119/128 | Elapsed Time: 7.37s
2026-02-12 13:17:07,372 | INFO | Epoch [60/100] - Loss: 0.2314 | Correct: 46038/50000 (92.08%, 28.67s)
2026-02-12 13:17:09,943 | INFO | Validation - Loss: 0.4256 | Correct: 8612/10000 (86.12%, 2.57s)
2026-02-12 13:17:09,984 | INFO | New best model saved at epoch 60 with Top1 Acc: 86.12%
2026-02-12 13:17:17,527 | INFO | Batch 100 | Loss: 0.2338 | Correct: 119/128 | Elapsed Time: 7.54s
2026-02-12 13:17:24,849 | INFO | Batch 200 | Loss: 0.2576 | Correct: 115/128 | Elapsed Time: 7.32s
2026-02-12 13:17:32,171 | INFO | Batch 300 | Loss: 0.3418 | Correct: 112/128 | Elapsed Time: 7.32s
2026-02-12 13:17:38,842 | INFO | Epoch [61/100] - Loss: 0.2301 | Correct: 46066/50000 (92.13%, 28.86s)
2026-02-12 13:17:41,439 | INFO | Validation - Loss: 0.4253 | Correct: 8601/10000 (86.01%, 2.60s)
2026-02-12 13:17:48,827 | INFO | Batch 100 | Loss: 0.2847 | Correct: 117/128 | Elapsed Time: 7.39s
2026-02-12 13:17:56,164 | INFO | Batch 200 | Loss: 0.3650 | Correct: 112/128 | Elapsed Time: 7.34s
2026-02-12 13:18:03,570 | INFO | Batch 300 | Loss: 0.3135 | Correct: 115/128 | Elapsed Time: 7.41s
2026-02-12 13:18:10,237 | INFO | Epoch [62/100] - Loss: 0.2282 | Correct: 46037/50000 (92.07%, 28.80s)
2026-02-12 13:18:12,875 | INFO | Validation - Loss: 0.4262 | Correct: 8628/10000 (86.28%, 2.64s)
2026-02-12 13:18:12,936 | INFO | New best model saved at epoch 62 with Top1 Acc: 86.28%
2026-02-12 13:18:20,285 | INFO | Batch 100 | Loss: 0.2844 | Correct: 116/128 | Elapsed Time: 7.35s
2026-02-12 13:18:27,568 | INFO | Batch 200 | Loss: 0.1962 | Correct: 118/128 | Elapsed Time: 7.28s
2026-02-12 13:18:34,915 | INFO | Batch 300 | Loss: 0.3271 | Correct: 113/128 | Elapsed Time: 7.35s
2026-02-12 13:18:41,503 | INFO | Epoch [63/100] - Loss: 0.2257 | Correct: 46105/50000 (92.21%, 28.57s)
2026-02-12 13:18:44,034 | INFO | Validation - Loss: 0.4241 | Correct: 8603/10000 (86.03%, 2.53s)
2026-02-12 13:18:51,418 | INFO | Batch 100 | Loss: 0.1930 | Correct: 120/128 | Elapsed Time: 7.38s
2026-02-12 13:18:58,742 | INFO | Batch 200 | Loss: 0.1548 | Correct: 122/128 | Elapsed Time: 7.32s
2026-02-12 13:19:06,027 | INFO | Batch 300 | Loss: 0.3020 | Correct: 115/128 | Elapsed Time: 7.28s
2026-02-12 13:19:12,719 | INFO | Epoch [64/100] - Loss: 0.2223 | Correct: 46096/50000 (92.19%, 28.68s)
2026-02-12 13:19:15,305 | INFO | Validation - Loss: 0.4256 | Correct: 8602/10000 (86.02%, 2.59s)
2026-02-12 13:19:22,569 | INFO | Batch 100 | Loss: 0.1737 | Correct: 121/128 | Elapsed Time: 7.26s
2026-02-12 13:19:29,880 | INFO | Batch 200 | Loss: 0.3848 | Correct: 110/128 | Elapsed Time: 7.31s
2026-02-12 13:19:37,190 | INFO | Batch 300 | Loss: 0.2302 | Correct: 120/128 | Elapsed Time: 7.31s
2026-02-12 13:19:43,828 | INFO | Epoch [65/100] - Loss: 0.2233 | Correct: 46196/50000 (92.39%, 28.52s)
2026-02-12 13:19:46,407 | INFO | Validation - Loss: 0.4304 | Correct: 8598/10000 (85.98%, 2.58s)
2026-02-12 13:19:53,719 | INFO | Batch 100 | Loss: 0.2056 | Correct: 119/128 | Elapsed Time: 7.31s
2026-02-12 13:20:00,975 | INFO | Batch 200 | Loss: 0.2025 | Correct: 120/128 | Elapsed Time: 7.26s
2026-02-12 13:20:08,341 | INFO | Batch 300 | Loss: 0.1821 | Correct: 121/128 | Elapsed Time: 7.37s
2026-02-12 13:20:14,935 | INFO | Epoch [66/100] - Loss: 0.2167 | Correct: 46268/50000 (92.54%, 28.53s)
2026-02-12 13:20:17,545 | INFO | Validation - Loss: 0.4223 | Correct: 8608/10000 (86.08%, 2.61s)
2026-02-12 13:20:24,861 | INFO | Batch 100 | Loss: 0.2368 | Correct: 117/128 | Elapsed Time: 7.31s
2026-02-12 13:20:32,210 | INFO | Batch 200 | Loss: 0.2942 | Correct: 116/128 | Elapsed Time: 7.35s
2026-02-12 13:20:39,427 | INFO | Batch 300 | Loss: 0.1931 | Correct: 119/128 | Elapsed Time: 7.22s
2026-02-12 13:20:46,118 | INFO | Epoch [67/100] - Loss: 0.2153 | Correct: 46251/50000 (92.50%, 28.57s)
2026-02-12 13:20:48,722 | INFO | Validation - Loss: 0.4287 | Correct: 8612/10000 (86.12%, 2.60s)
2026-02-12 13:20:56,122 | INFO | Batch 100 | Loss: 0.2112 | Correct: 116/128 | Elapsed Time: 7.40s
2026-02-12 13:21:03,421 | INFO | Batch 200 | Loss: 0.1554 | Correct: 123/128 | Elapsed Time: 7.30s
2026-02-12 13:21:10,706 | INFO | Batch 300 | Loss: 0.1517 | Correct: 120/128 | Elapsed Time: 7.29s
2026-02-12 13:21:17,393 | INFO | Epoch [68/100] - Loss: 0.2115 | Correct: 46309/50000 (92.62%, 28.67s)
2026-02-12 13:21:19,970 | INFO | Validation - Loss: 0.4260 | Correct: 8624/10000 (86.24%, 2.58s)
2026-02-12 13:21:27,307 | INFO | Batch 100 | Loss: 0.2925 | Correct: 115/128 | Elapsed Time: 7.33s
2026-02-12 13:21:34,612 | INFO | Batch 200 | Loss: 0.2010 | Correct: 115/128 | Elapsed Time: 7.30s
2026-02-12 13:21:41,988 | INFO | Batch 300 | Loss: 0.1652 | Correct: 120/128 | Elapsed Time: 7.38s
2026-02-12 13:21:48,593 | INFO | Epoch [69/100] - Loss: 0.2164 | Correct: 46214/50000 (92.43%, 28.62s)
2026-02-12 13:21:51,117 | INFO | Validation - Loss: 0.4263 | Correct: 8628/10000 (86.28%, 2.52s)
2026-02-12 13:21:58,408 | INFO | Batch 100 | Loss: 0.2189 | Correct: 121/128 | Elapsed Time: 7.29s
2026-02-12 13:22:05,664 | INFO | Batch 200 | Loss: 0.2156 | Correct: 118/128 | Elapsed Time: 7.26s
2026-02-12 13:22:12,967 | INFO | Batch 300 | Loss: 0.2051 | Correct: 118/128 | Elapsed Time: 7.30s
2026-02-12 13:22:19,575 | INFO | Epoch [70/100] - Loss: 0.2095 | Correct: 46436/50000 (92.87%, 28.45s)
2026-02-12 13:22:22,199 | INFO | Validation - Loss: 0.4314 | Correct: 8598/10000 (85.98%, 2.62s)
2026-02-12 13:22:29,623 | INFO | Batch 100 | Loss: 0.2162 | Correct: 120/128 | Elapsed Time: 7.42s
2026-02-12 13:22:37,041 | INFO | Batch 200 | Loss: 0.2135 | Correct: 120/128 | Elapsed Time: 7.42s
2026-02-12 13:22:44,317 | INFO | Batch 300 | Loss: 0.1394 | Correct: 125/128 | Elapsed Time: 7.28s
2026-02-12 13:22:50,962 | INFO | Epoch [71/100] - Loss: 0.2086 | Correct: 46432/50000 (92.86%, 28.76s)
2026-02-12 13:22:53,543 | INFO | Validation - Loss: 0.4254 | Correct: 8624/10000 (86.24%, 2.58s)
2026-02-12 13:23:00,838 | INFO | Batch 100 | Loss: 0.1647 | Correct: 121/128 | Elapsed Time: 7.29s
2026-02-12 13:23:08,198 | INFO | Batch 200 | Loss: 0.2174 | Correct: 119/128 | Elapsed Time: 7.36s
2026-02-12 13:23:15,492 | INFO | Batch 300 | Loss: 0.2013 | Correct: 117/128 | Elapsed Time: 7.29s
2026-02-12 13:23:22,157 | INFO | Epoch [72/100] - Loss: 0.2052 | Correct: 46501/50000 (93.00%, 28.61s)
2026-02-12 13:23:24,726 | INFO | Validation - Loss: 0.4302 | Correct: 8606/10000 (86.06%, 2.57s)
2026-02-12 13:23:32,011 | INFO | Batch 100 | Loss: 0.2944 | Correct: 112/128 | Elapsed Time: 7.28s
2026-02-12 13:23:39,354 | INFO | Batch 200 | Loss: 0.2749 | Correct: 118/128 | Elapsed Time: 7.34s
2026-02-12 13:23:46,681 | INFO | Batch 300 | Loss: 0.1523 | Correct: 120/128 | Elapsed Time: 7.33s
2026-02-12 13:23:53,343 | INFO | Epoch [73/100] - Loss: 0.2023 | Correct: 46515/50000 (93.03%, 28.61s)
2026-02-12 13:23:55,906 | INFO | Validation - Loss: 0.4358 | Correct: 8601/10000 (86.01%, 2.56s)
2026-02-12 13:24:03,222 | INFO | Batch 100 | Loss: 0.2257 | Correct: 119/128 | Elapsed Time: 7.31s
2026-02-12 13:24:10,476 | INFO | Batch 200 | Loss: 0.2058 | Correct: 119/128 | Elapsed Time: 7.25s
2026-02-12 13:24:17,820 | INFO | Batch 300 | Loss: 0.1523 | Correct: 123/128 | Elapsed Time: 7.34s
2026-02-12 13:24:24,475 | INFO | Epoch [74/100] - Loss: 0.2018 | Correct: 46532/50000 (93.06%, 28.57s)
2026-02-12 13:24:27,062 | INFO | Validation - Loss: 0.4335 | Correct: 8625/10000 (86.25%, 2.59s)
2026-02-12 13:24:34,401 | INFO | Batch 100 | Loss: 0.1819 | Correct: 117/128 | Elapsed Time: 7.33s
2026-02-12 13:24:41,665 | INFO | Batch 200 | Loss: 0.2119 | Correct: 119/128 | Elapsed Time: 7.26s
2026-02-12 13:24:48,914 | INFO | Batch 300 | Loss: 0.2406 | Correct: 120/128 | Elapsed Time: 7.25s
2026-02-12 13:24:55,546 | INFO | Epoch [75/100] - Loss: 0.2018 | Correct: 46536/50000 (93.07%, 28.48s)
2026-02-12 13:24:58,184 | INFO | Validation - Loss: 0.4370 | Correct: 8609/10000 (86.09%, 2.64s)
2026-02-12 13:25:05,578 | INFO | Batch 100 | Loss: 0.1272 | Correct: 122/128 | Elapsed Time: 7.39s
2026-02-12 13:25:12,873 | INFO | Batch 200 | Loss: 0.2313 | Correct: 120/128 | Elapsed Time: 7.30s
2026-02-12 13:25:20,082 | INFO | Batch 300 | Loss: 0.1997 | Correct: 119/128 | Elapsed Time: 7.21s
2026-02-12 13:25:26,736 | INFO | Epoch [76/100] - Loss: 0.1945 | Correct: 46686/50000 (93.37%, 28.55s)
2026-02-12 13:25:29,289 | INFO | Validation - Loss: 0.4334 | Correct: 8622/10000 (86.22%, 2.55s)
2026-02-12 13:25:36,590 | INFO | Batch 100 | Loss: 0.2773 | Correct: 117/128 | Elapsed Time: 7.30s
2026-02-12 13:25:43,947 | INFO | Batch 200 | Loss: 0.1846 | Correct: 119/128 | Elapsed Time: 7.36s
2026-02-12 13:25:51,255 | INFO | Batch 300 | Loss: 0.2289 | Correct: 117/128 | Elapsed Time: 7.31s
2026-02-12 13:25:57,897 | INFO | Epoch [77/100] - Loss: 0.1951 | Correct: 46693/50000 (93.39%, 28.61s)
2026-02-12 13:26:00,465 | INFO | Validation - Loss: 0.4358 | Correct: 8612/10000 (86.12%, 2.57s)
2026-02-12 13:26:07,828 | INFO | Batch 100 | Loss: 0.2032 | Correct: 121/128 | Elapsed Time: 7.36s
2026-02-12 13:26:15,121 | INFO | Batch 200 | Loss: 0.2283 | Correct: 117/128 | Elapsed Time: 7.29s
2026-02-12 13:26:22,370 | INFO | Batch 300 | Loss: 0.2732 | Correct: 116/128 | Elapsed Time: 7.25s
2026-02-12 13:26:29,030 | INFO | Epoch [78/100] - Loss: 0.1947 | Correct: 46641/50000 (93.28%, 28.56s)
2026-02-12 13:26:31,604 | INFO | Validation - Loss: 0.4323 | Correct: 8635/10000 (86.35%, 2.57s)
2026-02-12 13:26:31,645 | INFO | New best model saved at epoch 78 with Top1 Acc: 86.35%
2026-02-12 13:26:38,898 | INFO | Batch 100 | Loss: 0.1826 | Correct: 122/128 | Elapsed Time: 7.25s
2026-02-12 13:26:46,167 | INFO | Batch 200 | Loss: 0.1779 | Correct: 119/128 | Elapsed Time: 7.27s
2026-02-12 13:26:53,442 | INFO | Batch 300 | Loss: 0.1731 | Correct: 119/128 | Elapsed Time: 7.28s
2026-02-12 13:27:00,131 | INFO | Epoch [79/100] - Loss: 0.1903 | Correct: 46745/50000 (93.49%, 28.49s)
2026-02-12 13:27:02,737 | INFO | Validation - Loss: 0.4307 | Correct: 8627/10000 (86.27%, 2.61s)
2026-02-12 13:27:10,065 | INFO | Batch 100 | Loss: 0.1776 | Correct: 119/128 | Elapsed Time: 7.33s
2026-02-12 13:27:17,333 | INFO | Batch 200 | Loss: 0.1520 | Correct: 121/128 | Elapsed Time: 7.27s
2026-02-12 13:27:24,678 | INFO | Batch 300 | Loss: 0.1715 | Correct: 122/128 | Elapsed Time: 7.34s
2026-02-12 13:27:31,277 | INFO | Epoch [80/100] - Loss: 0.1910 | Correct: 46708/50000 (93.42%, 28.54s)
2026-02-12 13:27:33,853 | INFO | Validation - Loss: 0.4304 | Correct: 8629/10000 (86.29%, 2.58s)
2026-02-12 13:27:41,189 | INFO | Batch 100 | Loss: 0.2109 | Correct: 119/128 | Elapsed Time: 7.33s
2026-02-12 13:27:48,592 | INFO | Batch 200 | Loss: 0.1477 | Correct: 121/128 | Elapsed Time: 7.40s
2026-02-12 13:27:55,942 | INFO | Batch 300 | Loss: 0.2471 | Correct: 117/128 | Elapsed Time: 7.35s
2026-02-12 13:28:02,627 | INFO | Epoch [81/100] - Loss: 0.1921 | Correct: 46741/50000 (93.48%, 28.77s)
2026-02-12 13:28:05,189 | INFO | Validation - Loss: 0.4297 | Correct: 8628/10000 (86.28%, 2.56s)
2026-02-12 13:28:12,454 | INFO | Batch 100 | Loss: 0.2275 | Correct: 120/128 | Elapsed Time: 7.26s
2026-02-12 13:28:19,734 | INFO | Batch 200 | Loss: 0.2233 | Correct: 120/128 | Elapsed Time: 7.28s
2026-02-12 13:28:27,108 | INFO | Batch 300 | Loss: 0.2386 | Correct: 118/128 | Elapsed Time: 7.37s
2026-02-12 13:28:33,746 | INFO | Epoch [82/100] - Loss: 0.1888 | Correct: 46815/50000 (93.63%, 28.55s)
2026-02-12 13:28:36,340 | INFO | Validation - Loss: 0.4308 | Correct: 8615/10000 (86.15%, 2.59s)
2026-02-12 13:28:43,619 | INFO | Batch 100 | Loss: 0.2052 | Correct: 116/128 | Elapsed Time: 7.28s
2026-02-12 13:28:50,891 | INFO | Batch 200 | Loss: 0.2102 | Correct: 121/128 | Elapsed Time: 7.27s
2026-02-12 13:28:58,169 | INFO | Batch 300 | Loss: 0.1416 | Correct: 125/128 | Elapsed Time: 7.28s
2026-02-12 13:29:04,850 | INFO | Epoch [83/100] - Loss: 0.1888 | Correct: 46827/50000 (93.65%, 28.51s)
2026-02-12 13:29:07,468 | INFO | Validation - Loss: 0.4279 | Correct: 8634/10000 (86.34%, 2.62s)
2026-02-12 13:29:14,733 | INFO | Batch 100 | Loss: 0.1410 | Correct: 119/128 | Elapsed Time: 7.26s
2026-02-12 13:29:22,015 | INFO | Batch 200 | Loss: 0.1646 | Correct: 119/128 | Elapsed Time: 7.28s
2026-02-12 13:29:29,260 | INFO | Batch 300 | Loss: 0.1465 | Correct: 124/128 | Elapsed Time: 7.25s
2026-02-12 13:29:35,818 | INFO | Epoch [84/100] - Loss: 0.1927 | Correct: 46645/50000 (93.29%, 28.35s)
2026-02-12 13:29:38,392 | INFO | Validation - Loss: 0.4287 | Correct: 8635/10000 (86.35%, 2.57s)
2026-02-12 13:29:45,709 | INFO | Batch 100 | Loss: 0.2047 | Correct: 119/128 | Elapsed Time: 7.31s
2026-02-12 13:29:52,983 | INFO | Batch 200 | Loss: 0.2212 | Correct: 119/128 | Elapsed Time: 7.27s
2026-02-12 13:30:00,251 | INFO | Batch 300 | Loss: 0.1375 | Correct: 121/128 | Elapsed Time: 7.27s
2026-02-12 13:30:06,914 | INFO | Epoch [85/100] - Loss: 0.1932 | Correct: 46686/50000 (93.37%, 28.52s)
2026-02-12 13:30:09,482 | INFO | Validation - Loss: 0.4274 | Correct: 8620/10000 (86.20%, 2.57s)
2026-02-12 13:30:16,734 | INFO | Batch 100 | Loss: 0.1537 | Correct: 122/128 | Elapsed Time: 7.25s
2026-02-12 13:30:23,995 | INFO | Batch 200 | Loss: 0.1381 | Correct: 121/128 | Elapsed Time: 7.26s
2026-02-12 13:30:31,280 | INFO | Batch 300 | Loss: 0.1912 | Correct: 118/128 | Elapsed Time: 7.29s
2026-02-12 13:30:37,929 | INFO | Epoch [86/100] - Loss: 0.1916 | Correct: 46762/50000 (93.52%, 28.44s)
2026-02-12 13:30:40,504 | INFO | Validation - Loss: 0.4277 | Correct: 8622/10000 (86.22%, 2.57s)
2026-02-12 13:30:47,830 | INFO | Batch 100 | Loss: 0.2244 | Correct: 121/128 | Elapsed Time: 7.32s
2026-02-12 13:30:55,133 | INFO | Batch 200 | Loss: 0.1768 | Correct: 121/128 | Elapsed Time: 7.30s
2026-02-12 13:31:02,500 | INFO | Batch 300 | Loss: 0.2173 | Correct: 119/128 | Elapsed Time: 7.37s
2026-02-12 13:31:09,093 | INFO | Epoch [87/100] - Loss: 0.1936 | Correct: 46758/50000 (93.52%, 28.59s)
2026-02-12 13:31:11,691 | INFO | Validation - Loss: 0.4271 | Correct: 8626/10000 (86.26%, 2.60s)
2026-02-12 13:31:18,968 | INFO | Batch 100 | Loss: 0.2069 | Correct: 118/128 | Elapsed Time: 7.27s
2026-02-12 13:31:26,306 | INFO | Batch 200 | Loss: 0.2324 | Correct: 117/128 | Elapsed Time: 7.34s
2026-02-12 13:31:33,582 | INFO | Batch 300 | Loss: 0.1788 | Correct: 121/128 | Elapsed Time: 7.28s
2026-02-12 13:31:40,181 | INFO | Epoch [88/100] - Loss: 0.1890 | Correct: 46816/50000 (93.63%, 28.49s)
2026-02-12 13:31:42,751 | INFO | Validation - Loss: 0.4267 | Correct: 8634/10000 (86.34%, 2.57s)
2026-02-12 13:31:50,024 | INFO | Batch 100 | Loss: 0.0953 | Correct: 125/128 | Elapsed Time: 7.27s
2026-02-12 13:31:57,331 | INFO | Batch 200 | Loss: 0.2473 | Correct: 119/128 | Elapsed Time: 7.31s
2026-02-12 13:32:04,659 | INFO | Batch 300 | Loss: 0.2296 | Correct: 122/128 | Elapsed Time: 7.33s
2026-02-12 13:32:11,316 | INFO | Epoch [89/100] - Loss: 0.1934 | Correct: 46754/50000 (93.51%, 28.56s)
2026-02-12 13:32:13,861 | INFO | Validation - Loss: 0.4270 | Correct: 8634/10000 (86.34%, 2.54s)
2026-02-12 13:32:21,241 | INFO | Batch 100 | Loss: 0.2402 | Correct: 117/128 | Elapsed Time: 7.38s
2026-02-12 13:32:28,494 | INFO | Batch 200 | Loss: 0.1346 | Correct: 124/128 | Elapsed Time: 7.25s
2026-02-12 13:32:35,811 | INFO | Batch 300 | Loss: 0.1240 | Correct: 124/128 | Elapsed Time: 7.32s
2026-02-12 13:32:42,469 | INFO | Epoch [90/100] - Loss: 0.1882 | Correct: 46848/50000 (93.70%, 28.61s)
2026-02-12 13:32:45,067 | INFO | Validation - Loss: 0.4284 | Correct: 8612/10000 (86.12%, 2.60s)
2026-02-12 13:32:52,354 | INFO | Batch 100 | Loss: 0.2856 | Correct: 115/128 | Elapsed Time: 7.28s
2026-02-12 13:32:59,614 | INFO | Batch 200 | Loss: 0.1593 | Correct: 122/128 | Elapsed Time: 7.26s
2026-02-12 13:33:06,868 | INFO | Batch 300 | Loss: 0.1469 | Correct: 121/128 | Elapsed Time: 7.25s
2026-02-12 13:33:13,501 | INFO | Epoch [91/100] - Loss: 0.1920 | Correct: 46783/50000 (93.57%, 28.43s)
2026-02-12 13:33:16,052 | INFO | Validation - Loss: 0.4263 | Correct: 8623/10000 (86.23%, 2.55s)
2026-02-12 13:33:23,412 | INFO | Batch 100 | Loss: 0.1960 | Correct: 119/128 | Elapsed Time: 7.36s
2026-02-12 13:33:30,734 | INFO | Batch 200 | Loss: 0.2286 | Correct: 117/128 | Elapsed Time: 7.32s
2026-02-12 13:33:38,036 | INFO | Batch 300 | Loss: 0.2010 | Correct: 120/128 | Elapsed Time: 7.30s
2026-02-12 13:33:44,692 | INFO | Epoch [92/100] - Loss: 0.1911 | Correct: 46795/50000 (93.59%, 28.64s)
2026-02-12 13:33:47,258 | INFO | Validation - Loss: 0.4260 | Correct: 8635/10000 (86.35%, 2.57s)
2026-02-12 13:33:54,538 | INFO | Batch 100 | Loss: 0.1804 | Correct: 121/128 | Elapsed Time: 7.28s
2026-02-12 13:34:01,853 | INFO | Batch 200 | Loss: 0.2117 | Correct: 117/128 | Elapsed Time: 7.31s
2026-02-12 13:34:09,131 | INFO | Batch 300 | Loss: 0.1659 | Correct: 122/128 | Elapsed Time: 7.28s
2026-02-12 13:34:15,766 | INFO | Epoch [93/100] - Loss: 0.1923 | Correct: 46761/50000 (93.52%, 28.50s)
2026-02-12 13:34:18,373 | INFO | Validation - Loss: 0.4259 | Correct: 8636/10000 (86.36%, 2.61s)
2026-02-12 13:34:18,424 | INFO | New best model saved at epoch 93 with Top1 Acc: 86.36%
2026-02-12 13:34:25,824 | INFO | Batch 100 | Loss: 0.1343 | Correct: 122/128 | Elapsed Time: 7.40s
2026-02-12 13:34:33,121 | INFO | Batch 200 | Loss: 0.1926 | Correct: 118/128 | Elapsed Time: 7.30s
2026-02-12 13:34:40,408 | INFO | Batch 300 | Loss: 0.2202 | Correct: 116/128 | Elapsed Time: 7.29s
2026-02-12 13:34:47,073 | INFO | Epoch [94/100] - Loss: 0.1912 | Correct: 46797/50000 (93.59%, 28.65s)
2026-02-12 13:34:49,666 | INFO | Validation - Loss: 0.4238 | Correct: 8632/10000 (86.32%, 2.59s)
2026-02-12 13:34:57,032 | INFO | Batch 100 | Loss: 0.2693 | Correct: 113/128 | Elapsed Time: 7.36s
2026-02-12 13:35:04,349 | INFO | Batch 200 | Loss: 0.2395 | Correct: 116/128 | Elapsed Time: 7.32s
2026-02-12 13:35:11,640 | INFO | Batch 300 | Loss: 0.1298 | Correct: 121/128 | Elapsed Time: 7.29s
2026-02-12 13:35:18,287 | INFO | Epoch [95/100] - Loss: 0.1901 | Correct: 46804/50000 (93.61%, 28.62s)
2026-02-12 13:35:20,845 | INFO | Validation - Loss: 0.4254 | Correct: 8627/10000 (86.27%, 2.56s)
2026-02-12 13:35:28,107 | INFO | Batch 100 | Loss: 0.1512 | Correct: 120/128 | Elapsed Time: 7.26s
2026-02-12 13:35:35,461 | INFO | Batch 200 | Loss: 0.2372 | Correct: 118/128 | Elapsed Time: 7.35s
2026-02-12 13:35:42,773 | INFO | Batch 300 | Loss: 0.1249 | Correct: 124/128 | Elapsed Time: 7.31s
2026-02-12 13:35:49,466 | INFO | Epoch [96/100] - Loss: 0.1915 | Correct: 46823/50000 (93.65%, 28.62s)
2026-02-12 13:35:52,069 | INFO | Validation - Loss: 0.4245 | Correct: 8639/10000 (86.39%, 2.60s)
2026-02-12 13:35:52,118 | INFO | New best model saved at epoch 96 with Top1 Acc: 86.39%
2026-02-12 13:35:59,428 | INFO | Batch 100 | Loss: 0.1594 | Correct: 120/128 | Elapsed Time: 7.31s
2026-02-12 13:36:06,709 | INFO | Batch 200 | Loss: 0.1267 | Correct: 125/128 | Elapsed Time: 7.28s
2026-02-12 13:36:14,007 | INFO | Batch 300 | Loss: 0.1610 | Correct: 122/128 | Elapsed Time: 7.30s
2026-02-12 13:36:20,637 | INFO | Epoch [97/100] - Loss: 0.1915 | Correct: 46805/50000 (93.61%, 28.52s)
2026-02-12 13:36:23,258 | INFO | Validation - Loss: 0.4235 | Correct: 8635/10000 (86.35%, 2.62s)
2026-02-12 13:36:30,553 | INFO | Batch 100 | Loss: 0.1917 | Correct: 119/128 | Elapsed Time: 7.29s
2026-02-12 13:36:37,754 | INFO | Batch 200 | Loss: 0.1782 | Correct: 121/128 | Elapsed Time: 7.20s
2026-02-12 13:36:45,055 | INFO | Batch 300 | Loss: 0.2825 | Correct: 116/128 | Elapsed Time: 7.30s
2026-02-12 13:36:51,687 | INFO | Epoch [98/100] - Loss: 0.1913 | Correct: 46808/50000 (93.62%, 28.42s)
2026-02-12 13:36:54,277 | INFO | Validation - Loss: 0.4242 | Correct: 8641/10000 (86.41%, 2.59s)
2026-02-12 13:36:54,330 | INFO | New best model saved at epoch 98 with Top1 Acc: 86.41%
2026-02-12 13:37:01,660 | INFO | Batch 100 | Loss: 0.1960 | Correct: 120/128 | Elapsed Time: 7.33s
2026-02-12 13:37:08,962 | INFO | Batch 200 | Loss: 0.2134 | Correct: 120/128 | Elapsed Time: 7.30s
2026-02-12 13:37:16,233 | INFO | Batch 300 | Loss: 0.1129 | Correct: 124/128 | Elapsed Time: 7.27s
2026-02-12 13:37:22,813 | INFO | Epoch [99/100] - Loss: 0.1939 | Correct: 46734/50000 (93.47%, 28.48s)
2026-02-12 13:37:25,374 | INFO | Validation - Loss: 0.4255 | Correct: 8629/10000 (86.29%, 2.56s)
2026-02-12 13:37:32,711 | INFO | Batch 100 | Loss: 0.1580 | Correct: 121/128 | Elapsed Time: 7.33s
2026-02-12 13:37:39,951 | INFO | Batch 200 | Loss: 0.1436 | Correct: 125/128 | Elapsed Time: 7.24s
2026-02-12 13:37:47,214 | INFO | Batch 300 | Loss: 0.2264 | Correct: 119/128 | Elapsed Time: 7.26s
2026-02-12 13:37:53,788 | INFO | Epoch [100/100] - Loss: 0.1911 | Correct: 46804/50000 (93.61%, 28.41s)
2026-02-12 13:37:56,393 | INFO | Validation - Loss: 0.4234 | Correct: 8612/10000 (86.12%, 2.60s)
2026-02-12 13:37:56,396 | INFO | Training complete.
2026-02-12 13:37:56,432 | INFO | Final model saved to ./checkpoints/mobilenetv1_fp_final_20260212_124547.pt
