2026-02-12 12:46:28,527 | INFO | Training ShuffleNetV2 on CIFAR-10 with FP (dtype=torch.bfloat16) on device cuda:0
2026-02-12 12:46:28,527 | INFO | Hyperparameters: epochs=100, batch_size=128, lr=0.005, beta=0.999
2026-02-12 12:46:39,838 | INFO | Batch 100 | Loss: 2.0469 | Correct: 39/128 | Elapsed Time: 11.31s
2026-02-12 12:46:49,931 | INFO | Batch 200 | Loss: 1.8984 | Correct: 41/128 | Elapsed Time: 10.09s
2026-02-12 12:46:59,906 | INFO | Batch 300 | Loss: 1.8125 | Correct: 44/128 | Elapsed Time: 9.97s
2026-02-12 12:47:08,993 | INFO | Epoch [1/100] - Loss: 1.9486 | Correct: 13514/50000 (27.03%, 40.47s)
2026-02-12 12:47:12,021 | INFO | Validation - Loss: 1.6515 | Correct: 3932/10000 (39.32%, 3.03s)
2026-02-12 12:47:12,079 | INFO | New best model saved at epoch 1 with Top1 Acc: 39.32%
2026-02-12 12:47:22,297 | INFO | Batch 100 | Loss: 1.8672 | Correct: 44/128 | Elapsed Time: 10.22s
2026-02-12 12:47:32,403 | INFO | Batch 200 | Loss: 1.6328 | Correct: 49/128 | Elapsed Time: 10.11s
2026-02-12 12:47:42,523 | INFO | Batch 300 | Loss: 1.5625 | Correct: 52/128 | Elapsed Time: 10.12s
2026-02-12 12:47:51,654 | INFO | Epoch [2/100] - Loss: 1.6196 | Correct: 20147/50000 (40.29%, 39.57s)
2026-02-12 12:47:54,593 | INFO | Validation - Loss: 1.4747 | Correct: 4580/10000 (45.80%, 2.94s)
2026-02-12 12:47:54,639 | INFO | New best model saved at epoch 2 with Top1 Acc: 45.80%
2026-02-12 12:48:04,649 | INFO | Batch 100 | Loss: 1.4922 | Correct: 54/128 | Elapsed Time: 10.01s
2026-02-12 12:48:14,731 | INFO | Batch 200 | Loss: 1.5469 | Correct: 58/128 | Elapsed Time: 10.08s
2026-02-12 12:48:24,769 | INFO | Batch 300 | Loss: 1.4453 | Correct: 62/128 | Elapsed Time: 10.04s
2026-02-12 12:48:33,861 | INFO | Epoch [3/100] - Loss: 1.4799 | Correct: 23036/50000 (46.07%, 39.22s)
2026-02-12 12:48:36,768 | INFO | Validation - Loss: 1.3713 | Correct: 5104/10000 (51.04%, 2.91s)
2026-02-12 12:48:36,815 | INFO | New best model saved at epoch 3 with Top1 Acc: 51.04%
2026-02-12 12:48:46,851 | INFO | Batch 100 | Loss: 1.3750 | Correct: 61/128 | Elapsed Time: 10.04s
2026-02-12 12:48:56,875 | INFO | Batch 200 | Loss: 1.2891 | Correct: 72/128 | Elapsed Time: 10.02s
2026-02-12 12:49:06,853 | INFO | Batch 300 | Loss: 1.2656 | Correct: 66/128 | Elapsed Time: 9.98s
2026-02-12 12:49:15,945 | INFO | Epoch [4/100] - Loss: 1.3858 | Correct: 24904/50000 (49.81%, 39.13s)
2026-02-12 12:49:18,894 | INFO | Validation - Loss: 1.2941 | Correct: 5395/10000 (53.95%, 2.95s)
2026-02-12 12:49:18,938 | INFO | New best model saved at epoch 4 with Top1 Acc: 53.95%
2026-02-12 12:49:28,900 | INFO | Batch 100 | Loss: 1.4453 | Correct: 64/128 | Elapsed Time: 9.96s
2026-02-12 12:49:38,923 | INFO | Batch 200 | Loss: 1.2031 | Correct: 70/128 | Elapsed Time: 10.02s
2026-02-12 12:49:48,978 | INFO | Batch 300 | Loss: 1.3203 | Correct: 75/128 | Elapsed Time: 10.05s
2026-02-12 12:49:58,157 | INFO | Epoch [5/100] - Loss: 1.3214 | Correct: 26221/50000 (52.44%, 39.22s)
2026-02-12 12:50:01,049 | INFO | Validation - Loss: 1.2490 | Correct: 5563/10000 (55.63%, 2.89s)
2026-02-12 12:50:01,095 | INFO | New best model saved at epoch 5 with Top1 Acc: 55.63%
2026-02-12 12:50:11,243 | INFO | Batch 100 | Loss: 1.1797 | Correct: 73/128 | Elapsed Time: 10.15s
2026-02-12 12:50:21,250 | INFO | Batch 200 | Loss: 1.2109 | Correct: 74/128 | Elapsed Time: 10.01s
2026-02-12 12:50:31,320 | INFO | Batch 300 | Loss: 1.4062 | Correct: 64/128 | Elapsed Time: 10.07s
2026-02-12 12:50:40,418 | INFO | Epoch [6/100] - Loss: 1.2621 | Correct: 27355/50000 (54.71%, 39.32s)
2026-02-12 12:50:43,407 | INFO | Validation - Loss: 1.1765 | Correct: 5849/10000 (58.49%, 2.99s)
2026-02-12 12:50:43,454 | INFO | New best model saved at epoch 6 with Top1 Acc: 58.49%
2026-02-12 12:50:53,480 | INFO | Batch 100 | Loss: 1.1406 | Correct: 67/128 | Elapsed Time: 10.03s
2026-02-12 12:51:03,603 | INFO | Batch 200 | Loss: 1.2188 | Correct: 73/128 | Elapsed Time: 10.12s
2026-02-12 12:51:13,671 | INFO | Batch 300 | Loss: 1.2578 | Correct: 72/128 | Elapsed Time: 10.07s
2026-02-12 12:51:22,844 | INFO | Epoch [7/100] - Loss: 1.2158 | Correct: 28317/50000 (56.63%, 39.39s)
2026-02-12 12:51:25,779 | INFO | Validation - Loss: 1.1909 | Correct: 5728/10000 (57.28%, 2.93s)
2026-02-12 12:51:35,943 | INFO | Batch 100 | Loss: 1.2266 | Correct: 70/128 | Elapsed Time: 10.16s
2026-02-12 12:51:46,188 | INFO | Batch 200 | Loss: 1.2734 | Correct: 74/128 | Elapsed Time: 10.25s
2026-02-12 12:51:56,256 | INFO | Batch 300 | Loss: 1.0703 | Correct: 84/128 | Elapsed Time: 10.07s
2026-02-12 12:52:05,498 | INFO | Epoch [8/100] - Loss: 1.1789 | Correct: 28982/50000 (57.96%, 39.72s)
2026-02-12 12:52:08,472 | INFO | Validation - Loss: 1.0940 | Correct: 6144/10000 (61.44%, 2.97s)
2026-02-12 12:52:08,526 | INFO | New best model saved at epoch 8 with Top1 Acc: 61.44%
2026-02-12 12:52:18,639 | INFO | Batch 100 | Loss: 0.9766 | Correct: 85/128 | Elapsed Time: 10.11s
2026-02-12 12:52:28,728 | INFO | Batch 200 | Loss: 0.8789 | Correct: 90/128 | Elapsed Time: 10.09s
2026-02-12 12:52:38,765 | INFO | Batch 300 | Loss: 1.1328 | Correct: 72/128 | Elapsed Time: 10.04s
2026-02-12 12:52:47,867 | INFO | Epoch [9/100] - Loss: 1.1395 | Correct: 29945/50000 (59.89%, 39.34s)
2026-02-12 12:52:50,823 | INFO | Validation - Loss: 1.0717 | Correct: 6246/10000 (62.46%, 2.95s)
2026-02-12 12:52:50,873 | INFO | New best model saved at epoch 9 with Top1 Acc: 62.46%
2026-02-12 12:53:00,890 | INFO | Batch 100 | Loss: 1.1094 | Correct: 74/128 | Elapsed Time: 10.02s
2026-02-12 12:53:10,930 | INFO | Batch 200 | Loss: 0.8984 | Correct: 91/128 | Elapsed Time: 10.04s
2026-02-12 12:53:21,020 | INFO | Batch 300 | Loss: 1.0938 | Correct: 78/128 | Elapsed Time: 10.09s
2026-02-12 12:53:30,150 | INFO | Epoch [10/100] - Loss: 1.1105 | Correct: 30358/50000 (60.72%, 39.28s)
2026-02-12 12:53:33,116 | INFO | Validation - Loss: 1.0510 | Correct: 6330/10000 (63.30%, 2.97s)
2026-02-12 12:53:33,168 | INFO | New best model saved at epoch 10 with Top1 Acc: 63.30%
2026-02-12 12:53:43,321 | INFO | Batch 100 | Loss: 1.1094 | Correct: 80/128 | Elapsed Time: 10.15s
2026-02-12 12:53:53,324 | INFO | Batch 200 | Loss: 1.0078 | Correct: 86/128 | Elapsed Time: 10.00s
2026-02-12 12:54:03,337 | INFO | Batch 300 | Loss: 1.1562 | Correct: 73/128 | Elapsed Time: 10.01s
2026-02-12 12:54:12,352 | INFO | Epoch [11/100] - Loss: 1.0818 | Correct: 30834/50000 (61.67%, 39.18s)
2026-02-12 12:54:15,234 | INFO | Validation - Loss: 1.0308 | Correct: 6392/10000 (63.92%, 2.88s)
2026-02-12 12:54:15,280 | INFO | New best model saved at epoch 11 with Top1 Acc: 63.92%
2026-02-12 12:54:25,240 | INFO | Batch 100 | Loss: 0.9453 | Correct: 82/128 | Elapsed Time: 9.96s
2026-02-12 12:54:35,363 | INFO | Batch 200 | Loss: 1.0469 | Correct: 80/128 | Elapsed Time: 10.12s
2026-02-12 12:54:45,558 | INFO | Batch 300 | Loss: 1.0703 | Correct: 82/128 | Elapsed Time: 10.20s
2026-02-12 12:54:54,856 | INFO | Epoch [12/100] - Loss: 1.0565 | Correct: 31447/50000 (62.89%, 39.58s)
2026-02-12 12:54:57,865 | INFO | Validation - Loss: 1.0290 | Correct: 6409/10000 (64.09%, 3.01s)
2026-02-12 12:54:57,913 | INFO | New best model saved at epoch 12 with Top1 Acc: 64.09%
2026-02-12 12:55:08,093 | INFO | Batch 100 | Loss: 0.8945 | Correct: 95/128 | Elapsed Time: 10.18s
2026-02-12 12:55:18,331 | INFO | Batch 200 | Loss: 1.2109 | Correct: 73/128 | Elapsed Time: 10.24s
2026-02-12 12:55:28,534 | INFO | Batch 300 | Loss: 1.0078 | Correct: 81/128 | Elapsed Time: 10.20s
2026-02-12 12:55:37,866 | INFO | Epoch [13/100] - Loss: 1.0398 | Correct: 31736/50000 (63.47%, 39.95s)
2026-02-12 12:55:40,852 | INFO | Validation - Loss: 1.0338 | Correct: 6397/10000 (63.97%, 2.99s)
2026-02-12 12:55:51,063 | INFO | Batch 100 | Loss: 1.0469 | Correct: 81/128 | Elapsed Time: 10.21s
2026-02-12 12:56:01,333 | INFO | Batch 200 | Loss: 1.1328 | Correct: 77/128 | Elapsed Time: 10.27s
2026-02-12 12:56:11,485 | INFO | Batch 300 | Loss: 0.9805 | Correct: 79/128 | Elapsed Time: 10.15s
2026-02-12 12:56:20,777 | INFO | Epoch [14/100] - Loss: 1.0147 | Correct: 32124/50000 (64.25%, 39.92s)
2026-02-12 12:56:23,848 | INFO | Validation - Loss: 0.9884 | Correct: 6509/10000 (65.09%, 3.07s)
2026-02-12 12:56:23,898 | INFO | New best model saved at epoch 14 with Top1 Acc: 65.09%
2026-02-12 12:56:34,162 | INFO | Batch 100 | Loss: 0.8711 | Correct: 89/128 | Elapsed Time: 10.26s
2026-02-12 12:56:44,565 | INFO | Batch 200 | Loss: 1.1719 | Correct: 78/128 | Elapsed Time: 10.40s
2026-02-12 12:56:54,830 | INFO | Batch 300 | Loss: 1.0000 | Correct: 84/128 | Elapsed Time: 10.27s
2026-02-12 12:57:04,205 | INFO | Epoch [15/100] - Loss: 0.9947 | Correct: 32572/50000 (65.14%, 40.31s)
2026-02-12 12:57:07,277 | INFO | Validation - Loss: 0.9714 | Correct: 6561/10000 (65.61%, 3.07s)
2026-02-12 12:57:07,328 | INFO | New best model saved at epoch 15 with Top1 Acc: 65.61%
2026-02-12 12:57:17,751 | INFO | Batch 100 | Loss: 1.0234 | Correct: 81/128 | Elapsed Time: 10.42s
2026-02-12 12:57:28,046 | INFO | Batch 200 | Loss: 1.0391 | Correct: 75/128 | Elapsed Time: 10.30s
2026-02-12 12:57:38,317 | INFO | Batch 300 | Loss: 0.9453 | Correct: 87/128 | Elapsed Time: 10.27s
2026-02-12 12:57:47,644 | INFO | Epoch [16/100] - Loss: 0.9836 | Correct: 32544/50000 (65.09%, 40.32s)
2026-02-12 12:57:50,627 | INFO | Validation - Loss: 0.9564 | Correct: 6600/10000 (66.00%, 2.98s)
2026-02-12 12:57:50,674 | INFO | New best model saved at epoch 16 with Top1 Acc: 66.00%
2026-02-12 12:58:00,860 | INFO | Batch 100 | Loss: 0.9180 | Correct: 89/128 | Elapsed Time: 10.19s
2026-02-12 12:58:10,967 | INFO | Batch 200 | Loss: 0.9375 | Correct: 85/128 | Elapsed Time: 10.11s
2026-02-12 12:58:20,983 | INFO | Batch 300 | Loss: 0.9492 | Correct: 80/128 | Elapsed Time: 10.02s
2026-02-12 12:58:30,132 | INFO | Epoch [17/100] - Loss: 0.9620 | Correct: 33156/50000 (66.31%, 39.46s)
2026-02-12 12:58:33,059 | INFO | Validation - Loss: 0.9035 | Correct: 6812/10000 (68.12%, 2.93s)
2026-02-12 12:58:33,106 | INFO | New best model saved at epoch 17 with Top1 Acc: 68.12%
2026-02-12 12:58:43,173 | INFO | Batch 100 | Loss: 0.8789 | Correct: 92/128 | Elapsed Time: 10.07s
2026-02-12 12:58:53,210 | INFO | Batch 200 | Loss: 1.1172 | Correct: 77/128 | Elapsed Time: 10.04s
2026-02-12 12:59:03,345 | INFO | Batch 300 | Loss: 0.9219 | Correct: 87/128 | Elapsed Time: 10.14s
2026-02-12 12:59:12,496 | INFO | Epoch [18/100] - Loss: 0.9499 | Correct: 33421/50000 (66.84%, 39.39s)
2026-02-12 12:59:15,393 | INFO | Validation - Loss: 0.9604 | Correct: 6657/10000 (66.57%, 2.90s)
2026-02-12 12:59:25,451 | INFO | Batch 100 | Loss: 0.9141 | Correct: 90/128 | Elapsed Time: 10.06s
2026-02-12 12:59:35,512 | INFO | Batch 200 | Loss: 0.8594 | Correct: 87/128 | Elapsed Time: 10.06s
2026-02-12 12:59:45,596 | INFO | Batch 300 | Loss: 0.8867 | Correct: 88/128 | Elapsed Time: 10.08s
2026-02-12 12:59:54,686 | INFO | Epoch [19/100] - Loss: 0.9402 | Correct: 33628/50000 (67.26%, 39.29s)
2026-02-12 12:59:57,679 | INFO | Validation - Loss: 0.9585 | Correct: 6621/10000 (66.21%, 2.99s)
2026-02-12 13:00:07,695 | INFO | Batch 100 | Loss: 0.8008 | Correct: 90/128 | Elapsed Time: 10.01s
2026-02-12 13:00:17,717 | INFO | Batch 200 | Loss: 0.9180 | Correct: 86/128 | Elapsed Time: 10.02s
2026-02-12 13:00:27,768 | INFO | Batch 300 | Loss: 0.8984 | Correct: 92/128 | Elapsed Time: 10.05s
2026-02-12 13:00:36,919 | INFO | Epoch [20/100] - Loss: 0.9333 | Correct: 33667/50000 (67.33%, 39.24s)
2026-02-12 13:00:39,862 | INFO | Validation - Loss: 0.9145 | Correct: 6804/10000 (68.04%, 2.94s)
2026-02-12 13:00:49,871 | INFO | Batch 100 | Loss: 0.9219 | Correct: 87/128 | Elapsed Time: 10.01s
2026-02-12 13:00:59,897 | INFO | Batch 200 | Loss: 0.8789 | Correct: 83/128 | Elapsed Time: 10.03s
2026-02-12 13:01:10,031 | INFO | Batch 300 | Loss: 0.9453 | Correct: 84/128 | Elapsed Time: 10.13s
2026-02-12 13:01:19,235 | INFO | Epoch [21/100] - Loss: 0.9226 | Correct: 33821/50000 (67.64%, 39.37s)
2026-02-12 13:01:22,223 | INFO | Validation - Loss: 0.8885 | Correct: 6954/10000 (69.54%, 2.99s)
2026-02-12 13:01:22,275 | INFO | New best model saved at epoch 21 with Top1 Acc: 69.54%
2026-02-12 13:01:32,393 | INFO | Batch 100 | Loss: 1.0078 | Correct: 80/128 | Elapsed Time: 10.12s
2026-02-12 13:01:42,432 | INFO | Batch 200 | Loss: 0.9102 | Correct: 93/128 | Elapsed Time: 10.04s
2026-02-12 13:01:52,516 | INFO | Batch 300 | Loss: 1.0156 | Correct: 84/128 | Elapsed Time: 10.08s
2026-02-12 13:02:01,631 | INFO | Epoch [22/100] - Loss: 0.9102 | Correct: 33986/50000 (67.97%, 39.36s)
2026-02-12 13:02:04,605 | INFO | Validation - Loss: 0.9042 | Correct: 6843/10000 (68.43%, 2.97s)
2026-02-12 13:02:14,719 | INFO | Batch 100 | Loss: 1.0469 | Correct: 78/128 | Elapsed Time: 10.11s
2026-02-12 13:02:24,732 | INFO | Batch 200 | Loss: 0.9258 | Correct: 89/128 | Elapsed Time: 10.01s
2026-02-12 13:02:34,786 | INFO | Batch 300 | Loss: 0.9805 | Correct: 90/128 | Elapsed Time: 10.05s
2026-02-12 13:02:43,931 | INFO | Epoch [23/100] - Loss: 0.9067 | Correct: 34169/50000 (68.34%, 39.33s)
2026-02-12 13:02:46,885 | INFO | Validation - Loss: 0.9027 | Correct: 6837/10000 (68.37%, 2.95s)
2026-02-12 13:02:56,938 | INFO | Batch 100 | Loss: 0.8398 | Correct: 87/128 | Elapsed Time: 10.05s
2026-02-12 13:03:07,033 | INFO | Batch 200 | Loss: 0.8203 | Correct: 95/128 | Elapsed Time: 10.09s
2026-02-12 13:03:17,072 | INFO | Batch 300 | Loss: 0.9180 | Correct: 87/128 | Elapsed Time: 10.04s
2026-02-12 13:03:26,298 | INFO | Epoch [24/100] - Loss: 0.9055 | Correct: 34243/50000 (68.49%, 39.41s)
2026-02-12 13:03:29,308 | INFO | Validation - Loss: 0.9040 | Correct: 6889/10000 (68.89%, 3.01s)
2026-02-12 13:03:39,347 | INFO | Batch 100 | Loss: 0.8633 | Correct: 90/128 | Elapsed Time: 10.04s
2026-02-12 13:03:49,412 | INFO | Batch 200 | Loss: 0.8086 | Correct: 93/128 | Elapsed Time: 10.07s
2026-02-12 13:03:59,481 | INFO | Batch 300 | Loss: 1.0938 | Correct: 79/128 | Elapsed Time: 10.07s
2026-02-12 13:04:08,707 | INFO | Epoch [25/100] - Loss: 0.8949 | Correct: 34313/50000 (68.63%, 39.40s)
2026-02-12 13:04:11,621 | INFO | Validation - Loss: 0.9535 | Correct: 6725/10000 (67.25%, 2.91s)
2026-02-12 13:04:21,713 | INFO | Batch 100 | Loss: 0.7461 | Correct: 97/128 | Elapsed Time: 10.09s
2026-02-12 13:04:31,757 | INFO | Batch 200 | Loss: 0.7500 | Correct: 97/128 | Elapsed Time: 10.04s
2026-02-12 13:04:41,816 | INFO | Batch 300 | Loss: 0.9141 | Correct: 85/128 | Elapsed Time: 10.06s
2026-02-12 13:04:50,933 | INFO | Epoch [26/100] - Loss: 0.8839 | Correct: 34612/50000 (69.22%, 39.31s)
2026-02-12 13:04:53,950 | INFO | Validation - Loss: 0.8719 | Correct: 6977/10000 (69.77%, 3.02s)
2026-02-12 13:04:53,997 | INFO | New best model saved at epoch 26 with Top1 Acc: 69.77%
2026-02-12 13:05:04,046 | INFO | Batch 100 | Loss: 0.9336 | Correct: 83/128 | Elapsed Time: 10.05s
2026-02-12 13:05:14,095 | INFO | Batch 200 | Loss: 0.9922 | Correct: 85/128 | Elapsed Time: 10.05s
2026-02-12 13:05:24,124 | INFO | Batch 300 | Loss: 0.9609 | Correct: 82/128 | Elapsed Time: 10.03s
2026-02-12 13:05:33,333 | INFO | Epoch [27/100] - Loss: 0.8924 | Correct: 34409/50000 (68.82%, 39.34s)
2026-02-12 13:05:36,280 | INFO | Validation - Loss: 0.9225 | Correct: 6787/10000 (67.87%, 2.95s)
2026-02-12 13:05:46,278 | INFO | Batch 100 | Loss: 0.8594 | Correct: 89/128 | Elapsed Time: 10.00s
2026-02-12 13:05:56,315 | INFO | Batch 200 | Loss: 0.8672 | Correct: 92/128 | Elapsed Time: 10.04s
2026-02-12 13:06:06,286 | INFO | Batch 300 | Loss: 0.8281 | Correct: 90/128 | Elapsed Time: 9.97s
2026-02-12 13:06:15,468 | INFO | Epoch [28/100] - Loss: 0.8868 | Correct: 34577/50000 (69.15%, 39.19s)
2026-02-12 13:06:18,431 | INFO | Validation - Loss: 0.9051 | Correct: 6825/10000 (68.25%, 2.96s)
2026-02-12 13:06:28,519 | INFO | Batch 100 | Loss: 0.7969 | Correct: 91/128 | Elapsed Time: 10.09s
2026-02-12 13:06:38,525 | INFO | Batch 200 | Loss: 0.6992 | Correct: 102/128 | Elapsed Time: 10.01s
2026-02-12 13:06:48,591 | INFO | Batch 300 | Loss: 0.8789 | Correct: 87/128 | Elapsed Time: 10.07s
2026-02-12 13:06:57,738 | INFO | Epoch [29/100] - Loss: 0.8846 | Correct: 34578/50000 (69.16%, 39.31s)
2026-02-12 13:07:00,685 | INFO | Validation - Loss: 0.8943 | Correct: 6910/10000 (69.10%, 2.95s)
2026-02-12 13:07:10,727 | INFO | Batch 100 | Loss: 0.8047 | Correct: 91/128 | Elapsed Time: 10.04s
2026-02-12 13:07:20,838 | INFO | Batch 200 | Loss: 0.8516 | Correct: 86/128 | Elapsed Time: 10.11s
2026-02-12 13:07:30,872 | INFO | Batch 300 | Loss: 0.9492 | Correct: 80/128 | Elapsed Time: 10.03s
2026-02-12 13:07:39,988 | INFO | Epoch [30/100] - Loss: 0.8780 | Correct: 34764/50000 (69.53%, 39.30s)
2026-02-12 13:07:42,930 | INFO | Validation - Loss: 0.8838 | Correct: 6941/10000 (69.41%, 2.94s)
2026-02-12 13:07:53,013 | INFO | Batch 100 | Loss: 0.9062 | Correct: 89/128 | Elapsed Time: 10.08s
2026-02-12 13:08:03,149 | INFO | Batch 200 | Loss: 1.0156 | Correct: 76/128 | Elapsed Time: 10.14s
2026-02-12 13:08:13,177 | INFO | Batch 300 | Loss: 0.9102 | Correct: 84/128 | Elapsed Time: 10.03s
2026-02-12 13:08:22,295 | INFO | Epoch [31/100] - Loss: 0.8762 | Correct: 34672/50000 (69.34%, 39.36s)
2026-02-12 13:08:25,215 | INFO | Validation - Loss: 0.8682 | Correct: 6980/10000 (69.80%, 2.92s)
2026-02-12 13:08:25,274 | INFO | New best model saved at epoch 31 with Top1 Acc: 69.80%
2026-02-12 13:08:35,503 | INFO | Batch 100 | Loss: 0.8828 | Correct: 88/128 | Elapsed Time: 10.23s
2026-02-12 13:08:45,521 | INFO | Batch 200 | Loss: 1.0078 | Correct: 83/128 | Elapsed Time: 10.02s
2026-02-12 13:08:55,530 | INFO | Batch 300 | Loss: 0.7969 | Correct: 85/128 | Elapsed Time: 10.01s
2026-02-12 13:09:04,725 | INFO | Epoch [32/100] - Loss: 0.8703 | Correct: 34841/50000 (69.68%, 39.45s)
2026-02-12 13:09:07,716 | INFO | Validation - Loss: 0.9314 | Correct: 6666/10000 (66.66%, 2.99s)
2026-02-12 13:09:17,701 | INFO | Batch 100 | Loss: 0.8867 | Correct: 90/128 | Elapsed Time: 9.98s
2026-02-12 13:09:27,759 | INFO | Batch 200 | Loss: 0.8086 | Correct: 89/128 | Elapsed Time: 10.06s
2026-02-12 13:09:37,822 | INFO | Batch 300 | Loss: 0.9570 | Correct: 88/128 | Elapsed Time: 10.06s
2026-02-12 13:09:46,987 | INFO | Epoch [33/100] - Loss: 0.8690 | Correct: 34925/50000 (69.85%, 39.27s)
2026-02-12 13:09:49,926 | INFO | Validation - Loss: 0.9222 | Correct: 6808/10000 (68.08%, 2.94s)
2026-02-12 13:09:59,873 | INFO | Batch 100 | Loss: 0.8164 | Correct: 90/128 | Elapsed Time: 9.95s
2026-02-12 13:10:10,115 | INFO | Batch 200 | Loss: 0.8711 | Correct: 90/128 | Elapsed Time: 10.24s
2026-02-12 13:10:20,197 | INFO | Batch 300 | Loss: 0.8008 | Correct: 99/128 | Elapsed Time: 10.08s
2026-02-12 13:10:29,341 | INFO | Epoch [34/100] - Loss: 0.8651 | Correct: 34985/50000 (69.97%, 39.41s)
2026-02-12 13:10:32,276 | INFO | Validation - Loss: 0.9085 | Correct: 6866/10000 (68.66%, 2.93s)
2026-02-12 13:10:42,487 | INFO | Batch 100 | Loss: 0.8203 | Correct: 91/128 | Elapsed Time: 10.21s
2026-02-12 13:10:52,547 | INFO | Batch 200 | Loss: 1.0312 | Correct: 80/128 | Elapsed Time: 10.06s
2026-02-12 13:11:02,725 | INFO | Batch 300 | Loss: 0.8516 | Correct: 97/128 | Elapsed Time: 10.18s
2026-02-12 13:11:11,906 | INFO | Epoch [35/100] - Loss: 0.8683 | Correct: 34927/50000 (69.85%, 39.63s)
2026-02-12 13:11:14,924 | INFO | Validation - Loss: 0.9038 | Correct: 6851/10000 (68.51%, 3.02s)
2026-02-12 13:11:25,027 | INFO | Batch 100 | Loss: 0.8594 | Correct: 86/128 | Elapsed Time: 10.10s
2026-02-12 13:11:35,116 | INFO | Batch 200 | Loss: 0.6602 | Correct: 102/128 | Elapsed Time: 10.09s
2026-02-12 13:11:45,177 | INFO | Batch 300 | Loss: 0.7305 | Correct: 97/128 | Elapsed Time: 10.06s
2026-02-12 13:11:54,441 | INFO | Epoch [36/100] - Loss: 0.8619 | Correct: 35120/50000 (70.24%, 39.52s)
2026-02-12 13:11:57,410 | INFO | Validation - Loss: 0.9036 | Correct: 6862/10000 (68.62%, 2.97s)
2026-02-12 13:12:07,538 | INFO | Batch 100 | Loss: 0.8633 | Correct: 92/128 | Elapsed Time: 10.13s
2026-02-12 13:12:17,640 | INFO | Batch 200 | Loss: 0.9453 | Correct: 85/128 | Elapsed Time: 10.10s
2026-02-12 13:12:27,774 | INFO | Batch 300 | Loss: 0.7656 | Correct: 95/128 | Elapsed Time: 10.13s
2026-02-12 13:12:36,982 | INFO | Epoch [37/100] - Loss: 0.8656 | Correct: 35021/50000 (70.04%, 39.57s)
2026-02-12 13:12:39,968 | INFO | Validation - Loss: 0.9167 | Correct: 6799/10000 (67.99%, 2.99s)
2026-02-12 13:12:50,076 | INFO | Batch 100 | Loss: 0.9961 | Correct: 81/128 | Elapsed Time: 10.11s
2026-02-12 13:13:00,149 | INFO | Batch 200 | Loss: 0.8633 | Correct: 90/128 | Elapsed Time: 10.07s
2026-02-12 13:13:10,304 | INFO | Batch 300 | Loss: 0.9766 | Correct: 83/128 | Elapsed Time: 10.15s
2026-02-12 13:13:19,455 | INFO | Epoch [38/100] - Loss: 0.8657 | Correct: 35013/50000 (70.03%, 39.49s)
2026-02-12 13:13:22,412 | INFO | Validation - Loss: 1.0787 | Correct: 6261/10000 (62.61%, 2.96s)
2026-02-12 13:13:32,512 | INFO | Batch 100 | Loss: 0.8086 | Correct: 90/128 | Elapsed Time: 10.10s
2026-02-12 13:13:42,708 | INFO | Batch 200 | Loss: 0.8828 | Correct: 94/128 | Elapsed Time: 10.20s
2026-02-12 13:13:52,823 | INFO | Batch 300 | Loss: 0.8477 | Correct: 89/128 | Elapsed Time: 10.12s
2026-02-12 13:14:02,054 | INFO | Epoch [39/100] - Loss: 0.8611 | Correct: 35152/50000 (70.30%, 39.64s)
2026-02-12 13:14:05,042 | INFO | Validation - Loss: 1.0197 | Correct: 6462/10000 (64.62%, 2.99s)
2026-02-12 13:14:15,158 | INFO | Batch 100 | Loss: 0.8398 | Correct: 95/128 | Elapsed Time: 10.11s
2026-02-12 13:14:25,195 | INFO | Batch 200 | Loss: 0.8242 | Correct: 93/128 | Elapsed Time: 10.04s
2026-02-12 13:14:35,246 | INFO | Batch 300 | Loss: 0.6523 | Correct: 104/128 | Elapsed Time: 10.05s
2026-02-12 13:14:44,434 | INFO | Epoch [40/100] - Loss: 0.8688 | Correct: 34942/50000 (69.88%, 39.39s)
2026-02-12 13:14:47,376 | INFO | Validation - Loss: 1.3226 | Correct: 5316/10000 (53.16%, 2.94s)
2026-02-12 13:14:57,452 | INFO | Batch 100 | Loss: 1.0156 | Correct: 84/128 | Elapsed Time: 10.07s
2026-02-12 13:15:07,536 | INFO | Batch 200 | Loss: 0.7070 | Correct: 92/128 | Elapsed Time: 10.08s
2026-02-12 13:15:17,588 | INFO | Batch 300 | Loss: 0.8594 | Correct: 96/128 | Elapsed Time: 10.05s
2026-02-12 13:15:26,763 | INFO | Epoch [41/100] - Loss: 0.8646 | Correct: 35077/50000 (70.15%, 39.38s)
2026-02-12 13:15:29,715 | INFO | Validation - Loss: 1.2003 | Correct: 5767/10000 (57.67%, 2.95s)
2026-02-12 13:15:39,833 | INFO | Batch 100 | Loss: 0.8477 | Correct: 90/128 | Elapsed Time: 10.12s
2026-02-12 13:15:49,841 | INFO | Batch 200 | Loss: 0.9023 | Correct: 92/128 | Elapsed Time: 10.01s
2026-02-12 13:15:59,892 | INFO | Batch 300 | Loss: 0.8828 | Correct: 88/128 | Elapsed Time: 10.05s
2026-02-12 13:16:09,037 | INFO | Epoch [42/100] - Loss: 0.8710 | Correct: 34949/50000 (69.90%, 39.32s)
2026-02-12 13:16:12,034 | INFO | Validation - Loss: 1.2805 | Correct: 5647/10000 (56.47%, 3.00s)
2026-02-12 13:16:22,090 | INFO | Batch 100 | Loss: 0.8398 | Correct: 89/128 | Elapsed Time: 10.05s
2026-02-12 13:16:32,149 | INFO | Batch 200 | Loss: 0.8359 | Correct: 89/128 | Elapsed Time: 10.06s
2026-02-12 13:16:42,144 | INFO | Batch 300 | Loss: 1.0469 | Correct: 83/128 | Elapsed Time: 10.00s
2026-02-12 13:16:51,214 | INFO | Epoch [43/100] - Loss: 0.8678 | Correct: 35040/50000 (70.08%, 39.18s)
2026-02-12 13:16:54,208 | INFO | Validation - Loss: 1.2240 | Correct: 5785/10000 (57.85%, 2.99s)
2026-02-12 13:17:04,297 | INFO | Batch 100 | Loss: 0.8477 | Correct: 88/128 | Elapsed Time: 10.09s
2026-02-12 13:17:14,429 | INFO | Batch 200 | Loss: 0.7500 | Correct: 94/128 | Elapsed Time: 10.13s
2026-02-12 13:17:24,652 | INFO | Batch 300 | Loss: 0.9531 | Correct: 89/128 | Elapsed Time: 10.22s
2026-02-12 13:17:33,952 | INFO | Epoch [44/100] - Loss: 0.8683 | Correct: 35055/50000 (70.11%, 39.74s)
2026-02-12 13:17:36,953 | INFO | Validation - Loss: 1.5659 | Correct: 4384/10000 (43.84%, 3.00s)
2026-02-12 13:17:47,091 | INFO | Batch 100 | Loss: 1.0312 | Correct: 87/128 | Elapsed Time: 10.14s
2026-02-12 13:17:57,188 | INFO | Batch 200 | Loss: 0.8359 | Correct: 87/128 | Elapsed Time: 10.10s
2026-02-12 13:18:07,328 | INFO | Batch 300 | Loss: 0.8867 | Correct: 84/128 | Elapsed Time: 10.14s
2026-02-12 13:18:16,404 | INFO | Epoch [45/100] - Loss: 0.8763 | Correct: 34964/50000 (69.93%, 39.45s)
2026-02-12 13:18:19,327 | INFO | Validation - Loss: 1.1561 | Correct: 5995/10000 (59.95%, 2.92s)
2026-02-12 13:18:29,381 | INFO | Batch 100 | Loss: 0.8555 | Correct: 95/128 | Elapsed Time: 10.05s
2026-02-12 13:18:39,519 | INFO | Batch 200 | Loss: 0.8789 | Correct: 87/128 | Elapsed Time: 10.14s
2026-02-12 13:18:49,543 | INFO | Batch 300 | Loss: 0.8398 | Correct: 88/128 | Elapsed Time: 10.02s
2026-02-12 13:18:58,676 | INFO | Epoch [46/100] - Loss: 0.8762 | Correct: 34805/50000 (69.61%, 39.35s)
2026-02-12 13:19:01,592 | INFO | Validation - Loss: 1.1985 | Correct: 5851/10000 (58.51%, 2.91s)
2026-02-12 13:19:11,647 | INFO | Batch 100 | Loss: 0.8594 | Correct: 89/128 | Elapsed Time: 10.05s
2026-02-12 13:19:21,743 | INFO | Batch 200 | Loss: 0.9141 | Correct: 91/128 | Elapsed Time: 10.10s
2026-02-12 13:19:31,790 | INFO | Batch 300 | Loss: 0.8398 | Correct: 91/128 | Elapsed Time: 10.05s
2026-02-12 13:19:40,929 | INFO | Epoch [47/100] - Loss: 0.8750 | Correct: 34919/50000 (69.84%, 39.34s)
2026-02-12 13:19:43,899 | INFO | Validation - Loss: 1.3512 | Correct: 5385/10000 (53.85%, 2.97s)
2026-02-12 13:19:54,040 | INFO | Batch 100 | Loss: 0.7734 | Correct: 101/128 | Elapsed Time: 10.14s
2026-02-12 13:20:04,106 | INFO | Batch 200 | Loss: 0.6914 | Correct: 102/128 | Elapsed Time: 10.07s
2026-02-12 13:20:14,233 | INFO | Batch 300 | Loss: 0.7852 | Correct: 94/128 | Elapsed Time: 10.13s
2026-02-12 13:20:23,401 | INFO | Epoch [48/100] - Loss: 0.8729 | Correct: 34892/50000 (69.78%, 39.50s)
2026-02-12 13:20:26,388 | INFO | Validation - Loss: 1.7243 | Correct: 4194/10000 (41.94%, 2.99s)
2026-02-12 13:20:36,397 | INFO | Batch 100 | Loss: 0.8047 | Correct: 91/128 | Elapsed Time: 10.01s
2026-02-12 13:20:46,504 | INFO | Batch 200 | Loss: 1.0547 | Correct: 82/128 | Elapsed Time: 10.11s
2026-02-12 13:20:56,578 | INFO | Batch 300 | Loss: 1.0391 | Correct: 80/128 | Elapsed Time: 10.07s
2026-02-12 13:21:05,778 | INFO | Epoch [49/100] - Loss: 0.8775 | Correct: 34790/50000 (69.58%, 39.39s)
2026-02-12 13:21:08,820 | INFO | Validation - Loss: 2.4531 | Correct: 3004/10000 (30.04%, 3.04s)
2026-02-12 13:21:19,090 | INFO | Batch 100 | Loss: 0.8984 | Correct: 88/128 | Elapsed Time: 10.27s
2026-02-12 13:21:29,222 | INFO | Batch 200 | Loss: 0.8555 | Correct: 90/128 | Elapsed Time: 10.13s
2026-02-12 13:21:39,237 | INFO | Batch 300 | Loss: 1.0234 | Correct: 83/128 | Elapsed Time: 10.02s
2026-02-12 13:21:48,342 | INFO | Epoch [50/100] - Loss: 0.8809 | Correct: 34664/50000 (69.33%, 39.52s)
2026-02-12 13:21:51,279 | INFO | Validation - Loss: 3.0613 | Correct: 2694/10000 (26.94%, 2.94s)
2026-02-12 13:22:01,506 | INFO | Batch 100 | Loss: 0.9766 | Correct: 85/128 | Elapsed Time: 10.22s
2026-02-12 13:22:11,584 | INFO | Batch 200 | Loss: 0.8008 | Correct: 90/128 | Elapsed Time: 10.08s
2026-02-12 13:22:21,651 | INFO | Batch 300 | Loss: 1.0469 | Correct: 85/128 | Elapsed Time: 10.07s
2026-02-12 13:22:30,773 | INFO | Epoch [51/100] - Loss: 0.8625 | Correct: 35196/50000 (70.39%, 39.49s)
2026-02-12 13:22:33,785 | INFO | Validation - Loss: 1.3544 | Correct: 5116/10000 (51.16%, 3.01s)
2026-02-12 13:22:44,004 | INFO | Batch 100 | Loss: 0.8555 | Correct: 96/128 | Elapsed Time: 10.22s
2026-02-12 13:22:54,129 | INFO | Batch 200 | Loss: 0.8516 | Correct: 87/128 | Elapsed Time: 10.12s
2026-02-12 13:23:04,362 | INFO | Batch 300 | Loss: 0.9297 | Correct: 87/128 | Elapsed Time: 10.23s
2026-02-12 13:23:13,609 | INFO | Epoch [52/100] - Loss: 0.8579 | Correct: 35554/50000 (71.11%, 39.82s)
2026-02-12 13:23:16,573 | INFO | Validation - Loss: 1.4191 | Correct: 4892/10000 (48.92%, 2.96s)
2026-02-12 13:23:26,728 | INFO | Batch 100 | Loss: 0.8359 | Correct: 95/128 | Elapsed Time: 10.15s
2026-02-12 13:23:36,833 | INFO | Batch 200 | Loss: 0.8828 | Correct: 91/128 | Elapsed Time: 10.11s
2026-02-12 13:23:46,947 | INFO | Batch 300 | Loss: 0.9180 | Correct: 90/128 | Elapsed Time: 10.11s
2026-02-12 13:23:56,140 | INFO | Epoch [53/100] - Loss: 0.8578 | Correct: 35677/50000 (71.35%, 39.56s)
2026-02-12 13:23:59,152 | INFO | Validation - Loss: 1.4485 | Correct: 4815/10000 (48.15%, 3.01s)
2026-02-12 13:24:09,299 | INFO | Batch 100 | Loss: 0.8633 | Correct: 89/128 | Elapsed Time: 10.14s
2026-02-12 13:24:19,386 | INFO | Batch 200 | Loss: 0.8398 | Correct: 90/128 | Elapsed Time: 10.09s
2026-02-12 13:24:29,468 | INFO | Batch 300 | Loss: 0.9844 | Correct: 85/128 | Elapsed Time: 10.08s
2026-02-12 13:24:38,638 | INFO | Epoch [54/100] - Loss: 0.8630 | Correct: 35677/50000 (71.35%, 39.48s)
2026-02-12 13:24:41,635 | INFO | Validation - Loss: 1.4500 | Correct: 4781/10000 (47.81%, 3.00s)
2026-02-12 13:24:51,672 | INFO | Batch 100 | Loss: 0.9844 | Correct: 86/128 | Elapsed Time: 10.03s
2026-02-12 13:25:01,846 | INFO | Batch 200 | Loss: 0.8047 | Correct: 91/128 | Elapsed Time: 10.17s
2026-02-12 13:25:12,047 | INFO | Batch 300 | Loss: 0.8242 | Correct: 96/128 | Elapsed Time: 10.20s
2026-02-12 13:25:21,300 | INFO | Epoch [55/100] - Loss: 0.8641 | Correct: 35618/50000 (71.24%, 39.66s)
2026-02-12 13:25:24,308 | INFO | Validation - Loss: 1.4557 | Correct: 4789/10000 (47.89%, 3.01s)
2026-02-12 13:25:34,420 | INFO | Batch 100 | Loss: 0.8594 | Correct: 93/128 | Elapsed Time: 10.11s
2026-02-12 13:25:44,545 | INFO | Batch 200 | Loss: 0.8477 | Correct: 90/128 | Elapsed Time: 10.12s
2026-02-12 13:25:54,693 | INFO | Batch 300 | Loss: 0.9023 | Correct: 85/128 | Elapsed Time: 10.15s
2026-02-12 13:26:03,955 | INFO | Epoch [56/100] - Loss: 0.8677 | Correct: 35705/50000 (71.41%, 39.65s)
2026-02-12 13:26:06,985 | INFO | Validation - Loss: 1.5916 | Correct: 4225/10000 (42.25%, 3.03s)
2026-02-12 13:26:17,240 | INFO | Batch 100 | Loss: 0.8086 | Correct: 92/128 | Elapsed Time: 10.25s
2026-02-12 13:26:27,423 | INFO | Batch 200 | Loss: 0.8242 | Correct: 91/128 | Elapsed Time: 10.18s
2026-02-12 13:26:37,519 | INFO | Batch 300 | Loss: 0.9297 | Correct: 84/128 | Elapsed Time: 10.10s
2026-02-12 13:26:46,743 | INFO | Epoch [57/100] - Loss: 0.8715 | Correct: 35712/50000 (71.42%, 39.76s)
2026-02-12 13:26:49,753 | INFO | Validation - Loss: 1.6298 | Correct: 4206/10000 (42.06%, 3.01s)
2026-02-12 13:26:59,917 | INFO | Batch 100 | Loss: 0.8047 | Correct: 94/128 | Elapsed Time: 10.16s
2026-02-12 13:27:10,060 | INFO | Batch 200 | Loss: 0.8047 | Correct: 96/128 | Elapsed Time: 10.14s
2026-02-12 13:27:20,186 | INFO | Batch 300 | Loss: 0.9180 | Correct: 90/128 | Elapsed Time: 10.13s
2026-02-12 13:27:29,499 | INFO | Epoch [58/100] - Loss: 0.8697 | Correct: 35776/50000 (71.55%, 39.74s)
2026-02-12 13:27:32,490 | INFO | Validation - Loss: 1.5097 | Correct: 4584/10000 (45.84%, 2.99s)
2026-02-12 13:27:42,704 | INFO | Batch 100 | Loss: 0.7539 | Correct: 100/128 | Elapsed Time: 10.21s
2026-02-12 13:27:52,878 | INFO | Batch 200 | Loss: 0.8438 | Correct: 89/128 | Elapsed Time: 10.17s
2026-02-12 13:28:03,132 | INFO | Batch 300 | Loss: 1.0078 | Correct: 83/128 | Elapsed Time: 10.25s
2026-02-12 13:28:12,427 | INFO | Epoch [59/100] - Loss: 0.8703 | Correct: 35831/50000 (71.66%, 39.93s)
2026-02-12 13:28:15,408 | INFO | Validation - Loss: 1.6706 | Correct: 4059/10000 (40.59%, 2.98s)
2026-02-12 13:28:25,592 | INFO | Batch 100 | Loss: 0.9258 | Correct: 85/128 | Elapsed Time: 10.18s
2026-02-12 13:28:35,679 | INFO | Batch 200 | Loss: 0.9180 | Correct: 85/128 | Elapsed Time: 10.09s
2026-02-12 13:28:45,826 | INFO | Batch 300 | Loss: 0.8594 | Correct: 93/128 | Elapsed Time: 10.15s
2026-02-12 13:28:55,013 | INFO | Epoch [60/100] - Loss: 0.8698 | Correct: 35809/50000 (71.62%, 39.60s)
2026-02-12 13:28:57,959 | INFO | Validation - Loss: 1.7318 | Correct: 3819/10000 (38.19%, 2.94s)
2026-02-12 13:29:08,066 | INFO | Batch 100 | Loss: 0.8281 | Correct: 96/128 | Elapsed Time: 10.10s
2026-02-12 13:29:18,208 | INFO | Batch 200 | Loss: 0.8789 | Correct: 88/128 | Elapsed Time: 10.14s
2026-02-12 13:29:28,271 | INFO | Batch 300 | Loss: 0.8867 | Correct: 92/128 | Elapsed Time: 10.06s
2026-02-12 13:29:37,461 | INFO | Epoch [61/100] - Loss: 0.8753 | Correct: 35684/50000 (71.37%, 39.50s)
2026-02-12 13:29:40,436 | INFO | Validation - Loss: 1.6328 | Correct: 4134/10000 (41.34%, 2.97s)
2026-02-12 13:29:50,619 | INFO | Batch 100 | Loss: 0.7656 | Correct: 99/128 | Elapsed Time: 10.18s
2026-02-12 13:30:00,823 | INFO | Batch 200 | Loss: 0.8008 | Correct: 95/128 | Elapsed Time: 10.20s
2026-02-12 13:30:10,859 | INFO | Batch 300 | Loss: 0.8945 | Correct: 89/128 | Elapsed Time: 10.04s
2026-02-12 13:30:20,070 | INFO | Epoch [62/100] - Loss: 0.8734 | Correct: 35825/50000 (71.65%, 39.63s)
2026-02-12 13:30:23,053 | INFO | Validation - Loss: 1.6939 | Correct: 3921/10000 (39.21%, 2.98s)
2026-02-12 13:30:33,165 | INFO | Batch 100 | Loss: 0.8281 | Correct: 90/128 | Elapsed Time: 10.11s
2026-02-12 13:30:43,281 | INFO | Batch 200 | Loss: 0.8945 | Correct: 91/128 | Elapsed Time: 10.12s
2026-02-12 13:30:53,504 | INFO | Batch 300 | Loss: 0.9375 | Correct: 89/128 | Elapsed Time: 10.22s
2026-02-12 13:31:02,648 | INFO | Epoch [63/100] - Loss: 0.8736 | Correct: 35879/50000 (71.76%, 39.59s)
2026-02-12 13:31:05,661 | INFO | Validation - Loss: 1.7341 | Correct: 3766/10000 (37.66%, 3.01s)
2026-02-12 13:31:15,797 | INFO | Batch 100 | Loss: 0.9570 | Correct: 86/128 | Elapsed Time: 10.13s
2026-02-12 13:31:25,956 | INFO | Batch 200 | Loss: 0.9180 | Correct: 89/128 | Elapsed Time: 10.16s
2026-02-12 13:31:36,155 | INFO | Batch 300 | Loss: 0.7773 | Correct: 99/128 | Elapsed Time: 10.20s
2026-02-12 13:31:45,350 | INFO | Epoch [64/100] - Loss: 0.8765 | Correct: 35811/50000 (71.62%, 39.69s)
2026-02-12 13:31:48,372 | INFO | Validation - Loss: 1.6313 | Correct: 4131/10000 (41.31%, 3.02s)
2026-02-12 13:31:58,584 | INFO | Batch 100 | Loss: 0.9297 | Correct: 90/128 | Elapsed Time: 10.21s
2026-02-12 13:32:08,675 | INFO | Batch 200 | Loss: 0.8984 | Correct: 85/128 | Elapsed Time: 10.09s
2026-02-12 13:32:18,751 | INFO | Batch 300 | Loss: 0.7852 | Correct: 93/128 | Elapsed Time: 10.08s
2026-02-12 13:32:27,941 | INFO | Epoch [65/100] - Loss: 0.8782 | Correct: 35714/50000 (71.43%, 39.57s)
2026-02-12 13:32:30,946 | INFO | Validation - Loss: 1.6821 | Correct: 3962/10000 (39.62%, 3.00s)
2026-02-12 13:32:41,089 | INFO | Batch 100 | Loss: 0.8945 | Correct: 88/128 | Elapsed Time: 10.14s
2026-02-12 13:32:51,220 | INFO | Batch 200 | Loss: 0.9492 | Correct: 85/128 | Elapsed Time: 10.13s
2026-02-12 13:33:01,322 | INFO | Batch 300 | Loss: 0.8086 | Correct: 97/128 | Elapsed Time: 10.10s
2026-02-12 13:33:10,518 | INFO | Epoch [66/100] - Loss: 0.8813 | Correct: 35657/50000 (71.31%, 39.57s)
2026-02-12 13:33:13,508 | INFO | Validation - Loss: 1.6431 | Correct: 4141/10000 (41.41%, 2.99s)
2026-02-12 13:33:23,683 | INFO | Batch 100 | Loss: 0.9453 | Correct: 87/128 | Elapsed Time: 10.17s
2026-02-12 13:33:33,728 | INFO | Batch 200 | Loss: 0.9180 | Correct: 81/128 | Elapsed Time: 10.05s
2026-02-12 13:33:43,866 | INFO | Batch 300 | Loss: 0.8125 | Correct: 94/128 | Elapsed Time: 10.14s
2026-02-12 13:33:52,993 | INFO | Epoch [67/100] - Loss: 0.8782 | Correct: 35821/50000 (71.64%, 39.48s)
2026-02-12 13:33:55,993 | INFO | Validation - Loss: 1.5142 | Correct: 4576/10000 (45.76%, 3.00s)
2026-02-12 13:34:06,231 | INFO | Batch 100 | Loss: 0.8164 | Correct: 95/128 | Elapsed Time: 10.24s
2026-02-12 13:34:16,365 | INFO | Batch 200 | Loss: 0.9062 | Correct: 86/128 | Elapsed Time: 10.13s
2026-02-12 13:34:26,529 | INFO | Batch 300 | Loss: 0.8516 | Correct: 96/128 | Elapsed Time: 10.16s
2026-02-12 13:34:35,768 | INFO | Epoch [68/100] - Loss: 0.8793 | Correct: 35824/50000 (71.65%, 39.77s)
2026-02-12 13:34:38,752 | INFO | Validation - Loss: 1.4958 | Correct: 4619/10000 (46.19%, 2.98s)
2026-02-12 13:34:48,903 | INFO | Batch 100 | Loss: 0.9688 | Correct: 84/128 | Elapsed Time: 10.15s
2026-02-12 13:34:59,028 | INFO | Batch 200 | Loss: 0.8867 | Correct: 90/128 | Elapsed Time: 10.13s
2026-02-12 13:35:09,139 | INFO | Batch 300 | Loss: 0.8320 | Correct: 94/128 | Elapsed Time: 10.11s
2026-02-12 13:35:18,255 | INFO | Epoch [69/100] - Loss: 0.8797 | Correct: 35822/50000 (71.64%, 39.50s)
2026-02-12 13:35:21,161 | INFO | Validation - Loss: 1.5248 | Correct: 4607/10000 (46.07%, 2.91s)
2026-02-12 13:35:31,182 | INFO | Batch 100 | Loss: 0.8984 | Correct: 93/128 | Elapsed Time: 10.02s
2026-02-12 13:35:41,203 | INFO | Batch 200 | Loss: 0.9375 | Correct: 88/128 | Elapsed Time: 10.02s
2026-02-12 13:35:51,241 | INFO | Batch 300 | Loss: 1.0234 | Correct: 82/128 | Elapsed Time: 10.04s
2026-02-12 13:36:00,367 | INFO | Epoch [70/100] - Loss: 0.8769 | Correct: 35907/50000 (71.81%, 39.20s)
2026-02-12 13:36:03,429 | INFO | Validation - Loss: 1.6038 | Correct: 4358/10000 (43.58%, 3.06s)
2026-02-12 13:36:13,627 | INFO | Batch 100 | Loss: 0.9297 | Correct: 85/128 | Elapsed Time: 10.20s
2026-02-12 13:36:23,762 | INFO | Batch 200 | Loss: 0.9297 | Correct: 95/128 | Elapsed Time: 10.13s
2026-02-12 13:36:33,864 | INFO | Batch 300 | Loss: 0.9219 | Correct: 91/128 | Elapsed Time: 10.10s
2026-02-12 13:36:43,004 | INFO | Epoch [71/100] - Loss: 0.8789 | Correct: 35807/50000 (71.61%, 39.57s)
2026-02-12 13:36:45,971 | INFO | Validation - Loss: 1.4926 | Correct: 4681/10000 (46.81%, 2.97s)
2026-02-12 13:36:56,060 | INFO | Batch 100 | Loss: 0.9023 | Correct: 96/128 | Elapsed Time: 10.09s
2026-02-12 13:37:06,109 | INFO | Batch 200 | Loss: 0.8398 | Correct: 99/128 | Elapsed Time: 10.05s
2026-02-12 13:37:16,240 | INFO | Batch 300 | Loss: 0.9648 | Correct: 83/128 | Elapsed Time: 10.13s
2026-02-12 13:37:25,430 | INFO | Epoch [72/100] - Loss: 0.8796 | Correct: 35928/50000 (71.86%, 39.46s)
2026-02-12 13:37:28,481 | INFO | Validation - Loss: 1.4583 | Correct: 4763/10000 (47.63%, 3.05s)
2026-02-12 13:37:38,663 | INFO | Batch 100 | Loss: 0.8633 | Correct: 92/128 | Elapsed Time: 10.18s
2026-02-12 13:37:48,869 | INFO | Batch 200 | Loss: 0.8555 | Correct: 95/128 | Elapsed Time: 10.21s
2026-02-12 13:37:59,045 | INFO | Batch 300 | Loss: 0.6914 | Correct: 103/128 | Elapsed Time: 10.18s
2026-02-12 13:38:08,269 | INFO | Epoch [73/100] - Loss: 0.8822 | Correct: 35819/50000 (71.64%, 39.78s)
2026-02-12 13:38:11,229 | INFO | Validation - Loss: 1.5029 | Correct: 4667/10000 (46.67%, 2.96s)
2026-02-12 13:38:21,340 | INFO | Batch 100 | Loss: 0.8711 | Correct: 91/128 | Elapsed Time: 10.11s
2026-02-12 13:38:31,562 | INFO | Batch 200 | Loss: 1.0000 | Correct: 84/128 | Elapsed Time: 10.22s
2026-02-12 13:38:41,781 | INFO | Batch 300 | Loss: 0.8672 | Correct: 89/128 | Elapsed Time: 10.22s
2026-02-12 13:38:50,984 | INFO | Epoch [74/100] - Loss: 0.8847 | Correct: 35775/50000 (71.55%, 39.75s)
2026-02-12 13:38:53,979 | INFO | Validation - Loss: 1.5007 | Correct: 4661/10000 (46.61%, 2.99s)
2026-02-12 13:39:04,144 | INFO | Batch 100 | Loss: 0.8047 | Correct: 92/128 | Elapsed Time: 10.16s
2026-02-12 13:39:14,249 | INFO | Batch 200 | Loss: 1.0312 | Correct: 74/128 | Elapsed Time: 10.11s
2026-02-12 13:39:24,340 | INFO | Batch 300 | Loss: 0.8203 | Correct: 95/128 | Elapsed Time: 10.09s
2026-02-12 13:39:33,548 | INFO | Epoch [75/100] - Loss: 0.8837 | Correct: 35804/50000 (71.61%, 39.57s)
2026-02-12 13:39:36,537 | INFO | Validation - Loss: 1.5478 | Correct: 4506/10000 (45.06%, 2.99s)
2026-02-12 13:39:46,778 | INFO | Batch 100 | Loss: 0.7773 | Correct: 96/128 | Elapsed Time: 10.24s
2026-02-12 13:39:56,864 | INFO | Batch 200 | Loss: 0.8359 | Correct: 94/128 | Elapsed Time: 10.09s
2026-02-12 13:40:06,991 | INFO | Batch 300 | Loss: 0.7656 | Correct: 93/128 | Elapsed Time: 10.13s
2026-02-12 13:40:16,208 | INFO | Epoch [76/100] - Loss: 0.8845 | Correct: 35825/50000 (71.65%, 39.67s)
2026-02-12 13:40:19,235 | INFO | Validation - Loss: 1.5164 | Correct: 4603/10000 (46.03%, 3.03s)
2026-02-12 13:40:29,428 | INFO | Batch 100 | Loss: 0.9531 | Correct: 88/128 | Elapsed Time: 10.19s
2026-02-12 13:40:39,482 | INFO | Batch 200 | Loss: 0.7383 | Correct: 100/128 | Elapsed Time: 10.05s
2026-02-12 13:40:49,633 | INFO | Batch 300 | Loss: 0.8594 | Correct: 102/128 | Elapsed Time: 10.15s
2026-02-12 13:40:58,878 | INFO | Epoch [77/100] - Loss: 0.8831 | Correct: 35856/50000 (71.71%, 39.64s)
2026-02-12 13:41:01,826 | INFO | Validation - Loss: 1.5437 | Correct: 4503/10000 (45.03%, 2.95s)
2026-02-12 13:41:12,007 | INFO | Batch 100 | Loss: 0.9414 | Correct: 88/128 | Elapsed Time: 10.18s
2026-02-12 13:41:22,062 | INFO | Batch 200 | Loss: 0.7500 | Correct: 100/128 | Elapsed Time: 10.05s
2026-02-12 13:41:32,123 | INFO | Batch 300 | Loss: 0.8047 | Correct: 95/128 | Elapsed Time: 10.06s
2026-02-12 13:41:41,223 | INFO | Epoch [78/100] - Loss: 0.8873 | Correct: 35603/50000 (71.21%, 39.39s)
2026-02-12 13:41:44,196 | INFO | Validation - Loss: 1.5151 | Correct: 4605/10000 (46.05%, 2.97s)
2026-02-12 13:41:54,338 | INFO | Batch 100 | Loss: 0.8008 | Correct: 102/128 | Elapsed Time: 10.14s
2026-02-12 13:42:04,510 | INFO | Batch 200 | Loss: 0.9648 | Correct: 88/128 | Elapsed Time: 10.17s
2026-02-12 13:42:14,551 | INFO | Batch 300 | Loss: 0.9062 | Correct: 91/128 | Elapsed Time: 10.04s
2026-02-12 13:42:23,758 | INFO | Epoch [79/100] - Loss: 0.8857 | Correct: 35837/50000 (71.67%, 39.56s)
2026-02-12 13:42:26,696 | INFO | Validation - Loss: 1.5513 | Correct: 4496/10000 (44.96%, 2.94s)
2026-02-12 13:42:36,748 | INFO | Batch 100 | Loss: 0.8164 | Correct: 94/128 | Elapsed Time: 10.05s
2026-02-12 13:42:46,848 | INFO | Batch 200 | Loss: 0.8320 | Correct: 98/128 | Elapsed Time: 10.10s
2026-02-12 13:42:56,907 | INFO | Batch 300 | Loss: 0.8477 | Correct: 93/128 | Elapsed Time: 10.06s
2026-02-12 13:43:06,095 | INFO | Epoch [80/100] - Loss: 0.8853 | Correct: 35755/50000 (71.51%, 39.40s)
2026-02-12 13:43:09,105 | INFO | Validation - Loss: 1.5306 | Correct: 4575/10000 (45.75%, 3.01s)
2026-02-12 13:43:19,234 | INFO | Batch 100 | Loss: 0.9492 | Correct: 87/128 | Elapsed Time: 10.13s
2026-02-12 13:43:29,253 | INFO | Batch 200 | Loss: 0.8047 | Correct: 100/128 | Elapsed Time: 10.02s
2026-02-12 13:43:39,397 | INFO | Batch 300 | Loss: 0.7891 | Correct: 100/128 | Elapsed Time: 10.14s
2026-02-12 13:43:48,554 | INFO | Epoch [81/100] - Loss: 0.8855 | Correct: 35795/50000 (71.59%, 39.45s)
2026-02-12 13:43:51,516 | INFO | Validation - Loss: 1.5204 | Correct: 4603/10000 (46.03%, 2.96s)
2026-02-12 13:44:01,544 | INFO | Batch 100 | Loss: 0.9219 | Correct: 91/128 | Elapsed Time: 10.02s
2026-02-12 13:44:11,616 | INFO | Batch 200 | Loss: 0.8945 | Correct: 88/128 | Elapsed Time: 10.07s
2026-02-12 13:44:21,610 | INFO | Batch 300 | Loss: 0.8672 | Correct: 92/128 | Elapsed Time: 9.99s
2026-02-12 13:44:30,661 | INFO | Epoch [82/100] - Loss: 0.8849 | Correct: 35861/50000 (71.72%, 39.14s)
2026-02-12 13:44:33,648 | INFO | Validation - Loss: 1.5350 | Correct: 4525/10000 (45.25%, 2.99s)
2026-02-12 13:44:43,701 | INFO | Batch 100 | Loss: 0.9180 | Correct: 90/128 | Elapsed Time: 10.05s
2026-02-12 13:44:53,682 | INFO | Batch 200 | Loss: 0.8125 | Correct: 95/128 | Elapsed Time: 9.98s
2026-02-12 13:45:03,735 | INFO | Batch 300 | Loss: 0.8984 | Correct: 85/128 | Elapsed Time: 10.05s
2026-02-12 13:45:12,931 | INFO | Epoch [83/100] - Loss: 0.8840 | Correct: 35848/50000 (71.70%, 39.28s)
2026-02-12 13:45:15,874 | INFO | Validation - Loss: 1.5062 | Correct: 4632/10000 (46.32%, 2.94s)
2026-02-12 13:45:25,953 | INFO | Batch 100 | Loss: 0.9531 | Correct: 86/128 | Elapsed Time: 10.08s
2026-02-12 13:45:36,065 | INFO | Batch 200 | Loss: 0.9766 | Correct: 87/128 | Elapsed Time: 10.11s
2026-02-12 13:45:46,199 | INFO | Batch 300 | Loss: 0.7617 | Correct: 95/128 | Elapsed Time: 10.13s
2026-02-12 13:45:55,367 | INFO | Epoch [84/100] - Loss: 0.8844 | Correct: 35776/50000 (71.55%, 39.49s)
2026-02-12 13:45:58,350 | INFO | Validation - Loss: 1.5182 | Correct: 4608/10000 (46.08%, 2.98s)
2026-02-12 13:46:08,376 | INFO | Batch 100 | Loss: 0.8398 | Correct: 93/128 | Elapsed Time: 10.02s
2026-02-12 13:46:18,349 | INFO | Batch 200 | Loss: 0.9258 | Correct: 89/128 | Elapsed Time: 9.97s
2026-02-12 13:46:28,424 | INFO | Batch 300 | Loss: 0.9141 | Correct: 89/128 | Elapsed Time: 10.07s
2026-02-12 13:46:37,569 | INFO | Epoch [85/100] - Loss: 0.8851 | Correct: 35796/50000 (71.59%, 39.22s)
2026-02-12 13:46:40,499 | INFO | Validation - Loss: 1.5521 | Correct: 4469/10000 (44.69%, 2.93s)
2026-02-12 13:46:50,514 | INFO | Batch 100 | Loss: 0.8242 | Correct: 94/128 | Elapsed Time: 10.01s
2026-02-12 13:47:00,514 | INFO | Batch 200 | Loss: 0.9023 | Correct: 92/128 | Elapsed Time: 10.00s
2026-02-12 13:47:10,584 | INFO | Batch 300 | Loss: 0.8516 | Correct: 98/128 | Elapsed Time: 10.07s
2026-02-12 13:47:19,751 | INFO | Epoch [86/100] - Loss: 0.8845 | Correct: 35656/50000 (71.31%, 39.25s)
2026-02-12 13:47:22,700 | INFO | Validation - Loss: 1.5492 | Correct: 4504/10000 (45.04%, 2.95s)
2026-02-12 13:47:32,716 | INFO | Batch 100 | Loss: 0.8164 | Correct: 95/128 | Elapsed Time: 10.01s
2026-02-12 13:47:42,781 | INFO | Batch 200 | Loss: 0.8789 | Correct: 90/128 | Elapsed Time: 10.06s
2026-02-12 13:47:52,889 | INFO | Batch 300 | Loss: 0.8281 | Correct: 91/128 | Elapsed Time: 10.11s
2026-02-12 13:48:02,058 | INFO | Epoch [87/100] - Loss: 0.8823 | Correct: 35824/50000 (71.65%, 39.36s)
2026-02-12 13:48:05,001 | INFO | Validation - Loss: 1.5597 | Correct: 4481/10000 (44.81%, 2.94s)
2026-02-12 13:48:15,100 | INFO | Batch 100 | Loss: 0.9141 | Correct: 95/128 | Elapsed Time: 10.10s
2026-02-12 13:48:25,199 | INFO | Batch 200 | Loss: 0.9102 | Correct: 89/128 | Elapsed Time: 10.10s
2026-02-12 13:48:35,299 | INFO | Batch 300 | Loss: 0.7891 | Correct: 98/128 | Elapsed Time: 10.10s
2026-02-12 13:48:44,471 | INFO | Epoch [88/100] - Loss: 0.8842 | Correct: 35798/50000 (71.60%, 39.47s)
2026-02-12 13:48:47,485 | INFO | Validation - Loss: 1.5364 | Correct: 4532/10000 (45.32%, 3.01s)
2026-02-12 13:48:57,579 | INFO | Batch 100 | Loss: 0.9531 | Correct: 88/128 | Elapsed Time: 10.09s
2026-02-12 13:49:07,633 | INFO | Batch 200 | Loss: 0.7891 | Correct: 97/128 | Elapsed Time: 10.05s
2026-02-12 13:49:17,707 | INFO | Batch 300 | Loss: 0.9648 | Correct: 87/128 | Elapsed Time: 10.07s
2026-02-12 13:49:26,853 | INFO | Epoch [89/100] - Loss: 0.8868 | Correct: 35775/50000 (71.55%, 39.36s)
2026-02-12 13:49:29,771 | INFO | Validation - Loss: 1.5529 | Correct: 4488/10000 (44.88%, 2.92s)
2026-02-12 13:49:39,826 | INFO | Batch 100 | Loss: 0.9062 | Correct: 88/128 | Elapsed Time: 10.05s
2026-02-12 13:49:49,854 | INFO | Batch 200 | Loss: 0.8125 | Correct: 100/128 | Elapsed Time: 10.03s
2026-02-12 13:49:59,812 | INFO | Batch 300 | Loss: 0.9766 | Correct: 87/128 | Elapsed Time: 9.96s
2026-02-12 13:50:08,935 | INFO | Epoch [90/100] - Loss: 0.8843 | Correct: 35820/50000 (71.64%, 39.16s)
2026-02-12 13:50:11,915 | INFO | Validation - Loss: 1.5529 | Correct: 4488/10000 (44.88%, 2.98s)
2026-02-12 13:50:22,047 | INFO | Batch 100 | Loss: 0.8906 | Correct: 94/128 | Elapsed Time: 10.13s
2026-02-12 13:50:32,042 | INFO | Batch 200 | Loss: 0.8672 | Correct: 94/128 | Elapsed Time: 9.99s
2026-02-12 13:50:41,992 | INFO | Batch 300 | Loss: 0.8281 | Correct: 99/128 | Elapsed Time: 9.95s
2026-02-12 13:50:51,109 | INFO | Epoch [91/100] - Loss: 0.8871 | Correct: 35804/50000 (71.61%, 39.19s)
2026-02-12 13:50:54,051 | INFO | Validation - Loss: 1.5216 | Correct: 4589/10000 (45.89%, 2.94s)
2026-02-12 13:51:04,144 | INFO | Batch 100 | Loss: 0.8789 | Correct: 90/128 | Elapsed Time: 10.09s
2026-02-12 13:51:14,220 | INFO | Batch 200 | Loss: 0.7656 | Correct: 103/128 | Elapsed Time: 10.08s
2026-02-12 13:51:24,296 | INFO | Batch 300 | Loss: 0.8359 | Correct: 90/128 | Elapsed Time: 10.08s
2026-02-12 13:51:33,390 | INFO | Epoch [92/100] - Loss: 0.8844 | Correct: 35851/50000 (71.70%, 39.34s)
2026-02-12 13:51:36,339 | INFO | Validation - Loss: 1.5480 | Correct: 4504/10000 (45.04%, 2.95s)
2026-02-12 13:51:46,496 | INFO | Batch 100 | Loss: 0.8477 | Correct: 92/128 | Elapsed Time: 10.15s
2026-02-12 13:51:56,531 | INFO | Batch 200 | Loss: 0.7930 | Correct: 94/128 | Elapsed Time: 10.04s
2026-02-12 13:52:06,623 | INFO | Batch 300 | Loss: 1.0391 | Correct: 86/128 | Elapsed Time: 10.09s
2026-02-12 13:52:15,698 | INFO | Epoch [93/100] - Loss: 0.8841 | Correct: 35728/50000 (71.46%, 39.36s)
2026-02-12 13:52:18,673 | INFO | Validation - Loss: 1.5441 | Correct: 4522/10000 (45.22%, 2.97s)
2026-02-12 13:52:28,724 | INFO | Batch 100 | Loss: 0.7930 | Correct: 100/128 | Elapsed Time: 10.05s
2026-02-12 13:52:38,776 | INFO | Batch 200 | Loss: 0.8867 | Correct: 91/128 | Elapsed Time: 10.05s
2026-02-12 13:52:48,842 | INFO | Batch 300 | Loss: 0.8711 | Correct: 91/128 | Elapsed Time: 10.07s
2026-02-12 13:52:58,059 | INFO | Epoch [94/100] - Loss: 0.8832 | Correct: 35893/50000 (71.79%, 39.38s)
2026-02-12 13:53:00,990 | INFO | Validation - Loss: 1.5694 | Correct: 4436/10000 (44.36%, 2.93s)
2026-02-12 13:53:11,068 | INFO | Batch 100 | Loss: 0.8359 | Correct: 94/128 | Elapsed Time: 10.07s
2026-02-12 13:53:21,155 | INFO | Batch 200 | Loss: 0.9219 | Correct: 92/128 | Elapsed Time: 10.09s
2026-02-12 13:53:31,209 | INFO | Batch 300 | Loss: 0.9180 | Correct: 81/128 | Elapsed Time: 10.05s
2026-02-12 13:53:40,314 | INFO | Epoch [95/100] - Loss: 0.8847 | Correct: 35812/50000 (71.62%, 39.32s)
2026-02-12 13:53:43,261 | INFO | Validation - Loss: 1.5184 | Correct: 4614/10000 (46.14%, 2.95s)
2026-02-12 13:53:53,283 | INFO | Batch 100 | Loss: 0.8281 | Correct: 94/128 | Elapsed Time: 10.02s
2026-02-12 13:54:03,277 | INFO | Batch 200 | Loss: 0.8281 | Correct: 91/128 | Elapsed Time: 9.99s
2026-02-12 13:54:13,362 | INFO | Batch 300 | Loss: 0.9414 | Correct: 94/128 | Elapsed Time: 10.09s
2026-02-12 13:54:22,407 | INFO | Epoch [96/100] - Loss: 0.8830 | Correct: 35834/50000 (71.67%, 39.14s)
2026-02-12 13:54:25,320 | INFO | Validation - Loss: 1.5311 | Correct: 4560/10000 (45.60%, 2.91s)
2026-02-12 13:54:35,475 | INFO | Batch 100 | Loss: 0.9414 | Correct: 91/128 | Elapsed Time: 10.15s
2026-02-12 13:54:45,646 | INFO | Batch 200 | Loss: 0.9844 | Correct: 89/128 | Elapsed Time: 10.17s
2026-02-12 13:54:55,752 | INFO | Batch 300 | Loss: 0.9141 | Correct: 87/128 | Elapsed Time: 10.11s
2026-02-12 13:55:04,942 | INFO | Epoch [97/100] - Loss: 0.8841 | Correct: 35774/50000 (71.55%, 39.62s)
2026-02-12 13:55:07,956 | INFO | Validation - Loss: 1.5560 | Correct: 4479/10000 (44.79%, 3.01s)
2026-02-12 13:55:18,092 | INFO | Batch 100 | Loss: 0.9102 | Correct: 93/128 | Elapsed Time: 10.13s
2026-02-12 13:55:28,168 | INFO | Batch 200 | Loss: 0.8398 | Correct: 94/128 | Elapsed Time: 10.08s
2026-02-12 13:55:38,248 | INFO | Batch 300 | Loss: 1.0156 | Correct: 83/128 | Elapsed Time: 10.08s
2026-02-12 13:55:47,477 | INFO | Epoch [98/100] - Loss: 0.8845 | Correct: 35885/50000 (71.77%, 39.52s)
2026-02-12 13:55:50,393 | INFO | Validation - Loss: 1.5496 | Correct: 4504/10000 (45.04%, 2.91s)
2026-02-12 13:56:00,528 | INFO | Batch 100 | Loss: 0.9844 | Correct: 83/128 | Elapsed Time: 10.13s
2026-02-12 13:56:10,496 | INFO | Batch 200 | Loss: 0.8594 | Correct: 93/128 | Elapsed Time: 9.97s
2026-02-12 13:56:20,543 | INFO | Batch 300 | Loss: 0.8359 | Correct: 92/128 | Elapsed Time: 10.05s
2026-02-12 13:56:29,704 | INFO | Epoch [99/100] - Loss: 0.8841 | Correct: 35787/50000 (71.57%, 39.31s)
2026-02-12 13:56:32,652 | INFO | Validation - Loss: 1.5374 | Correct: 4537/10000 (45.37%, 2.95s)
2026-02-12 13:56:42,733 | INFO | Batch 100 | Loss: 0.9180 | Correct: 91/128 | Elapsed Time: 10.08s
2026-02-12 13:56:52,685 | INFO | Batch 200 | Loss: 0.8711 | Correct: 94/128 | Elapsed Time: 9.95s
2026-02-12 13:57:02,672 | INFO | Batch 300 | Loss: 0.9219 | Correct: 93/128 | Elapsed Time: 9.99s
2026-02-12 13:57:11,814 | INFO | Epoch [100/100] - Loss: 0.8873 | Correct: 35727/50000 (71.45%, 39.16s)
2026-02-12 13:57:14,774 | INFO | Validation - Loss: 1.5577 | Correct: 4468/10000 (44.68%, 2.96s)
2026-02-12 13:57:14,777 | INFO | Training complete.
2026-02-12 13:57:14,820 | INFO | Final model saved to ./checkpoints/shufflenetv2_fp_final_20260212_124626.pt
