2026-01-17 18:58:36,865 | INFO | Training MobileNetV1 on CIFAR-10 with FP (dtype=torch.bfloat16) on device cuda:0
2026-01-17 18:58:36,865 | INFO | Hyperparameters: epochs=100, batch_size=128, lr=0.1, momentum=0.9, weight_decay=0.0001
2026-01-17 18:58:45,712 | INFO | Batch 100 | Loss: 1.8125 | Correct: 44/128 | Elapsed Time: 8.85s
2026-01-17 18:58:52,541 | INFO | Batch 200 | Loss: 1.6406 | Correct: 49/128 | Elapsed Time: 6.83s
2026-01-17 18:58:59,335 | INFO | Batch 300 | Loss: 1.6094 | Correct: 51/128 | Elapsed Time: 6.79s
2026-01-17 18:59:06,242 | INFO | Epoch [1/100] - Loss: 1.8666 | Correct: 16912/50000 (33.82%, 29.38s)
2026-01-17 18:59:08,993 | INFO | Validation - Loss: 1.5061 | Correct: 4417/10000 (44.17%, 2.75s)
2026-01-17 18:59:09,041 | INFO | New best model saved at epoch 1 with Top1 Acc: 44.17%
2026-01-17 18:59:15,876 | INFO | Batch 100 | Loss: 1.4375 | Correct: 54/128 | Elapsed Time: 6.83s
2026-01-17 18:59:22,700 | INFO | Batch 200 | Loss: 1.3359 | Correct: 61/128 | Elapsed Time: 6.82s
2026-01-17 18:59:29,465 | INFO | Batch 300 | Loss: 1.1328 | Correct: 70/128 | Elapsed Time: 6.76s
2026-01-17 18:59:35,625 | INFO | Epoch [2/100] - Loss: 1.3748 | Correct: 25118/50000 (50.24%, 26.58s)
2026-01-17 18:59:38,276 | INFO | Validation - Loss: 1.2805 | Correct: 5427/10000 (54.27%, 2.65s)
2026-01-17 18:59:38,320 | INFO | New best model saved at epoch 2 with Top1 Acc: 54.27%
2026-01-17 18:59:45,105 | INFO | Batch 100 | Loss: 1.1016 | Correct: 78/128 | Elapsed Time: 6.78s
2026-01-17 18:59:51,844 | INFO | Batch 200 | Loss: 1.2109 | Correct: 78/128 | Elapsed Time: 6.74s
2026-01-17 18:59:58,599 | INFO | Batch 300 | Loss: 1.2188 | Correct: 76/128 | Elapsed Time: 6.76s
2026-01-17 19:00:04,723 | INFO | Epoch [3/100] - Loss: 1.1421 | Correct: 29749/50000 (59.50%, 26.40s)
2026-01-17 19:00:07,438 | INFO | Validation - Loss: 1.0552 | Correct: 6309/10000 (63.09%, 2.71s)
2026-01-17 19:00:07,479 | INFO | New best model saved at epoch 3 with Top1 Acc: 63.09%
2026-01-17 19:00:14,297 | INFO | Batch 100 | Loss: 0.8984 | Correct: 86/128 | Elapsed Time: 6.82s
2026-01-17 19:00:21,153 | INFO | Batch 200 | Loss: 1.0391 | Correct: 82/128 | Elapsed Time: 6.86s
2026-01-17 19:00:27,893 | INFO | Batch 300 | Loss: 1.0859 | Correct: 77/128 | Elapsed Time: 6.74s
2026-01-17 19:00:34,049 | INFO | Epoch [4/100] - Loss: 0.9827 | Correct: 32769/50000 (65.54%, 26.57s)
2026-01-17 19:00:36,650 | INFO | Validation - Loss: 0.9164 | Correct: 6816/10000 (68.16%, 2.60s)
2026-01-17 19:00:36,705 | INFO | New best model saved at epoch 4 with Top1 Acc: 68.16%
2026-01-17 19:00:43,481 | INFO | Batch 100 | Loss: 0.7305 | Correct: 98/128 | Elapsed Time: 6.78s
2026-01-17 19:00:50,278 | INFO | Batch 200 | Loss: 0.8398 | Correct: 95/128 | Elapsed Time: 6.80s
2026-01-17 19:00:57,030 | INFO | Batch 300 | Loss: 0.8984 | Correct: 87/128 | Elapsed Time: 6.75s
2026-01-17 19:01:03,163 | INFO | Epoch [5/100] - Loss: 0.8724 | Correct: 34778/50000 (69.56%, 26.46s)
2026-01-17 19:01:05,815 | INFO | Validation - Loss: 0.8082 | Correct: 7177/10000 (71.77%, 2.65s)
2026-01-17 19:01:05,864 | INFO | New best model saved at epoch 5 with Top1 Acc: 71.77%
2026-01-17 19:01:12,706 | INFO | Batch 100 | Loss: 0.7266 | Correct: 100/128 | Elapsed Time: 6.84s
2026-01-17 19:01:19,456 | INFO | Batch 200 | Loss: 0.8984 | Correct: 83/128 | Elapsed Time: 6.75s
2026-01-17 19:01:26,229 | INFO | Batch 300 | Loss: 0.6523 | Correct: 98/128 | Elapsed Time: 6.77s
2026-01-17 19:01:32,390 | INFO | Epoch [6/100] - Loss: 0.7804 | Correct: 36375/50000 (72.75%, 26.53s)
2026-01-17 19:01:35,016 | INFO | Validation - Loss: 0.7522 | Correct: 7434/10000 (74.34%, 2.62s)
2026-01-17 19:01:35,069 | INFO | New best model saved at epoch 6 with Top1 Acc: 74.34%
2026-01-17 19:01:41,857 | INFO | Batch 100 | Loss: 0.7617 | Correct: 93/128 | Elapsed Time: 6.79s
2026-01-17 19:01:48,634 | INFO | Batch 200 | Loss: 0.7188 | Correct: 97/128 | Elapsed Time: 6.78s
2026-01-17 19:01:55,431 | INFO | Batch 300 | Loss: 0.6484 | Correct: 95/128 | Elapsed Time: 6.80s
2026-01-17 19:02:01,602 | INFO | Epoch [7/100] - Loss: 0.7097 | Correct: 37706/50000 (75.41%, 26.53s)
2026-01-17 19:02:04,240 | INFO | Validation - Loss: 1.0755 | Correct: 6574/10000 (65.74%, 2.64s)
2026-01-17 19:02:11,036 | INFO | Batch 100 | Loss: 0.5508 | Correct: 103/128 | Elapsed Time: 6.79s
2026-01-17 19:02:17,783 | INFO | Batch 200 | Loss: 0.6641 | Correct: 97/128 | Elapsed Time: 6.75s
2026-01-17 19:02:24,573 | INFO | Batch 300 | Loss: 0.5312 | Correct: 103/128 | Elapsed Time: 6.79s
2026-01-17 19:02:30,708 | INFO | Epoch [8/100] - Loss: 0.6524 | Correct: 38702/50000 (77.40%, 26.47s)
2026-01-17 19:02:33,364 | INFO | Validation - Loss: 0.6920 | Correct: 7655/10000 (76.55%, 2.66s)
2026-01-17 19:02:33,420 | INFO | New best model saved at epoch 8 with Top1 Acc: 76.55%
2026-01-17 19:02:40,195 | INFO | Batch 100 | Loss: 0.6562 | Correct: 99/128 | Elapsed Time: 6.77s
2026-01-17 19:02:46,918 | INFO | Batch 200 | Loss: 0.5586 | Correct: 106/128 | Elapsed Time: 6.72s
2026-01-17 19:02:53,657 | INFO | Batch 300 | Loss: 0.4844 | Correct: 107/128 | Elapsed Time: 6.74s
2026-01-17 19:02:59,763 | INFO | Epoch [9/100] - Loss: 0.6248 | Correct: 39271/50000 (78.54%, 26.34s)
2026-01-17 19:03:02,418 | INFO | Validation - Loss: 0.6408 | Correct: 7768/10000 (77.68%, 2.65s)
2026-01-17 19:03:02,459 | INFO | New best model saved at epoch 9 with Top1 Acc: 77.68%
2026-01-17 19:03:09,238 | INFO | Batch 100 | Loss: 0.4922 | Correct: 103/128 | Elapsed Time: 6.78s
2026-01-17 19:03:15,987 | INFO | Batch 200 | Loss: 0.6211 | Correct: 97/128 | Elapsed Time: 6.75s
2026-01-17 19:03:22,769 | INFO | Batch 300 | Loss: 0.7773 | Correct: 88/128 | Elapsed Time: 6.78s
2026-01-17 19:03:28,893 | INFO | Epoch [10/100] - Loss: 0.5850 | Correct: 39976/50000 (79.95%, 26.43s)
2026-01-17 19:03:31,507 | INFO | Validation - Loss: 0.5872 | Correct: 7937/10000 (79.37%, 2.61s)
2026-01-17 19:03:31,561 | INFO | New best model saved at epoch 10 with Top1 Acc: 79.37%
2026-01-17 19:03:38,339 | INFO | Batch 100 | Loss: 0.6445 | Correct: 100/128 | Elapsed Time: 6.78s
2026-01-17 19:03:45,122 | INFO | Batch 200 | Loss: 0.4941 | Correct: 110/128 | Elapsed Time: 6.78s
2026-01-17 19:03:51,837 | INFO | Batch 300 | Loss: 0.6367 | Correct: 94/128 | Elapsed Time: 6.72s
2026-01-17 19:03:57,993 | INFO | Epoch [11/100] - Loss: 0.5621 | Correct: 40280/50000 (80.56%, 26.43s)
2026-01-17 19:04:00,675 | INFO | Validation - Loss: 0.5614 | Correct: 8040/10000 (80.40%, 2.68s)
2026-01-17 19:04:00,732 | INFO | New best model saved at epoch 11 with Top1 Acc: 80.40%
2026-01-17 19:04:07,538 | INFO | Batch 100 | Loss: 0.5234 | Correct: 105/128 | Elapsed Time: 6.81s
2026-01-17 19:04:14,319 | INFO | Batch 200 | Loss: 0.6094 | Correct: 100/128 | Elapsed Time: 6.78s
2026-01-17 19:04:21,084 | INFO | Batch 300 | Loss: 0.3965 | Correct: 114/128 | Elapsed Time: 6.76s
2026-01-17 19:04:27,292 | INFO | Epoch [12/100] - Loss: 0.5330 | Correct: 40832/50000 (81.66%, 26.56s)
2026-01-17 19:04:29,965 | INFO | Validation - Loss: 0.5861 | Correct: 8050/10000 (80.50%, 2.67s)
2026-01-17 19:04:30,019 | INFO | New best model saved at epoch 12 with Top1 Acc: 80.50%
2026-01-17 19:04:36,807 | INFO | Batch 100 | Loss: 0.5234 | Correct: 106/128 | Elapsed Time: 6.79s
2026-01-17 19:04:43,565 | INFO | Batch 200 | Loss: 0.5078 | Correct: 106/128 | Elapsed Time: 6.76s
2026-01-17 19:04:50,321 | INFO | Batch 300 | Loss: 0.4805 | Correct: 107/128 | Elapsed Time: 6.76s
2026-01-17 19:04:56,443 | INFO | Epoch [13/100] - Loss: 0.5132 | Correct: 41088/50000 (82.18%, 26.42s)
2026-01-17 19:04:59,112 | INFO | Validation - Loss: 0.5538 | Correct: 8155/10000 (81.55%, 2.67s)
2026-01-17 19:04:59,153 | INFO | New best model saved at epoch 13 with Top1 Acc: 81.55%
2026-01-17 19:05:05,895 | INFO | Batch 100 | Loss: 0.5508 | Correct: 109/128 | Elapsed Time: 6.74s
2026-01-17 19:05:12,653 | INFO | Batch 200 | Loss: 0.3906 | Correct: 110/128 | Elapsed Time: 6.76s
2026-01-17 19:05:19,420 | INFO | Batch 300 | Loss: 0.4922 | Correct: 106/128 | Elapsed Time: 6.77s
2026-01-17 19:05:25,620 | INFO | Epoch [14/100] - Loss: 0.4946 | Correct: 41570/50000 (83.14%, 26.47s)
2026-01-17 19:05:28,294 | INFO | Validation - Loss: 0.5230 | Correct: 8251/10000 (82.51%, 2.67s)
2026-01-17 19:05:28,335 | INFO | New best model saved at epoch 14 with Top1 Acc: 82.51%
2026-01-17 19:05:35,125 | INFO | Batch 100 | Loss: 0.5586 | Correct: 107/128 | Elapsed Time: 6.79s
2026-01-17 19:05:41,963 | INFO | Batch 200 | Loss: 0.5273 | Correct: 104/128 | Elapsed Time: 6.84s
2026-01-17 19:05:48,766 | INFO | Batch 300 | Loss: 0.4668 | Correct: 110/128 | Elapsed Time: 6.80s
2026-01-17 19:05:54,924 | INFO | Epoch [15/100] - Loss: 0.4764 | Correct: 41829/50000 (83.66%, 26.59s)
2026-01-17 19:05:57,632 | INFO | Validation - Loss: 0.5204 | Correct: 8251/10000 (82.51%, 2.71s)
2026-01-17 19:06:04,447 | INFO | Batch 100 | Loss: 0.5195 | Correct: 106/128 | Elapsed Time: 6.81s
2026-01-17 19:06:11,271 | INFO | Batch 200 | Loss: 0.3223 | Correct: 114/128 | Elapsed Time: 6.82s
2026-01-17 19:06:18,122 | INFO | Batch 300 | Loss: 0.4980 | Correct: 104/128 | Elapsed Time: 6.85s
2026-01-17 19:06:24,313 | INFO | Epoch [16/100] - Loss: 0.4627 | Correct: 42018/50000 (84.04%, 26.68s)
2026-01-17 19:06:27,025 | INFO | Validation - Loss: 0.5281 | Correct: 8260/10000 (82.60%, 2.71s)
2026-01-17 19:06:27,066 | INFO | New best model saved at epoch 16 with Top1 Acc: 82.60%
2026-01-17 19:06:33,888 | INFO | Batch 100 | Loss: 0.4375 | Correct: 103/128 | Elapsed Time: 6.82s
2026-01-17 19:06:40,625 | INFO | Batch 200 | Loss: 0.5586 | Correct: 102/128 | Elapsed Time: 6.74s
2026-01-17 19:06:47,400 | INFO | Batch 300 | Loss: 0.4160 | Correct: 109/128 | Elapsed Time: 6.78s
2026-01-17 19:06:53,574 | INFO | Epoch [17/100] - Loss: 0.4468 | Correct: 42262/50000 (84.52%, 26.51s)
2026-01-17 19:06:56,259 | INFO | Validation - Loss: 0.5189 | Correct: 8245/10000 (82.45%, 2.68s)
2026-01-17 19:07:03,072 | INFO | Batch 100 | Loss: 0.4941 | Correct: 105/128 | Elapsed Time: 6.81s
2026-01-17 19:07:09,908 | INFO | Batch 200 | Loss: 0.5391 | Correct: 108/128 | Elapsed Time: 6.84s
2026-01-17 19:07:16,761 | INFO | Batch 300 | Loss: 0.3984 | Correct: 110/128 | Elapsed Time: 6.85s
2026-01-17 19:07:22,954 | INFO | Epoch [18/100] - Loss: 0.4271 | Correct: 42677/50000 (85.35%, 26.69s)
2026-01-17 19:07:25,582 | INFO | Validation - Loss: 0.5239 | Correct: 8221/10000 (82.21%, 2.63s)
2026-01-17 19:07:32,347 | INFO | Batch 100 | Loss: 0.3105 | Correct: 112/128 | Elapsed Time: 6.76s
2026-01-17 19:07:39,087 | INFO | Batch 200 | Loss: 0.6562 | Correct: 101/128 | Elapsed Time: 6.74s
2026-01-17 19:07:45,894 | INFO | Batch 300 | Loss: 0.5430 | Correct: 105/128 | Elapsed Time: 6.81s
2026-01-17 19:07:52,011 | INFO | Epoch [19/100] - Loss: 0.4244 | Correct: 42742/50000 (85.48%, 26.43s)
2026-01-17 19:07:54,646 | INFO | Validation - Loss: 0.5204 | Correct: 8245/10000 (82.45%, 2.63s)
2026-01-17 19:08:01,438 | INFO | Batch 100 | Loss: 0.2344 | Correct: 122/128 | Elapsed Time: 6.79s
2026-01-17 19:08:08,178 | INFO | Batch 200 | Loss: 0.3555 | Correct: 113/128 | Elapsed Time: 6.74s
2026-01-17 19:08:14,944 | INFO | Batch 300 | Loss: 0.4668 | Correct: 109/128 | Elapsed Time: 6.77s
2026-01-17 19:08:21,141 | INFO | Epoch [20/100] - Loss: 0.4150 | Correct: 42899/50000 (85.80%, 26.49s)
2026-01-17 19:08:23,769 | INFO | Validation - Loss: 0.4897 | Correct: 8367/10000 (83.67%, 2.63s)
2026-01-17 19:08:23,810 | INFO | New best model saved at epoch 20 with Top1 Acc: 83.67%
2026-01-17 19:08:30,659 | INFO | Batch 100 | Loss: 0.4629 | Correct: 110/128 | Elapsed Time: 6.85s
2026-01-17 19:08:37,447 | INFO | Batch 200 | Loss: 0.2480 | Correct: 117/128 | Elapsed Time: 6.79s
2026-01-17 19:08:44,221 | INFO | Batch 300 | Loss: 0.3496 | Correct: 114/128 | Elapsed Time: 6.77s
2026-01-17 19:08:50,387 | INFO | Epoch [21/100] - Loss: 0.4004 | Correct: 43099/50000 (86.20%, 26.58s)
2026-01-17 19:08:53,036 | INFO | Validation - Loss: 0.4854 | Correct: 8371/10000 (83.71%, 2.65s)
2026-01-17 19:08:53,078 | INFO | New best model saved at epoch 21 with Top1 Acc: 83.71%
2026-01-17 19:08:59,898 | INFO | Batch 100 | Loss: 0.4668 | Correct: 109/128 | Elapsed Time: 6.82s
2026-01-17 19:09:06,649 | INFO | Batch 200 | Loss: 0.3398 | Correct: 113/128 | Elapsed Time: 6.75s
2026-01-17 19:09:13,413 | INFO | Batch 300 | Loss: 0.3086 | Correct: 117/128 | Elapsed Time: 6.76s
2026-01-17 19:09:19,551 | INFO | Epoch [22/100] - Loss: 0.3947 | Correct: 43184/50000 (86.37%, 26.47s)
2026-01-17 19:09:22,218 | INFO | Validation - Loss: 0.5000 | Correct: 8375/10000 (83.75%, 2.67s)
2026-01-17 19:09:22,289 | INFO | New best model saved at epoch 22 with Top1 Acc: 83.75%
2026-01-17 19:09:29,085 | INFO | Batch 100 | Loss: 0.4316 | Correct: 110/128 | Elapsed Time: 6.80s
2026-01-17 19:09:35,926 | INFO | Batch 200 | Loss: 0.3535 | Correct: 112/128 | Elapsed Time: 6.84s
2026-01-17 19:09:42,679 | INFO | Batch 300 | Loss: 0.5195 | Correct: 111/128 | Elapsed Time: 6.75s
2026-01-17 19:09:48,851 | INFO | Epoch [23/100] - Loss: 0.3832 | Correct: 43452/50000 (86.90%, 26.56s)
2026-01-17 19:09:51,472 | INFO | Validation - Loss: 0.4822 | Correct: 8410/10000 (84.10%, 2.62s)
2026-01-17 19:09:51,520 | INFO | New best model saved at epoch 23 with Top1 Acc: 84.10%
2026-01-17 19:09:58,408 | INFO | Batch 100 | Loss: 0.5000 | Correct: 109/128 | Elapsed Time: 6.89s
2026-01-17 19:10:05,176 | INFO | Batch 200 | Loss: 0.3867 | Correct: 113/128 | Elapsed Time: 6.77s
2026-01-17 19:10:11,960 | INFO | Batch 300 | Loss: 0.2676 | Correct: 116/128 | Elapsed Time: 6.78s
2026-01-17 19:10:18,089 | INFO | Epoch [24/100] - Loss: 0.3694 | Correct: 43551/50000 (87.10%, 26.57s)
2026-01-17 19:10:20,750 | INFO | Validation - Loss: 0.5096 | Correct: 8352/10000 (83.52%, 2.66s)
2026-01-17 19:10:27,513 | INFO | Batch 100 | Loss: 0.4746 | Correct: 108/128 | Elapsed Time: 6.76s
2026-01-17 19:10:34,349 | INFO | Batch 200 | Loss: 0.3770 | Correct: 112/128 | Elapsed Time: 6.84s
2026-01-17 19:10:41,125 | INFO | Batch 300 | Loss: 0.3184 | Correct: 115/128 | Elapsed Time: 6.78s
2026-01-17 19:10:47,289 | INFO | Epoch [25/100] - Loss: 0.3664 | Correct: 43715/50000 (87.43%, 26.54s)
2026-01-17 19:10:49,899 | INFO | Validation - Loss: 0.4684 | Correct: 8453/10000 (84.53%, 2.61s)
2026-01-17 19:10:49,942 | INFO | New best model saved at epoch 25 with Top1 Acc: 84.53%
2026-01-17 19:10:56,730 | INFO | Batch 100 | Loss: 0.4199 | Correct: 106/128 | Elapsed Time: 6.79s
2026-01-17 19:11:03,474 | INFO | Batch 200 | Loss: 0.3379 | Correct: 114/128 | Elapsed Time: 6.74s
2026-01-17 19:11:10,238 | INFO | Batch 300 | Loss: 0.2734 | Correct: 112/128 | Elapsed Time: 6.76s
2026-01-17 19:11:16,366 | INFO | Epoch [26/100] - Loss: 0.3602 | Correct: 43763/50000 (87.53%, 26.42s)
2026-01-17 19:11:19,032 | INFO | Validation - Loss: 0.4736 | Correct: 8417/10000 (84.17%, 2.67s)
2026-01-17 19:11:25,785 | INFO | Batch 100 | Loss: 0.3457 | Correct: 115/128 | Elapsed Time: 6.75s
2026-01-17 19:11:32,537 | INFO | Batch 200 | Loss: 0.2988 | Correct: 113/128 | Elapsed Time: 6.75s
2026-01-17 19:11:39,266 | INFO | Batch 300 | Loss: 0.4102 | Correct: 108/128 | Elapsed Time: 6.73s
2026-01-17 19:11:45,413 | INFO | Epoch [27/100] - Loss: 0.3529 | Correct: 43880/50000 (87.76%, 26.38s)
2026-01-17 19:11:48,046 | INFO | Validation - Loss: 0.4483 | Correct: 8505/10000 (85.05%, 2.63s)
2026-01-17 19:11:48,097 | INFO | New best model saved at epoch 27 with Top1 Acc: 85.05%
2026-01-17 19:11:54,909 | INFO | Batch 100 | Loss: 0.3633 | Correct: 111/128 | Elapsed Time: 6.81s
2026-01-17 19:12:01,689 | INFO | Batch 200 | Loss: 0.2637 | Correct: 117/128 | Elapsed Time: 6.78s
2026-01-17 19:12:08,495 | INFO | Batch 300 | Loss: 0.3848 | Correct: 113/128 | Elapsed Time: 6.81s
2026-01-17 19:12:14,629 | INFO | Epoch [28/100] - Loss: 0.3497 | Correct: 43908/50000 (87.82%, 26.53s)
2026-01-17 19:12:17,267 | INFO | Validation - Loss: 0.5135 | Correct: 8270/10000 (82.70%, 2.64s)
2026-01-17 19:12:24,026 | INFO | Batch 100 | Loss: 0.3008 | Correct: 110/128 | Elapsed Time: 6.76s
2026-01-17 19:12:30,802 | INFO | Batch 200 | Loss: 0.3691 | Correct: 109/128 | Elapsed Time: 6.78s
2026-01-17 19:12:37,567 | INFO | Batch 300 | Loss: 0.3457 | Correct: 111/128 | Elapsed Time: 6.76s
2026-01-17 19:12:43,738 | INFO | Epoch [29/100] - Loss: 0.3519 | Correct: 43911/50000 (87.82%, 26.47s)
2026-01-17 19:12:46,376 | INFO | Validation - Loss: 0.4777 | Correct: 8402/10000 (84.02%, 2.64s)
2026-01-17 19:12:53,192 | INFO | Batch 100 | Loss: 0.2832 | Correct: 115/128 | Elapsed Time: 6.81s
2026-01-17 19:12:59,944 | INFO | Batch 200 | Loss: 0.3535 | Correct: 112/128 | Elapsed Time: 6.75s
2026-01-17 19:13:06,671 | INFO | Batch 300 | Loss: 0.3105 | Correct: 113/128 | Elapsed Time: 6.73s
2026-01-17 19:13:12,797 | INFO | Epoch [30/100] - Loss: 0.3407 | Correct: 44054/50000 (88.11%, 26.42s)
2026-01-17 19:13:15,425 | INFO | Validation - Loss: 0.4352 | Correct: 8524/10000 (85.24%, 2.63s)
2026-01-17 19:13:15,475 | INFO | New best model saved at epoch 30 with Top1 Acc: 85.24%
2026-01-17 19:13:22,295 | INFO | Batch 100 | Loss: 0.2500 | Correct: 117/128 | Elapsed Time: 6.82s
2026-01-17 19:13:29,074 | INFO | Batch 200 | Loss: 0.3418 | Correct: 115/128 | Elapsed Time: 6.78s
2026-01-17 19:13:35,855 | INFO | Batch 300 | Loss: 0.3223 | Correct: 113/128 | Elapsed Time: 6.78s
2026-01-17 19:13:42,052 | INFO | Epoch [31/100] - Loss: 0.3304 | Correct: 44297/50000 (88.59%, 26.58s)
2026-01-17 19:13:44,707 | INFO | Validation - Loss: 0.4782 | Correct: 8459/10000 (84.59%, 2.65s)
2026-01-17 19:13:51,488 | INFO | Batch 100 | Loss: 0.3047 | Correct: 111/128 | Elapsed Time: 6.78s
2026-01-17 19:13:58,219 | INFO | Batch 200 | Loss: 0.4336 | Correct: 108/128 | Elapsed Time: 6.73s
2026-01-17 19:14:04,935 | INFO | Batch 300 | Loss: 0.3457 | Correct: 112/128 | Elapsed Time: 6.72s
2026-01-17 19:14:11,101 | INFO | Epoch [32/100] - Loss: 0.3257 | Correct: 44321/50000 (88.64%, 26.39s)
2026-01-17 19:14:13,761 | INFO | Validation - Loss: 0.4702 | Correct: 8463/10000 (84.63%, 2.66s)
2026-01-17 19:14:20,580 | INFO | Batch 100 | Loss: 0.2637 | Correct: 116/128 | Elapsed Time: 6.82s
2026-01-17 19:14:27,354 | INFO | Batch 200 | Loss: 0.2295 | Correct: 117/128 | Elapsed Time: 6.77s
2026-01-17 19:14:34,122 | INFO | Batch 300 | Loss: 0.3086 | Correct: 113/128 | Elapsed Time: 6.77s
2026-01-17 19:14:40,232 | INFO | Epoch [33/100] - Loss: 0.3265 | Correct: 44323/50000 (88.65%, 26.47s)
2026-01-17 19:14:42,908 | INFO | Validation - Loss: 0.4555 | Correct: 8564/10000 (85.64%, 2.68s)
2026-01-17 19:14:42,951 | INFO | New best model saved at epoch 33 with Top1 Acc: 85.64%
2026-01-17 19:14:49,758 | INFO | Batch 100 | Loss: 0.5117 | Correct: 107/128 | Elapsed Time: 6.81s
2026-01-17 19:14:56,582 | INFO | Batch 200 | Loss: 0.3105 | Correct: 119/128 | Elapsed Time: 6.82s
2026-01-17 19:15:03,360 | INFO | Batch 300 | Loss: 0.4590 | Correct: 106/128 | Elapsed Time: 6.78s
2026-01-17 19:15:09,525 | INFO | Epoch [34/100] - Loss: 0.3151 | Correct: 44617/50000 (89.23%, 26.57s)
2026-01-17 19:15:12,158 | INFO | Validation - Loss: 0.4621 | Correct: 8482/10000 (84.82%, 2.63s)
2026-01-17 19:15:18,970 | INFO | Batch 100 | Loss: 0.3828 | Correct: 112/128 | Elapsed Time: 6.81s
2026-01-17 19:15:25,736 | INFO | Batch 200 | Loss: 0.3418 | Correct: 114/128 | Elapsed Time: 6.77s
2026-01-17 19:15:32,528 | INFO | Batch 300 | Loss: 0.3789 | Correct: 115/128 | Elapsed Time: 6.79s
2026-01-17 19:15:38,661 | INFO | Epoch [35/100] - Loss: 0.3132 | Correct: 44543/50000 (89.09%, 26.50s)
2026-01-17 19:15:41,320 | INFO | Validation - Loss: 0.4691 | Correct: 8439/10000 (84.39%, 2.66s)
2026-01-17 19:15:48,109 | INFO | Batch 100 | Loss: 0.1543 | Correct: 122/128 | Elapsed Time: 6.79s
2026-01-17 19:15:54,899 | INFO | Batch 200 | Loss: 0.4160 | Correct: 112/128 | Elapsed Time: 6.79s
2026-01-17 19:16:01,682 | INFO | Batch 300 | Loss: 0.3027 | Correct: 112/128 | Elapsed Time: 6.78s
2026-01-17 19:16:07,829 | INFO | Epoch [36/100] - Loss: 0.3087 | Correct: 44631/50000 (89.26%, 26.51s)
2026-01-17 19:16:10,423 | INFO | Validation - Loss: 0.4440 | Correct: 8569/10000 (85.69%, 2.59s)
2026-01-17 19:16:10,472 | INFO | New best model saved at epoch 36 with Top1 Acc: 85.69%
2026-01-17 19:16:17,226 | INFO | Batch 100 | Loss: 0.2949 | Correct: 116/128 | Elapsed Time: 6.75s
2026-01-17 19:16:24,017 | INFO | Batch 200 | Loss: 0.2500 | Correct: 120/128 | Elapsed Time: 6.79s
2026-01-17 19:16:30,792 | INFO | Batch 300 | Loss: 0.2393 | Correct: 116/128 | Elapsed Time: 6.77s
2026-01-17 19:16:36,944 | INFO | Epoch [37/100] - Loss: 0.3038 | Correct: 44751/50000 (89.50%, 26.47s)
2026-01-17 19:16:39,573 | INFO | Validation - Loss: 0.4405 | Correct: 8565/10000 (85.65%, 2.63s)
2026-01-17 19:16:46,310 | INFO | Batch 100 | Loss: 0.3125 | Correct: 116/128 | Elapsed Time: 6.74s
2026-01-17 19:16:53,056 | INFO | Batch 200 | Loss: 0.2539 | Correct: 119/128 | Elapsed Time: 6.75s
2026-01-17 19:16:59,780 | INFO | Batch 300 | Loss: 0.2891 | Correct: 115/128 | Elapsed Time: 6.72s
2026-01-17 19:17:05,886 | INFO | Epoch [38/100] - Loss: 0.2963 | Correct: 44836/50000 (89.67%, 26.31s)
2026-01-17 19:17:08,536 | INFO | Validation - Loss: 0.4397 | Correct: 8523/10000 (85.23%, 2.65s)
2026-01-17 19:17:15,309 | INFO | Batch 100 | Loss: 0.2578 | Correct: 118/128 | Elapsed Time: 6.77s
2026-01-17 19:17:22,021 | INFO | Batch 200 | Loss: 0.2871 | Correct: 118/128 | Elapsed Time: 6.71s
2026-01-17 19:17:28,779 | INFO | Batch 300 | Loss: 0.3613 | Correct: 111/128 | Elapsed Time: 6.76s
2026-01-17 19:17:34,914 | INFO | Epoch [39/100] - Loss: 0.2974 | Correct: 44844/50000 (89.69%, 26.38s)
2026-01-17 19:17:37,556 | INFO | Validation - Loss: 0.4407 | Correct: 8603/10000 (86.03%, 2.64s)
2026-01-17 19:17:37,597 | INFO | New best model saved at epoch 39 with Top1 Acc: 86.03%
2026-01-17 19:17:44,364 | INFO | Batch 100 | Loss: 0.2832 | Correct: 119/128 | Elapsed Time: 6.77s
2026-01-17 19:17:51,092 | INFO | Batch 200 | Loss: 0.2852 | Correct: 116/128 | Elapsed Time: 6.73s
2026-01-17 19:17:57,825 | INFO | Batch 300 | Loss: 0.3984 | Correct: 112/128 | Elapsed Time: 6.73s
2026-01-17 19:18:03,946 | INFO | Epoch [40/100] - Loss: 0.2934 | Correct: 44930/50000 (89.86%, 26.35s)
2026-01-17 19:18:06,578 | INFO | Validation - Loss: 0.4427 | Correct: 8543/10000 (85.43%, 2.63s)
2026-01-17 19:18:13,343 | INFO | Batch 100 | Loss: 0.4355 | Correct: 109/128 | Elapsed Time: 6.76s
2026-01-17 19:18:20,103 | INFO | Batch 200 | Loss: 0.2090 | Correct: 118/128 | Elapsed Time: 6.76s
2026-01-17 19:18:26,822 | INFO | Batch 300 | Loss: 0.2891 | Correct: 115/128 | Elapsed Time: 6.72s
2026-01-17 19:18:32,937 | INFO | Epoch [41/100] - Loss: 0.2928 | Correct: 44852/50000 (89.70%, 26.36s)
2026-01-17 19:18:35,560 | INFO | Validation - Loss: 0.4418 | Correct: 8534/10000 (85.34%, 2.62s)
2026-01-17 19:18:42,327 | INFO | Batch 100 | Loss: 0.1943 | Correct: 119/128 | Elapsed Time: 6.77s
2026-01-17 19:18:49,108 | INFO | Batch 200 | Loss: 0.2178 | Correct: 120/128 | Elapsed Time: 6.78s
2026-01-17 19:18:55,880 | INFO | Batch 300 | Loss: 0.3164 | Correct: 113/128 | Elapsed Time: 6.77s
2026-01-17 19:19:01,984 | INFO | Epoch [42/100] - Loss: 0.2868 | Correct: 44994/50000 (89.99%, 26.42s)
2026-01-17 19:19:04,641 | INFO | Validation - Loss: 0.4550 | Correct: 8499/10000 (84.99%, 2.66s)
2026-01-17 19:19:11,376 | INFO | Batch 100 | Loss: 0.3320 | Correct: 115/128 | Elapsed Time: 6.73s
2026-01-17 19:19:18,132 | INFO | Batch 200 | Loss: 0.2715 | Correct: 116/128 | Elapsed Time: 6.76s
2026-01-17 19:19:24,835 | INFO | Batch 300 | Loss: 0.2969 | Correct: 114/128 | Elapsed Time: 6.70s
2026-01-17 19:19:30,968 | INFO | Epoch [43/100] - Loss: 0.2838 | Correct: 45098/50000 (90.20%, 26.33s)
2026-01-17 19:19:33,615 | INFO | Validation - Loss: 0.4614 | Correct: 8461/10000 (84.61%, 2.65s)
2026-01-17 19:19:40,375 | INFO | Batch 100 | Loss: 0.1953 | Correct: 119/128 | Elapsed Time: 6.76s
2026-01-17 19:19:47,070 | INFO | Batch 200 | Loss: 0.4082 | Correct: 109/128 | Elapsed Time: 6.69s
2026-01-17 19:19:53,802 | INFO | Batch 300 | Loss: 0.2734 | Correct: 118/128 | Elapsed Time: 6.73s
2026-01-17 19:19:59,917 | INFO | Epoch [44/100] - Loss: 0.2801 | Correct: 45177/50000 (90.35%, 26.30s)
2026-01-17 19:20:02,635 | INFO | Validation - Loss: 0.4181 | Correct: 8643/10000 (86.43%, 2.72s)
2026-01-17 19:20:02,677 | INFO | New best model saved at epoch 44 with Top1 Acc: 86.43%
2026-01-17 19:20:09,481 | INFO | Batch 100 | Loss: 0.2676 | Correct: 116/128 | Elapsed Time: 6.80s
2026-01-17 19:20:16,296 | INFO | Batch 200 | Loss: 0.2422 | Correct: 119/128 | Elapsed Time: 6.82s
2026-01-17 19:20:23,081 | INFO | Batch 300 | Loss: 0.3984 | Correct: 113/128 | Elapsed Time: 6.78s
2026-01-17 19:20:29,237 | INFO | Epoch [45/100] - Loss: 0.2783 | Correct: 45162/50000 (90.32%, 26.56s)
2026-01-17 19:20:31,844 | INFO | Validation - Loss: 0.4247 | Correct: 8618/10000 (86.18%, 2.61s)
2026-01-17 19:20:38,596 | INFO | Batch 100 | Loss: 0.3418 | Correct: 112/128 | Elapsed Time: 6.75s
2026-01-17 19:20:45,350 | INFO | Batch 200 | Loss: 0.2520 | Correct: 114/128 | Elapsed Time: 6.75s
2026-01-17 19:20:52,108 | INFO | Batch 300 | Loss: 0.2715 | Correct: 116/128 | Elapsed Time: 6.76s
2026-01-17 19:20:58,210 | INFO | Epoch [46/100] - Loss: 0.2757 | Correct: 45170/50000 (90.34%, 26.36s)
2026-01-17 19:21:00,845 | INFO | Validation - Loss: 0.4308 | Correct: 8609/10000 (86.09%, 2.63s)
2026-01-17 19:21:07,602 | INFO | Batch 100 | Loss: 0.3340 | Correct: 113/128 | Elapsed Time: 6.76s
2026-01-17 19:21:14,340 | INFO | Batch 200 | Loss: 0.1562 | Correct: 120/128 | Elapsed Time: 6.74s
2026-01-17 19:21:21,082 | INFO | Batch 300 | Loss: 0.2041 | Correct: 121/128 | Elapsed Time: 6.74s
2026-01-17 19:21:27,210 | INFO | Epoch [47/100] - Loss: 0.2711 | Correct: 45218/50000 (90.44%, 26.36s)
2026-01-17 19:21:29,843 | INFO | Validation - Loss: 0.4126 | Correct: 8658/10000 (86.58%, 2.63s)
2026-01-17 19:21:29,905 | INFO | New best model saved at epoch 47 with Top1 Acc: 86.58%
2026-01-17 19:21:36,667 | INFO | Batch 100 | Loss: 0.3086 | Correct: 115/128 | Elapsed Time: 6.76s
2026-01-17 19:21:43,432 | INFO | Batch 200 | Loss: 0.3066 | Correct: 114/128 | Elapsed Time: 6.77s
2026-01-17 19:21:50,152 | INFO | Batch 300 | Loss: 0.2295 | Correct: 119/128 | Elapsed Time: 6.72s
2026-01-17 19:21:56,321 | INFO | Epoch [48/100] - Loss: 0.2655 | Correct: 45371/50000 (90.74%, 26.42s)
2026-01-17 19:21:58,958 | INFO | Validation - Loss: 0.4447 | Correct: 8603/10000 (86.03%, 2.64s)
2026-01-17 19:22:05,696 | INFO | Batch 100 | Loss: 0.2949 | Correct: 111/128 | Elapsed Time: 6.74s
2026-01-17 19:22:12,452 | INFO | Batch 200 | Loss: 0.2266 | Correct: 116/128 | Elapsed Time: 6.76s
2026-01-17 19:22:19,216 | INFO | Batch 300 | Loss: 0.2637 | Correct: 114/128 | Elapsed Time: 6.76s
2026-01-17 19:22:25,319 | INFO | Epoch [49/100] - Loss: 0.2647 | Correct: 45340/50000 (90.68%, 26.36s)
2026-01-17 19:22:27,956 | INFO | Validation - Loss: 0.4426 | Correct: 8592/10000 (85.92%, 2.64s)
2026-01-17 19:22:34,724 | INFO | Batch 100 | Loss: 0.3066 | Correct: 116/128 | Elapsed Time: 6.77s
2026-01-17 19:22:41,480 | INFO | Batch 200 | Loss: 0.3047 | Correct: 112/128 | Elapsed Time: 6.76s
2026-01-17 19:22:48,238 | INFO | Batch 300 | Loss: 0.2314 | Correct: 117/128 | Elapsed Time: 6.76s
2026-01-17 19:22:54,374 | INFO | Epoch [50/100] - Loss: 0.2637 | Correct: 45444/50000 (90.89%, 26.42s)
2026-01-17 19:22:56,985 | INFO | Validation - Loss: 0.4132 | Correct: 8672/10000 (86.72%, 2.61s)
2026-01-17 19:22:57,035 | INFO | New best model saved at epoch 50 with Top1 Acc: 86.72%
2026-01-17 19:23:03,801 | INFO | Batch 100 | Loss: 0.1582 | Correct: 120/128 | Elapsed Time: 6.77s
2026-01-17 19:23:10,566 | INFO | Batch 200 | Loss: 0.2676 | Correct: 113/128 | Elapsed Time: 6.76s
2026-01-17 19:23:17,340 | INFO | Batch 300 | Loss: 0.0913 | Correct: 124/128 | Elapsed Time: 6.77s
2026-01-17 19:23:23,526 | INFO | Epoch [51/100] - Loss: 0.2043 | Correct: 46453/50000 (92.91%, 26.49s)
2026-01-17 19:23:26,197 | INFO | Validation - Loss: 0.3388 | Correct: 8898/10000 (88.98%, 2.67s)
2026-01-17 19:23:26,256 | INFO | New best model saved at epoch 51 with Top1 Acc: 88.98%
2026-01-17 19:23:33,096 | INFO | Batch 100 | Loss: 0.1924 | Correct: 119/128 | Elapsed Time: 6.84s
2026-01-17 19:23:39,854 | INFO | Batch 200 | Loss: 0.1406 | Correct: 122/128 | Elapsed Time: 6.76s
2026-01-17 19:23:46,653 | INFO | Batch 300 | Loss: 0.1543 | Correct: 121/128 | Elapsed Time: 6.80s
2026-01-17 19:23:52,836 | INFO | Epoch [52/100] - Loss: 0.1782 | Correct: 46883/50000 (93.77%, 26.58s)
2026-01-17 19:23:55,492 | INFO | Validation - Loss: 0.3272 | Correct: 8933/10000 (89.33%, 2.66s)
2026-01-17 19:23:55,540 | INFO | New best model saved at epoch 52 with Top1 Acc: 89.33%
2026-01-17 19:24:02,392 | INFO | Batch 100 | Loss: 0.1807 | Correct: 120/128 | Elapsed Time: 6.85s
2026-01-17 19:24:09,180 | INFO | Batch 200 | Loss: 0.0923 | Correct: 125/128 | Elapsed Time: 6.79s
2026-01-17 19:24:16,005 | INFO | Batch 300 | Loss: 0.1670 | Correct: 120/128 | Elapsed Time: 6.82s
2026-01-17 19:24:22,159 | INFO | Epoch [53/100] - Loss: 0.1665 | Correct: 47092/50000 (94.18%, 26.62s)
2026-01-17 19:24:24,795 | INFO | Validation - Loss: 0.3266 | Correct: 8973/10000 (89.73%, 2.63s)
2026-01-17 19:24:24,843 | INFO | New best model saved at epoch 53 with Top1 Acc: 89.73%
2026-01-17 19:24:31,613 | INFO | Batch 100 | Loss: 0.1484 | Correct: 122/128 | Elapsed Time: 6.77s
2026-01-17 19:24:38,373 | INFO | Batch 200 | Loss: 0.1177 | Correct: 124/128 | Elapsed Time: 6.76s
2026-01-17 19:24:45,117 | INFO | Batch 300 | Loss: 0.1396 | Correct: 122/128 | Elapsed Time: 6.74s
2026-01-17 19:24:51,284 | INFO | Epoch [54/100] - Loss: 0.1588 | Correct: 47244/50000 (94.49%, 26.44s)
2026-01-17 19:24:53,932 | INFO | Validation - Loss: 0.3261 | Correct: 8976/10000 (89.76%, 2.65s)
2026-01-17 19:24:53,974 | INFO | New best model saved at epoch 54 with Top1 Acc: 89.76%
2026-01-17 19:25:00,793 | INFO | Batch 100 | Loss: 0.1650 | Correct: 118/128 | Elapsed Time: 6.82s
2026-01-17 19:25:07,552 | INFO | Batch 200 | Loss: 0.2520 | Correct: 118/128 | Elapsed Time: 6.76s
2026-01-17 19:25:14,308 | INFO | Batch 300 | Loss: 0.0913 | Correct: 125/128 | Elapsed Time: 6.76s
2026-01-17 19:25:20,455 | INFO | Epoch [55/100] - Loss: 0.1571 | Correct: 47261/50000 (94.52%, 26.48s)
2026-01-17 19:25:23,106 | INFO | Validation - Loss: 0.3247 | Correct: 8985/10000 (89.85%, 2.65s)
2026-01-17 19:25:23,158 | INFO | New best model saved at epoch 55 with Top1 Acc: 89.85%
2026-01-17 19:25:29,934 | INFO | Batch 100 | Loss: 0.2354 | Correct: 122/128 | Elapsed Time: 6.78s
2026-01-17 19:25:36,661 | INFO | Batch 200 | Loss: 0.1621 | Correct: 122/128 | Elapsed Time: 6.73s
2026-01-17 19:25:43,451 | INFO | Batch 300 | Loss: 0.2080 | Correct: 121/128 | Elapsed Time: 6.79s
2026-01-17 19:25:49,544 | INFO | Epoch [56/100] - Loss: 0.1505 | Correct: 47414/50000 (94.83%, 26.38s)
2026-01-17 19:25:52,163 | INFO | Validation - Loss: 0.3227 | Correct: 8994/10000 (89.94%, 2.62s)
2026-01-17 19:25:52,213 | INFO | New best model saved at epoch 56 with Top1 Acc: 89.94%
2026-01-17 19:25:59,010 | INFO | Batch 100 | Loss: 0.1172 | Correct: 122/128 | Elapsed Time: 6.80s
2026-01-17 19:26:05,756 | INFO | Batch 200 | Loss: 0.1797 | Correct: 120/128 | Elapsed Time: 6.75s
2026-01-17 19:26:12,496 | INFO | Batch 300 | Loss: 0.1377 | Correct: 122/128 | Elapsed Time: 6.74s
2026-01-17 19:26:18,656 | INFO | Epoch [57/100] - Loss: 0.1469 | Correct: 47475/50000 (94.95%, 26.44s)
2026-01-17 19:26:21,259 | INFO | Validation - Loss: 0.3245 | Correct: 8991/10000 (89.91%, 2.60s)
2026-01-17 19:26:27,995 | INFO | Batch 100 | Loss: 0.1904 | Correct: 120/128 | Elapsed Time: 6.73s
2026-01-17 19:26:34,701 | INFO | Batch 200 | Loss: 0.0957 | Correct: 124/128 | Elapsed Time: 6.71s
2026-01-17 19:26:41,426 | INFO | Batch 300 | Loss: 0.2422 | Correct: 117/128 | Elapsed Time: 6.73s
2026-01-17 19:26:47,559 | INFO | Epoch [58/100] - Loss: 0.1438 | Correct: 47468/50000 (94.94%, 26.30s)
2026-01-17 19:26:50,205 | INFO | Validation - Loss: 0.3189 | Correct: 9008/10000 (90.08%, 2.64s)
2026-01-17 19:26:50,258 | INFO | New best model saved at epoch 58 with Top1 Acc: 90.08%
2026-01-17 19:26:56,987 | INFO | Batch 100 | Loss: 0.1719 | Correct: 121/128 | Elapsed Time: 6.73s
2026-01-17 19:27:03,714 | INFO | Batch 200 | Loss: 0.1299 | Correct: 123/128 | Elapsed Time: 6.73s
2026-01-17 19:27:10,446 | INFO | Batch 300 | Loss: 0.1055 | Correct: 121/128 | Elapsed Time: 6.73s
2026-01-17 19:27:16,540 | INFO | Epoch [59/100] - Loss: 0.1427 | Correct: 47495/50000 (94.99%, 26.28s)
2026-01-17 19:27:19,185 | INFO | Validation - Loss: 0.3231 | Correct: 8983/10000 (89.83%, 2.64s)
2026-01-17 19:27:25,923 | INFO | Batch 100 | Loss: 0.1484 | Correct: 121/128 | Elapsed Time: 6.74s
2026-01-17 19:27:32,650 | INFO | Batch 200 | Loss: 0.1021 | Correct: 123/128 | Elapsed Time: 6.73s
2026-01-17 19:27:39,431 | INFO | Batch 300 | Loss: 0.1260 | Correct: 123/128 | Elapsed Time: 6.78s
2026-01-17 19:27:45,573 | INFO | Epoch [60/100] - Loss: 0.1391 | Correct: 47611/50000 (95.22%, 26.39s)
2026-01-17 19:27:48,262 | INFO | Validation - Loss: 0.3206 | Correct: 9001/10000 (90.01%, 2.69s)
2026-01-17 19:27:55,025 | INFO | Batch 100 | Loss: 0.1074 | Correct: 125/128 | Elapsed Time: 6.76s
2026-01-17 19:28:01,786 | INFO | Batch 200 | Loss: 0.0762 | Correct: 123/128 | Elapsed Time: 6.76s
2026-01-17 19:28:08,611 | INFO | Batch 300 | Loss: 0.1807 | Correct: 122/128 | Elapsed Time: 6.83s
2026-01-17 19:28:14,733 | INFO | Epoch [61/100] - Loss: 0.1380 | Correct: 47595/50000 (95.19%, 26.47s)
2026-01-17 19:28:17,402 | INFO | Validation - Loss: 0.3198 | Correct: 9005/10000 (90.05%, 2.67s)
2026-01-17 19:28:24,209 | INFO | Batch 100 | Loss: 0.0447 | Correct: 127/128 | Elapsed Time: 6.80s
2026-01-17 19:28:30,965 | INFO | Batch 200 | Loss: 0.1167 | Correct: 122/128 | Elapsed Time: 6.76s
2026-01-17 19:28:37,761 | INFO | Batch 300 | Loss: 0.1260 | Correct: 123/128 | Elapsed Time: 6.80s
2026-01-17 19:28:43,919 | INFO | Epoch [62/100] - Loss: 0.1356 | Correct: 47611/50000 (95.22%, 26.51s)
2026-01-17 19:28:46,550 | INFO | Validation - Loss: 0.3235 | Correct: 9002/10000 (90.02%, 2.63s)
2026-01-17 19:28:53,343 | INFO | Batch 100 | Loss: 0.1055 | Correct: 123/128 | Elapsed Time: 6.79s
2026-01-17 19:29:00,130 | INFO | Batch 200 | Loss: 0.1689 | Correct: 120/128 | Elapsed Time: 6.79s
2026-01-17 19:29:06,883 | INFO | Batch 300 | Loss: 0.1172 | Correct: 123/128 | Elapsed Time: 6.75s
2026-01-17 19:29:13,007 | INFO | Epoch [63/100] - Loss: 0.1318 | Correct: 47716/50000 (95.43%, 26.46s)
2026-01-17 19:29:15,625 | INFO | Validation - Loss: 0.3237 | Correct: 9015/10000 (90.15%, 2.62s)
2026-01-17 19:29:15,685 | INFO | New best model saved at epoch 63 with Top1 Acc: 90.15%
2026-01-17 19:29:22,441 | INFO | Batch 100 | Loss: 0.1221 | Correct: 124/128 | Elapsed Time: 6.76s
2026-01-17 19:29:29,211 | INFO | Batch 200 | Loss: 0.2432 | Correct: 119/128 | Elapsed Time: 6.77s
2026-01-17 19:29:36,015 | INFO | Batch 300 | Loss: 0.1562 | Correct: 122/128 | Elapsed Time: 6.80s
2026-01-17 19:29:42,194 | INFO | Epoch [64/100] - Loss: 0.1320 | Correct: 47681/50000 (95.36%, 26.51s)
2026-01-17 19:29:44,820 | INFO | Validation - Loss: 0.3196 | Correct: 9016/10000 (90.16%, 2.63s)
2026-01-17 19:29:44,871 | INFO | New best model saved at epoch 64 with Top1 Acc: 90.16%
2026-01-17 19:29:51,687 | INFO | Batch 100 | Loss: 0.1904 | Correct: 118/128 | Elapsed Time: 6.82s
2026-01-17 19:29:58,455 | INFO | Batch 200 | Loss: 0.1904 | Correct: 120/128 | Elapsed Time: 6.77s
2026-01-17 19:30:05,241 | INFO | Batch 300 | Loss: 0.1021 | Correct: 125/128 | Elapsed Time: 6.79s
2026-01-17 19:30:11,354 | INFO | Epoch [65/100] - Loss: 0.1306 | Correct: 47730/50000 (95.46%, 26.48s)
2026-01-17 19:30:14,046 | INFO | Validation - Loss: 0.3248 | Correct: 9004/10000 (90.04%, 2.69s)
2026-01-17 19:30:20,814 | INFO | Batch 100 | Loss: 0.0535 | Correct: 127/128 | Elapsed Time: 6.77s
2026-01-17 19:30:27,584 | INFO | Batch 200 | Loss: 0.1309 | Correct: 123/128 | Elapsed Time: 6.77s
2026-01-17 19:30:34,322 | INFO | Batch 300 | Loss: 0.1240 | Correct: 119/128 | Elapsed Time: 6.74s
2026-01-17 19:30:40,432 | INFO | Epoch [66/100] - Loss: 0.1303 | Correct: 47705/50000 (95.41%, 26.38s)
2026-01-17 19:30:43,060 | INFO | Validation - Loss: 0.3212 | Correct: 9018/10000 (90.18%, 2.63s)
2026-01-17 19:30:43,104 | INFO | New best model saved at epoch 66 with Top1 Acc: 90.18%
2026-01-17 19:30:49,901 | INFO | Batch 100 | Loss: 0.0679 | Correct: 126/128 | Elapsed Time: 6.80s
2026-01-17 19:30:56,653 | INFO | Batch 200 | Loss: 0.0820 | Correct: 126/128 | Elapsed Time: 6.75s
2026-01-17 19:31:03,434 | INFO | Batch 300 | Loss: 0.1221 | Correct: 123/128 | Elapsed Time: 6.78s
2026-01-17 19:31:09,574 | INFO | Epoch [67/100] - Loss: 0.1268 | Correct: 47780/50000 (95.56%, 26.47s)
2026-01-17 19:31:12,252 | INFO | Validation - Loss: 0.3257 | Correct: 9013/10000 (90.13%, 2.68s)
2026-01-17 19:31:19,004 | INFO | Batch 100 | Loss: 0.1177 | Correct: 120/128 | Elapsed Time: 6.75s
2026-01-17 19:31:25,734 | INFO | Batch 200 | Loss: 0.1289 | Correct: 123/128 | Elapsed Time: 6.73s
2026-01-17 19:31:32,446 | INFO | Batch 300 | Loss: 0.1030 | Correct: 124/128 | Elapsed Time: 6.71s
2026-01-17 19:31:38,570 | INFO | Epoch [68/100] - Loss: 0.1265 | Correct: 47817/50000 (95.63%, 26.32s)
2026-01-17 19:31:41,159 | INFO | Validation - Loss: 0.3253 | Correct: 9006/10000 (90.06%, 2.59s)
2026-01-17 19:31:47,917 | INFO | Batch 100 | Loss: 0.0654 | Correct: 127/128 | Elapsed Time: 6.76s
2026-01-17 19:31:54,658 | INFO | Batch 200 | Loss: 0.0688 | Correct: 124/128 | Elapsed Time: 6.74s
2026-01-17 19:32:01,443 | INFO | Batch 300 | Loss: 0.1768 | Correct: 120/128 | Elapsed Time: 6.78s
2026-01-17 19:32:07,583 | INFO | Epoch [69/100] - Loss: 0.1238 | Correct: 47881/50000 (95.76%, 26.42s)
2026-01-17 19:32:10,218 | INFO | Validation - Loss: 0.3206 | Correct: 9011/10000 (90.11%, 2.63s)
2026-01-17 19:32:16,939 | INFO | Batch 100 | Loss: 0.0610 | Correct: 126/128 | Elapsed Time: 6.72s
2026-01-17 19:32:23,711 | INFO | Batch 200 | Loss: 0.1118 | Correct: 121/128 | Elapsed Time: 6.77s
2026-01-17 19:32:30,464 | INFO | Batch 300 | Loss: 0.0737 | Correct: 124/128 | Elapsed Time: 6.75s
2026-01-17 19:32:36,597 | INFO | Epoch [70/100] - Loss: 0.1259 | Correct: 47823/50000 (95.65%, 26.38s)
2026-01-17 19:32:39,229 | INFO | Validation - Loss: 0.3242 | Correct: 9022/10000 (90.22%, 2.63s)
2026-01-17 19:32:39,276 | INFO | New best model saved at epoch 70 with Top1 Acc: 90.22%
2026-01-17 19:32:46,075 | INFO | Batch 100 | Loss: 0.1279 | Correct: 123/128 | Elapsed Time: 6.80s
2026-01-17 19:32:52,807 | INFO | Batch 200 | Loss: 0.1836 | Correct: 119/128 | Elapsed Time: 6.73s
2026-01-17 19:32:59,580 | INFO | Batch 300 | Loss: 0.1318 | Correct: 121/128 | Elapsed Time: 6.77s
2026-01-17 19:33:05,789 | INFO | Epoch [71/100] - Loss: 0.1248 | Correct: 47830/50000 (95.66%, 26.51s)
2026-01-17 19:33:08,440 | INFO | Validation - Loss: 0.3229 | Correct: 9026/10000 (90.26%, 2.65s)
2026-01-17 19:33:08,483 | INFO | New best model saved at epoch 71 with Top1 Acc: 90.26%
2026-01-17 19:33:15,289 | INFO | Batch 100 | Loss: 0.1152 | Correct: 123/128 | Elapsed Time: 6.81s
2026-01-17 19:33:22,114 | INFO | Batch 200 | Loss: 0.0977 | Correct: 124/128 | Elapsed Time: 6.82s
2026-01-17 19:33:28,936 | INFO | Batch 300 | Loss: 0.0645 | Correct: 125/128 | Elapsed Time: 6.82s
2026-01-17 19:33:35,085 | INFO | Epoch [72/100] - Loss: 0.1219 | Correct: 47848/50000 (95.70%, 26.60s)
2026-01-17 19:33:37,740 | INFO | Validation - Loss: 0.3218 | Correct: 9019/10000 (90.19%, 2.65s)
2026-01-17 19:33:44,548 | INFO | Batch 100 | Loss: 0.0640 | Correct: 124/128 | Elapsed Time: 6.81s
2026-01-17 19:33:51,339 | INFO | Batch 200 | Loss: 0.0972 | Correct: 125/128 | Elapsed Time: 6.79s
2026-01-17 19:33:58,153 | INFO | Batch 300 | Loss: 0.1030 | Correct: 124/128 | Elapsed Time: 6.81s
2026-01-17 19:34:04,364 | INFO | Epoch [73/100] - Loss: 0.1201 | Correct: 47903/50000 (95.81%, 26.62s)
2026-01-17 19:34:06,966 | INFO | Validation - Loss: 0.3211 | Correct: 9033/10000 (90.33%, 2.60s)
2026-01-17 19:34:07,017 | INFO | New best model saved at epoch 73 with Top1 Acc: 90.33%
2026-01-17 19:34:13,826 | INFO | Batch 100 | Loss: 0.1523 | Correct: 123/128 | Elapsed Time: 6.81s
2026-01-17 19:34:20,590 | INFO | Batch 200 | Loss: 0.0840 | Correct: 126/128 | Elapsed Time: 6.76s
2026-01-17 19:34:27,360 | INFO | Batch 300 | Loss: 0.1426 | Correct: 124/128 | Elapsed Time: 6.77s
2026-01-17 19:34:33,507 | INFO | Epoch [74/100] - Loss: 0.1217 | Correct: 47875/50000 (95.75%, 26.49s)
2026-01-17 19:34:36,151 | INFO | Validation - Loss: 0.3262 | Correct: 9016/10000 (90.16%, 2.64s)
2026-01-17 19:34:42,883 | INFO | Batch 100 | Loss: 0.1650 | Correct: 123/128 | Elapsed Time: 6.73s
2026-01-17 19:34:49,668 | INFO | Batch 200 | Loss: 0.1572 | Correct: 123/128 | Elapsed Time: 6.78s
2026-01-17 19:34:56,433 | INFO | Batch 300 | Loss: 0.0605 | Correct: 125/128 | Elapsed Time: 6.77s
2026-01-17 19:35:02,541 | INFO | Epoch [75/100] - Loss: 0.1194 | Correct: 47919/50000 (95.84%, 26.39s)
2026-01-17 19:35:05,160 | INFO | Validation - Loss: 0.3229 | Correct: 9022/10000 (90.22%, 2.62s)
2026-01-17 19:35:11,905 | INFO | Batch 100 | Loss: 0.1602 | Correct: 121/128 | Elapsed Time: 6.74s
2026-01-17 19:35:18,610 | INFO | Batch 200 | Loss: 0.1099 | Correct: 122/128 | Elapsed Time: 6.70s
2026-01-17 19:35:25,349 | INFO | Batch 300 | Loss: 0.1338 | Correct: 121/128 | Elapsed Time: 6.74s
2026-01-17 19:35:31,475 | INFO | Epoch [76/100] - Loss: 0.1206 | Correct: 47925/50000 (95.85%, 26.31s)
2026-01-17 19:35:34,135 | INFO | Validation - Loss: 0.3220 | Correct: 9017/10000 (90.17%, 2.66s)
2026-01-17 19:35:40,956 | INFO | Batch 100 | Loss: 0.1021 | Correct: 124/128 | Elapsed Time: 6.82s
2026-01-17 19:35:47,747 | INFO | Batch 200 | Loss: 0.0884 | Correct: 124/128 | Elapsed Time: 6.79s
2026-01-17 19:35:54,558 | INFO | Batch 300 | Loss: 0.1396 | Correct: 122/128 | Elapsed Time: 6.81s
2026-01-17 19:36:00,760 | INFO | Epoch [77/100] - Loss: 0.1185 | Correct: 47952/50000 (95.90%, 26.62s)
2026-01-17 19:36:03,457 | INFO | Validation - Loss: 0.3206 | Correct: 9023/10000 (90.23%, 2.70s)
2026-01-17 19:36:10,221 | INFO | Batch 100 | Loss: 0.1836 | Correct: 122/128 | Elapsed Time: 6.76s
2026-01-17 19:36:16,981 | INFO | Batch 200 | Loss: 0.1089 | Correct: 122/128 | Elapsed Time: 6.76s
2026-01-17 19:36:23,756 | INFO | Batch 300 | Loss: 0.1206 | Correct: 121/128 | Elapsed Time: 6.77s
2026-01-17 19:36:29,928 | INFO | Epoch [78/100] - Loss: 0.1194 | Correct: 47908/50000 (95.82%, 26.47s)
2026-01-17 19:36:32,633 | INFO | Validation - Loss: 0.3218 | Correct: 9025/10000 (90.25%, 2.70s)
2026-01-17 19:36:39,407 | INFO | Batch 100 | Loss: 0.1211 | Correct: 122/128 | Elapsed Time: 6.77s
2026-01-17 19:36:46,155 | INFO | Batch 200 | Loss: 0.1875 | Correct: 119/128 | Elapsed Time: 6.75s
2026-01-17 19:36:52,913 | INFO | Batch 300 | Loss: 0.1787 | Correct: 119/128 | Elapsed Time: 6.76s
2026-01-17 19:36:59,082 | INFO | Epoch [79/100] - Loss: 0.1215 | Correct: 47887/50000 (95.77%, 26.45s)
2026-01-17 19:37:01,726 | INFO | Validation - Loss: 0.3206 | Correct: 9024/10000 (90.24%, 2.64s)
2026-01-17 19:37:08,498 | INFO | Batch 100 | Loss: 0.1021 | Correct: 123/128 | Elapsed Time: 6.77s
2026-01-17 19:37:15,240 | INFO | Batch 200 | Loss: 0.1533 | Correct: 121/128 | Elapsed Time: 6.74s
2026-01-17 19:37:22,015 | INFO | Batch 300 | Loss: 0.1660 | Correct: 122/128 | Elapsed Time: 6.77s
2026-01-17 19:37:28,118 | INFO | Epoch [80/100] - Loss: 0.1197 | Correct: 47946/50000 (95.89%, 26.39s)
2026-01-17 19:37:30,746 | INFO | Validation - Loss: 0.3259 | Correct: 9010/10000 (90.10%, 2.63s)
2026-01-17 19:37:37,544 | INFO | Batch 100 | Loss: 0.0854 | Correct: 123/128 | Elapsed Time: 6.79s
2026-01-17 19:37:44,347 | INFO | Batch 200 | Loss: 0.0615 | Correct: 124/128 | Elapsed Time: 6.80s
2026-01-17 19:37:51,137 | INFO | Batch 300 | Loss: 0.0801 | Correct: 124/128 | Elapsed Time: 6.79s
2026-01-17 19:37:57,284 | INFO | Epoch [81/100] - Loss: 0.1203 | Correct: 47902/50000 (95.80%, 26.54s)
2026-01-17 19:37:59,891 | INFO | Validation - Loss: 0.3298 | Correct: 9018/10000 (90.18%, 2.61s)
2026-01-17 19:38:06,628 | INFO | Batch 100 | Loss: 0.1089 | Correct: 124/128 | Elapsed Time: 6.73s
2026-01-17 19:38:13,365 | INFO | Batch 200 | Loss: 0.1514 | Correct: 121/128 | Elapsed Time: 6.74s
2026-01-17 19:38:20,147 | INFO | Batch 300 | Loss: 0.1367 | Correct: 124/128 | Elapsed Time: 6.78s
2026-01-17 19:38:26,331 | INFO | Epoch [82/100] - Loss: 0.1181 | Correct: 47963/50000 (95.93%, 26.44s)
2026-01-17 19:38:29,000 | INFO | Validation - Loss: 0.3253 | Correct: 9024/10000 (90.24%, 2.67s)
2026-01-17 19:38:35,824 | INFO | Batch 100 | Loss: 0.1523 | Correct: 122/128 | Elapsed Time: 6.82s
2026-01-17 19:38:42,604 | INFO | Batch 200 | Loss: 0.0981 | Correct: 124/128 | Elapsed Time: 6.78s
2026-01-17 19:38:49,467 | INFO | Batch 300 | Loss: 0.1465 | Correct: 124/128 | Elapsed Time: 6.86s
2026-01-17 19:38:55,644 | INFO | Epoch [83/100] - Loss: 0.1177 | Correct: 47962/50000 (95.92%, 26.64s)
2026-01-17 19:38:58,311 | INFO | Validation - Loss: 0.3232 | Correct: 9031/10000 (90.31%, 2.67s)
2026-01-17 19:39:05,103 | INFO | Batch 100 | Loss: 0.1348 | Correct: 123/128 | Elapsed Time: 6.79s
2026-01-17 19:39:11,911 | INFO | Batch 200 | Loss: 0.1455 | Correct: 123/128 | Elapsed Time: 6.81s
2026-01-17 19:39:18,671 | INFO | Batch 300 | Loss: 0.0918 | Correct: 123/128 | Elapsed Time: 6.76s
2026-01-17 19:39:24,845 | INFO | Epoch [84/100] - Loss: 0.1179 | Correct: 47932/50000 (95.86%, 26.53s)
2026-01-17 19:39:27,479 | INFO | Validation - Loss: 0.3238 | Correct: 9026/10000 (90.26%, 2.63s)
2026-01-17 19:39:34,255 | INFO | Batch 100 | Loss: 0.1650 | Correct: 122/128 | Elapsed Time: 6.77s
2026-01-17 19:39:40,996 | INFO | Batch 200 | Loss: 0.1562 | Correct: 122/128 | Elapsed Time: 6.74s
2026-01-17 19:39:47,752 | INFO | Batch 300 | Loss: 0.1309 | Correct: 122/128 | Elapsed Time: 6.76s
2026-01-17 19:39:53,884 | INFO | Epoch [85/100] - Loss: 0.1197 | Correct: 47935/50000 (95.87%, 26.40s)
2026-01-17 19:39:56,556 | INFO | Validation - Loss: 0.3243 | Correct: 9022/10000 (90.22%, 2.67s)
2026-01-17 19:40:03,299 | INFO | Batch 100 | Loss: 0.0703 | Correct: 125/128 | Elapsed Time: 6.74s
2026-01-17 19:40:10,074 | INFO | Batch 200 | Loss: 0.0972 | Correct: 123/128 | Elapsed Time: 6.77s
2026-01-17 19:40:16,888 | INFO | Batch 300 | Loss: 0.1318 | Correct: 121/128 | Elapsed Time: 6.81s
2026-01-17 19:40:23,027 | INFO | Epoch [86/100] - Loss: 0.1178 | Correct: 47945/50000 (95.89%, 26.47s)
2026-01-17 19:40:25,668 | INFO | Validation - Loss: 0.3207 | Correct: 9019/10000 (90.19%, 2.64s)
2026-01-17 19:40:32,483 | INFO | Batch 100 | Loss: 0.0718 | Correct: 125/128 | Elapsed Time: 6.81s
2026-01-17 19:40:39,218 | INFO | Batch 200 | Loss: 0.1128 | Correct: 121/128 | Elapsed Time: 6.74s
2026-01-17 19:40:46,007 | INFO | Batch 300 | Loss: 0.2168 | Correct: 120/128 | Elapsed Time: 6.79s
2026-01-17 19:40:52,166 | INFO | Epoch [87/100] - Loss: 0.1213 | Correct: 47852/50000 (95.70%, 26.49s)
2026-01-17 19:40:54,833 | INFO | Validation - Loss: 0.3232 | Correct: 9016/10000 (90.16%, 2.67s)
2026-01-17 19:41:01,637 | INFO | Batch 100 | Loss: 0.1426 | Correct: 120/128 | Elapsed Time: 6.80s
2026-01-17 19:41:08,472 | INFO | Batch 200 | Loss: 0.0825 | Correct: 123/128 | Elapsed Time: 6.83s
2026-01-17 19:41:15,236 | INFO | Batch 300 | Loss: 0.2002 | Correct: 121/128 | Elapsed Time: 6.76s
2026-01-17 19:41:21,362 | INFO | Epoch [88/100] - Loss: 0.1204 | Correct: 47883/50000 (95.77%, 26.53s)
2026-01-17 19:41:24,041 | INFO | Validation - Loss: 0.3269 | Correct: 9010/10000 (90.10%, 2.68s)
2026-01-17 19:41:30,826 | INFO | Batch 100 | Loss: 0.1230 | Correct: 124/128 | Elapsed Time: 6.78s
2026-01-17 19:41:37,612 | INFO | Batch 200 | Loss: 0.1250 | Correct: 121/128 | Elapsed Time: 6.79s
2026-01-17 19:41:44,411 | INFO | Batch 300 | Loss: 0.0938 | Correct: 124/128 | Elapsed Time: 6.80s
2026-01-17 19:41:50,575 | INFO | Epoch [89/100] - Loss: 0.1175 | Correct: 47948/50000 (95.90%, 26.53s)
2026-01-17 19:41:53,258 | INFO | Validation - Loss: 0.3263 | Correct: 9020/10000 (90.20%, 2.68s)
2026-01-17 19:42:00,105 | INFO | Batch 100 | Loss: 0.1387 | Correct: 121/128 | Elapsed Time: 6.84s
2026-01-17 19:42:06,892 | INFO | Batch 200 | Loss: 0.0771 | Correct: 125/128 | Elapsed Time: 6.79s
2026-01-17 19:42:13,710 | INFO | Batch 300 | Loss: 0.1079 | Correct: 122/128 | Elapsed Time: 6.82s
2026-01-17 19:42:19,854 | INFO | Epoch [90/100] - Loss: 0.1189 | Correct: 47942/50000 (95.88%, 26.59s)
2026-01-17 19:42:22,544 | INFO | Validation - Loss: 0.3227 | Correct: 9026/10000 (90.26%, 2.69s)
2026-01-17 19:42:29,334 | INFO | Batch 100 | Loss: 0.1133 | Correct: 123/128 | Elapsed Time: 6.79s
2026-01-17 19:42:36,108 | INFO | Batch 200 | Loss: 0.1016 | Correct: 124/128 | Elapsed Time: 6.77s
2026-01-17 19:42:42,871 | INFO | Batch 300 | Loss: 0.0713 | Correct: 124/128 | Elapsed Time: 6.76s
2026-01-17 19:42:49,062 | INFO | Epoch [91/100] - Loss: 0.1182 | Correct: 47893/50000 (95.79%, 26.51s)
2026-01-17 19:42:51,680 | INFO | Validation - Loss: 0.3243 | Correct: 9023/10000 (90.23%, 2.62s)
2026-01-17 19:42:58,480 | INFO | Batch 100 | Loss: 0.0986 | Correct: 124/128 | Elapsed Time: 6.80s
2026-01-17 19:43:05,243 | INFO | Batch 200 | Loss: 0.1445 | Correct: 123/128 | Elapsed Time: 6.76s
2026-01-17 19:43:12,005 | INFO | Batch 300 | Loss: 0.1235 | Correct: 122/128 | Elapsed Time: 6.76s
2026-01-17 19:43:18,196 | INFO | Epoch [92/100] - Loss: 0.1195 | Correct: 47919/50000 (95.84%, 26.51s)
2026-01-17 19:43:20,879 | INFO | Validation - Loss: 0.3223 | Correct: 9021/10000 (90.21%, 2.68s)
2026-01-17 19:43:27,672 | INFO | Batch 100 | Loss: 0.0718 | Correct: 125/128 | Elapsed Time: 6.79s
2026-01-17 19:43:34,395 | INFO | Batch 200 | Loss: 0.1777 | Correct: 121/128 | Elapsed Time: 6.72s
2026-01-17 19:43:41,149 | INFO | Batch 300 | Loss: 0.0811 | Correct: 125/128 | Elapsed Time: 6.75s
2026-01-17 19:43:47,328 | INFO | Epoch [93/100] - Loss: 0.1184 | Correct: 47940/50000 (95.88%, 26.45s)
2026-01-17 19:43:49,956 | INFO | Validation - Loss: 0.3236 | Correct: 9020/10000 (90.20%, 2.63s)
2026-01-17 19:43:56,848 | INFO | Batch 100 | Loss: 0.1055 | Correct: 123/128 | Elapsed Time: 6.89s
2026-01-17 19:44:03,646 | INFO | Batch 200 | Loss: 0.1289 | Correct: 123/128 | Elapsed Time: 6.80s
2026-01-17 19:44:10,449 | INFO | Batch 300 | Loss: 0.1348 | Correct: 121/128 | Elapsed Time: 6.80s
2026-01-17 19:44:16,618 | INFO | Epoch [94/100] - Loss: 0.1173 | Correct: 47970/50000 (95.94%, 26.66s)
2026-01-17 19:44:19,293 | INFO | Validation - Loss: 0.3251 | Correct: 9014/10000 (90.14%, 2.67s)
2026-01-17 19:44:26,068 | INFO | Batch 100 | Loss: 0.0845 | Correct: 125/128 | Elapsed Time: 6.77s
2026-01-17 19:44:32,770 | INFO | Batch 200 | Loss: 0.1855 | Correct: 119/128 | Elapsed Time: 6.70s
2026-01-17 19:44:39,492 | INFO | Batch 300 | Loss: 0.0742 | Correct: 124/128 | Elapsed Time: 6.72s
2026-01-17 19:44:45,665 | INFO | Epoch [95/100] - Loss: 0.1188 | Correct: 47952/50000 (95.90%, 26.37s)
2026-01-17 19:44:48,391 | INFO | Validation - Loss: 0.3214 | Correct: 9021/10000 (90.21%, 2.72s)
2026-01-17 19:44:55,198 | INFO | Batch 100 | Loss: 0.1670 | Correct: 121/128 | Elapsed Time: 6.80s
2026-01-17 19:45:01,987 | INFO | Batch 200 | Loss: 0.1206 | Correct: 123/128 | Elapsed Time: 6.79s
2026-01-17 19:45:08,784 | INFO | Batch 300 | Loss: 0.0684 | Correct: 123/128 | Elapsed Time: 6.80s
2026-01-17 19:45:14,973 | INFO | Epoch [96/100] - Loss: 0.1181 | Correct: 47981/50000 (95.96%, 26.58s)
2026-01-17 19:45:17,678 | INFO | Validation - Loss: 0.3237 | Correct: 9026/10000 (90.26%, 2.70s)
2026-01-17 19:45:24,461 | INFO | Batch 100 | Loss: 0.0659 | Correct: 125/128 | Elapsed Time: 6.78s
2026-01-17 19:45:31,215 | INFO | Batch 200 | Loss: 0.1206 | Correct: 125/128 | Elapsed Time: 6.75s
2026-01-17 19:45:38,022 | INFO | Batch 300 | Loss: 0.1660 | Correct: 120/128 | Elapsed Time: 6.81s
2026-01-17 19:45:44,173 | INFO | Epoch [97/100] - Loss: 0.1170 | Correct: 47943/50000 (95.89%, 26.49s)
2026-01-17 19:45:46,837 | INFO | Validation - Loss: 0.3209 | Correct: 9027/10000 (90.27%, 2.66s)
2026-01-17 19:45:53,608 | INFO | Batch 100 | Loss: 0.1416 | Correct: 122/128 | Elapsed Time: 6.77s
2026-01-17 19:46:00,398 | INFO | Batch 200 | Loss: 0.0811 | Correct: 125/128 | Elapsed Time: 6.79s
2026-01-17 19:46:07,190 | INFO | Batch 300 | Loss: 0.0732 | Correct: 125/128 | Elapsed Time: 6.79s
2026-01-17 19:46:13,367 | INFO | Epoch [98/100] - Loss: 0.1204 | Correct: 47929/50000 (95.86%, 26.53s)
2026-01-17 19:46:16,028 | INFO | Validation - Loss: 0.3252 | Correct: 9018/10000 (90.18%, 2.66s)
2026-01-17 19:46:22,887 | INFO | Batch 100 | Loss: 0.1387 | Correct: 122/128 | Elapsed Time: 6.86s
2026-01-17 19:46:29,679 | INFO | Batch 200 | Loss: 0.1445 | Correct: 121/128 | Elapsed Time: 6.79s
2026-01-17 19:46:36,462 | INFO | Batch 300 | Loss: 0.0757 | Correct: 125/128 | Elapsed Time: 6.78s
2026-01-17 19:46:42,633 | INFO | Epoch [99/100] - Loss: 0.1161 | Correct: 47979/50000 (95.96%, 26.60s)
2026-01-17 19:46:45,291 | INFO | Validation - Loss: 0.3224 | Correct: 9027/10000 (90.27%, 2.66s)
2026-01-17 19:46:52,094 | INFO | Batch 100 | Loss: 0.0957 | Correct: 122/128 | Elapsed Time: 6.80s
2026-01-17 19:46:58,866 | INFO | Batch 200 | Loss: 0.1089 | Correct: 123/128 | Elapsed Time: 6.77s
2026-01-17 19:47:05,628 | INFO | Batch 300 | Loss: 0.1396 | Correct: 120/128 | Elapsed Time: 6.76s
2026-01-17 19:47:11,792 | INFO | Epoch [100/100] - Loss: 0.1202 | Correct: 47879/50000 (95.76%, 26.50s)
2026-01-17 19:47:14,443 | INFO | Validation - Loss: 0.3230 | Correct: 9021/10000 (90.21%, 2.65s)
2026-01-17 19:47:14,447 | INFO | Training complete.
2026-01-17 19:47:14,484 | INFO | Final model saved to ./checkpoints/mobilenetv1_fp_final_20260117_185830.pt
