2026-02-11 11:50:48,612 | INFO | Training MobileNetV1 on CIFAR-10 with FP (dtype=torch.float16) on device cuda:0
2026-02-11 11:50:48,613 | INFO | Hyperparameters: epochs=100, batch_size=128, lr=0.01, beta=0.999
2026-02-11 11:51:00,819 | INFO | Batch 100 | Loss: 2.0566 | Correct: 32/128 | Elapsed Time: 12.21s
2026-02-11 11:51:08,150 | INFO | Batch 200 | Loss: 1.8477 | Correct: 34/128 | Elapsed Time: 7.33s
2026-02-11 11:51:15,384 | INFO | Batch 300 | Loss: 1.6992 | Correct: 49/128 | Elapsed Time: 7.23s
2026-02-11 11:51:25,510 | INFO | Epoch [1/100] - Loss: 1.8910 | Correct: 14243/50000 (28.49%, 36.90s)
2026-02-11 11:51:29,405 | INFO | Validation - Loss: 1.6298 | Correct: 3995/10000 (39.95%, 3.89s)
2026-02-11 11:51:29,449 | INFO | New best model saved at epoch 1 with Top1 Acc: 39.95%
2026-02-11 11:51:36,793 | INFO | Batch 100 | Loss: 1.4951 | Correct: 60/128 | Elapsed Time: 7.34s
2026-02-11 11:51:44,036 | INFO | Batch 200 | Loss: 1.4746 | Correct: 59/128 | Elapsed Time: 7.24s
2026-02-11 11:51:51,283 | INFO | Batch 300 | Loss: 1.4541 | Correct: 52/128 | Elapsed Time: 7.25s
2026-02-11 11:51:57,846 | INFO | Epoch [2/100] - Loss: 1.5465 | Correct: 21461/50000 (42.92%, 28.40s)
2026-02-11 11:52:00,441 | INFO | Validation - Loss: 1.4291 | Correct: 4830/10000 (48.30%, 2.59s)
2026-02-11 11:52:00,484 | INFO | New best model saved at epoch 2 with Top1 Acc: 48.30%
2026-02-11 11:52:07,748 | INFO | Batch 100 | Loss: 1.3711 | Correct: 68/128 | Elapsed Time: 7.26s
2026-02-11 11:52:14,965 | INFO | Batch 200 | Loss: 1.4443 | Correct: 57/128 | Elapsed Time: 7.22s
2026-02-11 11:52:22,224 | INFO | Batch 300 | Loss: 1.4141 | Correct: 64/128 | Elapsed Time: 7.26s
2026-02-11 11:52:28,744 | INFO | Epoch [3/100] - Loss: 1.3825 | Correct: 24849/50000 (49.70%, 28.26s)
2026-02-11 11:52:31,337 | INFO | Validation - Loss: 1.3014 | Correct: 5352/10000 (53.52%, 2.59s)
2026-02-11 11:52:31,377 | INFO | New best model saved at epoch 3 with Top1 Acc: 53.52%
2026-02-11 11:52:38,620 | INFO | Batch 100 | Loss: 1.2588 | Correct: 71/128 | Elapsed Time: 7.24s
2026-02-11 11:52:45,861 | INFO | Batch 200 | Loss: 1.2852 | Correct: 67/128 | Elapsed Time: 7.24s
2026-02-11 11:52:53,113 | INFO | Batch 300 | Loss: 1.1777 | Correct: 73/128 | Elapsed Time: 7.25s
2026-02-11 11:52:59,660 | INFO | Epoch [4/100] - Loss: 1.2605 | Correct: 27113/50000 (54.23%, 28.28s)
2026-02-11 11:53:02,232 | INFO | Validation - Loss: 1.2104 | Correct: 5683/10000 (56.83%, 2.57s)
2026-02-11 11:53:02,270 | INFO | New best model saved at epoch 4 with Top1 Acc: 56.83%
2026-02-11 11:53:09,541 | INFO | Batch 100 | Loss: 1.0576 | Correct: 82/128 | Elapsed Time: 7.27s
2026-02-11 11:53:16,747 | INFO | Batch 200 | Loss: 1.1465 | Correct: 76/128 | Elapsed Time: 7.21s
2026-02-11 11:53:23,961 | INFO | Batch 300 | Loss: 1.2764 | Correct: 65/128 | Elapsed Time: 7.21s
2026-02-11 11:53:30,504 | INFO | Epoch [5/100] - Loss: 1.1495 | Correct: 29299/50000 (58.60%, 28.23s)
2026-02-11 11:53:33,065 | INFO | Validation - Loss: 1.1436 | Correct: 5836/10000 (58.36%, 2.56s)
2026-02-11 11:53:33,109 | INFO | New best model saved at epoch 5 with Top1 Acc: 58.36%
2026-02-11 11:53:40,357 | INFO | Batch 100 | Loss: 0.8940 | Correct: 87/128 | Elapsed Time: 7.25s
2026-02-11 11:53:47,548 | INFO | Batch 200 | Loss: 1.1543 | Correct: 72/128 | Elapsed Time: 7.19s
2026-02-11 11:53:54,788 | INFO | Batch 300 | Loss: 1.0703 | Correct: 79/128 | Elapsed Time: 7.24s
2026-02-11 11:54:01,350 | INFO | Epoch [6/100] - Loss: 1.0569 | Correct: 31098/50000 (62.20%, 28.24s)
2026-02-11 11:54:03,919 | INFO | Validation - Loss: 1.0116 | Correct: 6355/10000 (63.55%, 2.57s)
2026-02-11 11:54:03,957 | INFO | New best model saved at epoch 6 with Top1 Acc: 63.55%
2026-02-11 11:54:11,218 | INFO | Batch 100 | Loss: 1.1641 | Correct: 81/128 | Elapsed Time: 7.26s
2026-02-11 11:54:18,489 | INFO | Batch 200 | Loss: 0.9165 | Correct: 90/128 | Elapsed Time: 7.27s
2026-02-11 11:54:25,732 | INFO | Batch 300 | Loss: 0.8491 | Correct: 95/128 | Elapsed Time: 7.24s
2026-02-11 11:54:32,297 | INFO | Epoch [7/100] - Loss: 0.9811 | Correct: 32486/50000 (64.97%, 28.34s)
2026-02-11 11:54:34,899 | INFO | Validation - Loss: 0.9383 | Correct: 6625/10000 (66.25%, 2.60s)
2026-02-11 11:54:34,946 | INFO | New best model saved at epoch 7 with Top1 Acc: 66.25%
2026-02-11 11:54:42,162 | INFO | Batch 100 | Loss: 0.7524 | Correct: 90/128 | Elapsed Time: 7.22s
2026-02-11 11:54:49,373 | INFO | Batch 200 | Loss: 0.9463 | Correct: 85/128 | Elapsed Time: 7.21s
2026-02-11 11:54:56,596 | INFO | Batch 300 | Loss: 0.8325 | Correct: 90/128 | Elapsed Time: 7.22s
2026-02-11 11:55:03,157 | INFO | Epoch [8/100] - Loss: 0.9150 | Correct: 33800/50000 (67.60%, 28.21s)
2026-02-11 11:55:05,753 | INFO | Validation - Loss: 0.8813 | Correct: 6864/10000 (68.64%, 2.59s)
2026-02-11 11:55:05,791 | INFO | New best model saved at epoch 8 with Top1 Acc: 68.64%
2026-02-11 11:55:13,032 | INFO | Batch 100 | Loss: 0.8774 | Correct: 89/128 | Elapsed Time: 7.24s
2026-02-11 11:55:20,269 | INFO | Batch 200 | Loss: 0.9229 | Correct: 85/128 | Elapsed Time: 7.24s
2026-02-11 11:55:27,486 | INFO | Batch 300 | Loss: 0.6909 | Correct: 101/128 | Elapsed Time: 7.22s
2026-02-11 11:55:34,001 | INFO | Epoch [9/100] - Loss: 0.8640 | Correct: 34632/50000 (69.26%, 28.21s)
2026-02-11 11:55:36,586 | INFO | Validation - Loss: 0.8855 | Correct: 6928/10000 (69.28%, 2.58s)
2026-02-11 11:55:36,633 | INFO | New best model saved at epoch 9 with Top1 Acc: 69.28%
2026-02-11 11:55:43,843 | INFO | Batch 100 | Loss: 0.6416 | Correct: 104/128 | Elapsed Time: 7.21s
2026-02-11 11:55:51,027 | INFO | Batch 200 | Loss: 0.7988 | Correct: 96/128 | Elapsed Time: 7.18s
2026-02-11 11:55:58,274 | INFO | Batch 300 | Loss: 0.9590 | Correct: 84/128 | Elapsed Time: 7.25s
2026-02-11 11:56:04,836 | INFO | Epoch [10/100] - Loss: 0.8087 | Correct: 35662/50000 (71.32%, 28.20s)
2026-02-11 11:56:07,414 | INFO | Validation - Loss: 0.8452 | Correct: 6999/10000 (69.99%, 2.58s)
2026-02-11 11:56:07,462 | INFO | New best model saved at epoch 10 with Top1 Acc: 69.99%
2026-02-11 11:56:14,751 | INFO | Batch 100 | Loss: 0.8218 | Correct: 88/128 | Elapsed Time: 7.29s
2026-02-11 11:56:21,978 | INFO | Batch 200 | Loss: 0.7275 | Correct: 96/128 | Elapsed Time: 7.23s
2026-02-11 11:56:29,228 | INFO | Batch 300 | Loss: 0.7139 | Correct: 96/128 | Elapsed Time: 7.25s
2026-02-11 11:56:35,818 | INFO | Epoch [11/100] - Loss: 0.7746 | Correct: 36331/50000 (72.66%, 28.36s)
2026-02-11 11:56:38,366 | INFO | Validation - Loss: 0.7462 | Correct: 7390/10000 (73.90%, 2.55s)
2026-02-11 11:56:38,410 | INFO | New best model saved at epoch 11 with Top1 Acc: 73.90%
2026-02-11 11:56:45,653 | INFO | Batch 100 | Loss: 0.7114 | Correct: 100/128 | Elapsed Time: 7.24s
2026-02-11 11:56:52,883 | INFO | Batch 200 | Loss: 0.6982 | Correct: 96/128 | Elapsed Time: 7.23s
2026-02-11 11:57:00,175 | INFO | Batch 300 | Loss: 0.5430 | Correct: 105/128 | Elapsed Time: 7.29s
2026-02-11 11:57:06,739 | INFO | Epoch [12/100] - Loss: 0.7335 | Correct: 36974/50000 (73.95%, 28.33s)
2026-02-11 11:57:09,319 | INFO | Validation - Loss: 0.7556 | Correct: 7383/10000 (73.83%, 2.58s)
2026-02-11 11:57:16,580 | INFO | Batch 100 | Loss: 0.6064 | Correct: 102/128 | Elapsed Time: 7.26s
2026-02-11 11:57:23,798 | INFO | Batch 200 | Loss: 0.7500 | Correct: 93/128 | Elapsed Time: 7.22s
2026-02-11 11:57:31,053 | INFO | Batch 300 | Loss: 0.7354 | Correct: 92/128 | Elapsed Time: 7.26s
2026-02-11 11:57:37,631 | INFO | Epoch [13/100] - Loss: 0.7033 | Correct: 37630/50000 (75.26%, 28.31s)
2026-02-11 11:57:40,230 | INFO | Validation - Loss: 0.7685 | Correct: 7331/10000 (73.31%, 2.60s)
2026-02-11 11:57:47,423 | INFO | Batch 100 | Loss: 0.6934 | Correct: 99/128 | Elapsed Time: 7.19s
2026-02-11 11:57:54,701 | INFO | Batch 200 | Loss: 0.6348 | Correct: 99/128 | Elapsed Time: 7.28s
2026-02-11 11:58:01,924 | INFO | Batch 300 | Loss: 0.6279 | Correct: 99/128 | Elapsed Time: 7.22s
2026-02-11 11:58:08,517 | INFO | Epoch [14/100] - Loss: 0.6733 | Correct: 38110/50000 (76.22%, 28.29s)
2026-02-11 11:58:11,115 | INFO | Validation - Loss: 0.6900 | Correct: 7656/10000 (76.56%, 2.60s)
2026-02-11 11:58:11,161 | INFO | New best model saved at epoch 14 with Top1 Acc: 76.56%
2026-02-11 11:58:18,437 | INFO | Batch 100 | Loss: 0.6724 | Correct: 98/128 | Elapsed Time: 7.28s
2026-02-11 11:58:25,704 | INFO | Batch 200 | Loss: 0.6733 | Correct: 100/128 | Elapsed Time: 7.27s
2026-02-11 11:58:32,975 | INFO | Batch 300 | Loss: 0.7373 | Correct: 97/128 | Elapsed Time: 7.27s
2026-02-11 11:58:39,606 | INFO | Epoch [15/100] - Loss: 0.6488 | Correct: 38582/50000 (77.16%, 28.44s)
2026-02-11 11:58:42,196 | INFO | Validation - Loss: 0.7051 | Correct: 7516/10000 (75.16%, 2.59s)
2026-02-11 11:58:49,422 | INFO | Batch 100 | Loss: 0.5786 | Correct: 104/128 | Elapsed Time: 7.22s
2026-02-11 11:58:56,621 | INFO | Batch 200 | Loss: 0.5225 | Correct: 99/128 | Elapsed Time: 7.20s
2026-02-11 11:59:03,884 | INFO | Batch 300 | Loss: 0.6992 | Correct: 97/128 | Elapsed Time: 7.26s
2026-02-11 11:59:10,448 | INFO | Epoch [16/100] - Loss: 0.6341 | Correct: 38825/50000 (77.65%, 28.25s)
2026-02-11 11:59:13,016 | INFO | Validation - Loss: 0.7164 | Correct: 7530/10000 (75.30%, 2.57s)
2026-02-11 11:59:20,271 | INFO | Batch 100 | Loss: 0.7173 | Correct: 95/128 | Elapsed Time: 7.25s
2026-02-11 11:59:27,482 | INFO | Batch 200 | Loss: 0.6152 | Correct: 95/128 | Elapsed Time: 7.21s
2026-02-11 11:59:34,753 | INFO | Batch 300 | Loss: 0.5576 | Correct: 101/128 | Elapsed Time: 7.27s
2026-02-11 11:59:41,357 | INFO | Epoch [17/100] - Loss: 0.6125 | Correct: 39118/50000 (78.24%, 28.34s)
2026-02-11 11:59:43,913 | INFO | Validation - Loss: 0.6716 | Correct: 7668/10000 (76.68%, 2.56s)
2026-02-11 11:59:43,965 | INFO | New best model saved at epoch 17 with Top1 Acc: 76.68%
2026-02-11 11:59:51,213 | INFO | Batch 100 | Loss: 0.5439 | Correct: 104/128 | Elapsed Time: 7.25s
2026-02-11 11:59:58,470 | INFO | Batch 200 | Loss: 0.6460 | Correct: 93/128 | Elapsed Time: 7.26s
2026-02-11 12:00:05,733 | INFO | Batch 300 | Loss: 0.6460 | Correct: 101/128 | Elapsed Time: 7.26s
2026-02-11 12:00:12,316 | INFO | Epoch [18/100] - Loss: 0.5946 | Correct: 39613/50000 (79.23%, 28.35s)
2026-02-11 12:00:14,908 | INFO | Validation - Loss: 0.6385 | Correct: 7781/10000 (77.81%, 2.59s)
2026-02-11 12:00:14,964 | INFO | New best model saved at epoch 18 with Top1 Acc: 77.81%
2026-02-11 12:00:22,210 | INFO | Batch 100 | Loss: 0.6196 | Correct: 97/128 | Elapsed Time: 7.25s
2026-02-11 12:00:29,421 | INFO | Batch 200 | Loss: 0.7598 | Correct: 96/128 | Elapsed Time: 7.21s
2026-02-11 12:00:36,659 | INFO | Batch 300 | Loss: 0.7104 | Correct: 96/128 | Elapsed Time: 7.24s
2026-02-11 12:00:43,260 | INFO | Epoch [19/100] - Loss: 0.5738 | Correct: 40023/50000 (80.05%, 28.30s)
2026-02-11 12:00:45,851 | INFO | Validation - Loss: 0.6365 | Correct: 7826/10000 (78.26%, 2.59s)
2026-02-11 12:00:45,909 | INFO | New best model saved at epoch 19 with Top1 Acc: 78.26%
2026-02-11 12:00:53,168 | INFO | Batch 100 | Loss: 0.4482 | Correct: 108/128 | Elapsed Time: 7.26s
2026-02-11 12:01:00,436 | INFO | Batch 200 | Loss: 0.5874 | Correct: 100/128 | Elapsed Time: 7.27s
2026-02-11 12:01:07,718 | INFO | Batch 300 | Loss: 0.5630 | Correct: 105/128 | Elapsed Time: 7.28s
2026-02-11 12:01:14,319 | INFO | Epoch [20/100] - Loss: 0.5608 | Correct: 40192/50000 (80.38%, 28.41s)
2026-02-11 12:01:16,891 | INFO | Validation - Loss: 0.6653 | Correct: 7735/10000 (77.35%, 2.57s)
2026-02-11 12:01:24,208 | INFO | Batch 100 | Loss: 0.5752 | Correct: 103/128 | Elapsed Time: 7.32s
2026-02-11 12:01:31,527 | INFO | Batch 200 | Loss: 0.4285 | Correct: 106/128 | Elapsed Time: 7.32s
2026-02-11 12:01:38,850 | INFO | Batch 300 | Loss: 0.5366 | Correct: 104/128 | Elapsed Time: 7.32s
2026-02-11 12:01:45,472 | INFO | Epoch [21/100] - Loss: 0.5500 | Correct: 40334/50000 (80.67%, 28.58s)
2026-02-11 12:01:48,048 | INFO | Validation - Loss: 0.6131 | Correct: 7917/10000 (79.17%, 2.58s)
2026-02-11 12:01:48,091 | INFO | New best model saved at epoch 21 with Top1 Acc: 79.17%
2026-02-11 12:01:55,381 | INFO | Batch 100 | Loss: 0.5327 | Correct: 104/128 | Elapsed Time: 7.29s
2026-02-11 12:02:02,590 | INFO | Batch 200 | Loss: 0.3411 | Correct: 115/128 | Elapsed Time: 7.21s
2026-02-11 12:02:09,831 | INFO | Batch 300 | Loss: 0.3848 | Correct: 112/128 | Elapsed Time: 7.24s
2026-02-11 12:02:16,460 | INFO | Epoch [22/100] - Loss: 0.5315 | Correct: 40809/50000 (81.62%, 28.37s)
2026-02-11 12:02:19,058 | INFO | Validation - Loss: 0.6452 | Correct: 7764/10000 (77.64%, 2.60s)
2026-02-11 12:02:26,351 | INFO | Batch 100 | Loss: 0.5249 | Correct: 104/128 | Elapsed Time: 7.29s
2026-02-11 12:02:33,627 | INFO | Batch 200 | Loss: 0.3689 | Correct: 116/128 | Elapsed Time: 7.28s
2026-02-11 12:02:40,963 | INFO | Batch 300 | Loss: 0.5415 | Correct: 103/128 | Elapsed Time: 7.34s
2026-02-11 12:02:47,616 | INFO | Epoch [23/100] - Loss: 0.5243 | Correct: 40829/50000 (81.66%, 28.56s)
2026-02-11 12:02:50,214 | INFO | Validation - Loss: 0.5906 | Correct: 7961/10000 (79.61%, 2.60s)
2026-02-11 12:02:50,255 | INFO | New best model saved at epoch 23 with Top1 Acc: 79.61%
2026-02-11 12:02:57,616 | INFO | Batch 100 | Loss: 0.7104 | Correct: 100/128 | Elapsed Time: 7.36s
2026-02-11 12:03:04,963 | INFO | Batch 200 | Loss: 0.5845 | Correct: 102/128 | Elapsed Time: 7.35s
2026-02-11 12:03:12,306 | INFO | Batch 300 | Loss: 0.3699 | Correct: 114/128 | Elapsed Time: 7.34s
2026-02-11 12:03:18,973 | INFO | Epoch [24/100] - Loss: 0.5093 | Correct: 41162/50000 (82.32%, 28.72s)
2026-02-11 12:03:21,610 | INFO | Validation - Loss: 0.6344 | Correct: 7906/10000 (79.06%, 2.64s)
2026-02-11 12:03:28,963 | INFO | Batch 100 | Loss: 0.5269 | Correct: 106/128 | Elapsed Time: 7.35s
2026-02-11 12:03:36,316 | INFO | Batch 200 | Loss: 0.6289 | Correct: 101/128 | Elapsed Time: 7.35s
2026-02-11 12:03:43,679 | INFO | Batch 300 | Loss: 0.4746 | Correct: 100/128 | Elapsed Time: 7.36s
2026-02-11 12:03:50,348 | INFO | Epoch [25/100] - Loss: 0.4996 | Correct: 41381/50000 (82.76%, 28.74s)
2026-02-11 12:03:52,960 | INFO | Validation - Loss: 0.6125 | Correct: 7904/10000 (79.04%, 2.61s)
2026-02-11 12:04:00,293 | INFO | Batch 100 | Loss: 0.5425 | Correct: 105/128 | Elapsed Time: 7.33s
2026-02-11 12:04:07,622 | INFO | Batch 200 | Loss: 0.5283 | Correct: 105/128 | Elapsed Time: 7.33s
2026-02-11 12:04:14,940 | INFO | Batch 300 | Loss: 0.4587 | Correct: 104/128 | Elapsed Time: 7.32s
2026-02-11 12:04:21,612 | INFO | Epoch [26/100] - Loss: 0.4877 | Correct: 41430/50000 (82.86%, 28.65s)
2026-02-11 12:04:24,249 | INFO | Validation - Loss: 0.6310 | Correct: 7867/10000 (78.67%, 2.64s)
2026-02-11 12:04:31,608 | INFO | Batch 100 | Loss: 0.6846 | Correct: 100/128 | Elapsed Time: 7.36s
2026-02-11 12:04:38,955 | INFO | Batch 200 | Loss: 0.4978 | Correct: 103/128 | Elapsed Time: 7.35s
2026-02-11 12:04:46,273 | INFO | Batch 300 | Loss: 0.4800 | Correct: 107/128 | Elapsed Time: 7.32s
2026-02-11 12:04:52,943 | INFO | Epoch [27/100] - Loss: 0.4829 | Correct: 41554/50000 (83.11%, 28.69s)
2026-02-11 12:04:55,578 | INFO | Validation - Loss: 0.5714 | Correct: 8055/10000 (80.55%, 2.63s)
2026-02-11 12:04:55,622 | INFO | New best model saved at epoch 27 with Top1 Acc: 80.55%
2026-02-11 12:05:02,984 | INFO | Batch 100 | Loss: 0.4202 | Correct: 109/128 | Elapsed Time: 7.36s
2026-02-11 12:05:10,301 | INFO | Batch 200 | Loss: 0.3994 | Correct: 108/128 | Elapsed Time: 7.32s
2026-02-11 12:05:17,625 | INFO | Batch 300 | Loss: 0.5415 | Correct: 105/128 | Elapsed Time: 7.32s
2026-02-11 12:05:24,250 | INFO | Epoch [28/100] - Loss: 0.4693 | Correct: 41755/50000 (83.51%, 28.63s)
2026-02-11 12:05:26,859 | INFO | Validation - Loss: 0.5752 | Correct: 8083/10000 (80.83%, 2.61s)
2026-02-11 12:05:26,904 | INFO | New best model saved at epoch 28 with Top1 Acc: 80.83%
2026-02-11 12:05:34,203 | INFO | Batch 100 | Loss: 0.4370 | Correct: 104/128 | Elapsed Time: 7.30s
2026-02-11 12:05:41,515 | INFO | Batch 200 | Loss: 0.4495 | Correct: 113/128 | Elapsed Time: 7.31s
2026-02-11 12:05:48,749 | INFO | Batch 300 | Loss: 0.4878 | Correct: 105/128 | Elapsed Time: 7.23s
2026-02-11 12:05:55,385 | INFO | Epoch [29/100] - Loss: 0.4639 | Correct: 41843/50000 (83.69%, 28.48s)
2026-02-11 12:05:57,965 | INFO | Validation - Loss: 0.5554 | Correct: 8106/10000 (81.06%, 2.58s)
2026-02-11 12:05:58,014 | INFO | New best model saved at epoch 29 with Top1 Acc: 81.06%
2026-02-11 12:06:05,274 | INFO | Batch 100 | Loss: 0.4802 | Correct: 112/128 | Elapsed Time: 7.26s
2026-02-11 12:06:12,553 | INFO | Batch 200 | Loss: 0.4055 | Correct: 112/128 | Elapsed Time: 7.28s
2026-02-11 12:06:19,770 | INFO | Batch 300 | Loss: 0.4224 | Correct: 108/128 | Elapsed Time: 7.22s
2026-02-11 12:06:26,333 | INFO | Epoch [30/100] - Loss: 0.4544 | Correct: 41982/50000 (83.96%, 28.32s)
2026-02-11 12:06:28,889 | INFO | Validation - Loss: 0.6083 | Correct: 7968/10000 (79.68%, 2.55s)
2026-02-11 12:06:36,146 | INFO | Batch 100 | Loss: 0.3101 | Correct: 116/128 | Elapsed Time: 7.26s
2026-02-11 12:06:43,421 | INFO | Batch 200 | Loss: 0.4578 | Correct: 108/128 | Elapsed Time: 7.27s
2026-02-11 12:06:50,680 | INFO | Batch 300 | Loss: 0.4619 | Correct: 104/128 | Elapsed Time: 7.26s
2026-02-11 12:06:57,242 | INFO | Epoch [31/100] - Loss: 0.4436 | Correct: 42171/50000 (84.34%, 28.35s)
2026-02-11 12:06:59,846 | INFO | Validation - Loss: 0.5653 | Correct: 8140/10000 (81.40%, 2.60s)
2026-02-11 12:06:59,887 | INFO | New best model saved at epoch 31 with Top1 Acc: 81.40%
2026-02-11 12:07:07,165 | INFO | Batch 100 | Loss: 0.4800 | Correct: 108/128 | Elapsed Time: 7.28s
2026-02-11 12:07:14,460 | INFO | Batch 200 | Loss: 0.5801 | Correct: 101/128 | Elapsed Time: 7.29s
2026-02-11 12:07:21,742 | INFO | Batch 300 | Loss: 0.4753 | Correct: 107/128 | Elapsed Time: 7.28s
2026-02-11 12:07:28,326 | INFO | Epoch [32/100] - Loss: 0.4359 | Correct: 42378/50000 (84.76%, 28.44s)
2026-02-11 12:07:30,912 | INFO | Validation - Loss: 0.5572 | Correct: 8139/10000 (81.39%, 2.59s)
2026-02-11 12:07:38,239 | INFO | Batch 100 | Loss: 0.4373 | Correct: 110/128 | Elapsed Time: 7.32s
2026-02-11 12:07:45,478 | INFO | Batch 200 | Loss: 0.3218 | Correct: 114/128 | Elapsed Time: 7.24s
2026-02-11 12:07:52,731 | INFO | Batch 300 | Loss: 0.4082 | Correct: 106/128 | Elapsed Time: 7.25s
2026-02-11 12:07:59,322 | INFO | Epoch [33/100] - Loss: 0.4306 | Correct: 42460/50000 (84.92%, 28.41s)
2026-02-11 12:08:01,914 | INFO | Validation - Loss: 0.5603 | Correct: 8157/10000 (81.57%, 2.59s)
2026-02-11 12:08:01,955 | INFO | New best model saved at epoch 33 with Top1 Acc: 81.57%
2026-02-11 12:08:09,220 | INFO | Batch 100 | Loss: 0.5327 | Correct: 105/128 | Elapsed Time: 7.26s
2026-02-11 12:08:16,535 | INFO | Batch 200 | Loss: 0.3416 | Correct: 115/128 | Elapsed Time: 7.31s
2026-02-11 12:08:23,810 | INFO | Batch 300 | Loss: 0.4773 | Correct: 107/128 | Elapsed Time: 7.28s
2026-02-11 12:08:30,447 | INFO | Epoch [34/100] - Loss: 0.4265 | Correct: 42456/50000 (84.91%, 28.49s)
2026-02-11 12:08:32,985 | INFO | Validation - Loss: 0.5664 | Correct: 8068/10000 (80.68%, 2.54s)
2026-02-11 12:08:40,266 | INFO | Batch 100 | Loss: 0.5225 | Correct: 104/128 | Elapsed Time: 7.28s
2026-02-11 12:08:47,542 | INFO | Batch 200 | Loss: 0.5454 | Correct: 105/128 | Elapsed Time: 7.28s
2026-02-11 12:08:54,823 | INFO | Batch 300 | Loss: 0.4780 | Correct: 105/128 | Elapsed Time: 7.28s
2026-02-11 12:09:01,449 | INFO | Epoch [35/100] - Loss: 0.4175 | Correct: 42702/50000 (85.40%, 28.46s)
2026-02-11 12:09:03,991 | INFO | Validation - Loss: 0.5514 | Correct: 8153/10000 (81.53%, 2.54s)
2026-02-11 12:09:11,275 | INFO | Batch 100 | Loss: 0.3726 | Correct: 111/128 | Elapsed Time: 7.28s
2026-02-11 12:09:18,563 | INFO | Batch 200 | Loss: 0.3833 | Correct: 109/128 | Elapsed Time: 7.29s
2026-02-11 12:09:25,837 | INFO | Batch 300 | Loss: 0.4290 | Correct: 111/128 | Elapsed Time: 7.27s
2026-02-11 12:09:32,425 | INFO | Epoch [36/100] - Loss: 0.4103 | Correct: 42811/50000 (85.62%, 28.43s)
2026-02-11 12:09:34,987 | INFO | Validation - Loss: 0.5623 | Correct: 8139/10000 (81.39%, 2.56s)
2026-02-11 12:09:42,265 | INFO | Batch 100 | Loss: 0.2795 | Correct: 115/128 | Elapsed Time: 7.28s
2026-02-11 12:09:49,531 | INFO | Batch 200 | Loss: 0.4871 | Correct: 103/128 | Elapsed Time: 7.27s
2026-02-11 12:09:56,815 | INFO | Batch 300 | Loss: 0.2646 | Correct: 117/128 | Elapsed Time: 7.28s
2026-02-11 12:10:03,420 | INFO | Epoch [37/100] - Loss: 0.4059 | Correct: 42808/50000 (85.62%, 28.43s)
2026-02-11 12:10:06,026 | INFO | Validation - Loss: 0.5122 | Correct: 8265/10000 (82.65%, 2.60s)
2026-02-11 12:10:06,073 | INFO | New best model saved at epoch 37 with Top1 Acc: 82.65%
2026-02-11 12:10:13,417 | INFO | Batch 100 | Loss: 0.3877 | Correct: 107/128 | Elapsed Time: 7.34s
2026-02-11 12:10:20,717 | INFO | Batch 200 | Loss: 0.2451 | Correct: 117/128 | Elapsed Time: 7.30s
2026-02-11 12:10:27,984 | INFO | Batch 300 | Loss: 0.3684 | Correct: 111/128 | Elapsed Time: 7.27s
2026-02-11 12:10:34,547 | INFO | Epoch [38/100] - Loss: 0.3973 | Correct: 43003/50000 (86.01%, 28.47s)
2026-02-11 12:10:37,128 | INFO | Validation - Loss: 0.5856 | Correct: 8063/10000 (80.63%, 2.58s)
2026-02-11 12:10:44,442 | INFO | Batch 100 | Loss: 0.2786 | Correct: 117/128 | Elapsed Time: 7.31s
2026-02-11 12:10:51,747 | INFO | Batch 200 | Loss: 0.4136 | Correct: 111/128 | Elapsed Time: 7.30s
2026-02-11 12:10:59,020 | INFO | Batch 300 | Loss: 0.4983 | Correct: 108/128 | Elapsed Time: 7.27s
2026-02-11 12:11:05,669 | INFO | Epoch [39/100] - Loss: 0.3979 | Correct: 43035/50000 (86.07%, 28.54s)
2026-02-11 12:11:08,229 | INFO | Validation - Loss: 0.5474 | Correct: 8147/10000 (81.47%, 2.56s)
2026-02-11 12:11:15,507 | INFO | Batch 100 | Loss: 0.3257 | Correct: 110/128 | Elapsed Time: 7.28s
2026-02-11 12:11:22,790 | INFO | Batch 200 | Loss: 0.4258 | Correct: 112/128 | Elapsed Time: 7.28s
2026-02-11 12:11:30,077 | INFO | Batch 300 | Loss: 0.4299 | Correct: 103/128 | Elapsed Time: 7.29s
2026-02-11 12:11:36,657 | INFO | Epoch [40/100] - Loss: 0.3822 | Correct: 43192/50000 (86.38%, 28.43s)
2026-02-11 12:11:39,263 | INFO | Validation - Loss: 0.5960 | Correct: 7996/10000 (79.96%, 2.61s)
2026-02-11 12:11:46,571 | INFO | Batch 100 | Loss: 0.4756 | Correct: 109/128 | Elapsed Time: 7.31s
2026-02-11 12:11:53,878 | INFO | Batch 200 | Loss: 0.2476 | Correct: 117/128 | Elapsed Time: 7.31s
2026-02-11 12:12:01,160 | INFO | Batch 300 | Loss: 0.3701 | Correct: 113/128 | Elapsed Time: 7.28s
2026-02-11 12:12:07,744 | INFO | Epoch [41/100] - Loss: 0.3821 | Correct: 43275/50000 (86.55%, 28.48s)
2026-02-11 12:12:10,328 | INFO | Validation - Loss: 0.5737 | Correct: 8126/10000 (81.26%, 2.58s)
2026-02-11 12:12:17,647 | INFO | Batch 100 | Loss: 0.3010 | Correct: 111/128 | Elapsed Time: 7.32s
2026-02-11 12:12:24,900 | INFO | Batch 200 | Loss: 0.3762 | Correct: 108/128 | Elapsed Time: 7.25s
2026-02-11 12:12:32,182 | INFO | Batch 300 | Loss: 0.3477 | Correct: 115/128 | Elapsed Time: 7.28s
2026-02-11 12:12:38,750 | INFO | Epoch [42/100] - Loss: 0.3751 | Correct: 43342/50000 (86.68%, 28.42s)
2026-02-11 12:12:41,341 | INFO | Validation - Loss: 0.5174 | Correct: 8259/10000 (82.59%, 2.59s)
2026-02-11 12:12:48,563 | INFO | Batch 100 | Loss: 0.4751 | Correct: 107/128 | Elapsed Time: 7.22s
2026-02-11 12:12:55,800 | INFO | Batch 200 | Loss: 0.3123 | Correct: 112/128 | Elapsed Time: 7.24s
2026-02-11 12:13:03,015 | INFO | Batch 300 | Loss: 0.4021 | Correct: 110/128 | Elapsed Time: 7.21s
2026-02-11 12:13:09,594 | INFO | Epoch [43/100] - Loss: 0.3690 | Correct: 43393/50000 (86.79%, 28.25s)
2026-02-11 12:13:12,169 | INFO | Validation - Loss: 0.5223 | Correct: 8275/10000 (82.75%, 2.57s)
2026-02-11 12:13:12,216 | INFO | New best model saved at epoch 43 with Top1 Acc: 82.75%
2026-02-11 12:13:19,492 | INFO | Batch 100 | Loss: 0.3601 | Correct: 116/128 | Elapsed Time: 7.28s
2026-02-11 12:13:26,754 | INFO | Batch 200 | Loss: 0.4377 | Correct: 107/128 | Elapsed Time: 7.26s
2026-02-11 12:13:34,003 | INFO | Batch 300 | Loss: 0.2499 | Correct: 119/128 | Elapsed Time: 7.25s
2026-02-11 12:13:40,606 | INFO | Epoch [44/100] - Loss: 0.3655 | Correct: 43550/50000 (87.10%, 28.39s)
2026-02-11 12:13:43,161 | INFO | Validation - Loss: 0.5071 | Correct: 8351/10000 (83.51%, 2.55s)
2026-02-11 12:13:43,204 | INFO | New best model saved at epoch 44 with Top1 Acc: 83.51%
2026-02-11 12:13:50,489 | INFO | Batch 100 | Loss: 0.2939 | Correct: 116/128 | Elapsed Time: 7.29s
2026-02-11 12:13:57,795 | INFO | Batch 200 | Loss: 0.3298 | Correct: 116/128 | Elapsed Time: 7.31s
2026-02-11 12:14:05,083 | INFO | Batch 300 | Loss: 0.5103 | Correct: 107/128 | Elapsed Time: 7.29s
2026-02-11 12:14:11,715 | INFO | Epoch [45/100] - Loss: 0.3599 | Correct: 43717/50000 (87.43%, 28.51s)
2026-02-11 12:14:14,328 | INFO | Validation - Loss: 0.5518 | Correct: 8179/10000 (81.79%, 2.61s)
2026-02-11 12:14:21,668 | INFO | Batch 100 | Loss: 0.3164 | Correct: 113/128 | Elapsed Time: 7.34s
2026-02-11 12:14:28,963 | INFO | Batch 200 | Loss: 0.3059 | Correct: 112/128 | Elapsed Time: 7.29s
2026-02-11 12:14:36,215 | INFO | Batch 300 | Loss: 0.3662 | Correct: 106/128 | Elapsed Time: 7.25s
2026-02-11 12:14:42,827 | INFO | Epoch [46/100] - Loss: 0.3548 | Correct: 43710/50000 (87.42%, 28.50s)
2026-02-11 12:14:45,420 | INFO | Validation - Loss: 0.5414 | Correct: 8250/10000 (82.50%, 2.59s)
2026-02-11 12:14:52,679 | INFO | Batch 100 | Loss: 0.4912 | Correct: 107/128 | Elapsed Time: 7.26s
2026-02-11 12:14:59,959 | INFO | Batch 200 | Loss: 0.2422 | Correct: 116/128 | Elapsed Time: 7.28s
2026-02-11 12:15:07,187 | INFO | Batch 300 | Loss: 0.2820 | Correct: 117/128 | Elapsed Time: 7.23s
2026-02-11 12:15:13,781 | INFO | Epoch [47/100] - Loss: 0.3518 | Correct: 43800/50000 (87.60%, 28.36s)
2026-02-11 12:15:16,404 | INFO | Validation - Loss: 0.5107 | Correct: 8297/10000 (82.97%, 2.62s)
2026-02-11 12:15:23,662 | INFO | Batch 100 | Loss: 0.4341 | Correct: 109/128 | Elapsed Time: 7.26s
2026-02-11 12:15:30,904 | INFO | Batch 200 | Loss: 0.5200 | Correct: 107/128 | Elapsed Time: 7.24s
2026-02-11 12:15:38,114 | INFO | Batch 300 | Loss: 0.3591 | Correct: 111/128 | Elapsed Time: 7.21s
2026-02-11 12:15:44,671 | INFO | Epoch [48/100] - Loss: 0.3478 | Correct: 43844/50000 (87.69%, 28.26s)
2026-02-11 12:15:47,232 | INFO | Validation - Loss: 0.5682 | Correct: 8176/10000 (81.76%, 2.56s)
2026-02-11 12:15:54,478 | INFO | Batch 100 | Loss: 0.3999 | Correct: 112/128 | Elapsed Time: 7.24s
2026-02-11 12:16:01,728 | INFO | Batch 200 | Loss: 0.2739 | Correct: 114/128 | Elapsed Time: 7.25s
2026-02-11 12:16:08,966 | INFO | Batch 300 | Loss: 0.3689 | Correct: 112/128 | Elapsed Time: 7.24s
2026-02-11 12:16:15,599 | INFO | Epoch [49/100] - Loss: 0.3438 | Correct: 43925/50000 (87.85%, 28.36s)
2026-02-11 12:16:18,161 | INFO | Validation - Loss: 0.5411 | Correct: 8246/10000 (82.46%, 2.56s)
2026-02-11 12:16:25,452 | INFO | Batch 100 | Loss: 0.4097 | Correct: 113/128 | Elapsed Time: 7.29s
2026-02-11 12:16:32,718 | INFO | Batch 200 | Loss: 0.3184 | Correct: 116/128 | Elapsed Time: 7.27s
2026-02-11 12:16:39,974 | INFO | Batch 300 | Loss: 0.4160 | Correct: 106/128 | Elapsed Time: 7.26s
2026-02-11 12:16:46,573 | INFO | Epoch [50/100] - Loss: 0.3382 | Correct: 43991/50000 (87.98%, 28.41s)
2026-02-11 12:16:49,170 | INFO | Validation - Loss: 0.5282 | Correct: 8252/10000 (82.52%, 2.60s)
2026-02-11 12:16:56,441 | INFO | Batch 100 | Loss: 0.2527 | Correct: 119/128 | Elapsed Time: 7.27s
2026-02-11 12:17:03,692 | INFO | Batch 200 | Loss: 0.3120 | Correct: 116/128 | Elapsed Time: 7.25s
2026-02-11 12:17:10,953 | INFO | Batch 300 | Loss: 0.2666 | Correct: 116/128 | Elapsed Time: 7.26s
2026-02-11 12:17:17,579 | INFO | Epoch [51/100] - Loss: 0.2699 | Correct: 45253/50000 (90.51%, 28.41s)
2026-02-11 12:17:20,179 | INFO | Validation - Loss: 0.4216 | Correct: 8602/10000 (86.02%, 2.60s)
2026-02-11 12:17:20,233 | INFO | New best model saved at epoch 51 with Top1 Acc: 86.02%
2026-02-11 12:17:27,533 | INFO | Batch 100 | Loss: 0.2822 | Correct: 115/128 | Elapsed Time: 7.30s
2026-02-11 12:17:34,804 | INFO | Batch 200 | Loss: 0.2179 | Correct: 118/128 | Elapsed Time: 7.27s
2026-02-11 12:17:42,102 | INFO | Batch 300 | Loss: 0.2002 | Correct: 118/128 | Elapsed Time: 7.30s
2026-02-11 12:17:48,651 | INFO | Epoch [52/100] - Loss: 0.2492 | Correct: 45661/50000 (91.32%, 28.42s)
2026-02-11 12:17:51,259 | INFO | Validation - Loss: 0.4170 | Correct: 8648/10000 (86.48%, 2.61s)
2026-02-11 12:17:51,309 | INFO | New best model saved at epoch 52 with Top1 Acc: 86.48%
2026-02-11 12:17:58,602 | INFO | Batch 100 | Loss: 0.3057 | Correct: 113/128 | Elapsed Time: 7.29s
2026-02-11 12:18:05,879 | INFO | Batch 200 | Loss: 0.2089 | Correct: 120/128 | Elapsed Time: 7.28s
2026-02-11 12:18:13,149 | INFO | Batch 300 | Loss: 0.2197 | Correct: 118/128 | Elapsed Time: 7.27s
2026-02-11 12:18:19,781 | INFO | Epoch [53/100] - Loss: 0.2415 | Correct: 45799/50000 (91.60%, 28.47s)
2026-02-11 12:18:22,353 | INFO | Validation - Loss: 0.4182 | Correct: 8650/10000 (86.50%, 2.57s)
2026-02-11 12:18:22,397 | INFO | New best model saved at epoch 53 with Top1 Acc: 86.50%
2026-02-11 12:18:29,703 | INFO | Batch 100 | Loss: 0.2942 | Correct: 115/128 | Elapsed Time: 7.31s
2026-02-11 12:18:36,953 | INFO | Batch 200 | Loss: 0.2086 | Correct: 118/128 | Elapsed Time: 7.25s
2026-02-11 12:18:44,247 | INFO | Batch 300 | Loss: 0.1919 | Correct: 122/128 | Elapsed Time: 7.29s
2026-02-11 12:18:50,872 | INFO | Epoch [54/100] - Loss: 0.2354 | Correct: 45887/50000 (91.77%, 28.47s)
2026-02-11 12:18:53,459 | INFO | Validation - Loss: 0.4196 | Correct: 8617/10000 (86.17%, 2.59s)
2026-02-11 12:19:00,804 | INFO | Batch 100 | Loss: 0.2126 | Correct: 120/128 | Elapsed Time: 7.34s
2026-02-11 12:19:08,139 | INFO | Batch 200 | Loss: 0.3323 | Correct: 112/128 | Elapsed Time: 7.33s
2026-02-11 12:19:15,418 | INFO | Batch 300 | Loss: 0.1937 | Correct: 119/128 | Elapsed Time: 7.28s
2026-02-11 12:19:22,002 | INFO | Epoch [55/100] - Loss: 0.2361 | Correct: 45925/50000 (91.85%, 28.54s)
2026-02-11 12:19:24,599 | INFO | Validation - Loss: 0.4197 | Correct: 8645/10000 (86.45%, 2.60s)
2026-02-11 12:19:31,893 | INFO | Batch 100 | Loss: 0.2722 | Correct: 118/128 | Elapsed Time: 7.29s
2026-02-11 12:19:39,168 | INFO | Batch 200 | Loss: 0.2245 | Correct: 119/128 | Elapsed Time: 7.28s
2026-02-11 12:19:46,393 | INFO | Batch 300 | Loss: 0.2404 | Correct: 117/128 | Elapsed Time: 7.23s
2026-02-11 12:19:53,009 | INFO | Epoch [56/100] - Loss: 0.2296 | Correct: 45999/50000 (92.00%, 28.41s)
2026-02-11 12:19:55,630 | INFO | Validation - Loss: 0.4227 | Correct: 8621/10000 (86.21%, 2.62s)
2026-02-11 12:20:02,919 | INFO | Batch 100 | Loss: 0.2107 | Correct: 121/128 | Elapsed Time: 7.29s
2026-02-11 12:20:10,202 | INFO | Batch 200 | Loss: 0.1697 | Correct: 120/128 | Elapsed Time: 7.28s
2026-02-11 12:20:17,475 | INFO | Batch 300 | Loss: 0.2610 | Correct: 116/128 | Elapsed Time: 7.27s
2026-02-11 12:20:24,069 | INFO | Epoch [57/100] - Loss: 0.2325 | Correct: 45940/50000 (91.88%, 28.44s)
2026-02-11 12:20:26,655 | INFO | Validation - Loss: 0.4249 | Correct: 8628/10000 (86.28%, 2.58s)
2026-02-11 12:20:33,931 | INFO | Batch 100 | Loss: 0.2664 | Correct: 113/128 | Elapsed Time: 7.27s
2026-02-11 12:20:41,154 | INFO | Batch 200 | Loss: 0.1919 | Correct: 120/128 | Elapsed Time: 7.22s
2026-02-11 12:20:48,407 | INFO | Batch 300 | Loss: 0.1971 | Correct: 117/128 | Elapsed Time: 7.25s
2026-02-11 12:20:55,023 | INFO | Epoch [58/100] - Loss: 0.2294 | Correct: 46022/50000 (92.04%, 28.37s)
2026-02-11 12:20:57,613 | INFO | Validation - Loss: 0.4228 | Correct: 8617/10000 (86.17%, 2.59s)
2026-02-11 12:21:04,906 | INFO | Batch 100 | Loss: 0.2620 | Correct: 112/128 | Elapsed Time: 7.29s
2026-02-11 12:21:12,169 | INFO | Batch 200 | Loss: 0.1570 | Correct: 122/128 | Elapsed Time: 7.26s
2026-02-11 12:21:19,409 | INFO | Batch 300 | Loss: 0.1815 | Correct: 120/128 | Elapsed Time: 7.24s
2026-02-11 12:21:25,990 | INFO | Epoch [59/100] - Loss: 0.2250 | Correct: 46109/50000 (92.22%, 28.37s)
2026-02-11 12:21:28,546 | INFO | Validation - Loss: 0.4252 | Correct: 8632/10000 (86.32%, 2.56s)
2026-02-11 12:21:35,815 | INFO | Batch 100 | Loss: 0.2742 | Correct: 116/128 | Elapsed Time: 7.27s
2026-02-11 12:21:43,115 | INFO | Batch 200 | Loss: 0.2325 | Correct: 117/128 | Elapsed Time: 7.30s
2026-02-11 12:21:50,372 | INFO | Batch 300 | Loss: 0.1779 | Correct: 118/128 | Elapsed Time: 7.26s
2026-02-11 12:21:56,958 | INFO | Epoch [60/100] - Loss: 0.2252 | Correct: 46095/50000 (92.19%, 28.41s)
2026-02-11 12:21:59,571 | INFO | Validation - Loss: 0.4203 | Correct: 8630/10000 (86.30%, 2.61s)
2026-02-11 12:22:06,853 | INFO | Batch 100 | Loss: 0.1395 | Correct: 125/128 | Elapsed Time: 7.28s
2026-02-11 12:22:14,165 | INFO | Batch 200 | Loss: 0.2625 | Correct: 121/128 | Elapsed Time: 7.31s
2026-02-11 12:22:21,465 | INFO | Batch 300 | Loss: 0.3291 | Correct: 109/128 | Elapsed Time: 7.30s
2026-02-11 12:22:28,052 | INFO | Epoch [61/100] - Loss: 0.2247 | Correct: 46064/50000 (92.13%, 28.48s)
2026-02-11 12:22:30,644 | INFO | Validation - Loss: 0.4226 | Correct: 8644/10000 (86.44%, 2.59s)
2026-02-11 12:22:37,888 | INFO | Batch 100 | Loss: 0.1050 | Correct: 125/128 | Elapsed Time: 7.24s
2026-02-11 12:22:45,118 | INFO | Batch 200 | Loss: 0.2144 | Correct: 118/128 | Elapsed Time: 7.23s
2026-02-11 12:22:52,352 | INFO | Batch 300 | Loss: 0.2566 | Correct: 114/128 | Elapsed Time: 7.23s
2026-02-11 12:22:58,992 | INFO | Epoch [62/100] - Loss: 0.2173 | Correct: 46249/50000 (92.50%, 28.35s)
2026-02-11 12:23:01,571 | INFO | Validation - Loss: 0.4226 | Correct: 8666/10000 (86.66%, 2.58s)
2026-02-11 12:23:01,619 | INFO | New best model saved at epoch 62 with Top1 Acc: 86.66%
2026-02-11 12:23:08,913 | INFO | Batch 100 | Loss: 0.2529 | Correct: 114/128 | Elapsed Time: 7.29s
2026-02-11 12:23:16,191 | INFO | Batch 200 | Loss: 0.2598 | Correct: 115/128 | Elapsed Time: 7.28s
2026-02-11 12:23:23,459 | INFO | Batch 300 | Loss: 0.3093 | Correct: 116/128 | Elapsed Time: 7.27s
2026-02-11 12:23:30,087 | INFO | Epoch [63/100] - Loss: 0.2148 | Correct: 46297/50000 (92.59%, 28.47s)
2026-02-11 12:23:32,659 | INFO | Validation - Loss: 0.4212 | Correct: 8655/10000 (86.55%, 2.57s)
2026-02-11 12:23:39,985 | INFO | Batch 100 | Loss: 0.1447 | Correct: 124/128 | Elapsed Time: 7.32s
2026-02-11 12:23:47,276 | INFO | Batch 200 | Loss: 0.2388 | Correct: 117/128 | Elapsed Time: 7.29s
2026-02-11 12:23:54,558 | INFO | Batch 300 | Loss: 0.2881 | Correct: 115/128 | Elapsed Time: 7.28s
2026-02-11 12:24:01,162 | INFO | Epoch [64/100] - Loss: 0.2144 | Correct: 46271/50000 (92.54%, 28.50s)
2026-02-11 12:24:03,756 | INFO | Validation - Loss: 0.4228 | Correct: 8644/10000 (86.44%, 2.59s)
2026-02-11 12:24:11,029 | INFO | Batch 100 | Loss: 0.2164 | Correct: 118/128 | Elapsed Time: 7.27s
2026-02-11 12:24:18,310 | INFO | Batch 200 | Loss: 0.2825 | Correct: 115/128 | Elapsed Time: 7.28s
2026-02-11 12:24:25,561 | INFO | Batch 300 | Loss: 0.1488 | Correct: 122/128 | Elapsed Time: 7.25s
2026-02-11 12:24:32,128 | INFO | Epoch [65/100] - Loss: 0.2137 | Correct: 46243/50000 (92.49%, 28.37s)
2026-02-11 12:24:34,712 | INFO | Validation - Loss: 0.4206 | Correct: 8685/10000 (86.85%, 2.58s)
2026-02-11 12:24:34,758 | INFO | New best model saved at epoch 65 with Top1 Acc: 86.85%
2026-02-11 12:24:42,058 | INFO | Batch 100 | Loss: 0.1958 | Correct: 120/128 | Elapsed Time: 7.30s
2026-02-11 12:24:49,317 | INFO | Batch 200 | Loss: 0.1571 | Correct: 121/128 | Elapsed Time: 7.26s
2026-02-11 12:24:56,606 | INFO | Batch 300 | Loss: 0.1484 | Correct: 122/128 | Elapsed Time: 7.29s
2026-02-11 12:25:03,275 | INFO | Epoch [66/100] - Loss: 0.2124 | Correct: 46325/50000 (92.65%, 28.52s)
2026-02-11 12:25:05,882 | INFO | Validation - Loss: 0.4256 | Correct: 8658/10000 (86.58%, 2.61s)
2026-02-11 12:25:13,144 | INFO | Batch 100 | Loss: 0.1576 | Correct: 123/128 | Elapsed Time: 7.26s
2026-02-11 12:25:20,387 | INFO | Batch 200 | Loss: 0.1825 | Correct: 119/128 | Elapsed Time: 7.24s
2026-02-11 12:25:27,674 | INFO | Batch 300 | Loss: 0.1351 | Correct: 123/128 | Elapsed Time: 7.29s
2026-02-11 12:25:34,311 | INFO | Epoch [67/100] - Loss: 0.2077 | Correct: 46386/50000 (92.77%, 28.43s)
2026-02-11 12:25:36,914 | INFO | Validation - Loss: 0.4234 | Correct: 8666/10000 (86.66%, 2.60s)
2026-02-11 12:25:44,256 | INFO | Batch 100 | Loss: 0.1814 | Correct: 119/128 | Elapsed Time: 7.34s
2026-02-11 12:25:51,558 | INFO | Batch 200 | Loss: 0.1687 | Correct: 120/128 | Elapsed Time: 7.30s
2026-02-11 12:25:58,858 | INFO | Batch 300 | Loss: 0.1699 | Correct: 121/128 | Elapsed Time: 7.30s
2026-02-11 12:26:05,477 | INFO | Epoch [68/100] - Loss: 0.2055 | Correct: 46459/50000 (92.92%, 28.56s)
2026-02-11 12:26:08,040 | INFO | Validation - Loss: 0.4263 | Correct: 8667/10000 (86.67%, 2.56s)
2026-02-11 12:26:15,360 | INFO | Batch 100 | Loss: 0.1636 | Correct: 123/128 | Elapsed Time: 7.32s
2026-02-11 12:26:22,625 | INFO | Batch 200 | Loss: 0.2249 | Correct: 116/128 | Elapsed Time: 7.26s
2026-02-11 12:26:29,906 | INFO | Batch 300 | Loss: 0.2089 | Correct: 119/128 | Elapsed Time: 7.28s
2026-02-11 12:26:36,499 | INFO | Epoch [69/100] - Loss: 0.2041 | Correct: 46505/50000 (93.01%, 28.46s)
2026-02-11 12:26:39,055 | INFO | Validation - Loss: 0.4219 | Correct: 8660/10000 (86.60%, 2.55s)
2026-02-11 12:26:46,315 | INFO | Batch 100 | Loss: 0.1543 | Correct: 122/128 | Elapsed Time: 7.26s
2026-02-11 12:26:53,636 | INFO | Batch 200 | Loss: 0.2000 | Correct: 121/128 | Elapsed Time: 7.32s
2026-02-11 12:27:00,958 | INFO | Batch 300 | Loss: 0.1593 | Correct: 122/128 | Elapsed Time: 7.32s
2026-02-11 12:27:07,549 | INFO | Epoch [70/100] - Loss: 0.2026 | Correct: 46463/50000 (92.93%, 28.49s)
2026-02-11 12:27:10,159 | INFO | Validation - Loss: 0.4255 | Correct: 8659/10000 (86.59%, 2.61s)
2026-02-11 12:27:17,457 | INFO | Batch 100 | Loss: 0.2634 | Correct: 114/128 | Elapsed Time: 7.30s
2026-02-11 12:27:24,705 | INFO | Batch 200 | Loss: 0.2362 | Correct: 117/128 | Elapsed Time: 7.25s
2026-02-11 12:27:32,035 | INFO | Batch 300 | Loss: 0.1699 | Correct: 123/128 | Elapsed Time: 7.33s
2026-02-11 12:27:38,644 | INFO | Epoch [71/100] - Loss: 0.2001 | Correct: 46523/50000 (93.05%, 28.48s)
2026-02-11 12:27:41,273 | INFO | Validation - Loss: 0.4251 | Correct: 8662/10000 (86.62%, 2.63s)
2026-02-11 12:27:48,603 | INFO | Batch 100 | Loss: 0.2145 | Correct: 116/128 | Elapsed Time: 7.33s
2026-02-11 12:27:55,928 | INFO | Batch 200 | Loss: 0.1754 | Correct: 122/128 | Elapsed Time: 7.33s
2026-02-11 12:28:03,167 | INFO | Batch 300 | Loss: 0.1323 | Correct: 121/128 | Elapsed Time: 7.24s
2026-02-11 12:28:09,781 | INFO | Epoch [72/100] - Loss: 0.1973 | Correct: 46645/50000 (93.29%, 28.51s)
2026-02-11 12:28:12,337 | INFO | Validation - Loss: 0.4325 | Correct: 8642/10000 (86.42%, 2.55s)
2026-02-11 12:28:19,638 | INFO | Batch 100 | Loss: 0.1256 | Correct: 124/128 | Elapsed Time: 7.30s
2026-02-11 12:28:26,914 | INFO | Batch 200 | Loss: 0.2050 | Correct: 117/128 | Elapsed Time: 7.28s
2026-02-11 12:28:34,205 | INFO | Batch 300 | Loss: 0.1971 | Correct: 120/128 | Elapsed Time: 7.29s
2026-02-11 12:28:40,787 | INFO | Epoch [73/100] - Loss: 0.1962 | Correct: 46678/50000 (93.36%, 28.45s)
2026-02-11 12:28:43,363 | INFO | Validation - Loss: 0.4301 | Correct: 8654/10000 (86.54%, 2.57s)
2026-02-11 12:28:50,645 | INFO | Batch 100 | Loss: 0.1918 | Correct: 120/128 | Elapsed Time: 7.28s
2026-02-11 12:28:57,902 | INFO | Batch 200 | Loss: 0.1115 | Correct: 123/128 | Elapsed Time: 7.26s
2026-02-11 12:29:05,168 | INFO | Batch 300 | Loss: 0.2700 | Correct: 115/128 | Elapsed Time: 7.27s
2026-02-11 12:29:11,758 | INFO | Epoch [74/100] - Loss: 0.1971 | Correct: 46606/50000 (93.21%, 28.39s)
2026-02-11 12:29:14,338 | INFO | Validation - Loss: 0.4327 | Correct: 8650/10000 (86.50%, 2.58s)
2026-02-11 12:29:21,645 | INFO | Batch 100 | Loss: 0.2054 | Correct: 119/128 | Elapsed Time: 7.30s
2026-02-11 12:29:28,909 | INFO | Batch 200 | Loss: 0.1880 | Correct: 121/128 | Elapsed Time: 7.26s
2026-02-11 12:29:36,158 | INFO | Batch 300 | Loss: 0.2306 | Correct: 121/128 | Elapsed Time: 7.25s
2026-02-11 12:29:42,815 | INFO | Epoch [75/100] - Loss: 0.1945 | Correct: 46673/50000 (93.35%, 28.47s)
2026-02-11 12:29:45,431 | INFO | Validation - Loss: 0.4347 | Correct: 8648/10000 (86.48%, 2.61s)
2026-02-11 12:29:52,690 | INFO | Batch 100 | Loss: 0.2328 | Correct: 117/128 | Elapsed Time: 7.26s
2026-02-11 12:29:59,975 | INFO | Batch 200 | Loss: 0.1503 | Correct: 121/128 | Elapsed Time: 7.29s
2026-02-11 12:30:07,256 | INFO | Batch 300 | Loss: 0.1914 | Correct: 122/128 | Elapsed Time: 7.28s
2026-02-11 12:30:13,887 | INFO | Epoch [76/100] - Loss: 0.1875 | Correct: 46781/50000 (93.56%, 28.45s)
2026-02-11 12:30:16,472 | INFO | Validation - Loss: 0.4313 | Correct: 8646/10000 (86.46%, 2.58s)
2026-02-11 12:30:23,745 | INFO | Batch 100 | Loss: 0.1783 | Correct: 119/128 | Elapsed Time: 7.27s
2026-02-11 12:30:31,012 | INFO | Batch 200 | Loss: 0.1279 | Correct: 123/128 | Elapsed Time: 7.27s
2026-02-11 12:30:38,279 | INFO | Batch 300 | Loss: 0.2262 | Correct: 118/128 | Elapsed Time: 7.27s
2026-02-11 12:30:44,871 | INFO | Epoch [77/100] - Loss: 0.1863 | Correct: 46874/50000 (93.75%, 28.40s)
2026-02-11 12:30:47,428 | INFO | Validation - Loss: 0.4290 | Correct: 8651/10000 (86.51%, 2.56s)
2026-02-11 12:30:54,676 | INFO | Batch 100 | Loss: 0.2438 | Correct: 117/128 | Elapsed Time: 7.24s
2026-02-11 12:31:01,949 | INFO | Batch 200 | Loss: 0.1233 | Correct: 122/128 | Elapsed Time: 7.27s
2026-02-11 12:31:09,202 | INFO | Batch 300 | Loss: 0.1608 | Correct: 119/128 | Elapsed Time: 7.25s
2026-02-11 12:31:15,756 | INFO | Epoch [78/100] - Loss: 0.1822 | Correct: 46904/50000 (93.81%, 28.32s)
2026-02-11 12:31:18,317 | INFO | Validation - Loss: 0.4278 | Correct: 8642/10000 (86.42%, 2.56s)
2026-02-11 12:31:25,556 | INFO | Batch 100 | Loss: 0.1764 | Correct: 122/128 | Elapsed Time: 7.24s
2026-02-11 12:31:32,818 | INFO | Batch 200 | Loss: 0.2896 | Correct: 115/128 | Elapsed Time: 7.26s
2026-02-11 12:31:40,077 | INFO | Batch 300 | Loss: 0.2294 | Correct: 117/128 | Elapsed Time: 7.26s
2026-02-11 12:31:46,648 | INFO | Epoch [79/100] - Loss: 0.1862 | Correct: 46857/50000 (93.71%, 28.33s)
2026-02-11 12:31:49,274 | INFO | Validation - Loss: 0.4271 | Correct: 8656/10000 (86.56%, 2.62s)
2026-02-11 12:31:56,615 | INFO | Batch 100 | Loss: 0.1661 | Correct: 119/128 | Elapsed Time: 7.34s
2026-02-11 12:32:03,889 | INFO | Batch 200 | Loss: 0.1416 | Correct: 120/128 | Elapsed Time: 7.27s
2026-02-11 12:32:11,113 | INFO | Batch 300 | Loss: 0.2347 | Correct: 120/128 | Elapsed Time: 7.22s
2026-02-11 12:32:17,686 | INFO | Epoch [80/100] - Loss: 0.1834 | Correct: 46916/50000 (93.83%, 28.41s)
2026-02-11 12:32:20,293 | INFO | Validation - Loss: 0.4290 | Correct: 8641/10000 (86.41%, 2.61s)
2026-02-11 12:32:27,545 | INFO | Batch 100 | Loss: 0.1295 | Correct: 125/128 | Elapsed Time: 7.25s
2026-02-11 12:32:34,865 | INFO | Batch 200 | Loss: 0.1171 | Correct: 124/128 | Elapsed Time: 7.32s
2026-02-11 12:32:42,160 | INFO | Batch 300 | Loss: 0.1393 | Correct: 122/128 | Elapsed Time: 7.29s
2026-02-11 12:32:48,753 | INFO | Epoch [81/100] - Loss: 0.1841 | Correct: 46899/50000 (93.80%, 28.46s)
2026-02-11 12:32:51,324 | INFO | Validation - Loss: 0.4302 | Correct: 8669/10000 (86.69%, 2.57s)
2026-02-11 12:32:58,610 | INFO | Batch 100 | Loss: 0.1116 | Correct: 123/128 | Elapsed Time: 7.28s
2026-02-11 12:33:05,909 | INFO | Batch 200 | Loss: 0.1552 | Correct: 122/128 | Elapsed Time: 7.30s
2026-02-11 12:33:13,170 | INFO | Batch 300 | Loss: 0.2010 | Correct: 119/128 | Elapsed Time: 7.26s
2026-02-11 12:33:19,763 | INFO | Epoch [82/100] - Loss: 0.1824 | Correct: 46943/50000 (93.89%, 28.44s)
2026-02-11 12:33:22,332 | INFO | Validation - Loss: 0.4260 | Correct: 8656/10000 (86.56%, 2.57s)
2026-02-11 12:33:29,639 | INFO | Batch 100 | Loss: 0.2029 | Correct: 118/128 | Elapsed Time: 7.30s
2026-02-11 12:33:36,953 | INFO | Batch 200 | Loss: 0.1980 | Correct: 119/128 | Elapsed Time: 7.31s
2026-02-11 12:33:44,256 | INFO | Batch 300 | Loss: 0.1636 | Correct: 123/128 | Elapsed Time: 7.30s
2026-02-11 12:33:50,874 | INFO | Epoch [83/100] - Loss: 0.1854 | Correct: 46840/50000 (93.68%, 28.54s)
2026-02-11 12:33:53,445 | INFO | Validation - Loss: 0.4246 | Correct: 8666/10000 (86.66%, 2.57s)
2026-02-11 12:34:00,750 | INFO | Batch 100 | Loss: 0.1438 | Correct: 122/128 | Elapsed Time: 7.30s
2026-02-11 12:34:07,969 | INFO | Batch 200 | Loss: 0.2147 | Correct: 117/128 | Elapsed Time: 7.22s
2026-02-11 12:34:15,272 | INFO | Batch 300 | Loss: 0.1664 | Correct: 119/128 | Elapsed Time: 7.30s
2026-02-11 12:34:21,871 | INFO | Epoch [84/100] - Loss: 0.1830 | Correct: 46931/50000 (93.86%, 28.42s)
2026-02-11 12:34:24,469 | INFO | Validation - Loss: 0.4273 | Correct: 8651/10000 (86.51%, 2.60s)
2026-02-11 12:34:31,724 | INFO | Batch 100 | Loss: 0.2559 | Correct: 115/128 | Elapsed Time: 7.25s
2026-02-11 12:34:39,000 | INFO | Batch 200 | Loss: 0.1808 | Correct: 122/128 | Elapsed Time: 7.28s
2026-02-11 12:34:46,262 | INFO | Batch 300 | Loss: 0.1630 | Correct: 123/128 | Elapsed Time: 7.26s
2026-02-11 12:34:52,902 | INFO | Epoch [85/100] - Loss: 0.1838 | Correct: 46983/50000 (93.97%, 28.43s)
2026-02-11 12:34:55,503 | INFO | Validation - Loss: 0.4262 | Correct: 8670/10000 (86.70%, 2.60s)
2026-02-11 12:35:02,791 | INFO | Batch 100 | Loss: 0.1566 | Correct: 121/128 | Elapsed Time: 7.28s
2026-02-11 12:35:10,074 | INFO | Batch 200 | Loss: 0.1467 | Correct: 121/128 | Elapsed Time: 7.28s
2026-02-11 12:35:17,339 | INFO | Batch 300 | Loss: 0.1309 | Correct: 121/128 | Elapsed Time: 7.27s
2026-02-11 12:35:23,942 | INFO | Epoch [86/100] - Loss: 0.1810 | Correct: 46986/50000 (93.97%, 28.44s)
2026-02-11 12:35:26,540 | INFO | Validation - Loss: 0.4241 | Correct: 8664/10000 (86.64%, 2.60s)
2026-02-11 12:35:33,755 | INFO | Batch 100 | Loss: 0.1835 | Correct: 119/128 | Elapsed Time: 7.21s
2026-02-11 12:35:41,023 | INFO | Batch 200 | Loss: 0.2421 | Correct: 117/128 | Elapsed Time: 7.27s
2026-02-11 12:35:48,268 | INFO | Batch 300 | Loss: 0.2896 | Correct: 117/128 | Elapsed Time: 7.24s
2026-02-11 12:35:54,878 | INFO | Epoch [87/100] - Loss: 0.1842 | Correct: 46902/50000 (93.80%, 28.34s)
2026-02-11 12:35:57,462 | INFO | Validation - Loss: 0.4244 | Correct: 8668/10000 (86.68%, 2.58s)
2026-02-11 12:36:04,706 | INFO | Batch 100 | Loss: 0.1960 | Correct: 120/128 | Elapsed Time: 7.24s
2026-02-11 12:36:11,953 | INFO | Batch 200 | Loss: 0.1733 | Correct: 120/128 | Elapsed Time: 7.25s
2026-02-11 12:36:19,181 | INFO | Batch 300 | Loss: 0.1797 | Correct: 121/128 | Elapsed Time: 7.23s
2026-02-11 12:36:25,744 | INFO | Epoch [88/100] - Loss: 0.1853 | Correct: 46862/50000 (93.72%, 28.28s)
2026-02-11 12:36:28,322 | INFO | Validation - Loss: 0.4245 | Correct: 8666/10000 (86.66%, 2.58s)
2026-02-11 12:36:35,560 | INFO | Batch 100 | Loss: 0.1510 | Correct: 124/128 | Elapsed Time: 7.23s
2026-02-11 12:36:42,749 | INFO | Batch 200 | Loss: 0.1796 | Correct: 120/128 | Elapsed Time: 7.19s
2026-02-11 12:36:50,029 | INFO | Batch 300 | Loss: 0.2325 | Correct: 118/128 | Elapsed Time: 7.28s
2026-02-11 12:36:56,586 | INFO | Epoch [89/100] - Loss: 0.1827 | Correct: 46965/50000 (93.93%, 28.26s)
2026-02-11 12:36:59,182 | INFO | Validation - Loss: 0.4265 | Correct: 8659/10000 (86.59%, 2.59s)
2026-02-11 12:37:06,409 | INFO | Batch 100 | Loss: 0.1042 | Correct: 125/128 | Elapsed Time: 7.22s
2026-02-11 12:37:13,628 | INFO | Batch 200 | Loss: 0.1870 | Correct: 121/128 | Elapsed Time: 7.22s
2026-02-11 12:37:20,876 | INFO | Batch 300 | Loss: 0.2280 | Correct: 117/128 | Elapsed Time: 7.25s
2026-02-11 12:37:27,426 | INFO | Epoch [90/100] - Loss: 0.1857 | Correct: 46938/50000 (93.88%, 28.24s)
2026-02-11 12:37:30,013 | INFO | Validation - Loss: 0.4217 | Correct: 8669/10000 (86.69%, 2.59s)
2026-02-11 12:37:37,296 | INFO | Batch 100 | Loss: 0.2216 | Correct: 116/128 | Elapsed Time: 7.28s
2026-02-11 12:37:44,567 | INFO | Batch 200 | Loss: 0.1587 | Correct: 123/128 | Elapsed Time: 7.27s
2026-02-11 12:37:51,840 | INFO | Batch 300 | Loss: 0.1649 | Correct: 120/128 | Elapsed Time: 7.27s
2026-02-11 12:37:58,464 | INFO | Epoch [91/100] - Loss: 0.1836 | Correct: 46963/50000 (93.93%, 28.45s)
2026-02-11 12:38:01,047 | INFO | Validation - Loss: 0.4239 | Correct: 8662/10000 (86.62%, 2.58s)
2026-02-11 12:38:08,301 | INFO | Batch 100 | Loss: 0.0938 | Correct: 127/128 | Elapsed Time: 7.25s
2026-02-11 12:38:15,532 | INFO | Batch 200 | Loss: 0.1764 | Correct: 121/128 | Elapsed Time: 7.23s
2026-02-11 12:38:22,748 | INFO | Batch 300 | Loss: 0.1851 | Correct: 120/128 | Elapsed Time: 7.22s
2026-02-11 12:38:29,321 | INFO | Epoch [92/100] - Loss: 0.1836 | Correct: 46975/50000 (93.95%, 28.27s)
2026-02-11 12:38:31,876 | INFO | Validation - Loss: 0.4231 | Correct: 8668/10000 (86.68%, 2.55s)
2026-02-11 12:38:39,111 | INFO | Batch 100 | Loss: 0.1499 | Correct: 124/128 | Elapsed Time: 7.23s
2026-02-11 12:38:46,296 | INFO | Batch 200 | Loss: 0.1854 | Correct: 124/128 | Elapsed Time: 7.19s
2026-02-11 12:38:53,507 | INFO | Batch 300 | Loss: 0.1895 | Correct: 118/128 | Elapsed Time: 7.21s
2026-02-11 12:39:00,098 | INFO | Epoch [93/100] - Loss: 0.1847 | Correct: 46984/50000 (93.97%, 28.22s)
2026-02-11 12:39:02,666 | INFO | Validation - Loss: 0.4221 | Correct: 8660/10000 (86.60%, 2.57s)
2026-02-11 12:39:09,944 | INFO | Batch 100 | Loss: 0.1593 | Correct: 124/128 | Elapsed Time: 7.27s
2026-02-11 12:39:17,163 | INFO | Batch 200 | Loss: 0.1600 | Correct: 120/128 | Elapsed Time: 7.22s
2026-02-11 12:39:24,406 | INFO | Batch 300 | Loss: 0.1724 | Correct: 122/128 | Elapsed Time: 7.24s
2026-02-11 12:39:30,981 | INFO | Epoch [94/100] - Loss: 0.1844 | Correct: 46934/50000 (93.87%, 28.31s)
2026-02-11 12:39:33,525 | INFO | Validation - Loss: 0.4246 | Correct: 8675/10000 (86.75%, 2.54s)
2026-02-11 12:39:40,803 | INFO | Batch 100 | Loss: 0.1228 | Correct: 125/128 | Elapsed Time: 7.27s
2026-02-11 12:39:48,089 | INFO | Batch 200 | Loss: 0.2482 | Correct: 119/128 | Elapsed Time: 7.29s
2026-02-11 12:39:55,336 | INFO | Batch 300 | Loss: 0.1835 | Correct: 120/128 | Elapsed Time: 7.25s
2026-02-11 12:40:01,929 | INFO | Epoch [95/100] - Loss: 0.1852 | Correct: 46967/50000 (93.93%, 28.40s)
2026-02-11 12:40:04,499 | INFO | Validation - Loss: 0.4213 | Correct: 8672/10000 (86.72%, 2.57s)
2026-02-11 12:40:11,761 | INFO | Batch 100 | Loss: 0.1927 | Correct: 119/128 | Elapsed Time: 7.26s
2026-02-11 12:40:18,991 | INFO | Batch 200 | Loss: 0.1368 | Correct: 120/128 | Elapsed Time: 7.23s
2026-02-11 12:40:26,205 | INFO | Batch 300 | Loss: 0.1423 | Correct: 121/128 | Elapsed Time: 7.21s
2026-02-11 12:40:32,817 | INFO | Epoch [96/100] - Loss: 0.1851 | Correct: 46970/50000 (93.94%, 28.31s)
2026-02-11 12:40:35,392 | INFO | Validation - Loss: 0.4220 | Correct: 8660/10000 (86.60%, 2.57s)
2026-02-11 12:40:42,616 | INFO | Batch 100 | Loss: 0.1794 | Correct: 119/128 | Elapsed Time: 7.22s
2026-02-11 12:40:49,885 | INFO | Batch 200 | Loss: 0.1451 | Correct: 124/128 | Elapsed Time: 7.27s
2026-02-11 12:40:57,147 | INFO | Batch 300 | Loss: 0.2169 | Correct: 119/128 | Elapsed Time: 7.26s
2026-02-11 12:41:03,768 | INFO | Epoch [97/100] - Loss: 0.1858 | Correct: 46911/50000 (93.82%, 28.37s)
2026-02-11 12:41:06,371 | INFO | Validation - Loss: 0.4227 | Correct: 8640/10000 (86.40%, 2.60s)
2026-02-11 12:41:13,653 | INFO | Batch 100 | Loss: 0.1929 | Correct: 123/128 | Elapsed Time: 7.28s
2026-02-11 12:41:20,923 | INFO | Batch 200 | Loss: 0.1818 | Correct: 120/128 | Elapsed Time: 7.27s
2026-02-11 12:41:28,198 | INFO | Batch 300 | Loss: 0.1365 | Correct: 122/128 | Elapsed Time: 7.27s
2026-02-11 12:41:34,771 | INFO | Epoch [98/100] - Loss: 0.1861 | Correct: 46865/50000 (93.73%, 28.40s)
2026-02-11 12:41:37,343 | INFO | Validation - Loss: 0.4235 | Correct: 8663/10000 (86.63%, 2.57s)
2026-02-11 12:41:44,629 | INFO | Batch 100 | Loss: 0.2003 | Correct: 121/128 | Elapsed Time: 7.28s
2026-02-11 12:41:51,911 | INFO | Batch 200 | Loss: 0.2207 | Correct: 118/128 | Elapsed Time: 7.28s
2026-02-11 12:41:59,196 | INFO | Batch 300 | Loss: 0.1851 | Correct: 120/128 | Elapsed Time: 7.29s
2026-02-11 12:42:05,794 | INFO | Epoch [99/100] - Loss: 0.1876 | Correct: 46912/50000 (93.82%, 28.45s)
2026-02-11 12:42:08,347 | INFO | Validation - Loss: 0.4212 | Correct: 8668/10000 (86.68%, 2.55s)
2026-02-11 12:42:15,603 | INFO | Batch 100 | Loss: 0.1957 | Correct: 120/128 | Elapsed Time: 7.25s
2026-02-11 12:42:22,866 | INFO | Batch 200 | Loss: 0.2349 | Correct: 117/128 | Elapsed Time: 7.26s
2026-02-11 12:42:30,137 | INFO | Batch 300 | Loss: 0.2026 | Correct: 120/128 | Elapsed Time: 7.27s
2026-02-11 12:42:36,717 | INFO | Epoch [100/100] - Loss: 0.1909 | Correct: 46834/50000 (93.67%, 28.37s)
2026-02-11 12:42:39,312 | INFO | Validation - Loss: 0.4247 | Correct: 8654/10000 (86.54%, 2.59s)
2026-02-11 12:42:39,315 | INFO | Training complete.
2026-02-11 12:42:39,352 | INFO | Final model saved to ./checkpoints/mobilenetv1_fp_final_20260211_115046.pt
