2026-01-18 10:26:12,230 | INFO | Training ShuffleNetV2 on CIFAR-10 with FP (dtype=torch.float32) on device cuda:0
2026-01-18 10:26:12,230 | INFO | Hyperparameters: epochs=100, batch_size=128, lr=0.1, momentum=0.9, weight_decay=0.0001
2026-01-18 10:26:20,281 | INFO | Batch 100 | Loss: 2.7441 | Correct: 25/128 | Elapsed Time: 8.05s
2026-01-18 10:26:27,811 | INFO | Batch 200 | Loss: 2.1190 | Correct: 24/128 | Elapsed Time: 7.53s
2026-01-18 10:26:35,243 | INFO | Batch 300 | Loss: 1.8711 | Correct: 37/128 | Elapsed Time: 7.43s
2026-01-18 10:26:42,050 | INFO | Epoch [1/100] - Loss: 2.3936 | Correct: 11562/50000 (23.12%, 29.82s)
2026-01-18 10:26:45,010 | INFO | Validation - Loss: 1.7021 | Correct: 3718/10000 (37.18%, 2.96s)
2026-01-18 10:26:45,063 | INFO | New best model saved at epoch 1 with Top1 Acc: 37.18%
2026-01-18 10:26:52,536 | INFO | Batch 100 | Loss: 1.6922 | Correct: 44/128 | Elapsed Time: 7.47s
2026-01-18 10:26:59,995 | INFO | Batch 200 | Loss: 1.6076 | Correct: 43/128 | Elapsed Time: 7.46s
2026-01-18 10:27:07,399 | INFO | Batch 300 | Loss: 1.5849 | Correct: 53/128 | Elapsed Time: 7.40s
2026-01-18 10:27:14,109 | INFO | Epoch [2/100] - Loss: 1.6707 | Correct: 19213/50000 (38.43%, 29.05s)
2026-01-18 10:27:17,115 | INFO | Validation - Loss: 1.4798 | Correct: 4608/10000 (46.08%, 3.01s)
2026-01-18 10:27:17,169 | INFO | New best model saved at epoch 2 with Top1 Acc: 46.08%
2026-01-18 10:27:24,508 | INFO | Batch 100 | Loss: 1.4380 | Correct: 67/128 | Elapsed Time: 7.34s
2026-01-18 10:27:31,820 | INFO | Batch 200 | Loss: 1.6745 | Correct: 56/128 | Elapsed Time: 7.31s
2026-01-18 10:27:39,166 | INFO | Batch 300 | Loss: 1.5385 | Correct: 59/128 | Elapsed Time: 7.35s
2026-01-18 10:27:45,901 | INFO | Epoch [3/100] - Loss: 1.5323 | Correct: 22027/50000 (44.05%, 28.73s)
2026-01-18 10:27:48,851 | INFO | Validation - Loss: 1.3947 | Correct: 4965/10000 (49.65%, 2.95s)
2026-01-18 10:27:48,909 | INFO | New best model saved at epoch 3 with Top1 Acc: 49.65%
2026-01-18 10:27:56,307 | INFO | Batch 100 | Loss: 1.5285 | Correct: 59/128 | Elapsed Time: 7.40s
2026-01-18 10:28:03,701 | INFO | Batch 200 | Loss: 1.4894 | Correct: 57/128 | Elapsed Time: 7.39s
2026-01-18 10:28:11,040 | INFO | Batch 300 | Loss: 1.6093 | Correct: 44/128 | Elapsed Time: 7.34s
2026-01-18 10:28:17,769 | INFO | Epoch [4/100] - Loss: 1.4541 | Correct: 23497/50000 (46.99%, 28.86s)
2026-01-18 10:28:20,681 | INFO | Validation - Loss: 1.3397 | Correct: 5069/10000 (50.69%, 2.91s)
2026-01-18 10:28:20,738 | INFO | New best model saved at epoch 4 with Top1 Acc: 50.69%
2026-01-18 10:28:28,170 | INFO | Batch 100 | Loss: 1.2970 | Correct: 70/128 | Elapsed Time: 7.43s
2026-01-18 10:28:35,635 | INFO | Batch 200 | Loss: 1.3787 | Correct: 68/128 | Elapsed Time: 7.46s
2026-01-18 10:28:43,027 | INFO | Batch 300 | Loss: 1.5969 | Correct: 51/128 | Elapsed Time: 7.39s
2026-01-18 10:28:49,755 | INFO | Epoch [5/100] - Loss: 1.3986 | Correct: 24677/50000 (49.35%, 29.02s)
2026-01-18 10:28:52,713 | INFO | Validation - Loss: 1.3430 | Correct: 5118/10000 (51.18%, 2.96s)
2026-01-18 10:28:52,771 | INFO | New best model saved at epoch 5 with Top1 Acc: 51.18%
2026-01-18 10:29:00,163 | INFO | Batch 100 | Loss: 1.2717 | Correct: 70/128 | Elapsed Time: 7.39s
2026-01-18 10:29:07,577 | INFO | Batch 200 | Loss: 1.3912 | Correct: 62/128 | Elapsed Time: 7.41s
2026-01-18 10:29:14,924 | INFO | Batch 300 | Loss: 1.3524 | Correct: 63/128 | Elapsed Time: 7.35s
2026-01-18 10:29:21,593 | INFO | Epoch [6/100] - Loss: 1.3588 | Correct: 25399/50000 (50.80%, 28.82s)
2026-01-18 10:29:24,586 | INFO | Validation - Loss: 1.2853 | Correct: 5393/10000 (53.93%, 2.99s)
2026-01-18 10:29:24,641 | INFO | New best model saved at epoch 6 with Top1 Acc: 53.93%
2026-01-18 10:29:31,993 | INFO | Batch 100 | Loss: 1.2779 | Correct: 64/128 | Elapsed Time: 7.35s
2026-01-18 10:29:39,340 | INFO | Batch 200 | Loss: 1.1992 | Correct: 68/128 | Elapsed Time: 7.35s
2026-01-18 10:29:46,802 | INFO | Batch 300 | Loss: 1.2209 | Correct: 68/128 | Elapsed Time: 7.46s
2026-01-18 10:29:53,485 | INFO | Epoch [7/100] - Loss: 1.3229 | Correct: 26073/50000 (52.15%, 28.84s)
2026-01-18 10:29:56,411 | INFO | Validation - Loss: 1.2141 | Correct: 5668/10000 (56.68%, 2.93s)
2026-01-18 10:29:56,469 | INFO | New best model saved at epoch 7 with Top1 Acc: 56.68%
2026-01-18 10:30:03,842 | INFO | Batch 100 | Loss: 1.0730 | Correct: 81/128 | Elapsed Time: 7.37s
2026-01-18 10:30:11,218 | INFO | Batch 200 | Loss: 1.1911 | Correct: 74/128 | Elapsed Time: 7.38s
2026-01-18 10:30:18,575 | INFO | Batch 300 | Loss: 1.2835 | Correct: 69/128 | Elapsed Time: 7.36s
2026-01-18 10:30:25,248 | INFO | Epoch [8/100] - Loss: 1.3117 | Correct: 26334/50000 (52.67%, 28.78s)
2026-01-18 10:30:28,217 | INFO | Validation - Loss: 1.2051 | Correct: 5725/10000 (57.25%, 2.97s)
2026-01-18 10:30:28,273 | INFO | New best model saved at epoch 8 with Top1 Acc: 57.25%
2026-01-18 10:30:35,650 | INFO | Batch 100 | Loss: 1.2471 | Correct: 73/128 | Elapsed Time: 7.38s
2026-01-18 10:30:43,003 | INFO | Batch 200 | Loss: 1.2361 | Correct: 68/128 | Elapsed Time: 7.35s
2026-01-18 10:30:50,363 | INFO | Batch 300 | Loss: 1.0990 | Correct: 83/128 | Elapsed Time: 7.36s
2026-01-18 10:30:57,043 | INFO | Epoch [9/100] - Loss: 1.2587 | Correct: 27301/50000 (54.60%, 28.77s)
2026-01-18 10:30:59,962 | INFO | Validation - Loss: 1.2889 | Correct: 5377/10000 (53.77%, 2.92s)
2026-01-18 10:31:07,371 | INFO | Batch 100 | Loss: 0.9935 | Correct: 85/128 | Elapsed Time: 7.41s
2026-01-18 10:31:14,710 | INFO | Batch 200 | Loss: 1.4396 | Correct: 60/128 | Elapsed Time: 7.34s
2026-01-18 10:31:22,106 | INFO | Batch 300 | Loss: 1.4808 | Correct: 61/128 | Elapsed Time: 7.40s
2026-01-18 10:31:28,779 | INFO | Epoch [10/100] - Loss: 1.2781 | Correct: 26853/50000 (53.71%, 28.82s)
2026-01-18 10:31:31,693 | INFO | Validation - Loss: 1.2176 | Correct: 5670/10000 (56.70%, 2.91s)
2026-01-18 10:31:39,068 | INFO | Batch 100 | Loss: 1.2399 | Correct: 71/128 | Elapsed Time: 7.37s
2026-01-18 10:31:46,409 | INFO | Batch 200 | Loss: 1.2208 | Correct: 73/128 | Elapsed Time: 7.34s
2026-01-18 10:31:53,814 | INFO | Batch 300 | Loss: 1.2240 | Correct: 69/128 | Elapsed Time: 7.40s
2026-01-18 10:32:00,523 | INFO | Epoch [11/100] - Loss: 1.2218 | Correct: 28100/50000 (56.20%, 28.83s)
2026-01-18 10:32:03,473 | INFO | Validation - Loss: 1.1388 | Correct: 5908/10000 (59.08%, 2.95s)
2026-01-18 10:32:03,528 | INFO | New best model saved at epoch 11 with Top1 Acc: 59.08%
2026-01-18 10:32:10,934 | INFO | Batch 100 | Loss: 1.0913 | Correct: 82/128 | Elapsed Time: 7.41s
2026-01-18 10:32:18,349 | INFO | Batch 200 | Loss: 1.2283 | Correct: 73/128 | Elapsed Time: 7.42s
2026-01-18 10:32:25,662 | INFO | Batch 300 | Loss: 0.9671 | Correct: 85/128 | Elapsed Time: 7.31s
2026-01-18 10:32:32,460 | INFO | Epoch [12/100] - Loss: 1.1782 | Correct: 28833/50000 (57.67%, 28.93s)
2026-01-18 10:32:35,413 | INFO | Validation - Loss: 1.1373 | Correct: 5956/10000 (59.56%, 2.95s)
2026-01-18 10:32:35,471 | INFO | New best model saved at epoch 12 with Top1 Acc: 59.56%
2026-01-18 10:32:42,810 | INFO | Batch 100 | Loss: 1.1457 | Correct: 68/128 | Elapsed Time: 7.34s
2026-01-18 10:32:50,139 | INFO | Batch 200 | Loss: 1.2224 | Correct: 68/128 | Elapsed Time: 7.33s
2026-01-18 10:32:57,495 | INFO | Batch 300 | Loss: 1.1927 | Correct: 69/128 | Elapsed Time: 7.36s
2026-01-18 10:33:04,211 | INFO | Epoch [13/100] - Loss: 1.1775 | Correct: 29005/50000 (58.01%, 28.74s)
2026-01-18 10:33:07,159 | INFO | Validation - Loss: 1.0940 | Correct: 6097/10000 (60.97%, 2.95s)
2026-01-18 10:33:07,212 | INFO | New best model saved at epoch 13 with Top1 Acc: 60.97%
2026-01-18 10:33:14,566 | INFO | Batch 100 | Loss: 1.1392 | Correct: 75/128 | Elapsed Time: 7.35s
2026-01-18 10:33:21,877 | INFO | Batch 200 | Loss: 1.0102 | Correct: 85/128 | Elapsed Time: 7.31s
2026-01-18 10:33:29,264 | INFO | Batch 300 | Loss: 0.9523 | Correct: 82/128 | Elapsed Time: 7.39s
2026-01-18 10:33:35,922 | INFO | Epoch [14/100] - Loss: 1.1393 | Correct: 29658/50000 (59.32%, 28.71s)
2026-01-18 10:33:38,895 | INFO | Validation - Loss: 1.0745 | Correct: 6147/10000 (61.47%, 2.97s)
2026-01-18 10:33:38,954 | INFO | New best model saved at epoch 14 with Top1 Acc: 61.47%
2026-01-18 10:33:46,269 | INFO | Batch 100 | Loss: 1.0823 | Correct: 80/128 | Elapsed Time: 7.32s
2026-01-18 10:33:53,537 | INFO | Batch 200 | Loss: 1.2717 | Correct: 72/128 | Elapsed Time: 7.27s
2026-01-18 10:34:00,969 | INFO | Batch 300 | Loss: 1.2274 | Correct: 67/128 | Elapsed Time: 7.43s
2026-01-18 10:34:07,646 | INFO | Epoch [15/100] - Loss: 1.1290 | Correct: 29798/50000 (59.60%, 28.69s)
2026-01-18 10:34:10,529 | INFO | Validation - Loss: 1.0787 | Correct: 6128/10000 (61.28%, 2.88s)
2026-01-18 10:34:17,967 | INFO | Batch 100 | Loss: 1.1396 | Correct: 77/128 | Elapsed Time: 7.44s
2026-01-18 10:34:25,350 | INFO | Batch 200 | Loss: 1.0763 | Correct: 79/128 | Elapsed Time: 7.38s
2026-01-18 10:34:32,644 | INFO | Batch 300 | Loss: 1.2169 | Correct: 74/128 | Elapsed Time: 7.29s
2026-01-18 10:34:39,332 | INFO | Epoch [16/100] - Loss: 1.1342 | Correct: 29724/50000 (59.45%, 28.80s)
2026-01-18 10:34:42,278 | INFO | Validation - Loss: 1.1349 | Correct: 5962/10000 (59.62%, 2.94s)
2026-01-18 10:34:49,587 | INFO | Batch 100 | Loss: 1.2660 | Correct: 71/128 | Elapsed Time: 7.31s
2026-01-18 10:34:57,011 | INFO | Batch 200 | Loss: 1.1014 | Correct: 77/128 | Elapsed Time: 7.42s
2026-01-18 10:35:04,345 | INFO | Batch 300 | Loss: 1.0373 | Correct: 79/128 | Elapsed Time: 7.33s
2026-01-18 10:35:10,958 | INFO | Epoch [17/100] - Loss: 1.1043 | Correct: 30314/50000 (60.63%, 28.68s)
2026-01-18 10:35:13,894 | INFO | Validation - Loss: 1.0251 | Correct: 6342/10000 (63.42%, 2.94s)
2026-01-18 10:35:13,952 | INFO | New best model saved at epoch 17 with Top1 Acc: 63.42%
2026-01-18 10:35:21,397 | INFO | Batch 100 | Loss: 1.0162 | Correct: 87/128 | Elapsed Time: 7.44s
2026-01-18 10:35:28,792 | INFO | Batch 200 | Loss: 1.1828 | Correct: 72/128 | Elapsed Time: 7.40s
2026-01-18 10:35:36,156 | INFO | Batch 300 | Loss: 1.0864 | Correct: 74/128 | Elapsed Time: 7.36s
2026-01-18 10:35:42,861 | INFO | Epoch [18/100] - Loss: 1.0833 | Correct: 30682/50000 (61.36%, 28.91s)
2026-01-18 10:35:45,824 | INFO | Validation - Loss: 1.0310 | Correct: 6370/10000 (63.70%, 2.96s)
2026-01-18 10:35:45,889 | INFO | New best model saved at epoch 18 with Top1 Acc: 63.70%
2026-01-18 10:35:53,260 | INFO | Batch 100 | Loss: 1.0238 | Correct: 77/128 | Elapsed Time: 7.37s
2026-01-18 10:36:00,616 | INFO | Batch 200 | Loss: 1.3665 | Correct: 67/128 | Elapsed Time: 7.36s
2026-01-18 10:36:07,939 | INFO | Batch 300 | Loss: 1.3350 | Correct: 65/128 | Elapsed Time: 7.32s
2026-01-18 10:36:14,595 | INFO | Epoch [19/100] - Loss: 1.0941 | Correct: 30513/50000 (61.03%, 28.71s)
2026-01-18 10:36:17,574 | INFO | Validation - Loss: 1.0704 | Correct: 6212/10000 (62.12%, 2.98s)
2026-01-18 10:36:25,008 | INFO | Batch 100 | Loss: 0.9361 | Correct: 85/128 | Elapsed Time: 7.43s
2026-01-18 10:36:32,390 | INFO | Batch 200 | Loss: 1.2338 | Correct: 65/128 | Elapsed Time: 7.38s
2026-01-18 10:36:39,731 | INFO | Batch 300 | Loss: 1.0755 | Correct: 77/128 | Elapsed Time: 7.34s
2026-01-18 10:36:46,391 | INFO | Epoch [20/100] - Loss: 1.0698 | Correct: 31006/50000 (62.01%, 28.82s)
2026-01-18 10:36:49,340 | INFO | Validation - Loss: 1.0114 | Correct: 6402/10000 (64.02%, 2.95s)
2026-01-18 10:36:49,399 | INFO | New best model saved at epoch 20 with Top1 Acc: 64.02%
2026-01-18 10:36:56,742 | INFO | Batch 100 | Loss: 1.1150 | Correct: 76/128 | Elapsed Time: 7.34s
2026-01-18 10:37:04,146 | INFO | Batch 200 | Loss: 0.9180 | Correct: 86/128 | Elapsed Time: 7.40s
2026-01-18 10:37:11,479 | INFO | Batch 300 | Loss: 0.9904 | Correct: 83/128 | Elapsed Time: 7.33s
2026-01-18 10:37:18,122 | INFO | Epoch [21/100] - Loss: 1.0584 | Correct: 31153/50000 (62.31%, 28.72s)
2026-01-18 10:37:21,054 | INFO | Validation - Loss: 1.0189 | Correct: 6394/10000 (63.94%, 2.93s)
2026-01-18 10:37:28,394 | INFO | Batch 100 | Loss: 0.9162 | Correct: 90/128 | Elapsed Time: 7.34s
2026-01-18 10:37:35,755 | INFO | Batch 200 | Loss: 0.8943 | Correct: 88/128 | Elapsed Time: 7.36s
2026-01-18 10:37:43,108 | INFO | Batch 300 | Loss: 0.8494 | Correct: 84/128 | Elapsed Time: 7.35s
2026-01-18 10:37:49,800 | INFO | Epoch [22/100] - Loss: 1.0138 | Correct: 31925/50000 (63.85%, 28.74s)
2026-01-18 10:37:52,734 | INFO | Validation - Loss: 1.0101 | Correct: 6431/10000 (64.31%, 2.93s)
2026-01-18 10:37:52,788 | INFO | New best model saved at epoch 22 with Top1 Acc: 64.31%
2026-01-18 10:38:00,199 | INFO | Batch 100 | Loss: 1.1505 | Correct: 74/128 | Elapsed Time: 7.41s
2026-01-18 10:38:07,637 | INFO | Batch 200 | Loss: 0.9558 | Correct: 87/128 | Elapsed Time: 7.44s
2026-01-18 10:38:14,947 | INFO | Batch 300 | Loss: 0.9255 | Correct: 88/128 | Elapsed Time: 7.31s
2026-01-18 10:38:21,598 | INFO | Epoch [23/100] - Loss: 0.9980 | Correct: 32291/50000 (64.58%, 28.81s)
2026-01-18 10:38:24,546 | INFO | Validation - Loss: 0.9733 | Correct: 6543/10000 (65.43%, 2.95s)
2026-01-18 10:38:24,603 | INFO | New best model saved at epoch 23 with Top1 Acc: 65.43%
2026-01-18 10:38:31,969 | INFO | Batch 100 | Loss: 1.1978 | Correct: 68/128 | Elapsed Time: 7.37s
2026-01-18 10:38:39,293 | INFO | Batch 200 | Loss: 1.1667 | Correct: 80/128 | Elapsed Time: 7.32s
2026-01-18 10:38:46,670 | INFO | Batch 300 | Loss: 0.9119 | Correct: 91/128 | Elapsed Time: 7.38s
2026-01-18 10:38:53,335 | INFO | Epoch [24/100] - Loss: 0.9824 | Correct: 32567/50000 (65.13%, 28.73s)
2026-01-18 10:38:56,276 | INFO | Validation - Loss: 0.9416 | Correct: 6643/10000 (66.43%, 2.94s)
2026-01-18 10:38:56,334 | INFO | New best model saved at epoch 24 with Top1 Acc: 66.43%
2026-01-18 10:39:03,723 | INFO | Batch 100 | Loss: 1.0185 | Correct: 80/128 | Elapsed Time: 7.39s
2026-01-18 10:39:11,075 | INFO | Batch 200 | Loss: 1.0786 | Correct: 81/128 | Elapsed Time: 7.35s
2026-01-18 10:39:18,423 | INFO | Batch 300 | Loss: 0.8760 | Correct: 87/128 | Elapsed Time: 7.35s
2026-01-18 10:39:25,074 | INFO | Epoch [25/100] - Loss: 0.9673 | Correct: 32759/50000 (65.52%, 28.74s)
2026-01-18 10:39:28,019 | INFO | Validation - Loss: 0.9668 | Correct: 6538/10000 (65.38%, 2.94s)
2026-01-18 10:39:35,443 | INFO | Batch 100 | Loss: 0.9379 | Correct: 88/128 | Elapsed Time: 7.42s
2026-01-18 10:39:42,761 | INFO | Batch 200 | Loss: 1.0488 | Correct: 77/128 | Elapsed Time: 7.32s
2026-01-18 10:39:50,188 | INFO | Batch 300 | Loss: 0.9371 | Correct: 85/128 | Elapsed Time: 7.43s
2026-01-18 10:39:56,801 | INFO | Epoch [26/100] - Loss: 0.9456 | Correct: 33206/50000 (66.41%, 28.78s)
2026-01-18 10:39:59,764 | INFO | Validation - Loss: 0.9877 | Correct: 6525/10000 (65.25%, 2.96s)
2026-01-18 10:40:07,111 | INFO | Batch 100 | Loss: 0.9864 | Correct: 86/128 | Elapsed Time: 7.35s
2026-01-18 10:40:14,421 | INFO | Batch 200 | Loss: 1.0070 | Correct: 83/128 | Elapsed Time: 7.31s
2026-01-18 10:40:21,860 | INFO | Batch 300 | Loss: 0.9793 | Correct: 81/128 | Elapsed Time: 7.44s
2026-01-18 10:40:28,558 | INFO | Epoch [27/100] - Loss: 0.9388 | Correct: 33303/50000 (66.61%, 28.79s)
2026-01-18 10:40:31,526 | INFO | Validation - Loss: 0.8996 | Correct: 6814/10000 (68.14%, 2.97s)
2026-01-18 10:40:31,583 | INFO | New best model saved at epoch 27 with Top1 Acc: 68.14%
2026-01-18 10:40:39,057 | INFO | Batch 100 | Loss: 0.8635 | Correct: 96/128 | Elapsed Time: 7.47s
2026-01-18 10:40:46,433 | INFO | Batch 200 | Loss: 0.7880 | Correct: 93/128 | Elapsed Time: 7.38s
2026-01-18 10:40:53,725 | INFO | Batch 300 | Loss: 0.9447 | Correct: 81/128 | Elapsed Time: 7.29s
2026-01-18 10:41:00,456 | INFO | Epoch [28/100] - Loss: 0.9293 | Correct: 33559/50000 (67.12%, 28.87s)
2026-01-18 10:41:03,411 | INFO | Validation - Loss: 0.9318 | Correct: 6751/10000 (67.51%, 2.95s)
2026-01-18 10:41:10,811 | INFO | Batch 100 | Loss: 0.8577 | Correct: 92/128 | Elapsed Time: 7.40s
2026-01-18 10:41:18,165 | INFO | Batch 200 | Loss: 0.9752 | Correct: 83/128 | Elapsed Time: 7.35s
2026-01-18 10:41:25,433 | INFO | Batch 300 | Loss: 0.8688 | Correct: 89/128 | Elapsed Time: 7.27s
2026-01-18 10:41:32,081 | INFO | Epoch [29/100] - Loss: 0.9083 | Correct: 33879/50000 (67.76%, 28.67s)
2026-01-18 10:41:35,069 | INFO | Validation - Loss: 0.9441 | Correct: 6704/10000 (67.04%, 2.99s)
2026-01-18 10:41:42,459 | INFO | Batch 100 | Loss: 0.8914 | Correct: 88/128 | Elapsed Time: 7.39s
2026-01-18 10:41:49,895 | INFO | Batch 200 | Loss: 0.8708 | Correct: 84/128 | Elapsed Time: 7.44s
2026-01-18 10:41:57,255 | INFO | Batch 300 | Loss: 0.9739 | Correct: 86/128 | Elapsed Time: 7.36s
2026-01-18 10:42:03,969 | INFO | Epoch [30/100] - Loss: 0.8925 | Correct: 34330/50000 (68.66%, 28.90s)
2026-01-18 10:42:06,924 | INFO | Validation - Loss: 0.8733 | Correct: 6888/10000 (68.88%, 2.95s)
2026-01-18 10:42:06,984 | INFO | New best model saved at epoch 30 with Top1 Acc: 68.88%
2026-01-18 10:42:14,386 | INFO | Batch 100 | Loss: 0.7503 | Correct: 95/128 | Elapsed Time: 7.40s
2026-01-18 10:42:21,741 | INFO | Batch 200 | Loss: 1.0311 | Correct: 76/128 | Elapsed Time: 7.35s
2026-01-18 10:42:29,078 | INFO | Batch 300 | Loss: 1.1084 | Correct: 73/128 | Elapsed Time: 7.34s
2026-01-18 10:42:35,710 | INFO | Epoch [31/100] - Loss: 0.8745 | Correct: 34570/50000 (69.14%, 28.73s)
2026-01-18 10:42:38,715 | INFO | Validation - Loss: 0.8791 | Correct: 6912/10000 (69.12%, 3.00s)
2026-01-18 10:42:38,769 | INFO | New best model saved at epoch 31 with Top1 Acc: 69.12%
2026-01-18 10:42:46,145 | INFO | Batch 100 | Loss: 0.9337 | Correct: 89/128 | Elapsed Time: 7.38s
2026-01-18 10:42:53,457 | INFO | Batch 200 | Loss: 1.0061 | Correct: 82/128 | Elapsed Time: 7.31s
2026-01-18 10:43:00,773 | INFO | Batch 300 | Loss: 0.8973 | Correct: 82/128 | Elapsed Time: 7.32s
2026-01-18 10:43:07,483 | INFO | Epoch [32/100] - Loss: 0.8668 | Correct: 34655/50000 (69.31%, 28.71s)
2026-01-18 10:43:10,387 | INFO | Validation - Loss: 0.9205 | Correct: 6751/10000 (67.51%, 2.90s)
2026-01-18 10:43:17,705 | INFO | Batch 100 | Loss: 0.8265 | Correct: 92/128 | Elapsed Time: 7.32s
2026-01-18 10:43:25,074 | INFO | Batch 200 | Loss: 0.6478 | Correct: 96/128 | Elapsed Time: 7.37s
2026-01-18 10:43:32,423 | INFO | Batch 300 | Loss: 0.8238 | Correct: 89/128 | Elapsed Time: 7.35s
2026-01-18 10:43:39,119 | INFO | Epoch [33/100] - Loss: 0.8540 | Correct: 34813/50000 (69.63%, 28.73s)
2026-01-18 10:43:42,090 | INFO | Validation - Loss: 0.8381 | Correct: 7073/10000 (70.73%, 2.97s)
2026-01-18 10:43:42,148 | INFO | New best model saved at epoch 33 with Top1 Acc: 70.73%
2026-01-18 10:43:49,539 | INFO | Batch 100 | Loss: 1.0714 | Correct: 75/128 | Elapsed Time: 7.39s
2026-01-18 10:43:56,957 | INFO | Batch 200 | Loss: 0.7943 | Correct: 92/128 | Elapsed Time: 7.42s
2026-01-18 10:44:04,418 | INFO | Batch 300 | Loss: 0.7402 | Correct: 92/128 | Elapsed Time: 7.46s
2026-01-18 10:44:11,071 | INFO | Epoch [34/100] - Loss: 0.8378 | Correct: 35197/50000 (70.39%, 28.92s)
2026-01-18 10:44:14,027 | INFO | Validation - Loss: 0.8391 | Correct: 7059/10000 (70.59%, 2.95s)
2026-01-18 10:44:21,402 | INFO | Batch 100 | Loss: 1.0441 | Correct: 83/128 | Elapsed Time: 7.37s
2026-01-18 10:44:28,755 | INFO | Batch 200 | Loss: 0.8616 | Correct: 89/128 | Elapsed Time: 7.35s
2026-01-18 10:44:36,144 | INFO | Batch 300 | Loss: 0.9010 | Correct: 86/128 | Elapsed Time: 7.39s
2026-01-18 10:44:42,833 | INFO | Epoch [35/100] - Loss: 0.8342 | Correct: 35220/50000 (70.44%, 28.80s)
2026-01-18 10:44:45,757 | INFO | Validation - Loss: 0.8734 | Correct: 6981/10000 (69.81%, 2.92s)
2026-01-18 10:44:53,181 | INFO | Batch 100 | Loss: 0.7141 | Correct: 96/128 | Elapsed Time: 7.42s
2026-01-18 10:45:00,588 | INFO | Batch 200 | Loss: 0.8416 | Correct: 93/128 | Elapsed Time: 7.41s
2026-01-18 10:45:07,912 | INFO | Batch 300 | Loss: 0.7920 | Correct: 87/128 | Elapsed Time: 7.32s
2026-01-18 10:45:14,586 | INFO | Epoch [36/100] - Loss: 0.8193 | Correct: 35602/50000 (71.20%, 28.83s)
2026-01-18 10:45:17,569 | INFO | Validation - Loss: 0.8394 | Correct: 7042/10000 (70.42%, 2.98s)
2026-01-18 10:45:24,992 | INFO | Batch 100 | Loss: 0.7688 | Correct: 93/128 | Elapsed Time: 7.42s
2026-01-18 10:45:32,342 | INFO | Batch 200 | Loss: 0.8529 | Correct: 89/128 | Elapsed Time: 7.35s
2026-01-18 10:45:39,732 | INFO | Batch 300 | Loss: 0.7753 | Correct: 95/128 | Elapsed Time: 7.39s
2026-01-18 10:45:46,438 | INFO | Epoch [37/100] - Loss: 0.8150 | Correct: 35517/50000 (71.03%, 28.87s)
2026-01-18 10:45:49,408 | INFO | Validation - Loss: 0.8804 | Correct: 6930/10000 (69.30%, 2.97s)
2026-01-18 10:45:56,765 | INFO | Batch 100 | Loss: 0.9072 | Correct: 86/128 | Elapsed Time: 7.36s
2026-01-18 10:46:04,165 | INFO | Batch 200 | Loss: 0.7116 | Correct: 95/128 | Elapsed Time: 7.40s
2026-01-18 10:46:11,425 | INFO | Batch 300 | Loss: 0.8807 | Correct: 92/128 | Elapsed Time: 7.26s
2026-01-18 10:46:18,085 | INFO | Epoch [38/100] - Loss: 0.8035 | Correct: 35893/50000 (71.79%, 28.68s)
2026-01-18 10:46:21,033 | INFO | Validation - Loss: 0.7981 | Correct: 7191/10000 (71.91%, 2.95s)
2026-01-18 10:46:21,095 | INFO | New best model saved at epoch 38 with Top1 Acc: 71.91%
2026-01-18 10:46:28,497 | INFO | Batch 100 | Loss: 0.5941 | Correct: 105/128 | Elapsed Time: 7.40s
2026-01-18 10:46:35,849 | INFO | Batch 200 | Loss: 0.8037 | Correct: 92/128 | Elapsed Time: 7.35s
2026-01-18 10:46:43,238 | INFO | Batch 300 | Loss: 0.7734 | Correct: 86/128 | Elapsed Time: 7.39s
2026-01-18 10:46:49,938 | INFO | Epoch [39/100] - Loss: 0.7942 | Correct: 35983/50000 (71.97%, 28.84s)
2026-01-18 10:46:52,913 | INFO | Validation - Loss: 0.8431 | Correct: 7092/10000 (70.92%, 2.97s)
2026-01-18 10:47:00,283 | INFO | Batch 100 | Loss: 0.7606 | Correct: 88/128 | Elapsed Time: 7.37s
2026-01-18 10:47:07,612 | INFO | Batch 200 | Loss: 0.8093 | Correct: 93/128 | Elapsed Time: 7.33s
2026-01-18 10:47:14,941 | INFO | Batch 300 | Loss: 0.7060 | Correct: 95/128 | Elapsed Time: 7.33s
2026-01-18 10:47:21,647 | INFO | Epoch [40/100] - Loss: 0.7912 | Correct: 36074/50000 (72.15%, 28.73s)
2026-01-18 10:47:24,619 | INFO | Validation - Loss: 0.8280 | Correct: 7071/10000 (70.71%, 2.97s)
2026-01-18 10:47:31,968 | INFO | Batch 100 | Loss: 0.9149 | Correct: 89/128 | Elapsed Time: 7.35s
2026-01-18 10:47:39,393 | INFO | Batch 200 | Loss: 0.8016 | Correct: 89/128 | Elapsed Time: 7.42s
2026-01-18 10:47:46,771 | INFO | Batch 300 | Loss: 0.7381 | Correct: 92/128 | Elapsed Time: 7.38s
2026-01-18 10:47:53,449 | INFO | Epoch [41/100] - Loss: 0.7841 | Correct: 36130/50000 (72.26%, 28.83s)
2026-01-18 10:47:56,394 | INFO | Validation - Loss: 0.8249 | Correct: 7148/10000 (71.48%, 2.94s)
2026-01-18 10:48:03,820 | INFO | Batch 100 | Loss: 0.7633 | Correct: 96/128 | Elapsed Time: 7.42s
2026-01-18 10:48:11,193 | INFO | Batch 200 | Loss: 0.8882 | Correct: 93/128 | Elapsed Time: 7.37s
2026-01-18 10:48:18,548 | INFO | Batch 300 | Loss: 0.8001 | Correct: 93/128 | Elapsed Time: 7.36s
2026-01-18 10:48:25,296 | INFO | Epoch [42/100] - Loss: 0.7811 | Correct: 36298/50000 (72.60%, 28.90s)
2026-01-18 10:48:28,251 | INFO | Validation - Loss: 0.8714 | Correct: 7018/10000 (70.18%, 2.95s)
2026-01-18 10:48:35,658 | INFO | Batch 100 | Loss: 0.8365 | Correct: 89/128 | Elapsed Time: 7.40s
2026-01-18 10:48:43,047 | INFO | Batch 200 | Loss: 0.7715 | Correct: 87/128 | Elapsed Time: 7.39s
2026-01-18 10:48:50,425 | INFO | Batch 300 | Loss: 0.8162 | Correct: 91/128 | Elapsed Time: 7.38s
2026-01-18 10:48:57,083 | INFO | Epoch [43/100] - Loss: 0.7823 | Correct: 36158/50000 (72.32%, 28.83s)
2026-01-18 10:49:00,018 | INFO | Validation - Loss: 0.8480 | Correct: 7066/10000 (70.66%, 2.93s)
2026-01-18 10:49:07,419 | INFO | Batch 100 | Loss: 0.8891 | Correct: 90/128 | Elapsed Time: 7.40s
2026-01-18 10:49:14,740 | INFO | Batch 200 | Loss: 0.7937 | Correct: 96/128 | Elapsed Time: 7.32s
2026-01-18 10:49:22,110 | INFO | Batch 300 | Loss: 0.6908 | Correct: 97/128 | Elapsed Time: 7.37s
2026-01-18 10:49:28,716 | INFO | Epoch [44/100] - Loss: 0.7722 | Correct: 36532/50000 (73.06%, 28.70s)
2026-01-18 10:49:31,671 | INFO | Validation - Loss: 0.8389 | Correct: 7136/10000 (71.36%, 2.95s)
2026-01-18 10:49:39,067 | INFO | Batch 100 | Loss: 0.6860 | Correct: 99/128 | Elapsed Time: 7.39s
2026-01-18 10:49:46,462 | INFO | Batch 200 | Loss: 0.7184 | Correct: 92/128 | Elapsed Time: 7.40s
2026-01-18 10:49:53,818 | INFO | Batch 300 | Loss: 0.8044 | Correct: 87/128 | Elapsed Time: 7.36s
2026-01-18 10:50:00,452 | INFO | Epoch [45/100] - Loss: 0.7645 | Correct: 36601/50000 (73.20%, 28.78s)
2026-01-18 10:50:03,423 | INFO | Validation - Loss: 0.7791 | Correct: 7304/10000 (73.04%, 2.97s)
2026-01-18 10:50:03,485 | INFO | New best model saved at epoch 45 with Top1 Acc: 73.04%
2026-01-18 10:50:10,901 | INFO | Batch 100 | Loss: 0.6868 | Correct: 95/128 | Elapsed Time: 7.42s
2026-01-18 10:50:18,254 | INFO | Batch 200 | Loss: 0.7897 | Correct: 93/128 | Elapsed Time: 7.35s
2026-01-18 10:50:25,549 | INFO | Batch 300 | Loss: 0.8239 | Correct: 92/128 | Elapsed Time: 7.29s
2026-01-18 10:50:32,241 | INFO | Epoch [46/100] - Loss: 0.7557 | Correct: 36726/50000 (73.45%, 28.76s)
2026-01-18 10:50:35,192 | INFO | Validation - Loss: 0.8416 | Correct: 7099/10000 (70.99%, 2.95s)
2026-01-18 10:50:42,543 | INFO | Batch 100 | Loss: 0.9404 | Correct: 81/128 | Elapsed Time: 7.35s
2026-01-18 10:50:49,954 | INFO | Batch 200 | Loss: 0.7010 | Correct: 97/128 | Elapsed Time: 7.41s
2026-01-18 10:50:57,317 | INFO | Batch 300 | Loss: 0.7282 | Correct: 93/128 | Elapsed Time: 7.36s
2026-01-18 10:51:03,951 | INFO | Epoch [47/100] - Loss: 0.7522 | Correct: 36723/50000 (73.45%, 28.76s)
2026-01-18 10:51:06,931 | INFO | Validation - Loss: 0.8645 | Correct: 7039/10000 (70.39%, 2.98s)
2026-01-18 10:51:14,287 | INFO | Batch 100 | Loss: 0.5660 | Correct: 105/128 | Elapsed Time: 7.35s
2026-01-18 10:51:21,710 | INFO | Batch 200 | Loss: 0.7739 | Correct: 92/128 | Elapsed Time: 7.42s
2026-01-18 10:51:29,102 | INFO | Batch 300 | Loss: 0.6178 | Correct: 101/128 | Elapsed Time: 7.39s
2026-01-18 10:51:35,885 | INFO | Epoch [48/100] - Loss: 0.7487 | Correct: 36921/50000 (73.84%, 28.95s)
2026-01-18 10:51:38,872 | INFO | Validation - Loss: 0.7528 | Correct: 7375/10000 (73.75%, 2.99s)
2026-01-18 10:51:38,926 | INFO | New best model saved at epoch 48 with Top1 Acc: 73.75%
2026-01-18 10:51:46,333 | INFO | Batch 100 | Loss: 0.7069 | Correct: 94/128 | Elapsed Time: 7.41s
2026-01-18 10:51:53,712 | INFO | Batch 200 | Loss: 0.6038 | Correct: 100/128 | Elapsed Time: 7.38s
2026-01-18 10:52:01,147 | INFO | Batch 300 | Loss: 0.6638 | Correct: 96/128 | Elapsed Time: 7.43s
2026-01-18 10:52:07,885 | INFO | Epoch [49/100] - Loss: 0.7457 | Correct: 36906/50000 (73.81%, 28.96s)
2026-01-18 10:52:10,821 | INFO | Validation - Loss: 0.7848 | Correct: 7278/10000 (72.78%, 2.94s)
2026-01-18 10:52:18,215 | INFO | Batch 100 | Loss: 0.8339 | Correct: 87/128 | Elapsed Time: 7.39s
2026-01-18 10:52:25,554 | INFO | Batch 200 | Loss: 0.7389 | Correct: 93/128 | Elapsed Time: 7.34s
2026-01-18 10:52:32,938 | INFO | Batch 300 | Loss: 0.6878 | Correct: 96/128 | Elapsed Time: 7.38s
2026-01-18 10:52:39,714 | INFO | Epoch [50/100] - Loss: 0.7351 | Correct: 37128/50000 (74.26%, 28.89s)
2026-01-18 10:52:42,648 | INFO | Validation - Loss: 0.7643 | Correct: 7383/10000 (73.83%, 2.93s)
2026-01-18 10:52:42,701 | INFO | New best model saved at epoch 50 with Top1 Acc: 73.83%
2026-01-18 10:52:50,071 | INFO | Batch 100 | Loss: 0.7391 | Correct: 90/128 | Elapsed Time: 7.37s
2026-01-18 10:52:57,478 | INFO | Batch 200 | Loss: 0.7177 | Correct: 94/128 | Elapsed Time: 7.41s
2026-01-18 10:53:04,845 | INFO | Batch 300 | Loss: 0.6404 | Correct: 97/128 | Elapsed Time: 7.37s
2026-01-18 10:53:11,481 | INFO | Epoch [51/100] - Loss: 0.6203 | Correct: 39105/50000 (78.21%, 28.78s)
2026-01-18 10:53:14,470 | INFO | Validation - Loss: 0.6415 | Correct: 7781/10000 (77.81%, 2.99s)
2026-01-18 10:53:14,523 | INFO | New best model saved at epoch 51 with Top1 Acc: 77.81%
2026-01-18 10:53:21,917 | INFO | Batch 100 | Loss: 0.5237 | Correct: 104/128 | Elapsed Time: 7.39s
2026-01-18 10:53:29,201 | INFO | Batch 200 | Loss: 0.5645 | Correct: 103/128 | Elapsed Time: 7.28s
2026-01-18 10:53:36,593 | INFO | Batch 300 | Loss: 0.4999 | Correct: 105/128 | Elapsed Time: 7.39s
2026-01-18 10:53:43,292 | INFO | Epoch [52/100] - Loss: 0.5783 | Correct: 39764/50000 (79.53%, 28.77s)
2026-01-18 10:53:46,236 | INFO | Validation - Loss: 0.6370 | Correct: 7799/10000 (77.99%, 2.94s)
2026-01-18 10:53:46,295 | INFO | New best model saved at epoch 52 with Top1 Acc: 77.99%
2026-01-18 10:53:53,650 | INFO | Batch 100 | Loss: 0.5647 | Correct: 103/128 | Elapsed Time: 7.35s
2026-01-18 10:54:01,045 | INFO | Batch 200 | Loss: 0.4995 | Correct: 106/128 | Elapsed Time: 7.40s
2026-01-18 10:54:08,439 | INFO | Batch 300 | Loss: 0.4778 | Correct: 105/128 | Elapsed Time: 7.39s
2026-01-18 10:54:15,096 | INFO | Epoch [53/100] - Loss: 0.5620 | Correct: 40003/50000 (80.01%, 28.80s)
2026-01-18 10:54:18,070 | INFO | Validation - Loss: 0.6254 | Correct: 7861/10000 (78.61%, 2.97s)
2026-01-18 10:54:18,125 | INFO | New best model saved at epoch 53 with Top1 Acc: 78.61%
2026-01-18 10:54:25,510 | INFO | Batch 100 | Loss: 0.5614 | Correct: 102/128 | Elapsed Time: 7.38s
2026-01-18 10:54:32,848 | INFO | Batch 200 | Loss: 0.5626 | Correct: 102/128 | Elapsed Time: 7.34s
2026-01-18 10:54:40,242 | INFO | Batch 300 | Loss: 0.4356 | Correct: 110/128 | Elapsed Time: 7.39s
2026-01-18 10:54:46,908 | INFO | Epoch [54/100] - Loss: 0.5518 | Correct: 40180/50000 (80.36%, 28.78s)
2026-01-18 10:54:49,839 | INFO | Validation - Loss: 0.6222 | Correct: 7867/10000 (78.67%, 2.93s)
2026-01-18 10:54:49,898 | INFO | New best model saved at epoch 54 with Top1 Acc: 78.67%
2026-01-18 10:54:57,310 | INFO | Batch 100 | Loss: 0.4469 | Correct: 107/128 | Elapsed Time: 7.41s
2026-01-18 10:55:04,683 | INFO | Batch 200 | Loss: 0.5395 | Correct: 106/128 | Elapsed Time: 7.37s
2026-01-18 10:55:12,047 | INFO | Batch 300 | Loss: 0.4724 | Correct: 106/128 | Elapsed Time: 7.36s
2026-01-18 10:55:18,775 | INFO | Epoch [55/100] - Loss: 0.5415 | Correct: 40311/50000 (80.62%, 28.88s)
2026-01-18 10:55:21,727 | INFO | Validation - Loss: 0.6275 | Correct: 7823/10000 (78.23%, 2.95s)
2026-01-18 10:55:29,091 | INFO | Batch 100 | Loss: 0.6210 | Correct: 101/128 | Elapsed Time: 7.36s
2026-01-18 10:55:36,467 | INFO | Batch 200 | Loss: 0.4628 | Correct: 109/128 | Elapsed Time: 7.38s
2026-01-18 10:55:43,881 | INFO | Batch 300 | Loss: 0.6184 | Correct: 96/128 | Elapsed Time: 7.41s
2026-01-18 10:55:50,538 | INFO | Epoch [56/100] - Loss: 0.5346 | Correct: 40603/50000 (81.21%, 28.81s)
2026-01-18 10:55:53,480 | INFO | Validation - Loss: 0.6318 | Correct: 7824/10000 (78.24%, 2.94s)
2026-01-18 10:56:00,906 | INFO | Batch 100 | Loss: 0.4987 | Correct: 102/128 | Elapsed Time: 7.42s
2026-01-18 10:56:08,260 | INFO | Batch 200 | Loss: 0.4613 | Correct: 106/128 | Elapsed Time: 7.35s
2026-01-18 10:56:15,579 | INFO | Batch 300 | Loss: 0.5686 | Correct: 101/128 | Elapsed Time: 7.32s
2026-01-18 10:56:22,309 | INFO | Epoch [57/100] - Loss: 0.5271 | Correct: 40602/50000 (81.20%, 28.83s)
2026-01-18 10:56:25,235 | INFO | Validation - Loss: 0.6215 | Correct: 7865/10000 (78.65%, 2.92s)
2026-01-18 10:56:32,624 | INFO | Batch 100 | Loss: 0.4901 | Correct: 106/128 | Elapsed Time: 7.39s
2026-01-18 10:56:40,007 | INFO | Batch 200 | Loss: 0.5364 | Correct: 106/128 | Elapsed Time: 7.38s
2026-01-18 10:56:47,376 | INFO | Batch 300 | Loss: 0.4051 | Correct: 111/128 | Elapsed Time: 7.37s
2026-01-18 10:56:53,986 | INFO | Epoch [58/100] - Loss: 0.5185 | Correct: 40786/50000 (81.57%, 28.75s)
2026-01-18 10:56:56,995 | INFO | Validation - Loss: 0.6143 | Correct: 7889/10000 (78.89%, 3.01s)
2026-01-18 10:56:57,067 | INFO | New best model saved at epoch 58 with Top1 Acc: 78.89%
2026-01-18 10:57:04,557 | INFO | Batch 100 | Loss: 0.5701 | Correct: 105/128 | Elapsed Time: 7.49s
2026-01-18 10:57:12,010 | INFO | Batch 200 | Loss: 0.5940 | Correct: 103/128 | Elapsed Time: 7.45s
2026-01-18 10:57:19,403 | INFO | Batch 300 | Loss: 0.5455 | Correct: 102/128 | Elapsed Time: 7.39s
2026-01-18 10:57:26,127 | INFO | Epoch [59/100] - Loss: 0.5129 | Correct: 40871/50000 (81.74%, 29.06s)
2026-01-18 10:57:29,057 | INFO | Validation - Loss: 0.6140 | Correct: 7908/10000 (79.08%, 2.93s)
2026-01-18 10:57:29,117 | INFO | New best model saved at epoch 59 with Top1 Acc: 79.08%
2026-01-18 10:57:36,531 | INFO | Batch 100 | Loss: 0.4654 | Correct: 107/128 | Elapsed Time: 7.41s
2026-01-18 10:57:43,983 | INFO | Batch 200 | Loss: 0.5460 | Correct: 106/128 | Elapsed Time: 7.45s
2026-01-18 10:57:51,376 | INFO | Batch 300 | Loss: 0.4742 | Correct: 107/128 | Elapsed Time: 7.39s
2026-01-18 10:57:58,019 | INFO | Epoch [60/100] - Loss: 0.5105 | Correct: 40906/50000 (81.81%, 28.90s)
2026-01-18 10:58:00,968 | INFO | Validation - Loss: 0.6147 | Correct: 7911/10000 (79.11%, 2.95s)
2026-01-18 10:58:01,033 | INFO | New best model saved at epoch 60 with Top1 Acc: 79.11%
2026-01-18 10:58:08,468 | INFO | Batch 100 | Loss: 0.5413 | Correct: 100/128 | Elapsed Time: 7.44s
2026-01-18 10:58:15,828 | INFO | Batch 200 | Loss: 0.6462 | Correct: 98/128 | Elapsed Time: 7.36s
2026-01-18 10:58:23,251 | INFO | Batch 300 | Loss: 0.5291 | Correct: 105/128 | Elapsed Time: 7.42s
2026-01-18 10:58:29,944 | INFO | Epoch [61/100] - Loss: 0.5061 | Correct: 41030/50000 (82.06%, 28.91s)
2026-01-18 10:58:32,910 | INFO | Validation - Loss: 0.6208 | Correct: 7880/10000 (78.80%, 2.96s)
2026-01-18 10:58:40,299 | INFO | Batch 100 | Loss: 0.3816 | Correct: 113/128 | Elapsed Time: 7.39s
2026-01-18 10:58:47,641 | INFO | Batch 200 | Loss: 0.4577 | Correct: 108/128 | Elapsed Time: 7.34s
2026-01-18 10:58:54,991 | INFO | Batch 300 | Loss: 0.5299 | Correct: 104/128 | Elapsed Time: 7.35s
2026-01-18 10:59:01,684 | INFO | Epoch [62/100] - Loss: 0.4988 | Correct: 40997/50000 (81.99%, 28.77s)
2026-01-18 10:59:04,672 | INFO | Validation - Loss: 0.6214 | Correct: 7878/10000 (78.78%, 2.99s)
2026-01-18 10:59:12,080 | INFO | Batch 100 | Loss: 0.5024 | Correct: 103/128 | Elapsed Time: 7.40s
2026-01-18 10:59:19,391 | INFO | Batch 200 | Loss: 0.4838 | Correct: 106/128 | Elapsed Time: 7.31s
2026-01-18 10:59:26,785 | INFO | Batch 300 | Loss: 0.5779 | Correct: 105/128 | Elapsed Time: 7.39s
2026-01-18 10:59:33,513 | INFO | Epoch [63/100] - Loss: 0.4889 | Correct: 41259/50000 (82.52%, 28.84s)
2026-01-18 10:59:36,457 | INFO | Validation - Loss: 0.6256 | Correct: 7848/10000 (78.48%, 2.94s)
2026-01-18 10:59:43,835 | INFO | Batch 100 | Loss: 0.4376 | Correct: 113/128 | Elapsed Time: 7.38s
2026-01-18 10:59:51,166 | INFO | Batch 200 | Loss: 0.5410 | Correct: 102/128 | Elapsed Time: 7.33s
2026-01-18 10:59:58,508 | INFO | Batch 300 | Loss: 0.6420 | Correct: 96/128 | Elapsed Time: 7.34s
2026-01-18 11:00:05,183 | INFO | Epoch [64/100] - Loss: 0.4905 | Correct: 41313/50000 (82.63%, 28.72s)
2026-01-18 11:00:08,146 | INFO | Validation - Loss: 0.6213 | Correct: 7896/10000 (78.96%, 2.96s)
2026-01-18 11:00:15,527 | INFO | Batch 100 | Loss: 0.6209 | Correct: 98/128 | Elapsed Time: 7.38s
2026-01-18 11:00:22,963 | INFO | Batch 200 | Loss: 0.3864 | Correct: 116/128 | Elapsed Time: 7.44s
2026-01-18 11:00:30,346 | INFO | Batch 300 | Loss: 0.3871 | Correct: 109/128 | Elapsed Time: 7.38s
2026-01-18 11:00:37,049 | INFO | Epoch [65/100] - Loss: 0.4826 | Correct: 41439/50000 (82.88%, 28.90s)
2026-01-18 11:00:39,962 | INFO | Validation - Loss: 0.6244 | Correct: 7870/10000 (78.70%, 2.91s)
2026-01-18 11:00:47,362 | INFO | Batch 100 | Loss: 0.3982 | Correct: 111/128 | Elapsed Time: 7.40s
2026-01-18 11:00:54,681 | INFO | Batch 200 | Loss: 0.4476 | Correct: 106/128 | Elapsed Time: 7.32s
2026-01-18 11:01:01,966 | INFO | Batch 300 | Loss: 0.4597 | Correct: 109/128 | Elapsed Time: 7.28s
2026-01-18 11:01:08,616 | INFO | Epoch [66/100] - Loss: 0.4778 | Correct: 41507/50000 (83.01%, 28.65s)
2026-01-18 11:01:11,571 | INFO | Validation - Loss: 0.6223 | Correct: 7870/10000 (78.70%, 2.95s)
2026-01-18 11:01:18,976 | INFO | Batch 100 | Loss: 0.4734 | Correct: 110/128 | Elapsed Time: 7.40s
2026-01-18 11:01:26,345 | INFO | Batch 200 | Loss: 0.3336 | Correct: 110/128 | Elapsed Time: 7.37s
2026-01-18 11:01:33,722 | INFO | Batch 300 | Loss: 0.3994 | Correct: 112/128 | Elapsed Time: 7.38s
2026-01-18 11:01:40,394 | INFO | Epoch [67/100] - Loss: 0.4745 | Correct: 41481/50000 (82.96%, 28.82s)
2026-01-18 11:01:43,318 | INFO | Validation - Loss: 0.6311 | Correct: 7877/10000 (78.77%, 2.92s)
2026-01-18 11:01:50,663 | INFO | Batch 100 | Loss: 0.3934 | Correct: 110/128 | Elapsed Time: 7.34s
2026-01-18 11:01:58,033 | INFO | Batch 200 | Loss: 0.5333 | Correct: 103/128 | Elapsed Time: 7.37s
2026-01-18 11:02:05,369 | INFO | Batch 300 | Loss: 0.5110 | Correct: 101/128 | Elapsed Time: 7.34s
2026-01-18 11:02:11,991 | INFO | Epoch [68/100] - Loss: 0.4691 | Correct: 41627/50000 (83.25%, 28.67s)
2026-01-18 11:02:14,971 | INFO | Validation - Loss: 0.6289 | Correct: 7888/10000 (78.88%, 2.98s)
2026-01-18 11:02:22,396 | INFO | Batch 100 | Loss: 0.3539 | Correct: 116/128 | Elapsed Time: 7.42s
2026-01-18 11:02:29,811 | INFO | Batch 200 | Loss: 0.5071 | Correct: 99/128 | Elapsed Time: 7.41s
2026-01-18 11:02:37,147 | INFO | Batch 300 | Loss: 0.4272 | Correct: 103/128 | Elapsed Time: 7.34s
2026-01-18 11:02:43,811 | INFO | Epoch [69/100] - Loss: 0.4679 | Correct: 41559/50000 (83.12%, 28.84s)
2026-01-18 11:02:46,710 | INFO | Validation - Loss: 0.6280 | Correct: 7896/10000 (78.96%, 2.90s)
2026-01-18 11:02:54,083 | INFO | Batch 100 | Loss: 0.4929 | Correct: 103/128 | Elapsed Time: 7.37s
2026-01-18 11:03:01,438 | INFO | Batch 200 | Loss: 0.4888 | Correct: 101/128 | Elapsed Time: 7.35s
2026-01-18 11:03:08,800 | INFO | Batch 300 | Loss: 0.3936 | Correct: 110/128 | Elapsed Time: 7.36s
2026-01-18 11:03:15,490 | INFO | Epoch [70/100] - Loss: 0.4608 | Correct: 41723/50000 (83.45%, 28.78s)
2026-01-18 11:03:18,487 | INFO | Validation - Loss: 0.6258 | Correct: 7918/10000 (79.18%, 3.00s)
2026-01-18 11:03:18,540 | INFO | New best model saved at epoch 70 with Top1 Acc: 79.18%
2026-01-18 11:03:25,905 | INFO | Batch 100 | Loss: 0.6392 | Correct: 99/128 | Elapsed Time: 7.36s
2026-01-18 11:03:33,300 | INFO | Batch 200 | Loss: 0.4341 | Correct: 108/128 | Elapsed Time: 7.40s
2026-01-18 11:03:40,679 | INFO | Batch 300 | Loss: 0.3549 | Correct: 110/128 | Elapsed Time: 7.38s
2026-01-18 11:03:47,421 | INFO | Epoch [71/100] - Loss: 0.4605 | Correct: 41759/50000 (83.52%, 28.88s)
2026-01-18 11:03:50,381 | INFO | Validation - Loss: 0.6322 | Correct: 7861/10000 (78.61%, 2.96s)
2026-01-18 11:03:57,825 | INFO | Batch 100 | Loss: 0.5149 | Correct: 104/128 | Elapsed Time: 7.44s
2026-01-18 11:04:05,186 | INFO | Batch 200 | Loss: 0.4315 | Correct: 106/128 | Elapsed Time: 7.36s
2026-01-18 11:04:12,557 | INFO | Batch 300 | Loss: 0.3433 | Correct: 112/128 | Elapsed Time: 7.37s
2026-01-18 11:04:19,293 | INFO | Epoch [72/100] - Loss: 0.4565 | Correct: 41842/50000 (83.68%, 28.91s)
2026-01-18 11:04:22,256 | INFO | Validation - Loss: 0.6237 | Correct: 7909/10000 (79.09%, 2.96s)
2026-01-18 11:04:29,628 | INFO | Batch 100 | Loss: 0.3347 | Correct: 115/128 | Elapsed Time: 7.37s
2026-01-18 11:04:37,051 | INFO | Batch 200 | Loss: 0.4021 | Correct: 110/128 | Elapsed Time: 7.42s
2026-01-18 11:04:44,496 | INFO | Batch 300 | Loss: 0.4745 | Correct: 107/128 | Elapsed Time: 7.45s
2026-01-18 11:04:51,128 | INFO | Epoch [73/100] - Loss: 0.4483 | Correct: 41886/50000 (83.77%, 28.87s)
2026-01-18 11:04:54,089 | INFO | Validation - Loss: 0.6395 | Correct: 7848/10000 (78.48%, 2.96s)
2026-01-18 11:05:01,420 | INFO | Batch 100 | Loss: 0.4755 | Correct: 108/128 | Elapsed Time: 7.33s
2026-01-18 11:05:08,819 | INFO | Batch 200 | Loss: 0.4103 | Correct: 108/128 | Elapsed Time: 7.40s
2026-01-18 11:05:16,182 | INFO | Batch 300 | Loss: 0.5649 | Correct: 102/128 | Elapsed Time: 7.36s
2026-01-18 11:05:22,984 | INFO | Epoch [74/100] - Loss: 0.4476 | Correct: 41972/50000 (83.94%, 28.89s)
2026-01-18 11:05:25,965 | INFO | Validation - Loss: 0.6442 | Correct: 7853/10000 (78.53%, 2.98s)
2026-01-18 11:05:33,282 | INFO | Batch 100 | Loss: 0.4514 | Correct: 105/128 | Elapsed Time: 7.31s
2026-01-18 11:05:40,673 | INFO | Batch 200 | Loss: 0.4574 | Correct: 106/128 | Elapsed Time: 7.39s
2026-01-18 11:05:48,071 | INFO | Batch 300 | Loss: 0.4056 | Correct: 109/128 | Elapsed Time: 7.40s
2026-01-18 11:05:54,782 | INFO | Epoch [75/100] - Loss: 0.4458 | Correct: 41998/50000 (84.00%, 28.81s)
2026-01-18 11:05:57,783 | INFO | Validation - Loss: 0.6353 | Correct: 7877/10000 (78.77%, 3.00s)
2026-01-18 11:06:05,111 | INFO | Batch 100 | Loss: 0.5105 | Correct: 101/128 | Elapsed Time: 7.33s
2026-01-18 11:06:12,379 | INFO | Batch 200 | Loss: 0.3699 | Correct: 110/128 | Elapsed Time: 7.27s
2026-01-18 11:06:19,680 | INFO | Batch 300 | Loss: 0.4407 | Correct: 107/128 | Elapsed Time: 7.30s
2026-01-18 11:06:26,339 | INFO | Epoch [76/100] - Loss: 0.4171 | Correct: 42486/50000 (84.97%, 28.55s)
2026-01-18 11:06:29,299 | INFO | Validation - Loss: 0.6234 | Correct: 7892/10000 (78.92%, 2.96s)
2026-01-18 11:06:36,681 | INFO | Batch 100 | Loss: 0.2827 | Correct: 116/128 | Elapsed Time: 7.38s
2026-01-18 11:06:44,065 | INFO | Batch 200 | Loss: 0.3111 | Correct: 116/128 | Elapsed Time: 7.38s
2026-01-18 11:06:51,421 | INFO | Batch 300 | Loss: 0.3842 | Correct: 107/128 | Elapsed Time: 7.36s
2026-01-18 11:06:58,107 | INFO | Epoch [77/100] - Loss: 0.4039 | Correct: 42780/50000 (85.56%, 28.80s)
2026-01-18 11:07:01,074 | INFO | Validation - Loss: 0.6214 | Correct: 7914/10000 (79.14%, 2.97s)
2026-01-18 11:07:08,445 | INFO | Batch 100 | Loss: 0.5377 | Correct: 102/128 | Elapsed Time: 7.37s
2026-01-18 11:07:15,846 | INFO | Batch 200 | Loss: 0.3310 | Correct: 117/128 | Elapsed Time: 7.40s
2026-01-18 11:07:23,259 | INFO | Batch 300 | Loss: 0.4263 | Correct: 111/128 | Elapsed Time: 7.41s
2026-01-18 11:07:29,963 | INFO | Epoch [78/100] - Loss: 0.3982 | Correct: 42857/50000 (85.71%, 28.89s)
2026-01-18 11:07:32,932 | INFO | Validation - Loss: 0.6253 | Correct: 7902/10000 (79.02%, 2.97s)
2026-01-18 11:07:40,374 | INFO | Batch 100 | Loss: 0.4296 | Correct: 104/128 | Elapsed Time: 7.44s
2026-01-18 11:07:47,746 | INFO | Batch 200 | Loss: 0.4142 | Correct: 109/128 | Elapsed Time: 7.37s
2026-01-18 11:07:55,101 | INFO | Batch 300 | Loss: 0.4069 | Correct: 110/128 | Elapsed Time: 7.36s
2026-01-18 11:08:01,752 | INFO | Epoch [79/100] - Loss: 0.3995 | Correct: 42798/50000 (85.60%, 28.82s)
2026-01-18 11:08:04,749 | INFO | Validation - Loss: 0.6268 | Correct: 7903/10000 (79.03%, 3.00s)
2026-01-18 11:08:12,138 | INFO | Batch 100 | Loss: 0.3608 | Correct: 112/128 | Elapsed Time: 7.39s
2026-01-18 11:08:19,526 | INFO | Batch 200 | Loss: 0.4925 | Correct: 103/128 | Elapsed Time: 7.39s
2026-01-18 11:08:26,853 | INFO | Batch 300 | Loss: 0.4401 | Correct: 110/128 | Elapsed Time: 7.33s
2026-01-18 11:08:33,539 | INFO | Epoch [80/100] - Loss: 0.3927 | Correct: 42981/50000 (85.96%, 28.79s)
2026-01-18 11:08:36,457 | INFO | Validation - Loss: 0.6264 | Correct: 7926/10000 (79.26%, 2.92s)
2026-01-18 11:08:36,514 | INFO | New best model saved at epoch 80 with Top1 Acc: 79.26%
2026-01-18 11:08:43,889 | INFO | Batch 100 | Loss: 0.3203 | Correct: 112/128 | Elapsed Time: 7.37s
2026-01-18 11:08:51,242 | INFO | Batch 200 | Loss: 0.3289 | Correct: 115/128 | Elapsed Time: 7.35s
2026-01-18 11:08:58,611 | INFO | Batch 300 | Loss: 0.3759 | Correct: 111/128 | Elapsed Time: 7.37s
2026-01-18 11:09:05,308 | INFO | Epoch [81/100] - Loss: 0.3910 | Correct: 42974/50000 (85.95%, 28.79s)
2026-01-18 11:09:08,263 | INFO | Validation - Loss: 0.6257 | Correct: 7927/10000 (79.27%, 2.95s)
2026-01-18 11:09:08,323 | INFO | New best model saved at epoch 81 with Top1 Acc: 79.27%
2026-01-18 11:09:15,684 | INFO | Batch 100 | Loss: 0.2954 | Correct: 115/128 | Elapsed Time: 7.36s
2026-01-18 11:09:22,974 | INFO | Batch 200 | Loss: 0.3959 | Correct: 113/128 | Elapsed Time: 7.29s
2026-01-18 11:09:30,360 | INFO | Batch 300 | Loss: 0.3503 | Correct: 112/128 | Elapsed Time: 7.39s
2026-01-18 11:09:37,082 | INFO | Epoch [82/100] - Loss: 0.3881 | Correct: 43050/50000 (86.10%, 28.76s)
2026-01-18 11:09:39,964 | INFO | Validation - Loss: 0.6302 | Correct: 7933/10000 (79.33%, 2.88s)
2026-01-18 11:09:40,027 | INFO | New best model saved at epoch 82 with Top1 Acc: 79.33%
2026-01-18 11:09:47,358 | INFO | Batch 100 | Loss: 0.2772 | Correct: 117/128 | Elapsed Time: 7.33s
2026-01-18 11:09:54,738 | INFO | Batch 200 | Loss: 0.4237 | Correct: 111/128 | Elapsed Time: 7.38s
2026-01-18 11:10:02,086 | INFO | Batch 300 | Loss: 0.2793 | Correct: 116/128 | Elapsed Time: 7.35s
2026-01-18 11:10:08,771 | INFO | Epoch [83/100] - Loss: 0.3809 | Correct: 43196/50000 (86.39%, 28.74s)
2026-01-18 11:10:11,693 | INFO | Validation - Loss: 0.6319 | Correct: 7914/10000 (79.14%, 2.92s)
2026-01-18 11:10:19,027 | INFO | Batch 100 | Loss: 0.3282 | Correct: 111/128 | Elapsed Time: 7.33s
2026-01-18 11:10:26,410 | INFO | Batch 200 | Loss: 0.4969 | Correct: 111/128 | Elapsed Time: 7.38s
2026-01-18 11:10:33,796 | INFO | Batch 300 | Loss: 0.3230 | Correct: 117/128 | Elapsed Time: 7.39s
2026-01-18 11:10:40,437 | INFO | Epoch [84/100] - Loss: 0.3800 | Correct: 43218/50000 (86.44%, 28.74s)
2026-01-18 11:10:43,402 | INFO | Validation - Loss: 0.6396 | Correct: 7904/10000 (79.04%, 2.96s)
2026-01-18 11:10:50,770 | INFO | Batch 100 | Loss: 0.4689 | Correct: 108/128 | Elapsed Time: 7.36s
2026-01-18 11:10:58,088 | INFO | Batch 200 | Loss: 0.4049 | Correct: 115/128 | Elapsed Time: 7.32s
2026-01-18 11:11:05,499 | INFO | Batch 300 | Loss: 0.2990 | Correct: 116/128 | Elapsed Time: 7.41s
2026-01-18 11:11:12,192 | INFO | Epoch [85/100] - Loss: 0.3797 | Correct: 43182/50000 (86.36%, 28.79s)
2026-01-18 11:11:15,171 | INFO | Validation - Loss: 0.6338 | Correct: 7912/10000 (79.12%, 2.98s)
2026-01-18 11:11:22,506 | INFO | Batch 100 | Loss: 0.2913 | Correct: 115/128 | Elapsed Time: 7.33s
2026-01-18 11:11:29,811 | INFO | Batch 200 | Loss: 0.2918 | Correct: 116/128 | Elapsed Time: 7.30s
2026-01-18 11:11:37,188 | INFO | Batch 300 | Loss: 0.3508 | Correct: 114/128 | Elapsed Time: 7.38s
2026-01-18 11:11:43,859 | INFO | Epoch [86/100] - Loss: 0.3760 | Correct: 43254/50000 (86.51%, 28.69s)
2026-01-18 11:11:46,777 | INFO | Validation - Loss: 0.6383 | Correct: 7908/10000 (79.08%, 2.92s)
2026-01-18 11:11:54,182 | INFO | Batch 100 | Loss: 0.4739 | Correct: 107/128 | Elapsed Time: 7.40s
2026-01-18 11:12:01,550 | INFO | Batch 200 | Loss: 0.3674 | Correct: 111/128 | Elapsed Time: 7.37s
2026-01-18 11:12:08,867 | INFO | Batch 300 | Loss: 0.4459 | Correct: 107/128 | Elapsed Time: 7.32s
2026-01-18 11:12:15,517 | INFO | Epoch [87/100] - Loss: 0.3776 | Correct: 43219/50000 (86.44%, 28.74s)
2026-01-18 11:12:18,514 | INFO | Validation - Loss: 0.6403 | Correct: 7912/10000 (79.12%, 3.00s)
2026-01-18 11:12:25,844 | INFO | Batch 100 | Loss: 0.4753 | Correct: 103/128 | Elapsed Time: 7.33s
2026-01-18 11:12:33,176 | INFO | Batch 200 | Loss: 0.4307 | Correct: 104/128 | Elapsed Time: 7.33s
2026-01-18 11:12:40,536 | INFO | Batch 300 | Loss: 0.3509 | Correct: 114/128 | Elapsed Time: 7.36s
2026-01-18 11:12:47,224 | INFO | Epoch [88/100] - Loss: 0.3729 | Correct: 43287/50000 (86.57%, 28.71s)
2026-01-18 11:12:50,168 | INFO | Validation - Loss: 0.6425 | Correct: 7909/10000 (79.09%, 2.94s)
2026-01-18 11:12:57,587 | INFO | Batch 100 | Loss: 0.4542 | Correct: 110/128 | Elapsed Time: 7.42s
2026-01-18 11:13:04,901 | INFO | Batch 200 | Loss: 0.3583 | Correct: 108/128 | Elapsed Time: 7.31s
2026-01-18 11:13:12,328 | INFO | Batch 300 | Loss: 0.3089 | Correct: 114/128 | Elapsed Time: 7.43s
2026-01-18 11:13:18,987 | INFO | Epoch [89/100] - Loss: 0.3748 | Correct: 43222/50000 (86.44%, 28.82s)
2026-01-18 11:13:21,952 | INFO | Validation - Loss: 0.6441 | Correct: 7922/10000 (79.22%, 2.96s)
2026-01-18 11:13:29,339 | INFO | Batch 100 | Loss: 0.3599 | Correct: 114/128 | Elapsed Time: 7.38s
2026-01-18 11:13:36,821 | INFO | Batch 200 | Loss: 0.2574 | Correct: 115/128 | Elapsed Time: 7.48s
2026-01-18 11:13:44,207 | INFO | Batch 300 | Loss: 0.3561 | Correct: 111/128 | Elapsed Time: 7.39s
2026-01-18 11:13:50,880 | INFO | Epoch [90/100] - Loss: 0.3690 | Correct: 43380/50000 (86.76%, 28.92s)
2026-01-18 11:13:53,819 | INFO | Validation - Loss: 0.6447 | Correct: 7901/10000 (79.01%, 2.94s)
2026-01-18 11:14:01,251 | INFO | Batch 100 | Loss: 0.2896 | Correct: 115/128 | Elapsed Time: 7.43s
2026-01-18 11:14:08,591 | INFO | Batch 200 | Loss: 0.3569 | Correct: 110/128 | Elapsed Time: 7.34s
2026-01-18 11:14:15,990 | INFO | Batch 300 | Loss: 0.2997 | Correct: 111/128 | Elapsed Time: 7.40s
2026-01-18 11:14:22,735 | INFO | Epoch [91/100] - Loss: 0.3683 | Correct: 43417/50000 (86.83%, 28.91s)
2026-01-18 11:14:25,677 | INFO | Validation - Loss: 0.6432 | Correct: 7895/10000 (78.95%, 2.94s)
2026-01-18 11:14:33,149 | INFO | Batch 100 | Loss: 0.2600 | Correct: 115/128 | Elapsed Time: 7.47s
2026-01-18 11:14:40,447 | INFO | Batch 200 | Loss: 0.3439 | Correct: 116/128 | Elapsed Time: 7.30s
2026-01-18 11:14:47,808 | INFO | Batch 300 | Loss: 0.4077 | Correct: 111/128 | Elapsed Time: 7.36s
2026-01-18 11:14:54,470 | INFO | Epoch [92/100] - Loss: 0.3633 | Correct: 43493/50000 (86.99%, 28.79s)
2026-01-18 11:14:57,465 | INFO | Validation - Loss: 0.6438 | Correct: 7907/10000 (79.07%, 2.99s)
2026-01-18 11:15:04,833 | INFO | Batch 100 | Loss: 0.3421 | Correct: 111/128 | Elapsed Time: 7.36s
2026-01-18 11:15:12,159 | INFO | Batch 200 | Loss: 0.3459 | Correct: 111/128 | Elapsed Time: 7.33s
2026-01-18 11:15:19,446 | INFO | Batch 300 | Loss: 0.4300 | Correct: 107/128 | Elapsed Time: 7.29s
2026-01-18 11:15:26,162 | INFO | Epoch [93/100] - Loss: 0.3660 | Correct: 43389/50000 (86.78%, 28.69s)
2026-01-18 11:15:29,095 | INFO | Validation - Loss: 0.6481 | Correct: 7902/10000 (79.02%, 2.93s)
2026-01-18 11:15:36,396 | INFO | Batch 100 | Loss: 0.4686 | Correct: 110/128 | Elapsed Time: 7.30s
2026-01-18 11:15:43,763 | INFO | Batch 200 | Loss: 0.3727 | Correct: 111/128 | Elapsed Time: 7.37s
2026-01-18 11:15:51,082 | INFO | Batch 300 | Loss: 0.5034 | Correct: 103/128 | Elapsed Time: 7.32s
2026-01-18 11:15:57,794 | INFO | Epoch [94/100] - Loss: 0.3640 | Correct: 43456/50000 (86.91%, 28.70s)
2026-01-18 11:16:00,716 | INFO | Validation - Loss: 0.6446 | Correct: 7903/10000 (79.03%, 2.92s)
2026-01-18 11:16:08,088 | INFO | Batch 100 | Loss: 0.2619 | Correct: 118/128 | Elapsed Time: 7.37s
2026-01-18 11:16:15,470 | INFO | Batch 200 | Loss: 0.4003 | Correct: 110/128 | Elapsed Time: 7.38s
2026-01-18 11:16:22,846 | INFO | Batch 300 | Loss: 0.3883 | Correct: 106/128 | Elapsed Time: 7.38s
2026-01-18 11:16:29,497 | INFO | Epoch [95/100] - Loss: 0.3644 | Correct: 43422/50000 (86.84%, 28.78s)
2026-01-18 11:16:32,440 | INFO | Validation - Loss: 0.6495 | Correct: 7891/10000 (78.91%, 2.94s)
2026-01-18 11:16:39,778 | INFO | Batch 100 | Loss: 0.4045 | Correct: 107/128 | Elapsed Time: 7.33s
2026-01-18 11:16:47,120 | INFO | Batch 200 | Loss: 0.2668 | Correct: 119/128 | Elapsed Time: 7.34s
2026-01-18 11:16:54,471 | INFO | Batch 300 | Loss: 0.3589 | Correct: 113/128 | Elapsed Time: 7.35s
2026-01-18 11:17:01,135 | INFO | Epoch [96/100] - Loss: 0.3552 | Correct: 43646/50000 (87.29%, 28.69s)
2026-01-18 11:17:04,088 | INFO | Validation - Loss: 0.6485 | Correct: 7904/10000 (79.04%, 2.95s)
2026-01-18 11:17:11,404 | INFO | Batch 100 | Loss: 0.3061 | Correct: 114/128 | Elapsed Time: 7.31s
2026-01-18 11:17:18,799 | INFO | Batch 200 | Loss: 0.2717 | Correct: 115/128 | Elapsed Time: 7.39s
2026-01-18 11:17:26,235 | INFO | Batch 300 | Loss: 0.3771 | Correct: 113/128 | Elapsed Time: 7.44s
2026-01-18 11:17:32,879 | INFO | Epoch [97/100] - Loss: 0.3621 | Correct: 43447/50000 (86.89%, 28.79s)
2026-01-18 11:17:35,815 | INFO | Validation - Loss: 0.6545 | Correct: 7906/10000 (79.06%, 2.93s)
2026-01-18 11:17:43,168 | INFO | Batch 100 | Loss: 0.3633 | Correct: 116/128 | Elapsed Time: 7.35s
2026-01-18 11:17:50,555 | INFO | Batch 200 | Loss: 0.3099 | Correct: 112/128 | Elapsed Time: 7.39s
2026-01-18 11:17:58,039 | INFO | Batch 300 | Loss: 0.3474 | Correct: 112/128 | Elapsed Time: 7.48s
2026-01-18 11:18:04,796 | INFO | Epoch [98/100] - Loss: 0.3628 | Correct: 43522/50000 (87.04%, 28.98s)
2026-01-18 11:18:07,796 | INFO | Validation - Loss: 0.6535 | Correct: 7907/10000 (79.07%, 3.00s)
2026-01-18 11:18:15,222 | INFO | Batch 100 | Loss: 0.3367 | Correct: 108/128 | Elapsed Time: 7.42s
2026-01-18 11:18:22,621 | INFO | Batch 200 | Loss: 0.3316 | Correct: 112/128 | Elapsed Time: 7.40s
2026-01-18 11:18:30,039 | INFO | Batch 300 | Loss: 0.2775 | Correct: 117/128 | Elapsed Time: 7.42s
2026-01-18 11:18:36,732 | INFO | Epoch [99/100] - Loss: 0.3579 | Correct: 43548/50000 (87.10%, 28.93s)
2026-01-18 11:18:39,705 | INFO | Validation - Loss: 0.6498 | Correct: 7915/10000 (79.15%, 2.97s)
2026-01-18 11:18:47,100 | INFO | Batch 100 | Loss: 0.3247 | Correct: 117/128 | Elapsed Time: 7.39s
2026-01-18 11:18:54,476 | INFO | Batch 200 | Loss: 0.4658 | Correct: 111/128 | Elapsed Time: 7.38s
2026-01-18 11:19:01,846 | INFO | Batch 300 | Loss: 0.2872 | Correct: 113/128 | Elapsed Time: 7.37s
2026-01-18 11:19:08,623 | INFO | Epoch [100/100] - Loss: 0.3565 | Correct: 43576/50000 (87.15%, 28.91s)
2026-01-18 11:19:11,560 | INFO | Validation - Loss: 0.6555 | Correct: 7905/10000 (79.05%, 2.94s)
2026-01-18 11:19:11,563 | INFO | Training complete.
2026-01-18 11:19:11,614 | INFO | Final model saved to ./checkpoints/shufflenetv2_fp_final_20260118_102606.pt
