2026-02-11 18:51:13,273 | INFO | Training ShuffleNetV2 on CIFAR-10 with FP (dtype=torch.bfloat16) on device cuda:0
2026-02-11 18:51:13,273 | INFO | Hyperparameters: epochs=100, batch_size=128, lr=0.05, momentum=0.9, weight_decay=0.0001
2026-02-11 18:51:21,396 | INFO | Batch 100 | Loss: 2.0469 | Correct: 30/128 | Elapsed Time: 8.12s
2026-02-11 18:51:28,472 | INFO | Batch 200 | Loss: 2.2812 | Correct: 34/128 | Elapsed Time: 7.08s
2026-02-11 18:51:35,486 | INFO | Batch 300 | Loss: 2.0469 | Correct: 38/128 | Elapsed Time: 7.01s
2026-02-11 18:51:41,901 | INFO | Epoch [1/100] - Loss: 2.2366 | Correct: 13343/50000 (26.69%, 28.63s)
2026-02-11 18:51:44,787 | INFO | Validation - Loss: 1.6622 | Correct: 3862/10000 (38.62%, 2.88s)
2026-02-11 18:51:44,838 | INFO | New best model saved at epoch 1 with Top1 Acc: 38.62%
2026-02-11 18:51:51,944 | INFO | Batch 100 | Loss: 1.5781 | Correct: 54/128 | Elapsed Time: 7.11s
2026-02-11 18:51:59,019 | INFO | Batch 200 | Loss: 1.5156 | Correct: 57/128 | Elapsed Time: 7.08s
2026-02-11 18:52:06,085 | INFO | Batch 300 | Loss: 1.5469 | Correct: 52/128 | Elapsed Time: 7.07s
2026-02-11 18:52:12,487 | INFO | Epoch [2/100] - Loss: 1.6179 | Correct: 20619/50000 (41.24%, 27.65s)
2026-02-11 18:52:15,384 | INFO | Validation - Loss: 1.5017 | Correct: 4595/10000 (45.95%, 2.90s)
2026-02-11 18:52:15,429 | INFO | New best model saved at epoch 2 with Top1 Acc: 45.95%
2026-02-11 18:52:22,559 | INFO | Batch 100 | Loss: 1.3516 | Correct: 67/128 | Elapsed Time: 7.13s
2026-02-11 18:52:29,673 | INFO | Batch 200 | Loss: 1.5625 | Correct: 53/128 | Elapsed Time: 7.11s
2026-02-11 18:52:36,709 | INFO | Batch 300 | Loss: 1.5625 | Correct: 56/128 | Elapsed Time: 7.04s
2026-02-11 18:52:43,106 | INFO | Epoch [3/100] - Loss: 1.4812 | Correct: 23278/50000 (46.56%, 27.68s)
2026-02-11 18:52:45,995 | INFO | Validation - Loss: 1.3599 | Correct: 5050/10000 (50.50%, 2.89s)
2026-02-11 18:52:46,039 | INFO | New best model saved at epoch 3 with Top1 Acc: 50.50%
2026-02-11 18:52:53,101 | INFO | Batch 100 | Loss: 1.3750 | Correct: 67/128 | Elapsed Time: 7.06s
2026-02-11 18:53:00,183 | INFO | Batch 200 | Loss: 1.4297 | Correct: 60/128 | Elapsed Time: 7.08s
2026-02-11 18:53:07,295 | INFO | Batch 300 | Loss: 1.4297 | Correct: 62/128 | Elapsed Time: 7.11s
2026-02-11 18:53:13,706 | INFO | Epoch [4/100] - Loss: 1.3972 | Correct: 24655/50000 (49.31%, 27.67s)
2026-02-11 18:53:16,580 | INFO | Validation - Loss: 1.3139 | Correct: 5242/10000 (52.42%, 2.87s)
2026-02-11 18:53:16,622 | INFO | New best model saved at epoch 4 with Top1 Acc: 52.42%
2026-02-11 18:53:23,720 | INFO | Batch 100 | Loss: 1.1719 | Correct: 79/128 | Elapsed Time: 7.10s
2026-02-11 18:53:30,751 | INFO | Batch 200 | Loss: 1.4219 | Correct: 67/128 | Elapsed Time: 7.03s
2026-02-11 18:53:37,780 | INFO | Batch 300 | Loss: 1.4688 | Correct: 61/128 | Elapsed Time: 7.03s
2026-02-11 18:53:44,189 | INFO | Epoch [5/100] - Loss: 1.3483 | Correct: 25642/50000 (51.28%, 27.57s)
2026-02-11 18:53:47,116 | INFO | Validation - Loss: 1.3185 | Correct: 5346/10000 (53.46%, 2.93s)
2026-02-11 18:53:47,165 | INFO | New best model saved at epoch 5 with Top1 Acc: 53.46%
2026-02-11 18:53:54,287 | INFO | Batch 100 | Loss: 1.1953 | Correct: 77/128 | Elapsed Time: 7.12s
2026-02-11 18:54:01,357 | INFO | Batch 200 | Loss: 1.3438 | Correct: 62/128 | Elapsed Time: 7.07s
2026-02-11 18:54:08,417 | INFO | Batch 300 | Loss: 1.3125 | Correct: 69/128 | Elapsed Time: 7.06s
2026-02-11 18:54:14,848 | INFO | Epoch [6/100] - Loss: 1.2976 | Correct: 26501/50000 (53.00%, 27.68s)
2026-02-11 18:54:17,717 | INFO | Validation - Loss: 1.2350 | Correct: 5571/10000 (55.71%, 2.87s)
2026-02-11 18:54:17,760 | INFO | New best model saved at epoch 6 with Top1 Acc: 55.71%
2026-02-11 18:54:24,815 | INFO | Batch 100 | Loss: 1.2344 | Correct: 74/128 | Elapsed Time: 7.05s
2026-02-11 18:54:31,856 | INFO | Batch 200 | Loss: 1.1641 | Correct: 75/128 | Elapsed Time: 7.04s
2026-02-11 18:54:38,984 | INFO | Batch 300 | Loss: 1.2734 | Correct: 74/128 | Elapsed Time: 7.13s
2026-02-11 18:54:45,419 | INFO | Epoch [7/100] - Loss: 1.2670 | Correct: 27211/50000 (54.42%, 27.66s)
2026-02-11 18:54:48,281 | INFO | Validation - Loss: 1.1843 | Correct: 5846/10000 (58.46%, 2.86s)
2026-02-11 18:54:48,326 | INFO | New best model saved at epoch 7 with Top1 Acc: 58.46%
2026-02-11 18:54:55,487 | INFO | Batch 100 | Loss: 1.0469 | Correct: 83/128 | Elapsed Time: 7.16s
2026-02-11 18:55:02,592 | INFO | Batch 200 | Loss: 1.2266 | Correct: 78/128 | Elapsed Time: 7.11s
2026-02-11 18:55:09,671 | INFO | Batch 300 | Loss: 1.1328 | Correct: 79/128 | Elapsed Time: 7.08s
2026-02-11 18:55:16,184 | INFO | Epoch [8/100] - Loss: 1.2389 | Correct: 27739/50000 (55.48%, 27.86s)
2026-02-11 18:55:19,044 | INFO | Validation - Loss: 1.1590 | Correct: 5946/10000 (59.46%, 2.86s)
2026-02-11 18:55:19,089 | INFO | New best model saved at epoch 8 with Top1 Acc: 59.46%
2026-02-11 18:55:26,229 | INFO | Batch 100 | Loss: 1.2344 | Correct: 74/128 | Elapsed Time: 7.14s
2026-02-11 18:55:33,372 | INFO | Batch 200 | Loss: 1.1172 | Correct: 83/128 | Elapsed Time: 7.14s
2026-02-11 18:55:40,537 | INFO | Batch 300 | Loss: 1.0078 | Correct: 79/128 | Elapsed Time: 7.16s
2026-02-11 18:55:47,052 | INFO | Epoch [9/100] - Loss: 1.2089 | Correct: 28425/50000 (56.85%, 27.96s)
2026-02-11 18:55:49,943 | INFO | Validation - Loss: 1.1678 | Correct: 5798/10000 (57.98%, 2.89s)
2026-02-11 18:55:57,115 | INFO | Batch 100 | Loss: 0.8828 | Correct: 89/128 | Elapsed Time: 7.17s
2026-02-11 18:56:04,180 | INFO | Batch 200 | Loss: 1.2500 | Correct: 72/128 | Elapsed Time: 7.07s
2026-02-11 18:56:11,317 | INFO | Batch 300 | Loss: 1.1797 | Correct: 75/128 | Elapsed Time: 7.14s
2026-02-11 18:56:17,808 | INFO | Epoch [10/100] - Loss: 1.1841 | Correct: 28794/50000 (57.59%, 27.86s)
2026-02-11 18:56:20,721 | INFO | Validation - Loss: 1.1352 | Correct: 6019/10000 (60.19%, 2.91s)
2026-02-11 18:56:20,767 | INFO | New best model saved at epoch 10 with Top1 Acc: 60.19%
2026-02-11 18:56:27,825 | INFO | Batch 100 | Loss: 1.2188 | Correct: 72/128 | Elapsed Time: 7.06s
2026-02-11 18:56:34,824 | INFO | Batch 200 | Loss: 1.0625 | Correct: 79/128 | Elapsed Time: 7.00s
2026-02-11 18:56:41,899 | INFO | Batch 300 | Loss: 1.0625 | Correct: 76/128 | Elapsed Time: 7.07s
2026-02-11 18:56:48,351 | INFO | Epoch [11/100] - Loss: 1.1597 | Correct: 29308/50000 (58.62%, 27.58s)
2026-02-11 18:56:51,212 | INFO | Validation - Loss: 1.2050 | Correct: 5716/10000 (57.16%, 2.86s)
2026-02-11 18:56:58,330 | INFO | Batch 100 | Loss: 1.6719 | Correct: 47/128 | Elapsed Time: 7.12s
2026-02-11 18:57:05,403 | INFO | Batch 200 | Loss: 1.5000 | Correct: 61/128 | Elapsed Time: 7.07s
2026-02-11 18:57:12,468 | INFO | Batch 300 | Loss: 1.2031 | Correct: 73/128 | Elapsed Time: 7.06s
2026-02-11 18:57:18,847 | INFO | Epoch [12/100] - Loss: 1.4272 | Correct: 24472/50000 (48.94%, 27.63s)
2026-02-11 18:57:21,722 | INFO | Validation - Loss: 1.2785 | Correct: 5478/10000 (54.78%, 2.87s)
2026-02-11 18:57:28,829 | INFO | Batch 100 | Loss: 1.2422 | Correct: 70/128 | Elapsed Time: 7.11s
2026-02-11 18:57:36,040 | INFO | Batch 200 | Loss: 1.3203 | Correct: 62/128 | Elapsed Time: 7.21s
2026-02-11 18:57:43,178 | INFO | Batch 300 | Loss: 1.2656 | Correct: 65/128 | Elapsed Time: 7.14s
2026-02-11 18:57:49,629 | INFO | Epoch [13/100] - Loss: 1.2965 | Correct: 26806/50000 (53.61%, 27.91s)
2026-02-11 18:57:52,499 | INFO | Validation - Loss: 1.2040 | Correct: 5710/10000 (57.10%, 2.87s)
2026-02-11 18:57:59,603 | INFO | Batch 100 | Loss: 1.3281 | Correct: 64/128 | Elapsed Time: 7.10s
2026-02-11 18:58:06,638 | INFO | Batch 200 | Loss: 1.1328 | Correct: 78/128 | Elapsed Time: 7.04s
2026-02-11 18:58:13,700 | INFO | Batch 300 | Loss: 0.9883 | Correct: 84/128 | Elapsed Time: 7.06s
2026-02-11 18:58:20,084 | INFO | Epoch [14/100] - Loss: 1.3097 | Correct: 26543/50000 (53.09%, 27.58s)
2026-02-11 18:58:22,951 | INFO | Validation - Loss: 1.3699 | Correct: 5038/10000 (50.38%, 2.87s)
2026-02-11 18:58:30,004 | INFO | Batch 100 | Loss: 1.3125 | Correct: 65/128 | Elapsed Time: 7.05s
2026-02-11 18:58:37,056 | INFO | Batch 200 | Loss: 1.3203 | Correct: 62/128 | Elapsed Time: 7.05s
2026-02-11 18:58:44,096 | INFO | Batch 300 | Loss: 1.2812 | Correct: 67/128 | Elapsed Time: 7.04s
2026-02-11 18:58:50,504 | INFO | Epoch [15/100] - Loss: 1.3057 | Correct: 26425/50000 (52.85%, 27.55s)
2026-02-11 18:58:53,346 | INFO | Validation - Loss: 1.1621 | Correct: 5791/10000 (57.91%, 2.84s)
2026-02-11 18:59:00,428 | INFO | Batch 100 | Loss: 1.3203 | Correct: 72/128 | Elapsed Time: 7.08s
2026-02-11 18:59:07,499 | INFO | Batch 200 | Loss: 1.1406 | Correct: 72/128 | Elapsed Time: 7.07s
2026-02-11 18:59:14,563 | INFO | Batch 300 | Loss: 1.3047 | Correct: 69/128 | Elapsed Time: 7.06s
2026-02-11 18:59:20,952 | INFO | Epoch [16/100] - Loss: 1.2075 | Correct: 28259/50000 (56.52%, 27.61s)
2026-02-11 18:59:23,802 | INFO | Validation - Loss: 1.2106 | Correct: 5669/10000 (56.69%, 2.85s)
2026-02-11 18:59:30,910 | INFO | Batch 100 | Loss: 1.2969 | Correct: 66/128 | Elapsed Time: 7.11s
2026-02-11 18:59:37,978 | INFO | Batch 200 | Loss: 1.1875 | Correct: 73/128 | Elapsed Time: 7.07s
2026-02-11 18:59:45,064 | INFO | Batch 300 | Loss: 1.2188 | Correct: 76/128 | Elapsed Time: 7.09s
2026-02-11 18:59:51,466 | INFO | Epoch [17/100] - Loss: 1.1845 | Correct: 28703/50000 (57.41%, 27.66s)
2026-02-11 18:59:54,303 | INFO | Validation - Loss: 1.0964 | Correct: 6084/10000 (60.84%, 2.84s)
2026-02-11 18:59:54,346 | INFO | New best model saved at epoch 17 with Top1 Acc: 60.84%
2026-02-11 19:00:01,433 | INFO | Batch 100 | Loss: 1.1562 | Correct: 78/128 | Elapsed Time: 7.09s
2026-02-11 19:00:08,462 | INFO | Batch 200 | Loss: 1.2578 | Correct: 69/128 | Elapsed Time: 7.03s
2026-02-11 19:00:15,560 | INFO | Batch 300 | Loss: 1.1328 | Correct: 77/128 | Elapsed Time: 7.10s
2026-02-11 19:00:22,036 | INFO | Epoch [18/100] - Loss: 1.1481 | Correct: 29479/50000 (58.96%, 27.69s)
2026-02-11 19:00:24,923 | INFO | Validation - Loss: 1.0821 | Correct: 6155/10000 (61.55%, 2.89s)
2026-02-11 19:00:24,966 | INFO | New best model saved at epoch 18 with Top1 Acc: 61.55%
2026-02-11 19:00:32,023 | INFO | Batch 100 | Loss: 1.0391 | Correct: 80/128 | Elapsed Time: 7.06s
2026-02-11 19:00:39,078 | INFO | Batch 200 | Loss: 1.2188 | Correct: 78/128 | Elapsed Time: 7.06s
2026-02-11 19:00:46,106 | INFO | Batch 300 | Loss: 1.2969 | Correct: 69/128 | Elapsed Time: 7.03s
2026-02-11 19:00:52,512 | INFO | Epoch [19/100] - Loss: 1.1318 | Correct: 29743/50000 (59.49%, 27.55s)
2026-02-11 19:00:55,397 | INFO | Validation - Loss: 1.0756 | Correct: 6154/10000 (61.54%, 2.88s)
2026-02-11 19:01:02,478 | INFO | Batch 100 | Loss: 0.9922 | Correct: 80/128 | Elapsed Time: 7.08s
2026-02-11 19:01:09,478 | INFO | Batch 200 | Loss: 1.1953 | Correct: 73/128 | Elapsed Time: 7.00s
2026-02-11 19:01:16,527 | INFO | Batch 300 | Loss: 1.0234 | Correct: 86/128 | Elapsed Time: 7.05s
2026-02-11 19:01:22,945 | INFO | Epoch [20/100] - Loss: 1.1159 | Correct: 30053/50000 (60.11%, 27.55s)
2026-02-11 19:01:25,799 | INFO | Validation - Loss: 1.1210 | Correct: 6019/10000 (60.19%, 2.85s)
2026-02-11 19:01:32,898 | INFO | Batch 100 | Loss: 1.1094 | Correct: 75/128 | Elapsed Time: 7.10s
2026-02-11 19:01:39,936 | INFO | Batch 200 | Loss: 1.0234 | Correct: 82/128 | Elapsed Time: 7.04s
2026-02-11 19:01:47,059 | INFO | Batch 300 | Loss: 1.0938 | Correct: 74/128 | Elapsed Time: 7.12s
2026-02-11 19:01:53,467 | INFO | Epoch [21/100] - Loss: 1.1075 | Correct: 30210/50000 (60.42%, 27.67s)
2026-02-11 19:01:56,360 | INFO | Validation - Loss: 1.0753 | Correct: 6231/10000 (62.31%, 2.89s)
2026-02-11 19:01:56,409 | INFO | New best model saved at epoch 21 with Top1 Acc: 62.31%
2026-02-11 19:02:03,497 | INFO | Batch 100 | Loss: 1.0156 | Correct: 80/128 | Elapsed Time: 7.09s
2026-02-11 19:02:10,605 | INFO | Batch 200 | Loss: 1.0312 | Correct: 81/128 | Elapsed Time: 7.11s
2026-02-11 19:02:17,723 | INFO | Batch 300 | Loss: 0.9336 | Correct: 88/128 | Elapsed Time: 7.12s
2026-02-11 19:02:24,162 | INFO | Epoch [22/100] - Loss: 1.0896 | Correct: 30546/50000 (61.09%, 27.75s)
2026-02-11 19:02:27,026 | INFO | Validation - Loss: 1.0461 | Correct: 6278/10000 (62.78%, 2.86s)
2026-02-11 19:02:27,072 | INFO | New best model saved at epoch 22 with Top1 Acc: 62.78%
2026-02-11 19:02:34,163 | INFO | Batch 100 | Loss: 1.2578 | Correct: 70/128 | Elapsed Time: 7.09s
2026-02-11 19:02:41,262 | INFO | Batch 200 | Loss: 1.0312 | Correct: 79/128 | Elapsed Time: 7.10s
2026-02-11 19:02:48,333 | INFO | Batch 300 | Loss: 0.9258 | Correct: 89/128 | Elapsed Time: 7.07s
2026-02-11 19:02:54,781 | INFO | Epoch [23/100] - Loss: 1.0667 | Correct: 30973/50000 (61.95%, 27.71s)
2026-02-11 19:02:57,656 | INFO | Validation - Loss: 1.0268 | Correct: 6353/10000 (63.53%, 2.87s)
2026-02-11 19:02:57,703 | INFO | New best model saved at epoch 23 with Top1 Acc: 63.53%
2026-02-11 19:03:04,800 | INFO | Batch 100 | Loss: 1.3750 | Correct: 59/128 | Elapsed Time: 7.10s
2026-02-11 19:03:11,882 | INFO | Batch 200 | Loss: 1.1172 | Correct: 75/128 | Elapsed Time: 7.08s
2026-02-11 19:03:19,024 | INFO | Batch 300 | Loss: 1.0391 | Correct: 81/128 | Elapsed Time: 7.14s
2026-02-11 19:03:25,458 | INFO | Epoch [24/100] - Loss: 1.0496 | Correct: 31087/50000 (62.17%, 27.75s)
2026-02-11 19:03:28,288 | INFO | Validation - Loss: 1.0023 | Correct: 6424/10000 (64.24%, 2.83s)
2026-02-11 19:03:28,336 | INFO | New best model saved at epoch 24 with Top1 Acc: 64.24%
2026-02-11 19:03:35,425 | INFO | Batch 100 | Loss: 1.2422 | Correct: 71/128 | Elapsed Time: 7.09s
2026-02-11 19:03:42,541 | INFO | Batch 200 | Loss: 1.1484 | Correct: 72/128 | Elapsed Time: 7.12s
2026-02-11 19:03:49,633 | INFO | Batch 300 | Loss: 0.9922 | Correct: 78/128 | Elapsed Time: 7.09s
2026-02-11 19:03:56,050 | INFO | Epoch [25/100] - Loss: 1.0187 | Correct: 31889/50000 (63.78%, 27.71s)
2026-02-11 19:03:58,903 | INFO | Validation - Loss: 1.0304 | Correct: 6360/10000 (63.60%, 2.85s)
2026-02-11 19:04:06,043 | INFO | Batch 100 | Loss: 1.2344 | Correct: 72/128 | Elapsed Time: 7.14s
2026-02-11 19:04:13,082 | INFO | Batch 200 | Loss: 1.2734 | Correct: 75/128 | Elapsed Time: 7.04s
2026-02-11 19:04:20,156 | INFO | Batch 300 | Loss: 1.0312 | Correct: 80/128 | Elapsed Time: 7.07s
2026-02-11 19:04:26,579 | INFO | Epoch [26/100] - Loss: 1.1197 | Correct: 29981/50000 (59.96%, 27.67s)
2026-02-11 19:04:29,436 | INFO | Validation - Loss: 1.0782 | Correct: 6209/10000 (62.09%, 2.86s)
2026-02-11 19:04:36,581 | INFO | Batch 100 | Loss: 1.2422 | Correct: 67/128 | Elapsed Time: 7.14s
2026-02-11 19:04:43,667 | INFO | Batch 200 | Loss: 1.1875 | Correct: 74/128 | Elapsed Time: 7.09s
2026-02-11 19:04:50,891 | INFO | Batch 300 | Loss: 1.1172 | Correct: 76/128 | Elapsed Time: 7.22s
2026-02-11 19:04:57,421 | INFO | Epoch [27/100] - Loss: 1.0978 | Correct: 30357/50000 (60.71%, 27.98s)
2026-02-11 19:05:00,341 | INFO | Validation - Loss: 1.0687 | Correct: 6189/10000 (61.89%, 2.92s)
2026-02-11 19:05:07,487 | INFO | Batch 100 | Loss: 1.0547 | Correct: 76/128 | Elapsed Time: 7.14s
2026-02-11 19:05:14,574 | INFO | Batch 200 | Loss: 1.0391 | Correct: 80/128 | Elapsed Time: 7.09s
2026-02-11 19:05:21,642 | INFO | Batch 300 | Loss: 1.1328 | Correct: 72/128 | Elapsed Time: 7.07s
2026-02-11 19:05:28,066 | INFO | Epoch [28/100] - Loss: 1.0656 | Correct: 30834/50000 (61.67%, 27.72s)
2026-02-11 19:05:30,923 | INFO | Validation - Loss: 1.1678 | Correct: 5841/10000 (58.41%, 2.86s)
2026-02-11 19:05:37,993 | INFO | Batch 100 | Loss: 0.9297 | Correct: 87/128 | Elapsed Time: 7.07s
2026-02-11 19:05:45,042 | INFO | Batch 200 | Loss: 1.1016 | Correct: 77/128 | Elapsed Time: 7.05s
2026-02-11 19:05:52,086 | INFO | Batch 300 | Loss: 1.1562 | Correct: 76/128 | Elapsed Time: 7.04s
2026-02-11 19:05:58,497 | INFO | Epoch [29/100] - Loss: 1.0354 | Correct: 31453/50000 (62.91%, 27.57s)
2026-02-11 19:06:01,415 | INFO | Validation - Loss: 0.9874 | Correct: 6566/10000 (65.66%, 2.92s)
2026-02-11 19:06:01,460 | INFO | New best model saved at epoch 29 with Top1 Acc: 65.66%
2026-02-11 19:06:08,599 | INFO | Batch 100 | Loss: 1.1016 | Correct: 79/128 | Elapsed Time: 7.14s
2026-02-11 19:06:15,757 | INFO | Batch 200 | Loss: 0.9102 | Correct: 85/128 | Elapsed Time: 7.16s
2026-02-11 19:06:22,834 | INFO | Batch 300 | Loss: 1.2109 | Correct: 74/128 | Elapsed Time: 7.08s
2026-02-11 19:06:29,253 | INFO | Epoch [30/100] - Loss: 1.0268 | Correct: 31760/50000 (63.52%, 27.79s)
2026-02-11 19:06:32,152 | INFO | Validation - Loss: 1.1071 | Correct: 6243/10000 (62.43%, 2.90s)
2026-02-11 19:06:39,248 | INFO | Batch 100 | Loss: 0.9414 | Correct: 87/128 | Elapsed Time: 7.09s
2026-02-11 19:06:46,298 | INFO | Batch 200 | Loss: 1.0547 | Correct: 80/128 | Elapsed Time: 7.05s
2026-02-11 19:06:53,466 | INFO | Batch 300 | Loss: 1.0625 | Correct: 75/128 | Elapsed Time: 7.17s
2026-02-11 19:06:59,892 | INFO | Epoch [31/100] - Loss: 1.0055 | Correct: 32150/50000 (64.30%, 27.74s)
2026-02-11 19:07:02,757 | INFO | Validation - Loss: 0.9975 | Correct: 6446/10000 (64.46%, 2.86s)
2026-02-11 19:07:09,844 | INFO | Batch 100 | Loss: 1.2656 | Correct: 72/128 | Elapsed Time: 7.09s
2026-02-11 19:07:16,932 | INFO | Batch 200 | Loss: 1.0859 | Correct: 82/128 | Elapsed Time: 7.09s
2026-02-11 19:07:23,995 | INFO | Batch 300 | Loss: 0.9805 | Correct: 83/128 | Elapsed Time: 7.06s
2026-02-11 19:07:30,425 | INFO | Epoch [32/100] - Loss: 1.0279 | Correct: 31710/50000 (63.42%, 27.67s)
2026-02-11 19:07:33,276 | INFO | Validation - Loss: 1.0485 | Correct: 6393/10000 (63.93%, 2.85s)
2026-02-11 19:07:40,412 | INFO | Batch 100 | Loss: 0.8867 | Correct: 90/128 | Elapsed Time: 7.13s
2026-02-11 19:07:47,457 | INFO | Batch 200 | Loss: 1.0078 | Correct: 79/128 | Elapsed Time: 7.05s
2026-02-11 19:07:54,551 | INFO | Batch 300 | Loss: 0.9141 | Correct: 92/128 | Elapsed Time: 7.09s
2026-02-11 19:08:01,137 | INFO | Epoch [33/100] - Loss: 1.0503 | Correct: 31185/50000 (62.37%, 27.86s)
2026-02-11 19:08:04,139 | INFO | Validation - Loss: 0.9580 | Correct: 6639/10000 (66.39%, 3.00s)
2026-02-11 19:08:04,197 | INFO | New best model saved at epoch 33 with Top1 Acc: 66.39%
2026-02-11 19:08:11,335 | INFO | Batch 100 | Loss: 1.1875 | Correct: 79/128 | Elapsed Time: 7.14s
2026-02-11 19:08:18,380 | INFO | Batch 200 | Loss: 1.0234 | Correct: 82/128 | Elapsed Time: 7.05s
2026-02-11 19:08:25,444 | INFO | Batch 300 | Loss: 0.8438 | Correct: 95/128 | Elapsed Time: 7.06s
2026-02-11 19:08:31,855 | INFO | Epoch [34/100] - Loss: 1.0259 | Correct: 31698/50000 (63.40%, 27.66s)
2026-02-11 19:08:34,693 | INFO | Validation - Loss: 1.0051 | Correct: 6458/10000 (64.58%, 2.84s)
2026-02-11 19:08:41,804 | INFO | Batch 100 | Loss: 1.1484 | Correct: 70/128 | Elapsed Time: 7.11s
2026-02-11 19:08:48,890 | INFO | Batch 200 | Loss: 1.0391 | Correct: 80/128 | Elapsed Time: 7.09s
2026-02-11 19:08:55,941 | INFO | Batch 300 | Loss: 1.0859 | Correct: 79/128 | Elapsed Time: 7.05s
2026-02-11 19:09:02,356 | INFO | Epoch [35/100] - Loss: 0.9917 | Correct: 32284/50000 (64.57%, 27.66s)
2026-02-11 19:09:05,220 | INFO | Validation - Loss: 1.0296 | Correct: 6387/10000 (63.87%, 2.86s)
2026-02-11 19:09:12,431 | INFO | Batch 100 | Loss: 0.8086 | Correct: 92/128 | Elapsed Time: 7.21s
2026-02-11 19:09:19,684 | INFO | Batch 200 | Loss: 0.9180 | Correct: 82/128 | Elapsed Time: 7.25s
2026-02-11 19:09:26,838 | INFO | Batch 300 | Loss: 1.4297 | Correct: 61/128 | Elapsed Time: 7.15s
2026-02-11 19:09:33,315 | INFO | Epoch [36/100] - Loss: 1.0259 | Correct: 31816/50000 (63.63%, 28.09s)
2026-02-11 19:09:36,213 | INFO | Validation - Loss: 1.0850 | Correct: 6194/10000 (61.94%, 2.90s)
2026-02-11 19:09:43,284 | INFO | Batch 100 | Loss: 1.2188 | Correct: 74/128 | Elapsed Time: 7.07s
2026-02-11 19:09:50,342 | INFO | Batch 200 | Loss: 1.1641 | Correct: 66/128 | Elapsed Time: 7.06s
2026-02-11 19:09:57,433 | INFO | Batch 300 | Loss: 1.1562 | Correct: 78/128 | Elapsed Time: 7.09s
2026-02-11 19:10:03,885 | INFO | Epoch [37/100] - Loss: 1.1679 | Correct: 29223/50000 (58.45%, 27.67s)
2026-02-11 19:10:06,775 | INFO | Validation - Loss: 1.0433 | Correct: 6360/10000 (63.60%, 2.89s)
2026-02-11 19:10:13,852 | INFO | Batch 100 | Loss: 1.0312 | Correct: 83/128 | Elapsed Time: 7.08s
2026-02-11 19:10:21,023 | INFO | Batch 200 | Loss: 0.9688 | Correct: 88/128 | Elapsed Time: 7.17s
2026-02-11 19:10:28,114 | INFO | Batch 300 | Loss: 1.0859 | Correct: 79/128 | Elapsed Time: 7.09s
2026-02-11 19:10:34,503 | INFO | Epoch [38/100] - Loss: 1.0259 | Correct: 31721/50000 (63.44%, 27.73s)
2026-02-11 19:10:37,389 | INFO | Validation - Loss: 1.0535 | Correct: 6303/10000 (63.03%, 2.88s)
2026-02-11 19:10:44,467 | INFO | Batch 100 | Loss: 0.9297 | Correct: 83/128 | Elapsed Time: 7.08s
2026-02-11 19:10:51,525 | INFO | Batch 200 | Loss: 0.9297 | Correct: 81/128 | Elapsed Time: 7.06s
2026-02-11 19:10:58,637 | INFO | Batch 300 | Loss: 1.0703 | Correct: 76/128 | Elapsed Time: 7.11s
2026-02-11 19:11:05,107 | INFO | Epoch [39/100] - Loss: 1.0035 | Correct: 32071/50000 (64.14%, 27.72s)
2026-02-11 19:11:07,994 | INFO | Validation - Loss: 0.9886 | Correct: 6516/10000 (65.16%, 2.89s)
2026-02-11 19:11:15,093 | INFO | Batch 100 | Loss: 1.0234 | Correct: 79/128 | Elapsed Time: 7.10s
2026-02-11 19:11:22,190 | INFO | Batch 200 | Loss: 1.0859 | Correct: 82/128 | Elapsed Time: 7.10s
2026-02-11 19:11:29,282 | INFO | Batch 300 | Loss: 0.9961 | Correct: 79/128 | Elapsed Time: 7.09s
2026-02-11 19:11:35,743 | INFO | Epoch [40/100] - Loss: 0.9728 | Correct: 32535/50000 (65.07%, 27.75s)
2026-02-11 19:11:38,574 | INFO | Validation - Loss: 0.9372 | Correct: 6683/10000 (66.83%, 2.83s)
2026-02-11 19:11:38,619 | INFO | New best model saved at epoch 40 with Top1 Acc: 66.83%
2026-02-11 19:11:45,751 | INFO | Batch 100 | Loss: 1.2656 | Correct: 75/128 | Elapsed Time: 7.13s
2026-02-11 19:11:52,857 | INFO | Batch 200 | Loss: 1.1719 | Correct: 75/128 | Elapsed Time: 7.11s
2026-02-11 19:11:59,951 | INFO | Batch 300 | Loss: 0.8516 | Correct: 96/128 | Elapsed Time: 7.09s
2026-02-11 19:12:06,334 | INFO | Epoch [41/100] - Loss: 1.0671 | Correct: 30983/50000 (61.97%, 27.72s)
2026-02-11 19:12:09,210 | INFO | Validation - Loss: 1.0491 | Correct: 6339/10000 (63.39%, 2.87s)
2026-02-11 19:12:16,319 | INFO | Batch 100 | Loss: 0.9883 | Correct: 82/128 | Elapsed Time: 7.11s
2026-02-11 19:12:23,390 | INFO | Batch 200 | Loss: 1.0312 | Correct: 82/128 | Elapsed Time: 7.07s
2026-02-11 19:12:30,500 | INFO | Batch 300 | Loss: 0.9102 | Correct: 76/128 | Elapsed Time: 7.11s
2026-02-11 19:12:36,954 | INFO | Epoch [42/100] - Loss: 0.9975 | Correct: 32149/50000 (64.30%, 27.74s)
2026-02-11 19:12:39,830 | INFO | Validation - Loss: 0.9602 | Correct: 6604/10000 (66.04%, 2.87s)
2026-02-11 19:12:46,946 | INFO | Batch 100 | Loss: 0.9336 | Correct: 87/128 | Elapsed Time: 7.11s
2026-02-11 19:12:54,033 | INFO | Batch 200 | Loss: 0.9531 | Correct: 88/128 | Elapsed Time: 7.09s
2026-02-11 19:13:01,224 | INFO | Batch 300 | Loss: 1.0234 | Correct: 83/128 | Elapsed Time: 7.19s
2026-02-11 19:13:07,736 | INFO | Epoch [43/100] - Loss: 0.9464 | Correct: 33095/50000 (66.19%, 27.91s)
2026-02-11 19:13:10,649 | INFO | Validation - Loss: 0.9155 | Correct: 6791/10000 (67.91%, 2.91s)
2026-02-11 19:13:10,702 | INFO | New best model saved at epoch 43 with Top1 Acc: 67.91%
2026-02-11 19:13:17,816 | INFO | Batch 100 | Loss: 1.0312 | Correct: 84/128 | Elapsed Time: 7.11s
2026-02-11 19:13:24,928 | INFO | Batch 200 | Loss: 0.9336 | Correct: 85/128 | Elapsed Time: 7.11s
2026-02-11 19:13:31,942 | INFO | Batch 300 | Loss: 0.9336 | Correct: 84/128 | Elapsed Time: 7.01s
2026-02-11 19:13:38,449 | INFO | Epoch [44/100] - Loss: 0.9508 | Correct: 33064/50000 (66.13%, 27.75s)
2026-02-11 19:13:41,409 | INFO | Validation - Loss: 0.9215 | Correct: 6756/10000 (67.56%, 2.96s)
2026-02-11 19:13:48,480 | INFO | Batch 100 | Loss: 0.9570 | Correct: 85/128 | Elapsed Time: 7.07s
2026-02-11 19:13:55,569 | INFO | Batch 200 | Loss: 0.8789 | Correct: 82/128 | Elapsed Time: 7.09s
2026-02-11 19:14:02,630 | INFO | Batch 300 | Loss: 1.0078 | Correct: 85/128 | Elapsed Time: 7.06s
2026-02-11 19:14:09,080 | INFO | Epoch [45/100] - Loss: 0.9131 | Correct: 33686/50000 (67.37%, 27.67s)
2026-02-11 19:14:11,962 | INFO | Validation - Loss: 0.8914 | Correct: 6876/10000 (68.76%, 2.88s)
2026-02-11 19:14:12,005 | INFO | New best model saved at epoch 45 with Top1 Acc: 68.76%
2026-02-11 19:14:19,109 | INFO | Batch 100 | Loss: 0.8672 | Correct: 90/128 | Elapsed Time: 7.10s
2026-02-11 19:14:26,286 | INFO | Batch 200 | Loss: 0.8281 | Correct: 86/128 | Elapsed Time: 7.18s
2026-02-11 19:14:33,382 | INFO | Batch 300 | Loss: 0.8945 | Correct: 92/128 | Elapsed Time: 7.10s
2026-02-11 19:14:39,804 | INFO | Epoch [46/100] - Loss: 0.8905 | Correct: 34234/50000 (68.47%, 27.80s)
2026-02-11 19:14:42,692 | INFO | Validation - Loss: 0.8950 | Correct: 6847/10000 (68.47%, 2.89s)
2026-02-11 19:14:49,774 | INFO | Batch 100 | Loss: 1.1406 | Correct: 82/128 | Elapsed Time: 7.08s
2026-02-11 19:14:56,871 | INFO | Batch 200 | Loss: 0.8438 | Correct: 92/128 | Elapsed Time: 7.10s
2026-02-11 19:15:03,947 | INFO | Batch 300 | Loss: 0.8477 | Correct: 87/128 | Elapsed Time: 7.08s
2026-02-11 19:15:10,335 | INFO | Epoch [47/100] - Loss: 0.9051 | Correct: 33950/50000 (67.90%, 27.64s)
2026-02-11 19:15:13,190 | INFO | Validation - Loss: 0.8705 | Correct: 6905/10000 (69.05%, 2.85s)
2026-02-11 19:15:13,237 | INFO | New best model saved at epoch 47 with Top1 Acc: 69.05%
2026-02-11 19:15:20,342 | INFO | Batch 100 | Loss: 0.7969 | Correct: 88/128 | Elapsed Time: 7.10s
2026-02-11 19:15:27,447 | INFO | Batch 200 | Loss: 0.9453 | Correct: 81/128 | Elapsed Time: 7.11s
2026-02-11 19:15:34,603 | INFO | Batch 300 | Loss: 0.8633 | Correct: 90/128 | Elapsed Time: 7.16s
2026-02-11 19:15:41,043 | INFO | Epoch [48/100] - Loss: 0.8989 | Correct: 34086/50000 (68.17%, 27.81s)
2026-02-11 19:15:43,926 | INFO | Validation - Loss: 0.9001 | Correct: 6791/10000 (67.91%, 2.88s)
2026-02-11 19:15:50,994 | INFO | Batch 100 | Loss: 0.9219 | Correct: 81/128 | Elapsed Time: 7.07s
2026-02-11 19:15:58,070 | INFO | Batch 200 | Loss: 0.7461 | Correct: 97/128 | Elapsed Time: 7.08s
2026-02-11 19:16:05,194 | INFO | Batch 300 | Loss: 0.7773 | Correct: 94/128 | Elapsed Time: 7.12s
2026-02-11 19:16:11,606 | INFO | Epoch [49/100] - Loss: 0.8723 | Correct: 34487/50000 (68.97%, 27.68s)
2026-02-11 19:16:14,450 | INFO | Validation - Loss: 0.8819 | Correct: 6888/10000 (68.88%, 2.84s)
2026-02-11 19:16:21,536 | INFO | Batch 100 | Loss: 0.9453 | Correct: 86/128 | Elapsed Time: 7.08s
2026-02-11 19:16:28,624 | INFO | Batch 200 | Loss: 0.8594 | Correct: 86/128 | Elapsed Time: 7.09s
2026-02-11 19:16:35,737 | INFO | Batch 300 | Loss: 0.8125 | Correct: 90/128 | Elapsed Time: 7.11s
2026-02-11 19:16:42,219 | INFO | Epoch [50/100] - Loss: 0.8497 | Correct: 34886/50000 (69.77%, 27.77s)
2026-02-11 19:16:45,087 | INFO | Validation - Loss: 0.8978 | Correct: 6884/10000 (68.84%, 2.87s)
2026-02-11 19:16:52,194 | INFO | Batch 100 | Loss: 0.8750 | Correct: 90/128 | Elapsed Time: 7.10s
2026-02-11 19:16:59,336 | INFO | Batch 200 | Loss: 0.8125 | Correct: 90/128 | Elapsed Time: 7.14s
2026-02-11 19:17:06,440 | INFO | Batch 300 | Loss: 0.8555 | Correct: 86/128 | Elapsed Time: 7.10s
2026-02-11 19:17:12,886 | INFO | Epoch [51/100] - Loss: 0.7989 | Correct: 35861/50000 (71.72%, 27.80s)
2026-02-11 19:17:15,751 | INFO | Validation - Loss: 0.8225 | Correct: 7118/10000 (71.18%, 2.86s)
2026-02-11 19:17:15,799 | INFO | New best model saved at epoch 51 with Top1 Acc: 71.18%
2026-02-11 19:17:22,884 | INFO | Batch 100 | Loss: 0.7070 | Correct: 95/128 | Elapsed Time: 7.08s
2026-02-11 19:17:29,937 | INFO | Batch 200 | Loss: 0.7422 | Correct: 96/128 | Elapsed Time: 7.05s
2026-02-11 19:17:36,986 | INFO | Batch 300 | Loss: 0.7422 | Correct: 94/128 | Elapsed Time: 7.05s
2026-02-11 19:17:43,402 | INFO | Epoch [52/100] - Loss: 0.7729 | Correct: 36246/50000 (72.49%, 27.60s)
2026-02-11 19:17:46,290 | INFO | Validation - Loss: 0.8153 | Correct: 7157/10000 (71.57%, 2.89s)
2026-02-11 19:17:46,335 | INFO | New best model saved at epoch 52 with Top1 Acc: 71.57%
2026-02-11 19:17:53,440 | INFO | Batch 100 | Loss: 0.8164 | Correct: 97/128 | Elapsed Time: 7.10s
2026-02-11 19:18:00,480 | INFO | Batch 200 | Loss: 0.7266 | Correct: 99/128 | Elapsed Time: 7.04s
2026-02-11 19:18:07,518 | INFO | Batch 300 | Loss: 0.8164 | Correct: 88/128 | Elapsed Time: 7.04s
2026-02-11 19:18:13,940 | INFO | Epoch [53/100] - Loss: 0.7623 | Correct: 36456/50000 (72.91%, 27.61s)
2026-02-11 19:18:16,801 | INFO | Validation - Loss: 0.8092 | Correct: 7152/10000 (71.52%, 2.86s)
2026-02-11 19:18:23,880 | INFO | Batch 100 | Loss: 0.6875 | Correct: 95/128 | Elapsed Time: 7.08s
2026-02-11 19:18:30,943 | INFO | Batch 200 | Loss: 0.9414 | Correct: 83/128 | Elapsed Time: 7.06s
2026-02-11 19:18:37,958 | INFO | Batch 300 | Loss: 0.5977 | Correct: 101/128 | Elapsed Time: 7.01s
2026-02-11 19:18:44,374 | INFO | Epoch [54/100] - Loss: 0.7582 | Correct: 36515/50000 (73.03%, 27.57s)
2026-02-11 19:18:47,252 | INFO | Validation - Loss: 0.8085 | Correct: 7173/10000 (71.73%, 2.88s)
2026-02-11 19:18:47,298 | INFO | New best model saved at epoch 54 with Top1 Acc: 71.73%
2026-02-11 19:18:54,483 | INFO | Batch 100 | Loss: 0.5781 | Correct: 99/128 | Elapsed Time: 7.19s
2026-02-11 19:19:01,575 | INFO | Batch 200 | Loss: 0.7500 | Correct: 96/128 | Elapsed Time: 7.09s
2026-02-11 19:19:08,704 | INFO | Batch 300 | Loss: 0.7109 | Correct: 95/128 | Elapsed Time: 7.13s
2026-02-11 19:19:15,200 | INFO | Epoch [55/100] - Loss: 0.7573 | Correct: 36539/50000 (73.08%, 27.90s)
2026-02-11 19:19:18,051 | INFO | Validation - Loss: 0.8062 | Correct: 7160/10000 (71.60%, 2.85s)
2026-02-11 19:19:25,170 | INFO | Batch 100 | Loss: 0.8320 | Correct: 91/128 | Elapsed Time: 7.12s
2026-02-11 19:19:32,296 | INFO | Batch 200 | Loss: 0.7383 | Correct: 92/128 | Elapsed Time: 7.13s
2026-02-11 19:19:39,485 | INFO | Batch 300 | Loss: 0.6914 | Correct: 97/128 | Elapsed Time: 7.19s
2026-02-11 19:19:45,996 | INFO | Epoch [56/100] - Loss: 0.7547 | Correct: 36502/50000 (73.00%, 27.94s)
2026-02-11 19:19:48,876 | INFO | Validation - Loss: 0.8074 | Correct: 7161/10000 (71.61%, 2.88s)
2026-02-11 19:19:56,021 | INFO | Batch 100 | Loss: 0.6250 | Correct: 99/128 | Elapsed Time: 7.14s
2026-02-11 19:20:03,091 | INFO | Batch 200 | Loss: 0.6172 | Correct: 101/128 | Elapsed Time: 7.07s
2026-02-11 19:20:10,142 | INFO | Batch 300 | Loss: 0.7930 | Correct: 94/128 | Elapsed Time: 7.05s
2026-02-11 19:20:16,587 | INFO | Epoch [57/100] - Loss: 0.7545 | Correct: 36568/50000 (73.14%, 27.71s)
2026-02-11 19:20:19,433 | INFO | Validation - Loss: 0.8135 | Correct: 7134/10000 (71.34%, 2.84s)
2026-02-11 19:20:26,565 | INFO | Batch 100 | Loss: 0.7227 | Correct: 98/128 | Elapsed Time: 7.13s
2026-02-11 19:20:33,665 | INFO | Batch 200 | Loss: 0.7070 | Correct: 96/128 | Elapsed Time: 7.10s
2026-02-11 19:20:40,758 | INFO | Batch 300 | Loss: 0.6641 | Correct: 101/128 | Elapsed Time: 7.09s
2026-02-11 19:20:47,303 | INFO | Epoch [58/100] - Loss: 0.7470 | Correct: 36774/50000 (73.55%, 27.87s)
2026-02-11 19:20:50,216 | INFO | Validation - Loss: 0.8121 | Correct: 7147/10000 (71.47%, 2.91s)
2026-02-11 19:20:57,426 | INFO | Batch 100 | Loss: 0.8359 | Correct: 83/128 | Elapsed Time: 7.21s
2026-02-11 19:21:04,636 | INFO | Batch 200 | Loss: 0.7852 | Correct: 94/128 | Elapsed Time: 7.21s
2026-02-11 19:21:11,830 | INFO | Batch 300 | Loss: 0.6484 | Correct: 96/128 | Elapsed Time: 7.19s
2026-02-11 19:21:18,385 | INFO | Epoch [59/100] - Loss: 0.7490 | Correct: 36634/50000 (73.27%, 28.17s)
2026-02-11 19:21:21,324 | INFO | Validation - Loss: 0.8069 | Correct: 7167/10000 (71.67%, 2.94s)
2026-02-11 19:21:28,469 | INFO | Batch 100 | Loss: 0.6484 | Correct: 103/128 | Elapsed Time: 7.14s
2026-02-11 19:21:35,556 | INFO | Batch 200 | Loss: 0.7773 | Correct: 93/128 | Elapsed Time: 7.09s
2026-02-11 19:21:42,664 | INFO | Batch 300 | Loss: 0.8125 | Correct: 93/128 | Elapsed Time: 7.11s
2026-02-11 19:21:49,082 | INFO | Epoch [60/100] - Loss: 0.7407 | Correct: 36811/50000 (73.62%, 27.76s)
2026-02-11 19:21:51,950 | INFO | Validation - Loss: 0.8102 | Correct: 7147/10000 (71.47%, 2.87s)
2026-02-11 19:21:59,035 | INFO | Batch 100 | Loss: 0.7812 | Correct: 92/128 | Elapsed Time: 7.08s
2026-02-11 19:22:06,045 | INFO | Batch 200 | Loss: 0.8945 | Correct: 82/128 | Elapsed Time: 7.01s
2026-02-11 19:22:13,189 | INFO | Batch 300 | Loss: 0.7695 | Correct: 89/128 | Elapsed Time: 7.14s
2026-02-11 19:22:19,792 | INFO | Epoch [61/100] - Loss: 0.7431 | Correct: 36712/50000 (73.42%, 27.84s)
2026-02-11 19:22:22,723 | INFO | Validation - Loss: 0.8107 | Correct: 7169/10000 (71.69%, 2.93s)
2026-02-11 19:22:29,910 | INFO | Batch 100 | Loss: 0.5781 | Correct: 103/128 | Elapsed Time: 7.18s
2026-02-11 19:22:37,017 | INFO | Batch 200 | Loss: 0.6719 | Correct: 97/128 | Elapsed Time: 7.11s
2026-02-11 19:22:44,088 | INFO | Batch 300 | Loss: 0.8398 | Correct: 86/128 | Elapsed Time: 7.07s
2026-02-11 19:22:50,493 | INFO | Epoch [62/100] - Loss: 0.7408 | Correct: 36833/50000 (73.67%, 27.77s)
2026-02-11 19:22:53,313 | INFO | Validation - Loss: 0.8026 | Correct: 7184/10000 (71.84%, 2.82s)
2026-02-11 19:22:53,362 | INFO | New best model saved at epoch 62 with Top1 Acc: 71.84%
2026-02-11 19:23:00,469 | INFO | Batch 100 | Loss: 0.6523 | Correct: 98/128 | Elapsed Time: 7.11s
2026-02-11 19:23:07,575 | INFO | Batch 200 | Loss: 0.7969 | Correct: 95/128 | Elapsed Time: 7.11s
2026-02-11 19:23:14,630 | INFO | Batch 300 | Loss: 0.8438 | Correct: 87/128 | Elapsed Time: 7.06s
2026-02-11 19:23:21,078 | INFO | Epoch [63/100] - Loss: 0.7377 | Correct: 36919/50000 (73.84%, 27.72s)
2026-02-11 19:23:23,952 | INFO | Validation - Loss: 0.8086 | Correct: 7174/10000 (71.74%, 2.87s)
2026-02-11 19:23:31,041 | INFO | Batch 100 | Loss: 0.7227 | Correct: 99/128 | Elapsed Time: 7.09s
2026-02-11 19:23:38,072 | INFO | Batch 200 | Loss: 0.7227 | Correct: 94/128 | Elapsed Time: 7.03s
2026-02-11 19:23:45,170 | INFO | Batch 300 | Loss: 0.8633 | Correct: 84/128 | Elapsed Time: 7.10s
2026-02-11 19:23:51,578 | INFO | Epoch [64/100] - Loss: 0.7365 | Correct: 36928/50000 (73.86%, 27.62s)
2026-02-11 19:23:54,424 | INFO | Validation - Loss: 0.8045 | Correct: 7159/10000 (71.59%, 2.84s)
2026-02-11 19:24:01,506 | INFO | Batch 100 | Loss: 0.8672 | Correct: 86/128 | Elapsed Time: 7.08s
2026-02-11 19:24:08,577 | INFO | Batch 200 | Loss: 0.5742 | Correct: 104/128 | Elapsed Time: 7.07s
2026-02-11 19:24:15,695 | INFO | Batch 300 | Loss: 0.6719 | Correct: 101/128 | Elapsed Time: 7.12s
2026-02-11 19:24:22,154 | INFO | Epoch [65/100] - Loss: 0.7332 | Correct: 36961/50000 (73.92%, 27.73s)
2026-02-11 19:24:24,986 | INFO | Validation - Loss: 0.8021 | Correct: 7205/10000 (72.05%, 2.83s)
2026-02-11 19:24:25,033 | INFO | New best model saved at epoch 65 with Top1 Acc: 72.05%
2026-02-11 19:24:32,141 | INFO | Batch 100 | Loss: 0.6875 | Correct: 99/128 | Elapsed Time: 7.11s
2026-02-11 19:24:39,183 | INFO | Batch 200 | Loss: 0.7930 | Correct: 91/128 | Elapsed Time: 7.04s
2026-02-11 19:24:46,288 | INFO | Batch 300 | Loss: 0.8633 | Correct: 91/128 | Elapsed Time: 7.10s
2026-02-11 19:24:52,730 | INFO | Epoch [66/100] - Loss: 0.7374 | Correct: 36827/50000 (73.65%, 27.70s)
2026-02-11 19:24:55,653 | INFO | Validation - Loss: 0.8038 | Correct: 7217/10000 (72.17%, 2.92s)
2026-02-11 19:24:55,698 | INFO | New best model saved at epoch 66 with Top1 Acc: 72.17%
2026-02-11 19:25:02,761 | INFO | Batch 100 | Loss: 0.5938 | Correct: 102/128 | Elapsed Time: 7.06s
2026-02-11 19:25:09,851 | INFO | Batch 200 | Loss: 0.8047 | Correct: 89/128 | Elapsed Time: 7.09s
2026-02-11 19:25:16,997 | INFO | Batch 300 | Loss: 0.7148 | Correct: 95/128 | Elapsed Time: 7.15s
2026-02-11 19:25:23,407 | INFO | Epoch [67/100] - Loss: 0.7373 | Correct: 36932/50000 (73.86%, 27.71s)
2026-02-11 19:25:26,253 | INFO | Validation - Loss: 0.8066 | Correct: 7194/10000 (71.94%, 2.85s)
2026-02-11 19:25:33,331 | INFO | Batch 100 | Loss: 0.7266 | Correct: 89/128 | Elapsed Time: 7.07s
2026-02-11 19:25:40,391 | INFO | Batch 200 | Loss: 0.8047 | Correct: 92/128 | Elapsed Time: 7.06s
2026-02-11 19:25:47,478 | INFO | Batch 300 | Loss: 0.8672 | Correct: 90/128 | Elapsed Time: 7.09s
2026-02-11 19:25:53,908 | INFO | Epoch [68/100] - Loss: 0.7337 | Correct: 36921/50000 (73.84%, 27.65s)
2026-02-11 19:25:56,821 | INFO | Validation - Loss: 0.8089 | Correct: 7183/10000 (71.83%, 2.91s)
2026-02-11 19:26:03,954 | INFO | Batch 100 | Loss: 0.6719 | Correct: 102/128 | Elapsed Time: 7.13s
2026-02-11 19:26:11,049 | INFO | Batch 200 | Loss: 0.7891 | Correct: 88/128 | Elapsed Time: 7.10s
2026-02-11 19:26:18,152 | INFO | Batch 300 | Loss: 0.7773 | Correct: 87/128 | Elapsed Time: 7.10s
2026-02-11 19:26:24,572 | INFO | Epoch [69/100] - Loss: 0.7390 | Correct: 36866/50000 (73.73%, 27.75s)
2026-02-11 19:26:27,443 | INFO | Validation - Loss: 0.8091 | Correct: 7172/10000 (71.72%, 2.87s)
2026-02-11 19:26:34,539 | INFO | Batch 100 | Loss: 0.8867 | Correct: 79/128 | Elapsed Time: 7.09s
2026-02-11 19:26:41,613 | INFO | Batch 200 | Loss: 0.7734 | Correct: 95/128 | Elapsed Time: 7.07s
2026-02-11 19:26:48,701 | INFO | Batch 300 | Loss: 0.6367 | Correct: 96/128 | Elapsed Time: 7.09s
2026-02-11 19:26:55,158 | INFO | Epoch [70/100] - Loss: 0.7326 | Correct: 36980/50000 (73.96%, 27.71s)
2026-02-11 19:26:58,022 | INFO | Validation - Loss: 0.8053 | Correct: 7171/10000 (71.71%, 2.86s)
2026-02-11 19:27:05,127 | INFO | Batch 100 | Loss: 0.9297 | Correct: 85/128 | Elapsed Time: 7.10s
2026-02-11 19:27:12,213 | INFO | Batch 200 | Loss: 0.7500 | Correct: 93/128 | Elapsed Time: 7.09s
2026-02-11 19:27:19,307 | INFO | Batch 300 | Loss: 0.6016 | Correct: 97/128 | Elapsed Time: 7.09s
2026-02-11 19:27:25,712 | INFO | Epoch [71/100] - Loss: 0.7346 | Correct: 36946/50000 (73.89%, 27.69s)
2026-02-11 19:27:28,547 | INFO | Validation - Loss: 0.8047 | Correct: 7179/10000 (71.79%, 2.83s)
2026-02-11 19:27:35,649 | INFO | Batch 100 | Loss: 0.8438 | Correct: 91/128 | Elapsed Time: 7.10s
2026-02-11 19:27:42,716 | INFO | Batch 200 | Loss: 0.6445 | Correct: 97/128 | Elapsed Time: 7.07s
2026-02-11 19:27:49,897 | INFO | Batch 300 | Loss: 0.5625 | Correct: 100/128 | Elapsed Time: 7.18s
2026-02-11 19:27:56,488 | INFO | Epoch [72/100] - Loss: 0.7302 | Correct: 36977/50000 (73.95%, 27.94s)
2026-02-11 19:27:59,388 | INFO | Validation - Loss: 0.8059 | Correct: 7177/10000 (71.77%, 2.90s)
2026-02-11 19:28:06,632 | INFO | Batch 100 | Loss: 0.7031 | Correct: 96/128 | Elapsed Time: 7.24s
2026-02-11 19:28:13,805 | INFO | Batch 200 | Loss: 0.7305 | Correct: 93/128 | Elapsed Time: 7.17s
2026-02-11 19:28:20,953 | INFO | Batch 300 | Loss: 0.8086 | Correct: 93/128 | Elapsed Time: 7.15s
2026-02-11 19:28:27,402 | INFO | Epoch [73/100] - Loss: 0.7282 | Correct: 37031/50000 (74.06%, 28.01s)
2026-02-11 19:28:30,297 | INFO | Validation - Loss: 0.8071 | Correct: 7183/10000 (71.83%, 2.89s)
2026-02-11 19:28:37,414 | INFO | Batch 100 | Loss: 0.8125 | Correct: 91/128 | Elapsed Time: 7.11s
2026-02-11 19:28:44,523 | INFO | Batch 200 | Loss: 0.6094 | Correct: 101/128 | Elapsed Time: 7.11s
2026-02-11 19:28:51,648 | INFO | Batch 300 | Loss: 0.7227 | Correct: 93/128 | Elapsed Time: 7.12s
2026-02-11 19:28:58,117 | INFO | Epoch [74/100] - Loss: 0.7252 | Correct: 37047/50000 (74.09%, 27.82s)
2026-02-11 19:29:01,007 | INFO | Validation - Loss: 0.8097 | Correct: 7188/10000 (71.88%, 2.89s)
2026-02-11 19:29:08,118 | INFO | Batch 100 | Loss: 0.7773 | Correct: 91/128 | Elapsed Time: 7.11s
2026-02-11 19:29:15,232 | INFO | Batch 200 | Loss: 0.7227 | Correct: 99/128 | Elapsed Time: 7.11s
2026-02-11 19:29:22,388 | INFO | Batch 300 | Loss: 0.7578 | Correct: 91/128 | Elapsed Time: 7.16s
2026-02-11 19:29:28,869 | INFO | Epoch [75/100] - Loss: 0.7264 | Correct: 37034/50000 (74.07%, 27.86s)
2026-02-11 19:29:31,755 | INFO | Validation - Loss: 0.8010 | Correct: 7195/10000 (71.95%, 2.89s)
2026-02-11 19:29:38,816 | INFO | Batch 100 | Loss: 0.8047 | Correct: 86/128 | Elapsed Time: 7.06s
2026-02-11 19:29:45,920 | INFO | Batch 200 | Loss: 0.7383 | Correct: 93/128 | Elapsed Time: 7.10s
2026-02-11 19:29:52,988 | INFO | Batch 300 | Loss: 0.6523 | Correct: 98/128 | Elapsed Time: 7.07s
2026-02-11 19:29:59,419 | INFO | Epoch [76/100] - Loss: 0.7206 | Correct: 37158/50000 (74.32%, 27.66s)
2026-02-11 19:30:02,308 | INFO | Validation - Loss: 0.8032 | Correct: 7182/10000 (71.82%, 2.89s)
2026-02-11 19:30:09,388 | INFO | Batch 100 | Loss: 0.6094 | Correct: 97/128 | Elapsed Time: 7.08s
2026-02-11 19:30:16,485 | INFO | Batch 200 | Loss: 0.6211 | Correct: 103/128 | Elapsed Time: 7.10s
2026-02-11 19:30:23,559 | INFO | Batch 300 | Loss: 0.6602 | Correct: 96/128 | Elapsed Time: 7.07s
2026-02-11 19:30:30,011 | INFO | Epoch [77/100] - Loss: 0.7213 | Correct: 37029/50000 (74.06%, 27.70s)
2026-02-11 19:30:32,899 | INFO | Validation - Loss: 0.8001 | Correct: 7202/10000 (72.02%, 2.89s)
2026-02-11 19:30:39,988 | INFO | Batch 100 | Loss: 0.9609 | Correct: 88/128 | Elapsed Time: 7.09s
2026-02-11 19:30:47,093 | INFO | Batch 200 | Loss: 0.5977 | Correct: 104/128 | Elapsed Time: 7.11s
2026-02-11 19:30:54,222 | INFO | Batch 300 | Loss: 0.7109 | Correct: 97/128 | Elapsed Time: 7.13s
2026-02-11 19:31:00,721 | INFO | Epoch [78/100] - Loss: 0.7251 | Correct: 37106/50000 (74.21%, 27.82s)
2026-02-11 19:31:03,582 | INFO | Validation - Loss: 0.8031 | Correct: 7188/10000 (71.88%, 2.86s)
2026-02-11 19:31:10,869 | INFO | Batch 100 | Loss: 0.7422 | Correct: 94/128 | Elapsed Time: 7.28s
2026-02-11 19:31:18,207 | INFO | Batch 200 | Loss: 0.7734 | Correct: 93/128 | Elapsed Time: 7.34s
2026-02-11 19:31:25,560 | INFO | Batch 300 | Loss: 0.8125 | Correct: 93/128 | Elapsed Time: 7.35s
2026-02-11 19:31:32,202 | INFO | Epoch [79/100] - Loss: 0.7265 | Correct: 37131/50000 (74.26%, 28.62s)
2026-02-11 19:31:35,142 | INFO | Validation - Loss: 0.8083 | Correct: 7160/10000 (71.60%, 2.94s)
2026-02-11 19:31:42,456 | INFO | Batch 100 | Loss: 0.6641 | Correct: 98/128 | Elapsed Time: 7.31s
2026-02-11 19:31:49,646 | INFO | Batch 200 | Loss: 0.8008 | Correct: 89/128 | Elapsed Time: 7.19s
2026-02-11 19:31:56,745 | INFO | Batch 300 | Loss: 0.7031 | Correct: 92/128 | Elapsed Time: 7.10s
2026-02-11 19:32:03,364 | INFO | Epoch [80/100] - Loss: 0.7283 | Correct: 36892/50000 (73.78%, 28.22s)
2026-02-11 19:32:06,298 | INFO | Validation - Loss: 0.8040 | Correct: 7191/10000 (71.91%, 2.93s)
2026-02-11 19:32:13,541 | INFO | Batch 100 | Loss: 0.5703 | Correct: 103/128 | Elapsed Time: 7.24s
2026-02-11 19:32:20,702 | INFO | Batch 200 | Loss: 0.5977 | Correct: 99/128 | Elapsed Time: 7.16s
2026-02-11 19:32:27,930 | INFO | Batch 300 | Loss: 0.5586 | Correct: 102/128 | Elapsed Time: 7.23s
2026-02-11 19:32:34,451 | INFO | Epoch [81/100] - Loss: 0.7228 | Correct: 37065/50000 (74.13%, 28.15s)
2026-02-11 19:32:37,369 | INFO | Validation - Loss: 0.8068 | Correct: 7170/10000 (71.70%, 2.92s)
2026-02-11 19:32:44,543 | INFO | Batch 100 | Loss: 0.6172 | Correct: 101/128 | Elapsed Time: 7.17s
2026-02-11 19:32:51,766 | INFO | Batch 200 | Loss: 0.6914 | Correct: 103/128 | Elapsed Time: 7.22s
2026-02-11 19:32:58,967 | INFO | Batch 300 | Loss: 0.6367 | Correct: 96/128 | Elapsed Time: 7.20s
2026-02-11 19:33:05,474 | INFO | Epoch [82/100] - Loss: 0.7219 | Correct: 37097/50000 (74.19%, 28.10s)
2026-02-11 19:33:08,330 | INFO | Validation - Loss: 0.8040 | Correct: 7182/10000 (71.82%, 2.86s)
2026-02-11 19:33:15,485 | INFO | Batch 100 | Loss: 0.6836 | Correct: 98/128 | Elapsed Time: 7.15s
2026-02-11 19:33:22,666 | INFO | Batch 200 | Loss: 0.7422 | Correct: 95/128 | Elapsed Time: 7.18s
2026-02-11 19:33:29,816 | INFO | Batch 300 | Loss: 0.6328 | Correct: 95/128 | Elapsed Time: 7.15s
2026-02-11 19:33:36,293 | INFO | Epoch [83/100] - Loss: 0.7183 | Correct: 37191/50000 (74.38%, 27.96s)
2026-02-11 19:33:39,138 | INFO | Validation - Loss: 0.8052 | Correct: 7185/10000 (71.85%, 2.84s)
2026-02-11 19:33:46,243 | INFO | Batch 100 | Loss: 0.6055 | Correct: 99/128 | Elapsed Time: 7.10s
2026-02-11 19:33:53,288 | INFO | Batch 200 | Loss: 0.7539 | Correct: 100/128 | Elapsed Time: 7.04s
2026-02-11 19:34:00,424 | INFO | Batch 300 | Loss: 0.5938 | Correct: 100/128 | Elapsed Time: 7.14s
2026-02-11 19:34:06,889 | INFO | Epoch [84/100] - Loss: 0.7237 | Correct: 37055/50000 (74.11%, 27.75s)
2026-02-11 19:34:09,750 | INFO | Validation - Loss: 0.8013 | Correct: 7203/10000 (72.03%, 2.86s)
2026-02-11 19:34:16,794 | INFO | Batch 100 | Loss: 0.7969 | Correct: 87/128 | Elapsed Time: 7.04s
2026-02-11 19:34:23,875 | INFO | Batch 200 | Loss: 0.7773 | Correct: 93/128 | Elapsed Time: 7.08s
2026-02-11 19:34:30,954 | INFO | Batch 300 | Loss: 0.6445 | Correct: 96/128 | Elapsed Time: 7.08s
2026-02-11 19:34:37,360 | INFO | Epoch [85/100] - Loss: 0.7164 | Correct: 37208/50000 (74.42%, 27.61s)
2026-02-11 19:34:40,254 | INFO | Validation - Loss: 0.8008 | Correct: 7198/10000 (71.98%, 2.89s)
2026-02-11 19:34:47,372 | INFO | Batch 100 | Loss: 0.6367 | Correct: 97/128 | Elapsed Time: 7.12s
2026-02-11 19:34:54,432 | INFO | Batch 200 | Loss: 0.6602 | Correct: 99/128 | Elapsed Time: 7.06s
2026-02-11 19:35:01,543 | INFO | Batch 300 | Loss: 0.7734 | Correct: 95/128 | Elapsed Time: 7.11s
2026-02-11 19:35:08,044 | INFO | Epoch [86/100] - Loss: 0.7186 | Correct: 37239/50000 (74.48%, 27.79s)
2026-02-11 19:35:10,977 | INFO | Validation - Loss: 0.8030 | Correct: 7190/10000 (71.90%, 2.93s)
2026-02-11 19:35:18,235 | INFO | Batch 100 | Loss: 0.7344 | Correct: 91/128 | Elapsed Time: 7.25s
2026-02-11 19:35:25,417 | INFO | Batch 200 | Loss: 0.8320 | Correct: 94/128 | Elapsed Time: 7.18s
2026-02-11 19:35:32,489 | INFO | Batch 300 | Loss: 0.7734 | Correct: 94/128 | Elapsed Time: 7.07s
2026-02-11 19:35:39,025 | INFO | Epoch [87/100] - Loss: 0.7232 | Correct: 37085/50000 (74.17%, 28.04s)
2026-02-11 19:35:41,928 | INFO | Validation - Loss: 0.8036 | Correct: 7187/10000 (71.87%, 2.90s)
2026-02-11 19:35:49,044 | INFO | Batch 100 | Loss: 0.8438 | Correct: 91/128 | Elapsed Time: 7.11s
2026-02-11 19:35:56,136 | INFO | Batch 200 | Loss: 0.8320 | Correct: 92/128 | Elapsed Time: 7.09s
2026-02-11 19:36:03,245 | INFO | Batch 300 | Loss: 0.7344 | Correct: 98/128 | Elapsed Time: 7.11s
2026-02-11 19:36:09,738 | INFO | Epoch [88/100] - Loss: 0.7253 | Correct: 36990/50000 (73.98%, 27.81s)
2026-02-11 19:36:12,642 | INFO | Validation - Loss: 0.8040 | Correct: 7174/10000 (71.74%, 2.90s)
2026-02-11 19:36:19,747 | INFO | Batch 100 | Loss: 0.7500 | Correct: 94/128 | Elapsed Time: 7.10s
2026-02-11 19:36:26,819 | INFO | Batch 200 | Loss: 0.6445 | Correct: 98/128 | Elapsed Time: 7.07s
2026-02-11 19:36:33,878 | INFO | Batch 300 | Loss: 0.7188 | Correct: 97/128 | Elapsed Time: 7.06s
2026-02-11 19:36:40,295 | INFO | Epoch [89/100] - Loss: 0.7233 | Correct: 37085/50000 (74.17%, 27.65s)
2026-02-11 19:36:43,134 | INFO | Validation - Loss: 0.7999 | Correct: 7211/10000 (72.11%, 2.84s)
2026-02-11 19:36:50,218 | INFO | Batch 100 | Loss: 0.6328 | Correct: 95/128 | Elapsed Time: 7.08s
2026-02-11 19:36:57,279 | INFO | Batch 200 | Loss: 0.6289 | Correct: 95/128 | Elapsed Time: 7.06s
2026-02-11 19:37:04,353 | INFO | Batch 300 | Loss: 0.8125 | Correct: 93/128 | Elapsed Time: 7.07s
2026-02-11 19:37:10,794 | INFO | Epoch [90/100] - Loss: 0.7216 | Correct: 37199/50000 (74.40%, 27.66s)
2026-02-11 19:37:13,668 | INFO | Validation - Loss: 0.8025 | Correct: 7176/10000 (71.76%, 2.87s)
2026-02-11 19:37:20,796 | INFO | Batch 100 | Loss: 0.7383 | Correct: 90/128 | Elapsed Time: 7.12s
2026-02-11 19:37:27,848 | INFO | Batch 200 | Loss: 0.7695 | Correct: 90/128 | Elapsed Time: 7.05s
2026-02-11 19:37:34,958 | INFO | Batch 300 | Loss: 0.7305 | Correct: 96/128 | Elapsed Time: 7.11s
2026-02-11 19:37:41,420 | INFO | Epoch [91/100] - Loss: 0.7277 | Correct: 36994/50000 (73.99%, 27.75s)
2026-02-11 19:37:44,263 | INFO | Validation - Loss: 0.8042 | Correct: 7193/10000 (71.93%, 2.84s)
2026-02-11 19:37:51,323 | INFO | Batch 100 | Loss: 0.5742 | Correct: 102/128 | Elapsed Time: 7.06s
2026-02-11 19:37:58,478 | INFO | Batch 200 | Loss: 0.6055 | Correct: 103/128 | Elapsed Time: 7.16s
2026-02-11 19:38:05,521 | INFO | Batch 300 | Loss: 0.8086 | Correct: 91/128 | Elapsed Time: 7.04s
2026-02-11 19:38:12,073 | INFO | Epoch [92/100] - Loss: 0.7217 | Correct: 37213/50000 (74.43%, 27.81s)
2026-02-11 19:38:14,956 | INFO | Validation - Loss: 0.8032 | Correct: 7190/10000 (71.90%, 2.88s)
2026-02-11 19:38:22,039 | INFO | Batch 100 | Loss: 0.6562 | Correct: 101/128 | Elapsed Time: 7.08s
2026-02-11 19:38:29,125 | INFO | Batch 200 | Loss: 0.7383 | Correct: 93/128 | Elapsed Time: 7.09s
2026-02-11 19:38:36,221 | INFO | Batch 300 | Loss: 0.7031 | Correct: 98/128 | Elapsed Time: 7.10s
2026-02-11 19:38:42,682 | INFO | Epoch [93/100] - Loss: 0.7172 | Correct: 37332/50000 (74.66%, 27.72s)
2026-02-11 19:38:45,563 | INFO | Validation - Loss: 0.8003 | Correct: 7217/10000 (72.17%, 2.88s)
2026-02-11 19:38:52,681 | INFO | Batch 100 | Loss: 0.9492 | Correct: 88/128 | Elapsed Time: 7.11s
2026-02-11 19:38:59,748 | INFO | Batch 200 | Loss: 0.7227 | Correct: 89/128 | Elapsed Time: 7.07s
2026-02-11 19:39:06,857 | INFO | Batch 300 | Loss: 0.7891 | Correct: 94/128 | Elapsed Time: 7.11s
2026-02-11 19:39:13,300 | INFO | Epoch [94/100] - Loss: 0.7227 | Correct: 37058/50000 (74.12%, 27.73s)
2026-02-11 19:39:16,242 | INFO | Validation - Loss: 0.7980 | Correct: 7191/10000 (71.91%, 2.94s)
2026-02-11 19:39:23,415 | INFO | Batch 100 | Loss: 0.6289 | Correct: 102/128 | Elapsed Time: 7.17s
2026-02-11 19:39:30,494 | INFO | Batch 200 | Loss: 0.7734 | Correct: 95/128 | Elapsed Time: 7.08s
2026-02-11 19:39:37,619 | INFO | Batch 300 | Loss: 0.7305 | Correct: 90/128 | Elapsed Time: 7.13s
2026-02-11 19:39:44,025 | INFO | Epoch [95/100] - Loss: 0.7244 | Correct: 37034/50000 (74.07%, 27.78s)
2026-02-11 19:39:46,880 | INFO | Validation - Loss: 0.8046 | Correct: 7173/10000 (71.73%, 2.85s)
2026-02-11 19:39:53,997 | INFO | Batch 100 | Loss: 0.8164 | Correct: 86/128 | Elapsed Time: 7.11s
2026-02-11 19:40:01,063 | INFO | Batch 200 | Loss: 0.6406 | Correct: 100/128 | Elapsed Time: 7.07s
2026-02-11 19:40:08,159 | INFO | Batch 300 | Loss: 0.7969 | Correct: 88/128 | Elapsed Time: 7.10s
2026-02-11 19:40:14,594 | INFO | Epoch [96/100] - Loss: 0.7228 | Correct: 37134/50000 (74.27%, 27.71s)
2026-02-11 19:40:17,484 | INFO | Validation - Loss: 0.8024 | Correct: 7197/10000 (71.97%, 2.89s)
2026-02-11 19:40:24,600 | INFO | Batch 100 | Loss: 0.6992 | Correct: 94/128 | Elapsed Time: 7.11s
2026-02-11 19:40:31,769 | INFO | Batch 200 | Loss: 0.7266 | Correct: 91/128 | Elapsed Time: 7.17s
2026-02-11 19:40:39,000 | INFO | Batch 300 | Loss: 0.7656 | Correct: 95/128 | Elapsed Time: 7.23s
2026-02-11 19:40:45,588 | INFO | Epoch [97/100] - Loss: 0.7197 | Correct: 37288/50000 (74.58%, 28.10s)
2026-02-11 19:40:48,474 | INFO | Validation - Loss: 0.8003 | Correct: 7183/10000 (71.83%, 2.89s)
2026-02-11 19:40:55,719 | INFO | Batch 100 | Loss: 0.8242 | Correct: 89/128 | Elapsed Time: 7.24s
2026-02-11 19:41:02,906 | INFO | Batch 200 | Loss: 0.6992 | Correct: 93/128 | Elapsed Time: 7.19s
2026-02-11 19:41:10,100 | INFO | Batch 300 | Loss: 0.7461 | Correct: 94/128 | Elapsed Time: 7.19s
2026-02-11 19:41:16,727 | INFO | Epoch [98/100] - Loss: 0.7282 | Correct: 36970/50000 (73.94%, 28.25s)
2026-02-11 19:41:19,603 | INFO | Validation - Loss: 0.8062 | Correct: 7200/10000 (72.00%, 2.87s)
2026-02-11 19:41:26,834 | INFO | Batch 100 | Loss: 0.8164 | Correct: 95/128 | Elapsed Time: 7.23s
2026-02-11 19:41:34,012 | INFO | Batch 200 | Loss: 0.6992 | Correct: 101/128 | Elapsed Time: 7.18s
2026-02-11 19:41:41,181 | INFO | Batch 300 | Loss: 0.6875 | Correct: 92/128 | Elapsed Time: 7.17s
2026-02-11 19:41:47,703 | INFO | Epoch [99/100] - Loss: 0.7242 | Correct: 37067/50000 (74.13%, 28.10s)
2026-02-11 19:41:50,611 | INFO | Validation - Loss: 0.8036 | Correct: 7188/10000 (71.88%, 2.91s)
2026-02-11 19:41:57,785 | INFO | Batch 100 | Loss: 0.6953 | Correct: 93/128 | Elapsed Time: 7.17s
2026-02-11 19:42:04,897 | INFO | Batch 200 | Loss: 0.7422 | Correct: 91/128 | Elapsed Time: 7.11s
2026-02-11 19:42:11,963 | INFO | Batch 300 | Loss: 0.7539 | Correct: 93/128 | Elapsed Time: 7.07s
2026-02-11 19:42:18,429 | INFO | Epoch [100/100] - Loss: 0.7232 | Correct: 37019/50000 (74.04%, 27.81s)
2026-02-11 19:42:21,373 | INFO | Validation - Loss: 0.8042 | Correct: 7183/10000 (71.83%, 2.94s)
2026-02-11 19:42:21,376 | INFO | Training complete.
2026-02-11 19:42:21,418 | INFO | Final model saved to ./checkpoints/shufflenetv2_fp_final_20260211_185111.pt
