2026-02-11 10:32:29,481 | INFO | Training ResNet18 on CIFAR-100 with FP (dtype=torch.float16) on device cuda:0
2026-02-11 10:32:29,481 | INFO | Hyperparameters: epochs=100, batch_size=128, lr=0.01, beta=0.999
2026-02-11 10:32:38,264 | INFO | Batch 100 | Loss: 4.2461 | Correct: 7/128 | Elapsed Time: 8.78s
2026-02-11 10:32:46,276 | INFO | Batch 200 | Loss: 3.9336 | Correct: 14/128 | Elapsed Time: 8.01s
2026-02-11 10:32:54,129 | INFO | Batch 300 | Loss: 3.6523 | Correct: 16/128 | Elapsed Time: 7.85s
2026-02-11 10:33:01,362 | INFO | Epoch [1/100] - Loss: 3.9303 | Correct: 5315/50000 (10.63%, 31.88s)
2026-02-11 10:33:03,958 | INFO | Validation - Loss: 3.6130 | Top1: 1569/10000 (15.69%) | Top5: 4082/10000 (40.82%) (2.60s)
2026-02-11 10:33:04,025 | INFO | New best model saved at epoch 1 with Top1 Acc: 15.69% (Top5: 40.82%)
2026-02-11 10:33:11,894 | INFO | Batch 100 | Loss: 3.3809 | Correct: 18/128 | Elapsed Time: 7.87s
2026-02-11 10:33:19,743 | INFO | Batch 200 | Loss: 3.0059 | Correct: 35/128 | Elapsed Time: 7.85s
2026-02-11 10:33:27,538 | INFO | Batch 300 | Loss: 3.0684 | Correct: 30/128 | Elapsed Time: 7.80s
2026-02-11 10:33:34,638 | INFO | Epoch [2/100] - Loss: 3.3022 | Correct: 10093/50000 (20.19%, 30.61s)
2026-02-11 10:33:37,136 | INFO | Validation - Loss: 3.1546 | Top1: 2277/10000 (22.77%) | Top5: 5241/10000 (52.41%) (2.50s)
2026-02-11 10:33:37,236 | INFO | New best model saved at epoch 2 with Top1 Acc: 22.77% (Top5: 52.41%)
2026-02-11 10:33:45,128 | INFO | Batch 100 | Loss: 2.9219 | Correct: 34/128 | Elapsed Time: 7.89s
2026-02-11 10:33:52,960 | INFO | Batch 200 | Loss: 3.0215 | Correct: 36/128 | Elapsed Time: 7.83s
2026-02-11 10:34:00,768 | INFO | Batch 300 | Loss: 2.8672 | Correct: 33/128 | Elapsed Time: 7.81s
2026-02-11 10:34:07,878 | INFO | Epoch [3/100] - Loss: 2.9862 | Correct: 12957/50000 (25.91%, 30.64s)
2026-02-11 10:34:10,394 | INFO | Validation - Loss: 2.8412 | Top1: 2893/10000 (28.93%) | Top5: 5971/10000 (59.71%) (2.52s)
2026-02-11 10:34:10,515 | INFO | New best model saved at epoch 3 with Top1 Acc: 28.93% (Top5: 59.71%)
2026-02-11 10:34:18,377 | INFO | Batch 100 | Loss: 2.6680 | Correct: 41/128 | Elapsed Time: 7.86s
2026-02-11 10:34:26,231 | INFO | Batch 200 | Loss: 2.7676 | Correct: 32/128 | Elapsed Time: 7.85s
2026-02-11 10:34:34,034 | INFO | Batch 300 | Loss: 2.8633 | Correct: 38/128 | Elapsed Time: 7.80s
2026-02-11 10:34:41,196 | INFO | Epoch [4/100] - Loss: 2.7634 | Correct: 15039/50000 (30.08%, 30.68s)
2026-02-11 10:34:43,700 | INFO | Validation - Loss: 2.7719 | Top1: 3069/10000 (30.69%) | Top5: 6151/10000 (61.51%) (2.50s)
2026-02-11 10:34:43,796 | INFO | New best model saved at epoch 4 with Top1 Acc: 30.69% (Top5: 61.51%)
2026-02-11 10:34:51,718 | INFO | Batch 100 | Loss: 2.7539 | Correct: 42/128 | Elapsed Time: 7.92s
2026-02-11 10:34:59,513 | INFO | Batch 200 | Loss: 2.7559 | Correct: 35/128 | Elapsed Time: 7.79s
2026-02-11 10:35:07,308 | INFO | Batch 300 | Loss: 2.3945 | Correct: 46/128 | Elapsed Time: 7.80s
2026-02-11 10:35:14,342 | INFO | Epoch [5/100] - Loss: 2.5897 | Correct: 16809/50000 (33.62%, 30.55s)
2026-02-11 10:35:16,874 | INFO | Validation - Loss: 2.6165 | Top1: 3418/10000 (34.18%) | Top5: 6496/10000 (64.96%) (2.53s)
2026-02-11 10:35:16,991 | INFO | New best model saved at epoch 5 with Top1 Acc: 34.18% (Top5: 64.96%)
2026-02-11 10:35:24,843 | INFO | Batch 100 | Loss: 2.4199 | Correct: 45/128 | Elapsed Time: 7.85s
2026-02-11 10:35:32,630 | INFO | Batch 200 | Loss: 2.5176 | Correct: 45/128 | Elapsed Time: 7.79s
2026-02-11 10:35:40,408 | INFO | Batch 300 | Loss: 2.3535 | Correct: 43/128 | Elapsed Time: 7.78s
2026-02-11 10:35:47,551 | INFO | Epoch [6/100] - Loss: 2.4434 | Correct: 18315/50000 (36.63%, 30.56s)
2026-02-11 10:35:50,091 | INFO | Validation - Loss: 2.4319 | Top1: 3640/10000 (36.40%) | Top5: 6945/10000 (69.45%) (2.54s)
2026-02-11 10:35:50,206 | INFO | New best model saved at epoch 6 with Top1 Acc: 36.40% (Top5: 69.45%)
2026-02-11 10:35:58,063 | INFO | Batch 100 | Loss: 2.1973 | Correct: 53/128 | Elapsed Time: 7.86s
2026-02-11 10:36:05,859 | INFO | Batch 200 | Loss: 2.2520 | Correct: 53/128 | Elapsed Time: 7.80s
2026-02-11 10:36:13,663 | INFO | Batch 300 | Loss: 2.1992 | Correct: 50/128 | Elapsed Time: 7.80s
2026-02-11 10:36:20,766 | INFO | Epoch [7/100] - Loss: 2.3217 | Correct: 19576/50000 (39.15%, 30.56s)
2026-02-11 10:36:23,243 | INFO | Validation - Loss: 2.3342 | Top1: 3941/10000 (39.41%) | Top5: 7110/10000 (71.10%) (2.48s)
2026-02-11 10:36:23,355 | INFO | New best model saved at epoch 7 with Top1 Acc: 39.41% (Top5: 71.10%)
2026-02-11 10:36:31,268 | INFO | Batch 100 | Loss: 2.2949 | Correct: 57/128 | Elapsed Time: 7.91s
2026-02-11 10:36:39,077 | INFO | Batch 200 | Loss: 2.1914 | Correct: 49/128 | Elapsed Time: 7.81s
2026-02-11 10:36:46,916 | INFO | Batch 300 | Loss: 2.0801 | Correct: 61/128 | Elapsed Time: 7.84s
2026-02-11 10:36:54,058 | INFO | Epoch [8/100] - Loss: 2.2220 | Correct: 20702/50000 (41.40%, 30.70s)
2026-02-11 10:36:56,600 | INFO | Validation - Loss: 2.3571 | Top1: 3875/10000 (38.75%) | Top5: 7107/10000 (71.07%) (2.54s)
2026-02-11 10:37:04,387 | INFO | Batch 100 | Loss: 2.2090 | Correct: 46/128 | Elapsed Time: 7.79s
2026-02-11 10:37:12,247 | INFO | Batch 200 | Loss: 1.9385 | Correct: 57/128 | Elapsed Time: 7.86s
2026-02-11 10:37:20,064 | INFO | Batch 300 | Loss: 2.1621 | Correct: 51/128 | Elapsed Time: 7.82s
2026-02-11 10:37:27,159 | INFO | Epoch [9/100] - Loss: 2.1342 | Correct: 21459/50000 (42.92%, 30.56s)
2026-02-11 10:37:29,720 | INFO | Validation - Loss: 2.1267 | Top1: 4396/10000 (43.96%) | Top5: 7512/10000 (75.12%) (2.56s)
2026-02-11 10:37:29,838 | INFO | New best model saved at epoch 9 with Top1 Acc: 43.96% (Top5: 75.12%)
2026-02-11 10:37:37,715 | INFO | Batch 100 | Loss: 2.2422 | Correct: 49/128 | Elapsed Time: 7.88s
2026-02-11 10:37:45,504 | INFO | Batch 200 | Loss: 1.9678 | Correct: 65/128 | Elapsed Time: 7.79s
2026-02-11 10:37:53,368 | INFO | Batch 300 | Loss: 1.9697 | Correct: 59/128 | Elapsed Time: 7.86s
2026-02-11 10:38:00,505 | INFO | Epoch [10/100] - Loss: 2.0548 | Correct: 22300/50000 (44.60%, 30.67s)
2026-02-11 10:38:03,024 | INFO | Validation - Loss: 2.2159 | Top1: 4278/10000 (42.78%) | Top5: 7407/10000 (74.07%) (2.52s)
2026-02-11 10:38:10,862 | INFO | Batch 100 | Loss: 2.2324 | Correct: 52/128 | Elapsed Time: 7.84s
2026-02-11 10:38:18,708 | INFO | Batch 200 | Loss: 1.7754 | Correct: 71/128 | Elapsed Time: 7.85s
2026-02-11 10:38:26,578 | INFO | Batch 300 | Loss: 1.8604 | Correct: 59/128 | Elapsed Time: 7.87s
2026-02-11 10:38:33,722 | INFO | Epoch [11/100] - Loss: 1.9872 | Correct: 23260/50000 (46.52%, 30.70s)
2026-02-11 10:38:36,274 | INFO | Validation - Loss: 2.0385 | Top1: 4647/10000 (46.47%) | Top5: 7642/10000 (76.42%) (2.55s)
2026-02-11 10:38:36,390 | INFO | New best model saved at epoch 11 with Top1 Acc: 46.47% (Top5: 76.42%)
2026-02-11 10:38:44,351 | INFO | Batch 100 | Loss: 1.8105 | Correct: 67/128 | Elapsed Time: 7.96s
2026-02-11 10:38:52,234 | INFO | Batch 200 | Loss: 1.9014 | Correct: 58/128 | Elapsed Time: 7.88s
2026-02-11 10:39:00,105 | INFO | Batch 300 | Loss: 1.9785 | Correct: 64/128 | Elapsed Time: 7.87s
2026-02-11 10:39:07,275 | INFO | Epoch [12/100] - Loss: 1.9144 | Correct: 24021/50000 (48.04%, 30.88s)
2026-02-11 10:39:09,848 | INFO | Validation - Loss: 2.2775 | Top1: 4209/10000 (42.09%) | Top5: 7347/10000 (73.47%) (2.57s)
2026-02-11 10:39:17,691 | INFO | Batch 100 | Loss: 2.0625 | Correct: 50/128 | Elapsed Time: 7.84s
2026-02-11 10:39:25,562 | INFO | Batch 200 | Loss: 1.9160 | Correct: 57/128 | Elapsed Time: 7.87s
2026-02-11 10:39:33,412 | INFO | Batch 300 | Loss: 1.9092 | Correct: 61/128 | Elapsed Time: 7.85s
2026-02-11 10:39:40,593 | INFO | Epoch [13/100] - Loss: 1.8600 | Correct: 24694/50000 (49.39%, 30.74s)
2026-02-11 10:39:43,067 | INFO | Validation - Loss: 2.0851 | Top1: 4503/10000 (45.03%) | Top5: 7646/10000 (76.46%) (2.47s)
2026-02-11 10:39:50,891 | INFO | Batch 100 | Loss: 1.9570 | Correct: 54/128 | Elapsed Time: 7.82s
2026-02-11 10:39:58,765 | INFO | Batch 200 | Loss: 1.6572 | Correct: 66/128 | Elapsed Time: 7.87s
2026-02-11 10:40:06,621 | INFO | Batch 300 | Loss: 1.8262 | Correct: 65/128 | Elapsed Time: 7.86s
2026-02-11 10:40:13,727 | INFO | Epoch [14/100] - Loss: 1.7906 | Correct: 25544/50000 (51.09%, 30.66s)
2026-02-11 10:40:16,278 | INFO | Validation - Loss: 2.1044 | Top1: 4552/10000 (45.52%) | Top5: 7607/10000 (76.07%) (2.55s)
2026-02-11 10:40:24,132 | INFO | Batch 100 | Loss: 1.7520 | Correct: 65/128 | Elapsed Time: 7.85s
2026-02-11 10:40:31,946 | INFO | Batch 200 | Loss: 1.9336 | Correct: 63/128 | Elapsed Time: 7.81s
2026-02-11 10:40:39,782 | INFO | Batch 300 | Loss: 1.8477 | Correct: 61/128 | Elapsed Time: 7.84s
2026-02-11 10:40:46,885 | INFO | Epoch [15/100] - Loss: 1.7510 | Correct: 25981/50000 (51.96%, 30.61s)
2026-02-11 10:40:49,415 | INFO | Validation - Loss: 2.2254 | Top1: 4357/10000 (43.57%) | Top5: 7444/10000 (74.44%) (2.53s)
2026-02-11 10:40:57,304 | INFO | Batch 100 | Loss: 1.7305 | Correct: 73/128 | Elapsed Time: 7.89s
2026-02-11 10:41:05,159 | INFO | Batch 200 | Loss: 1.7461 | Correct: 70/128 | Elapsed Time: 7.85s
2026-02-11 10:41:12,939 | INFO | Batch 300 | Loss: 1.6855 | Correct: 69/128 | Elapsed Time: 7.78s
2026-02-11 10:41:20,090 | INFO | Epoch [16/100] - Loss: 1.6920 | Correct: 26506/50000 (53.01%, 30.67s)
2026-02-11 10:41:22,610 | INFO | Validation - Loss: 1.9929 | Top1: 4885/10000 (48.85%) | Top5: 7795/10000 (77.95%) (2.52s)
2026-02-11 10:41:22,737 | INFO | New best model saved at epoch 16 with Top1 Acc: 48.85% (Top5: 77.95%)
2026-02-11 10:41:30,693 | INFO | Batch 100 | Loss: 1.7783 | Correct: 69/128 | Elapsed Time: 7.96s
2026-02-11 10:41:38,613 | INFO | Batch 200 | Loss: 1.7148 | Correct: 64/128 | Elapsed Time: 7.92s
2026-02-11 10:41:46,488 | INFO | Batch 300 | Loss: 1.6797 | Correct: 70/128 | Elapsed Time: 7.88s
2026-02-11 10:41:53,634 | INFO | Epoch [17/100] - Loss: 1.6503 | Correct: 27057/50000 (54.11%, 30.90s)
2026-02-11 10:41:56,188 | INFO | Validation - Loss: 2.0408 | Top1: 4728/10000 (47.28%) | Top5: 7699/10000 (76.99%) (2.55s)
2026-02-11 10:42:04,066 | INFO | Batch 100 | Loss: 1.4932 | Correct: 74/128 | Elapsed Time: 7.88s
2026-02-11 10:42:11,976 | INFO | Batch 200 | Loss: 1.6006 | Correct: 66/128 | Elapsed Time: 7.91s
2026-02-11 10:42:19,861 | INFO | Batch 300 | Loss: 1.7773 | Correct: 66/128 | Elapsed Time: 7.89s
2026-02-11 10:42:27,037 | INFO | Epoch [18/100] - Loss: 1.6069 | Correct: 27475/50000 (54.95%, 30.85s)
2026-02-11 10:42:29,637 | INFO | Validation - Loss: 1.8622 | Top1: 5052/10000 (50.52%) | Top5: 8032/10000 (80.32%) (2.60s)
2026-02-11 10:42:29,754 | INFO | New best model saved at epoch 18 with Top1 Acc: 50.52% (Top5: 80.32%)
2026-02-11 10:42:37,752 | INFO | Batch 100 | Loss: 1.4033 | Correct: 76/128 | Elapsed Time: 8.00s
2026-02-11 10:42:45,631 | INFO | Batch 200 | Loss: 1.5840 | Correct: 68/128 | Elapsed Time: 7.88s
2026-02-11 10:42:53,554 | INFO | Batch 300 | Loss: 1.5312 | Correct: 70/128 | Elapsed Time: 7.92s
2026-02-11 10:43:00,746 | INFO | Epoch [19/100] - Loss: 1.5619 | Correct: 28041/50000 (56.08%, 30.99s)
2026-02-11 10:43:03,287 | INFO | Validation - Loss: 1.9906 | Top1: 4798/10000 (47.98%) | Top5: 7872/10000 (78.72%) (2.54s)
2026-02-11 10:43:11,152 | INFO | Batch 100 | Loss: 1.4082 | Correct: 75/128 | Elapsed Time: 7.86s
2026-02-11 10:43:19,020 | INFO | Batch 200 | Loss: 1.3906 | Correct: 81/128 | Elapsed Time: 7.87s
2026-02-11 10:43:26,911 | INFO | Batch 300 | Loss: 1.3691 | Correct: 76/128 | Elapsed Time: 7.89s
2026-02-11 10:43:34,068 | INFO | Epoch [20/100] - Loss: 1.5199 | Correct: 28480/50000 (56.96%, 30.78s)
2026-02-11 10:43:36,647 | INFO | Validation - Loss: 2.0205 | Top1: 4914/10000 (49.14%) | Top5: 7847/10000 (78.47%) (2.58s)
2026-02-11 10:43:44,561 | INFO | Batch 100 | Loss: 1.4082 | Correct: 75/128 | Elapsed Time: 7.91s
2026-02-11 10:43:52,449 | INFO | Batch 200 | Loss: 1.4805 | Correct: 82/128 | Elapsed Time: 7.89s
2026-02-11 10:44:00,342 | INFO | Batch 300 | Loss: 1.5127 | Correct: 78/128 | Elapsed Time: 7.89s
2026-02-11 10:44:07,489 | INFO | Epoch [21/100] - Loss: 1.4865 | Correct: 28897/50000 (57.79%, 30.84s)
2026-02-11 10:44:10,026 | INFO | Validation - Loss: 1.9284 | Top1: 4970/10000 (49.70%) | Top5: 7955/10000 (79.55%) (2.54s)
2026-02-11 10:44:17,874 | INFO | Batch 100 | Loss: 1.3760 | Correct: 80/128 | Elapsed Time: 7.85s
2026-02-11 10:44:25,751 | INFO | Batch 200 | Loss: 1.5615 | Correct: 79/128 | Elapsed Time: 7.88s
2026-02-11 10:44:33,641 | INFO | Batch 300 | Loss: 1.3320 | Correct: 79/128 | Elapsed Time: 7.89s
2026-02-11 10:44:40,820 | INFO | Epoch [22/100] - Loss: 1.4497 | Correct: 29417/50000 (58.83%, 30.79s)
2026-02-11 10:44:43,371 | INFO | Validation - Loss: 1.9115 | Top1: 5032/10000 (50.32%) | Top5: 7998/10000 (79.98%) (2.55s)
2026-02-11 10:44:51,204 | INFO | Batch 100 | Loss: 1.3955 | Correct: 77/128 | Elapsed Time: 7.83s
2026-02-11 10:44:59,079 | INFO | Batch 200 | Loss: 1.3975 | Correct: 72/128 | Elapsed Time: 7.87s
2026-02-11 10:45:06,929 | INFO | Batch 300 | Loss: 1.4648 | Correct: 75/128 | Elapsed Time: 7.85s
2026-02-11 10:45:14,044 | INFO | Epoch [23/100] - Loss: 1.4163 | Correct: 29757/50000 (59.51%, 30.67s)
2026-02-11 10:45:16,608 | INFO | Validation - Loss: 1.7691 | Top1: 5345/10000 (53.45%) | Top5: 8202/10000 (82.02%) (2.56s)
2026-02-11 10:45:16,735 | INFO | New best model saved at epoch 23 with Top1 Acc: 53.45% (Top5: 82.02%)
2026-02-11 10:45:24,694 | INFO | Batch 100 | Loss: 1.4707 | Correct: 74/128 | Elapsed Time: 7.96s
2026-02-11 10:45:32,544 | INFO | Batch 200 | Loss: 1.3770 | Correct: 73/128 | Elapsed Time: 7.85s
2026-02-11 10:45:40,419 | INFO | Batch 300 | Loss: 1.3057 | Correct: 78/128 | Elapsed Time: 7.88s
2026-02-11 10:45:47,605 | INFO | Epoch [24/100] - Loss: 1.3768 | Correct: 30373/50000 (60.75%, 30.87s)
2026-02-11 10:45:50,180 | INFO | Validation - Loss: 1.9475 | Top1: 5025/10000 (50.25%) | Top5: 7932/10000 (79.32%) (2.57s)
2026-02-11 10:45:58,131 | INFO | Batch 100 | Loss: 1.3135 | Correct: 86/128 | Elapsed Time: 7.95s
2026-02-11 10:46:06,077 | INFO | Batch 200 | Loss: 1.2773 | Correct: 81/128 | Elapsed Time: 7.95s
2026-02-11 10:46:13,901 | INFO | Batch 300 | Loss: 1.4697 | Correct: 79/128 | Elapsed Time: 7.82s
2026-02-11 10:46:21,003 | INFO | Epoch [25/100] - Loss: 1.3492 | Correct: 30774/50000 (61.55%, 30.82s)
2026-02-11 10:46:23,556 | INFO | Validation - Loss: 1.8626 | Top1: 5190/10000 (51.90%) | Top5: 8101/10000 (81.01%) (2.55s)
2026-02-11 10:46:31,526 | INFO | Batch 100 | Loss: 1.2305 | Correct: 81/128 | Elapsed Time: 7.97s
2026-02-11 10:46:39,355 | INFO | Batch 200 | Loss: 1.0645 | Correct: 88/128 | Elapsed Time: 7.83s
2026-02-11 10:46:47,210 | INFO | Batch 300 | Loss: 1.4844 | Correct: 71/128 | Elapsed Time: 7.85s
2026-02-11 10:46:54,343 | INFO | Epoch [26/100] - Loss: 1.3229 | Correct: 30987/50000 (61.97%, 30.79s)
2026-02-11 10:46:56,915 | INFO | Validation - Loss: 1.9207 | Top1: 5109/10000 (51.09%) | Top5: 8083/10000 (80.83%) (2.57s)
2026-02-11 10:47:04,829 | INFO | Batch 100 | Loss: 1.4990 | Correct: 70/128 | Elapsed Time: 7.91s
2026-02-11 10:47:12,710 | INFO | Batch 200 | Loss: 1.1270 | Correct: 84/128 | Elapsed Time: 7.88s
2026-02-11 10:47:20,551 | INFO | Batch 300 | Loss: 1.5195 | Correct: 69/128 | Elapsed Time: 7.84s
2026-02-11 10:47:27,733 | INFO | Epoch [27/100] - Loss: 1.2919 | Correct: 31452/50000 (62.90%, 30.82s)
2026-02-11 10:47:30,277 | INFO | Validation - Loss: 1.7395 | Top1: 5483/10000 (54.83%) | Top5: 8220/10000 (82.20%) (2.54s)
2026-02-11 10:47:30,379 | INFO | New best model saved at epoch 27 with Top1 Acc: 54.83% (Top5: 82.20%)
2026-02-11 10:47:38,288 | INFO | Batch 100 | Loss: 1.1904 | Correct: 90/128 | Elapsed Time: 7.91s
2026-02-11 10:47:46,213 | INFO | Batch 200 | Loss: 1.3564 | Correct: 78/128 | Elapsed Time: 7.93s
2026-02-11 10:47:54,117 | INFO | Batch 300 | Loss: 1.3633 | Correct: 82/128 | Elapsed Time: 7.90s
2026-02-11 10:48:01,294 | INFO | Epoch [28/100] - Loss: 1.2620 | Correct: 31793/50000 (63.59%, 30.92s)
2026-02-11 10:48:03,824 | INFO | Validation - Loss: 1.9224 | Top1: 5175/10000 (51.75%) | Top5: 8014/10000 (80.14%) (2.53s)
2026-02-11 10:48:11,710 | INFO | Batch 100 | Loss: 1.1680 | Correct: 85/128 | Elapsed Time: 7.88s
2026-02-11 10:48:19,589 | INFO | Batch 200 | Loss: 1.2471 | Correct: 80/128 | Elapsed Time: 7.88s
2026-02-11 10:48:27,455 | INFO | Batch 300 | Loss: 1.1123 | Correct: 86/128 | Elapsed Time: 7.87s
2026-02-11 10:48:34,604 | INFO | Epoch [29/100] - Loss: 1.2351 | Correct: 32097/50000 (64.19%, 30.78s)
2026-02-11 10:48:37,143 | INFO | Validation - Loss: 1.8397 | Top1: 5266/10000 (52.66%) | Top5: 8147/10000 (81.47%) (2.54s)
2026-02-11 10:48:45,016 | INFO | Batch 100 | Loss: 1.1816 | Correct: 85/128 | Elapsed Time: 7.87s
2026-02-11 10:48:52,877 | INFO | Batch 200 | Loss: 1.1279 | Correct: 89/128 | Elapsed Time: 7.86s
2026-02-11 10:49:00,757 | INFO | Batch 300 | Loss: 1.2607 | Correct: 84/128 | Elapsed Time: 7.88s
2026-02-11 10:49:07,957 | INFO | Epoch [30/100] - Loss: 1.2144 | Correct: 32267/50000 (64.53%, 30.81s)
2026-02-11 10:49:10,515 | INFO | Validation - Loss: 1.8174 | Top1: 5353/10000 (53.53%) | Top5: 8163/10000 (81.63%) (2.56s)
2026-02-11 10:49:18,403 | INFO | Batch 100 | Loss: 1.2861 | Correct: 81/128 | Elapsed Time: 7.89s
2026-02-11 10:49:26,299 | INFO | Batch 200 | Loss: 1.3721 | Correct: 78/128 | Elapsed Time: 7.90s
2026-02-11 10:49:34,168 | INFO | Batch 300 | Loss: 1.2373 | Correct: 82/128 | Elapsed Time: 7.87s
2026-02-11 10:49:41,268 | INFO | Epoch [31/100] - Loss: 1.1796 | Correct: 32702/50000 (65.40%, 30.75s)
2026-02-11 10:49:43,812 | INFO | Validation - Loss: 1.7781 | Top1: 5405/10000 (54.05%) | Top5: 8271/10000 (82.71%) (2.54s)
2026-02-11 10:49:51,708 | INFO | Batch 100 | Loss: 1.2178 | Correct: 78/128 | Elapsed Time: 7.89s
2026-02-11 10:49:59,597 | INFO | Batch 200 | Loss: 1.1416 | Correct: 87/128 | Elapsed Time: 7.89s
2026-02-11 10:50:07,483 | INFO | Batch 300 | Loss: 1.3252 | Correct: 82/128 | Elapsed Time: 7.89s
2026-02-11 10:50:14,625 | INFO | Epoch [32/100] - Loss: 1.1545 | Correct: 33089/50000 (66.18%, 30.81s)
2026-02-11 10:50:17,139 | INFO | Validation - Loss: 1.8177 | Top1: 5346/10000 (53.46%) | Top5: 8234/10000 (82.34%) (2.51s)
2026-02-11 10:50:24,941 | INFO | Batch 100 | Loss: 1.0547 | Correct: 86/128 | Elapsed Time: 7.80s
2026-02-11 10:50:32,779 | INFO | Batch 200 | Loss: 0.9580 | Correct: 95/128 | Elapsed Time: 7.84s
2026-02-11 10:50:40,645 | INFO | Batch 300 | Loss: 1.1797 | Correct: 82/128 | Elapsed Time: 7.87s
2026-02-11 10:50:47,776 | INFO | Epoch [33/100] - Loss: 1.1264 | Correct: 33393/50000 (66.79%, 30.64s)
2026-02-11 10:50:50,327 | INFO | Validation - Loss: 1.7658 | Top1: 5454/10000 (54.54%) | Top5: 8269/10000 (82.69%) (2.55s)
2026-02-11 10:50:58,215 | INFO | Batch 100 | Loss: 0.9893 | Correct: 92/128 | Elapsed Time: 7.89s
2026-02-11 10:51:06,105 | INFO | Batch 200 | Loss: 1.2549 | Correct: 81/128 | Elapsed Time: 7.89s
2026-02-11 10:51:13,992 | INFO | Batch 300 | Loss: 1.1299 | Correct: 87/128 | Elapsed Time: 7.89s
2026-02-11 10:51:21,105 | INFO | Epoch [34/100] - Loss: 1.1087 | Correct: 33616/50000 (67.23%, 30.78s)
2026-02-11 10:51:23,630 | INFO | Validation - Loss: 1.8408 | Top1: 5415/10000 (54.15%) | Top5: 8181/10000 (81.81%) (2.52s)
2026-02-11 10:51:31,489 | INFO | Batch 100 | Loss: 0.8525 | Correct: 97/128 | Elapsed Time: 7.86s
2026-02-11 10:51:39,273 | INFO | Batch 200 | Loss: 1.1836 | Correct: 82/128 | Elapsed Time: 7.78s
2026-02-11 10:51:47,134 | INFO | Batch 300 | Loss: 1.2031 | Correct: 79/128 | Elapsed Time: 7.86s
2026-02-11 10:51:54,259 | INFO | Epoch [35/100] - Loss: 1.0845 | Correct: 34034/50000 (68.07%, 30.63s)
2026-02-11 10:51:56,819 | INFO | Validation - Loss: 1.8271 | Top1: 5402/10000 (54.02%) | Top5: 8195/10000 (81.95%) (2.56s)
2026-02-11 10:52:04,741 | INFO | Batch 100 | Loss: 1.0322 | Correct: 84/128 | Elapsed Time: 7.92s
2026-02-11 10:52:12,641 | INFO | Batch 200 | Loss: 1.0342 | Correct: 85/128 | Elapsed Time: 7.90s
2026-02-11 10:52:20,543 | INFO | Batch 300 | Loss: 1.2373 | Correct: 79/128 | Elapsed Time: 7.90s
2026-02-11 10:52:27,698 | INFO | Epoch [36/100] - Loss: 1.0525 | Correct: 34388/50000 (68.78%, 30.88s)
2026-02-11 10:52:30,240 | INFO | Validation - Loss: 1.7927 | Top1: 5500/10000 (55.00%) | Top5: 8310/10000 (83.10%) (2.54s)
2026-02-11 10:52:30,330 | INFO | New best model saved at epoch 36 with Top1 Acc: 55.00% (Top5: 83.10%)
2026-02-11 10:52:38,233 | INFO | Batch 100 | Loss: 0.8413 | Correct: 96/128 | Elapsed Time: 7.90s
2026-02-11 10:52:46,097 | INFO | Batch 200 | Loss: 1.0430 | Correct: 88/128 | Elapsed Time: 7.86s
2026-02-11 10:52:53,977 | INFO | Batch 300 | Loss: 0.9722 | Correct: 100/128 | Elapsed Time: 7.88s
2026-02-11 10:53:01,153 | INFO | Epoch [37/100] - Loss: 1.0422 | Correct: 34373/50000 (68.75%, 30.82s)
2026-02-11 10:53:03,688 | INFO | Validation - Loss: 1.9155 | Top1: 5304/10000 (53.04%) | Top5: 8113/10000 (81.13%) (2.53s)
2026-02-11 10:53:11,557 | INFO | Batch 100 | Loss: 1.0322 | Correct: 89/128 | Elapsed Time: 7.87s
2026-02-11 10:53:19,389 | INFO | Batch 200 | Loss: 0.9595 | Correct: 91/128 | Elapsed Time: 7.83s
2026-02-11 10:53:27,282 | INFO | Batch 300 | Loss: 1.1279 | Correct: 82/128 | Elapsed Time: 7.89s
2026-02-11 10:53:34,348 | INFO | Epoch [38/100] - Loss: 1.0114 | Correct: 34929/50000 (69.86%, 30.66s)
2026-02-11 10:53:36,908 | INFO | Validation - Loss: 2.1170 | Top1: 5045/10000 (50.45%) | Top5: 7859/10000 (78.59%) (2.56s)
2026-02-11 10:53:44,809 | INFO | Batch 100 | Loss: 1.0215 | Correct: 89/128 | Elapsed Time: 7.90s
2026-02-11 10:53:52,724 | INFO | Batch 200 | Loss: 1.0791 | Correct: 89/128 | Elapsed Time: 7.91s
2026-02-11 10:54:00,596 | INFO | Batch 300 | Loss: 0.9082 | Correct: 94/128 | Elapsed Time: 7.87s
2026-02-11 10:54:07,724 | INFO | Epoch [39/100] - Loss: 0.9898 | Correct: 35170/50000 (70.34%, 30.81s)
2026-02-11 10:54:10,270 | INFO | Validation - Loss: 1.6811 | Top1: 5681/10000 (56.81%) | Top5: 8409/10000 (84.09%) (2.54s)
2026-02-11 10:54:10,356 | INFO | New best model saved at epoch 39 with Top1 Acc: 56.81% (Top5: 84.09%)
2026-02-11 10:54:18,226 | INFO | Batch 100 | Loss: 1.0107 | Correct: 90/128 | Elapsed Time: 7.87s
2026-02-11 10:54:26,057 | INFO | Batch 200 | Loss: 1.0078 | Correct: 91/128 | Elapsed Time: 7.83s
2026-02-11 10:54:33,895 | INFO | Batch 300 | Loss: 1.0391 | Correct: 88/128 | Elapsed Time: 7.84s
2026-02-11 10:54:40,989 | INFO | Epoch [40/100] - Loss: 0.9675 | Correct: 35560/50000 (71.12%, 30.63s)
2026-02-11 10:54:43,493 | INFO | Validation - Loss: 1.7870 | Top1: 5603/10000 (56.03%) | Top5: 8291/10000 (82.91%) (2.50s)
2026-02-11 10:54:51,342 | INFO | Batch 100 | Loss: 1.2627 | Correct: 86/128 | Elapsed Time: 7.85s
2026-02-11 10:54:59,204 | INFO | Batch 200 | Loss: 1.1025 | Correct: 86/128 | Elapsed Time: 7.86s
2026-02-11 10:55:07,034 | INFO | Batch 300 | Loss: 1.0752 | Correct: 89/128 | Elapsed Time: 7.83s
2026-02-11 10:55:14,170 | INFO | Epoch [41/100] - Loss: 0.9546 | Correct: 35682/50000 (71.36%, 30.68s)
2026-02-11 10:55:16,733 | INFO | Validation - Loss: 1.8188 | Top1: 5525/10000 (55.25%) | Top5: 8217/10000 (82.17%) (2.56s)
2026-02-11 10:55:24,592 | INFO | Batch 100 | Loss: 0.9097 | Correct: 94/128 | Elapsed Time: 7.86s
2026-02-11 10:55:32,441 | INFO | Batch 200 | Loss: 1.2100 | Correct: 88/128 | Elapsed Time: 7.85s
2026-02-11 10:55:40,268 | INFO | Batch 300 | Loss: 0.8052 | Correct: 95/128 | Elapsed Time: 7.83s
2026-02-11 10:55:47,392 | INFO | Epoch [42/100] - Loss: 0.9290 | Correct: 36079/50000 (72.16%, 30.66s)
2026-02-11 10:55:49,935 | INFO | Validation - Loss: 1.8820 | Top1: 5405/10000 (54.05%) | Top5: 8250/10000 (82.50%) (2.54s)
2026-02-11 10:55:57,808 | INFO | Batch 100 | Loss: 1.0537 | Correct: 86/128 | Elapsed Time: 7.87s
2026-02-11 10:56:05,631 | INFO | Batch 200 | Loss: 0.8789 | Correct: 94/128 | Elapsed Time: 7.82s
2026-02-11 10:56:13,405 | INFO | Batch 300 | Loss: 0.8530 | Correct: 90/128 | Elapsed Time: 7.77s
2026-02-11 10:56:20,491 | INFO | Epoch [43/100] - Loss: 0.9023 | Correct: 36421/50000 (72.84%, 30.55s)
2026-02-11 10:56:22,992 | INFO | Validation - Loss: 1.7627 | Top1: 5652/10000 (56.52%) | Top5: 8417/10000 (84.17%) (2.50s)
2026-02-11 10:56:30,847 | INFO | Batch 100 | Loss: 0.9839 | Correct: 89/128 | Elapsed Time: 7.85s
2026-02-11 10:56:38,628 | INFO | Batch 200 | Loss: 0.7271 | Correct: 100/128 | Elapsed Time: 7.78s
2026-02-11 10:56:46,467 | INFO | Batch 300 | Loss: 0.9790 | Correct: 89/128 | Elapsed Time: 7.84s
2026-02-11 10:56:53,569 | INFO | Epoch [44/100] - Loss: 0.8863 | Correct: 36629/50000 (73.26%, 30.57s)
2026-02-11 10:56:56,138 | INFO | Validation - Loss: 1.8374 | Top1: 5550/10000 (55.50%) | Top5: 8250/10000 (82.50%) (2.57s)
2026-02-11 10:57:04,005 | INFO | Batch 100 | Loss: 0.9409 | Correct: 90/128 | Elapsed Time: 7.87s
2026-02-11 10:57:11,861 | INFO | Batch 200 | Loss: 0.7910 | Correct: 97/128 | Elapsed Time: 7.86s
2026-02-11 10:57:19,709 | INFO | Batch 300 | Loss: 1.0010 | Correct: 91/128 | Elapsed Time: 7.85s
2026-02-11 10:57:26,793 | INFO | Epoch [45/100] - Loss: 0.8610 | Correct: 36927/50000 (73.85%, 30.65s)
2026-02-11 10:57:29,338 | INFO | Validation - Loss: 1.8838 | Top1: 5457/10000 (54.57%) | Top5: 8216/10000 (82.16%) (2.54s)
2026-02-11 10:57:37,193 | INFO | Batch 100 | Loss: 1.0479 | Correct: 86/128 | Elapsed Time: 7.85s
2026-02-11 10:57:45,013 | INFO | Batch 200 | Loss: 0.9873 | Correct: 87/128 | Elapsed Time: 7.82s
2026-02-11 10:57:52,874 | INFO | Batch 300 | Loss: 1.0996 | Correct: 88/128 | Elapsed Time: 7.86s
2026-02-11 10:58:00,000 | INFO | Epoch [46/100] - Loss: 0.8445 | Correct: 37183/50000 (74.37%, 30.66s)
2026-02-11 10:58:02,525 | INFO | Validation - Loss: 1.8527 | Top1: 5540/10000 (55.40%) | Top5: 8284/10000 (82.84%) (2.52s)
2026-02-11 10:58:10,412 | INFO | Batch 100 | Loss: 0.8457 | Correct: 93/128 | Elapsed Time: 7.88s
2026-02-11 10:58:18,296 | INFO | Batch 200 | Loss: 0.9419 | Correct: 89/128 | Elapsed Time: 7.88s
2026-02-11 10:58:26,212 | INFO | Batch 300 | Loss: 0.8730 | Correct: 94/128 | Elapsed Time: 7.92s
2026-02-11 10:58:33,320 | INFO | Epoch [47/100] - Loss: 0.8376 | Correct: 37298/50000 (74.60%, 30.79s)
2026-02-11 10:58:35,848 | INFO | Validation - Loss: 1.8598 | Top1: 5566/10000 (55.66%) | Top5: 8271/10000 (82.71%) (2.53s)
2026-02-11 10:58:43,673 | INFO | Batch 100 | Loss: 1.0400 | Correct: 87/128 | Elapsed Time: 7.82s
2026-02-11 10:58:51,561 | INFO | Batch 200 | Loss: 0.7827 | Correct: 95/128 | Elapsed Time: 7.89s
2026-02-11 10:58:59,427 | INFO | Batch 300 | Loss: 1.0127 | Correct: 91/128 | Elapsed Time: 7.87s
2026-02-11 10:59:06,575 | INFO | Epoch [48/100] - Loss: 0.8081 | Correct: 37690/50000 (75.38%, 30.73s)
2026-02-11 10:59:09,112 | INFO | Validation - Loss: 1.7950 | Top1: 5651/10000 (56.51%) | Top5: 8367/10000 (83.67%) (2.54s)
2026-02-11 10:59:16,982 | INFO | Batch 100 | Loss: 0.7480 | Correct: 100/128 | Elapsed Time: 7.87s
2026-02-11 10:59:24,868 | INFO | Batch 200 | Loss: 0.6753 | Correct: 99/128 | Elapsed Time: 7.89s
2026-02-11 10:59:32,732 | INFO | Batch 300 | Loss: 0.8960 | Correct: 91/128 | Elapsed Time: 7.86s
2026-02-11 10:59:39,814 | INFO | Epoch [49/100] - Loss: 0.7944 | Correct: 37913/50000 (75.83%, 30.70s)
2026-02-11 10:59:42,303 | INFO | Validation - Loss: 1.8664 | Top1: 5517/10000 (55.17%) | Top5: 8290/10000 (82.90%) (2.49s)
2026-02-11 10:59:50,160 | INFO | Batch 100 | Loss: 0.6831 | Correct: 99/128 | Elapsed Time: 7.85s
2026-02-11 10:59:58,013 | INFO | Batch 200 | Loss: 0.8535 | Correct: 95/128 | Elapsed Time: 7.85s
2026-02-11 11:00:05,871 | INFO | Batch 300 | Loss: 0.8745 | Correct: 92/128 | Elapsed Time: 7.86s
2026-02-11 11:00:13,039 | INFO | Epoch [50/100] - Loss: 0.7746 | Correct: 38138/50000 (76.28%, 30.73s)
2026-02-11 11:00:15,599 | INFO | Validation - Loss: 1.8320 | Top1: 5573/10000 (55.73%) | Top5: 8319/10000 (83.19%) (2.56s)
2026-02-11 11:00:23,522 | INFO | Batch 100 | Loss: 0.6758 | Correct: 101/128 | Elapsed Time: 7.92s
2026-02-11 11:00:31,364 | INFO | Batch 200 | Loss: 0.4414 | Correct: 116/128 | Elapsed Time: 7.84s
2026-02-11 11:00:39,206 | INFO | Batch 300 | Loss: 0.5972 | Correct: 106/128 | Elapsed Time: 7.84s
2026-02-11 11:00:46,354 | INFO | Epoch [51/100] - Loss: 0.5463 | Correct: 42150/50000 (84.30%, 30.75s)
2026-02-11 11:00:48,899 | INFO | Validation - Loss: 1.5082 | Top1: 6176/10000 (61.76%) | Top5: 8669/10000 (86.69%) (2.54s)
2026-02-11 11:00:49,010 | INFO | New best model saved at epoch 51 with Top1 Acc: 61.76% (Top5: 86.69%)
2026-02-11 11:00:56,991 | INFO | Batch 100 | Loss: 0.5273 | Correct: 110/128 | Elapsed Time: 7.98s
2026-02-11 11:01:04,902 | INFO | Batch 200 | Loss: 0.4512 | Correct: 109/128 | Elapsed Time: 7.91s
2026-02-11 11:01:12,824 | INFO | Batch 300 | Loss: 0.4883 | Correct: 113/128 | Elapsed Time: 7.92s
2026-02-11 11:01:19,979 | INFO | Epoch [52/100] - Loss: 0.4838 | Correct: 43268/50000 (86.54%, 30.97s)
2026-02-11 11:01:22,499 | INFO | Validation - Loss: 1.4891 | Top1: 6198/10000 (61.98%) | Top5: 8647/10000 (86.47%) (2.52s)
2026-02-11 11:01:22,618 | INFO | New best model saved at epoch 52 with Top1 Acc: 61.98% (Top5: 86.47%)
2026-02-11 11:01:30,517 | INFO | Batch 100 | Loss: 0.4612 | Correct: 113/128 | Elapsed Time: 7.90s
2026-02-11 11:01:38,345 | INFO | Batch 200 | Loss: 0.5635 | Correct: 106/128 | Elapsed Time: 7.83s
2026-02-11 11:01:46,193 | INFO | Batch 300 | Loss: 0.5630 | Correct: 110/128 | Elapsed Time: 7.85s
2026-02-11 11:01:53,273 | INFO | Epoch [53/100] - Loss: 0.4624 | Correct: 43803/50000 (87.61%, 30.65s)
2026-02-11 11:01:55,831 | INFO | Validation - Loss: 1.4811 | Top1: 6201/10000 (62.01%) | Top5: 8661/10000 (86.61%) (2.56s)
2026-02-11 11:01:55,962 | INFO | New best model saved at epoch 53 with Top1 Acc: 62.01% (Top5: 86.61%)
2026-02-11 11:02:03,844 | INFO | Batch 100 | Loss: 0.4304 | Correct: 110/128 | Elapsed Time: 7.88s
2026-02-11 11:02:11,707 | INFO | Batch 200 | Loss: 0.4763 | Correct: 113/128 | Elapsed Time: 7.86s
2026-02-11 11:02:19,546 | INFO | Batch 300 | Loss: 0.6006 | Correct: 108/128 | Elapsed Time: 7.84s
2026-02-11 11:02:26,654 | INFO | Epoch [54/100] - Loss: 0.4519 | Correct: 43994/50000 (87.99%, 30.69s)
2026-02-11 11:02:29,166 | INFO | Validation - Loss: 1.4652 | Top1: 6223/10000 (62.23%) | Top5: 8662/10000 (86.62%) (2.51s)
2026-02-11 11:02:29,311 | INFO | New best model saved at epoch 54 with Top1 Acc: 62.23% (Top5: 86.62%)
2026-02-11 11:02:37,230 | INFO | Batch 100 | Loss: 0.4072 | Correct: 112/128 | Elapsed Time: 7.92s
2026-02-11 11:02:45,119 | INFO | Batch 200 | Loss: 0.3782 | Correct: 117/128 | Elapsed Time: 7.89s
2026-02-11 11:02:52,998 | INFO | Batch 300 | Loss: 0.4795 | Correct: 110/128 | Elapsed Time: 7.88s
2026-02-11 11:03:00,160 | INFO | Epoch [55/100] - Loss: 0.4455 | Correct: 44090/50000 (88.18%, 30.85s)
2026-02-11 11:03:02,671 | INFO | Validation - Loss: 1.4588 | Top1: 6203/10000 (62.03%) | Top5: 8689/10000 (86.89%) (2.51s)
2026-02-11 11:03:10,543 | INFO | Batch 100 | Loss: 0.4644 | Correct: 108/128 | Elapsed Time: 7.87s
2026-02-11 11:03:18,491 | INFO | Batch 200 | Loss: 0.5029 | Correct: 112/128 | Elapsed Time: 7.95s
2026-02-11 11:03:26,375 | INFO | Batch 300 | Loss: 0.4407 | Correct: 114/128 | Elapsed Time: 7.88s
2026-02-11 11:03:33,502 | INFO | Epoch [56/100] - Loss: 0.4469 | Correct: 44116/50000 (88.23%, 30.83s)
2026-02-11 11:03:36,044 | INFO | Validation - Loss: 1.4568 | Top1: 6215/10000 (62.15%) | Top5: 8685/10000 (86.85%) (2.54s)
2026-02-11 11:03:43,930 | INFO | Batch 100 | Loss: 0.6108 | Correct: 103/128 | Elapsed Time: 7.88s
2026-02-11 11:03:51,828 | INFO | Batch 200 | Loss: 0.5298 | Correct: 110/128 | Elapsed Time: 7.90s
2026-02-11 11:03:59,712 | INFO | Batch 300 | Loss: 0.4001 | Correct: 117/128 | Elapsed Time: 7.88s
2026-02-11 11:04:06,887 | INFO | Epoch [57/100] - Loss: 0.4411 | Correct: 44230/50000 (88.46%, 30.84s)
2026-02-11 11:04:09,424 | INFO | Validation - Loss: 1.4553 | Top1: 6198/10000 (61.98%) | Top5: 8663/10000 (86.63%) (2.54s)
2026-02-11 11:04:17,294 | INFO | Batch 100 | Loss: 0.4253 | Correct: 112/128 | Elapsed Time: 7.87s
2026-02-11 11:04:25,203 | INFO | Batch 200 | Loss: 0.5918 | Correct: 104/128 | Elapsed Time: 7.91s
2026-02-11 11:04:33,076 | INFO | Batch 300 | Loss: 0.3450 | Correct: 120/128 | Elapsed Time: 7.87s
2026-02-11 11:04:40,189 | INFO | Epoch [58/100] - Loss: 0.4373 | Correct: 44442/50000 (88.88%, 30.76s)
2026-02-11 11:04:42,694 | INFO | Validation - Loss: 1.4558 | Top1: 6210/10000 (62.10%) | Top5: 8674/10000 (86.74%) (2.50s)
2026-02-11 11:04:50,552 | INFO | Batch 100 | Loss: 0.4619 | Correct: 115/128 | Elapsed Time: 7.85s
2026-02-11 11:04:58,423 | INFO | Batch 200 | Loss: 0.5063 | Correct: 111/128 | Elapsed Time: 7.87s
2026-02-11 11:05:06,355 | INFO | Batch 300 | Loss: 0.4807 | Correct: 110/128 | Elapsed Time: 7.93s
2026-02-11 11:05:13,511 | INFO | Epoch [59/100] - Loss: 0.4418 | Correct: 44367/50000 (88.73%, 30.81s)
2026-02-11 11:05:16,059 | INFO | Validation - Loss: 1.4414 | Top1: 6217/10000 (62.17%) | Top5: 8685/10000 (86.85%) (2.55s)
2026-02-11 11:05:23,974 | INFO | Batch 100 | Loss: 0.4216 | Correct: 116/128 | Elapsed Time: 7.91s
2026-02-11 11:05:31,832 | INFO | Batch 200 | Loss: 0.5688 | Correct: 105/128 | Elapsed Time: 7.86s
2026-02-11 11:05:39,673 | INFO | Batch 300 | Loss: 0.5718 | Correct: 104/128 | Elapsed Time: 7.84s
2026-02-11 11:05:46,783 | INFO | Epoch [60/100] - Loss: 0.4344 | Correct: 44480/50000 (88.96%, 30.72s)
2026-02-11 11:05:49,293 | INFO | Validation - Loss: 1.4421 | Top1: 6249/10000 (62.49%) | Top5: 8678/10000 (86.78%) (2.51s)
2026-02-11 11:05:49,435 | INFO | New best model saved at epoch 60 with Top1 Acc: 62.49% (Top5: 86.78%)
2026-02-11 11:05:57,332 | INFO | Batch 100 | Loss: 0.4243 | Correct: 114/128 | Elapsed Time: 7.90s
2026-02-11 11:06:05,221 | INFO | Batch 200 | Loss: 0.4512 | Correct: 112/128 | Elapsed Time: 7.89s
2026-02-11 11:06:13,094 | INFO | Batch 300 | Loss: 0.4973 | Correct: 110/128 | Elapsed Time: 7.87s
2026-02-11 11:06:20,315 | INFO | Epoch [61/100] - Loss: 0.4251 | Correct: 44733/50000 (89.47%, 30.88s)
2026-02-11 11:06:22,875 | INFO | Validation - Loss: 1.4424 | Top1: 6220/10000 (62.20%) | Top5: 8662/10000 (86.62%) (2.56s)
2026-02-11 11:06:30,779 | INFO | Batch 100 | Loss: 0.3462 | Correct: 120/128 | Elapsed Time: 7.90s
2026-02-11 11:06:38,610 | INFO | Batch 200 | Loss: 0.4575 | Correct: 116/128 | Elapsed Time: 7.83s
2026-02-11 11:06:46,540 | INFO | Batch 300 | Loss: 0.3672 | Correct: 117/128 | Elapsed Time: 7.93s
2026-02-11 11:06:53,680 | INFO | Epoch [62/100] - Loss: 0.4272 | Correct: 44663/50000 (89.33%, 30.80s)
2026-02-11 11:06:56,228 | INFO | Validation - Loss: 1.4384 | Top1: 6229/10000 (62.29%) | Top5: 8689/10000 (86.89%) (2.55s)
2026-02-11 11:07:04,099 | INFO | Batch 100 | Loss: 0.4473 | Correct: 112/128 | Elapsed Time: 7.87s
2026-02-11 11:07:11,997 | INFO | Batch 200 | Loss: 0.4888 | Correct: 113/128 | Elapsed Time: 7.90s
2026-02-11 11:07:19,899 | INFO | Batch 300 | Loss: 0.4907 | Correct: 113/128 | Elapsed Time: 7.90s
2026-02-11 11:07:27,053 | INFO | Epoch [63/100] - Loss: 0.4161 | Correct: 44843/50000 (89.69%, 30.82s)
2026-02-11 11:07:29,600 | INFO | Validation - Loss: 1.4335 | Top1: 6226/10000 (62.26%) | Top5: 8681/10000 (86.81%) (2.55s)
2026-02-11 11:07:37,461 | INFO | Batch 100 | Loss: 0.3245 | Correct: 119/128 | Elapsed Time: 7.86s
2026-02-11 11:07:45,321 | INFO | Batch 200 | Loss: 0.4102 | Correct: 115/128 | Elapsed Time: 7.86s
2026-02-11 11:07:53,194 | INFO | Batch 300 | Loss: 0.4224 | Correct: 115/128 | Elapsed Time: 7.87s
2026-02-11 11:08:00,351 | INFO | Epoch [64/100] - Loss: 0.4172 | Correct: 44800/50000 (89.60%, 30.75s)
2026-02-11 11:08:02,892 | INFO | Validation - Loss: 1.4354 | Top1: 6239/10000 (62.39%) | Top5: 8689/10000 (86.89%) (2.54s)
2026-02-11 11:08:10,776 | INFO | Batch 100 | Loss: 0.4031 | Correct: 118/128 | Elapsed Time: 7.88s
2026-02-11 11:08:18,663 | INFO | Batch 200 | Loss: 0.4678 | Correct: 113/128 | Elapsed Time: 7.89s
2026-02-11 11:08:26,536 | INFO | Batch 300 | Loss: 0.4856 | Correct: 115/128 | Elapsed Time: 7.87s
2026-02-11 11:08:33,669 | INFO | Epoch [65/100] - Loss: 0.4137 | Correct: 44873/50000 (89.75%, 30.77s)
2026-02-11 11:08:36,230 | INFO | Validation - Loss: 1.4336 | Top1: 6249/10000 (62.49%) | Top5: 8668/10000 (86.68%) (2.56s)
2026-02-11 11:08:44,098 | INFO | Batch 100 | Loss: 0.3757 | Correct: 121/128 | Elapsed Time: 7.86s
2026-02-11 11:08:51,973 | INFO | Batch 200 | Loss: 0.4265 | Correct: 115/128 | Elapsed Time: 7.88s
2026-02-11 11:08:59,835 | INFO | Batch 300 | Loss: 0.4048 | Correct: 114/128 | Elapsed Time: 7.86s
2026-02-11 11:09:06,967 | INFO | Epoch [66/100] - Loss: 0.4108 | Correct: 44953/50000 (89.91%, 30.73s)
2026-02-11 11:09:09,507 | INFO | Validation - Loss: 1.4250 | Top1: 6237/10000 (62.37%) | Top5: 8711/10000 (87.11%) (2.54s)
2026-02-11 11:09:17,371 | INFO | Batch 100 | Loss: 0.3430 | Correct: 115/128 | Elapsed Time: 7.86s
2026-02-11 11:09:25,252 | INFO | Batch 200 | Loss: 0.3601 | Correct: 118/128 | Elapsed Time: 7.88s
2026-02-11 11:09:33,116 | INFO | Batch 300 | Loss: 0.4250 | Correct: 112/128 | Elapsed Time: 7.86s
2026-02-11 11:09:40,279 | INFO | Epoch [67/100] - Loss: 0.4020 | Correct: 45092/50000 (90.18%, 30.77s)
2026-02-11 11:09:42,814 | INFO | Validation - Loss: 1.4357 | Top1: 6235/10000 (62.35%) | Top5: 8711/10000 (87.11%) (2.53s)
2026-02-11 11:09:50,727 | INFO | Batch 100 | Loss: 0.2756 | Correct: 120/128 | Elapsed Time: 7.91s
2026-02-11 11:09:58,647 | INFO | Batch 200 | Loss: 0.3872 | Correct: 115/128 | Elapsed Time: 7.92s
2026-02-11 11:10:06,601 | INFO | Batch 300 | Loss: 0.3994 | Correct: 115/128 | Elapsed Time: 7.95s
2026-02-11 11:10:13,805 | INFO | Epoch [68/100] - Loss: 0.4031 | Correct: 45096/50000 (90.19%, 30.99s)
2026-02-11 11:10:16,338 | INFO | Validation - Loss: 1.4314 | Top1: 6253/10000 (62.53%) | Top5: 8700/10000 (87.00%) (2.53s)
2026-02-11 11:10:16,469 | INFO | New best model saved at epoch 68 with Top1 Acc: 62.53% (Top5: 87.00%)
2026-02-11 11:10:24,415 | INFO | Batch 100 | Loss: 0.4336 | Correct: 116/128 | Elapsed Time: 7.95s
2026-02-11 11:10:32,309 | INFO | Batch 200 | Loss: 0.3865 | Correct: 116/128 | Elapsed Time: 7.89s
2026-02-11 11:10:40,186 | INFO | Batch 300 | Loss: 0.3640 | Correct: 120/128 | Elapsed Time: 7.88s
2026-02-11 11:10:47,317 | INFO | Epoch [69/100] - Loss: 0.3999 | Correct: 45218/50000 (90.44%, 30.85s)
2026-02-11 11:10:49,874 | INFO | Validation - Loss: 1.4273 | Top1: 6248/10000 (62.48%) | Top5: 8709/10000 (87.09%) (2.56s)
2026-02-11 11:10:57,729 | INFO | Batch 100 | Loss: 0.4399 | Correct: 116/128 | Elapsed Time: 7.85s
2026-02-11 11:11:05,571 | INFO | Batch 200 | Loss: 0.4885 | Correct: 110/128 | Elapsed Time: 7.84s
2026-02-11 11:11:13,436 | INFO | Batch 300 | Loss: 0.4302 | Correct: 114/128 | Elapsed Time: 7.86s
2026-02-11 11:11:20,600 | INFO | Epoch [70/100] - Loss: 0.3965 | Correct: 45177/50000 (90.35%, 30.72s)
2026-02-11 11:11:23,112 | INFO | Validation - Loss: 1.4260 | Top1: 6250/10000 (62.50%) | Top5: 8696/10000 (86.96%) (2.51s)
2026-02-11 11:11:31,059 | INFO | Batch 100 | Loss: 0.4236 | Correct: 117/128 | Elapsed Time: 7.94s
2026-02-11 11:11:38,891 | INFO | Batch 200 | Loss: 0.3906 | Correct: 115/128 | Elapsed Time: 7.83s
2026-02-11 11:11:46,770 | INFO | Batch 300 | Loss: 0.4131 | Correct: 114/128 | Elapsed Time: 7.88s
2026-02-11 11:11:53,877 | INFO | Epoch [71/100] - Loss: 0.3932 | Correct: 45303/50000 (90.61%, 30.76s)
2026-02-11 11:11:56,399 | INFO | Validation - Loss: 1.4286 | Top1: 6245/10000 (62.45%) | Top5: 8687/10000 (86.87%) (2.52s)
2026-02-11 11:12:04,290 | INFO | Batch 100 | Loss: 0.3438 | Correct: 118/128 | Elapsed Time: 7.89s
2026-02-11 11:12:12,173 | INFO | Batch 200 | Loss: 0.3623 | Correct: 112/128 | Elapsed Time: 7.88s
2026-02-11 11:12:20,064 | INFO | Batch 300 | Loss: 0.3948 | Correct: 119/128 | Elapsed Time: 7.89s
2026-02-11 11:12:27,207 | INFO | Epoch [72/100] - Loss: 0.3880 | Correct: 45414/50000 (90.83%, 30.80s)
2026-02-11 11:12:29,760 | INFO | Validation - Loss: 1.4291 | Top1: 6239/10000 (62.39%) | Top5: 8720/10000 (87.20%) (2.55s)
2026-02-11 11:12:37,615 | INFO | Batch 100 | Loss: 0.4382 | Correct: 111/128 | Elapsed Time: 7.85s
2026-02-11 11:12:45,490 | INFO | Batch 200 | Loss: 0.2852 | Correct: 121/128 | Elapsed Time: 7.87s
2026-02-11 11:12:53,285 | INFO | Batch 300 | Loss: 0.4280 | Correct: 116/128 | Elapsed Time: 7.80s
2026-02-11 11:13:00,403 | INFO | Epoch [73/100] - Loss: 0.3902 | Correct: 45295/50000 (90.59%, 30.64s)
2026-02-11 11:13:02,946 | INFO | Validation - Loss: 1.4290 | Top1: 6255/10000 (62.55%) | Top5: 8710/10000 (87.10%) (2.54s)
2026-02-11 11:13:03,064 | INFO | New best model saved at epoch 73 with Top1 Acc: 62.55% (Top5: 87.10%)
2026-02-11 11:13:10,975 | INFO | Batch 100 | Loss: 0.3132 | Correct: 124/128 | Elapsed Time: 7.91s
2026-02-11 11:13:18,841 | INFO | Batch 200 | Loss: 0.4495 | Correct: 114/128 | Elapsed Time: 7.87s
2026-02-11 11:13:26,733 | INFO | Batch 300 | Loss: 0.3237 | Correct: 121/128 | Elapsed Time: 7.89s
2026-02-11 11:13:33,939 | INFO | Epoch [74/100] - Loss: 0.3829 | Correct: 45506/50000 (91.01%, 30.87s)
2026-02-11 11:13:36,491 | INFO | Validation - Loss: 1.4252 | Top1: 6288/10000 (62.88%) | Top5: 8695/10000 (86.95%) (2.55s)
2026-02-11 11:13:36,583 | INFO | New best model saved at epoch 74 with Top1 Acc: 62.88% (Top5: 86.95%)
2026-02-11 11:13:44,586 | INFO | Batch 100 | Loss: 0.3237 | Correct: 117/128 | Elapsed Time: 8.00s
2026-02-11 11:13:52,439 | INFO | Batch 200 | Loss: 0.4380 | Correct: 115/128 | Elapsed Time: 7.85s
2026-02-11 11:14:00,284 | INFO | Batch 300 | Loss: 0.3738 | Correct: 118/128 | Elapsed Time: 7.84s
2026-02-11 11:14:07,507 | INFO | Epoch [75/100] - Loss: 0.3815 | Correct: 45534/50000 (91.07%, 30.92s)
2026-02-11 11:14:10,076 | INFO | Validation - Loss: 1.4321 | Top1: 6251/10000 (62.51%) | Top5: 8690/10000 (86.90%) (2.57s)
2026-02-11 11:14:17,953 | INFO | Batch 100 | Loss: 0.3823 | Correct: 115/128 | Elapsed Time: 7.87s
2026-02-11 11:14:25,924 | INFO | Batch 200 | Loss: 0.3298 | Correct: 121/128 | Elapsed Time: 7.97s
2026-02-11 11:14:33,826 | INFO | Batch 300 | Loss: 0.3232 | Correct: 119/128 | Elapsed Time: 7.90s
2026-02-11 11:14:40,960 | INFO | Epoch [76/100] - Loss: 0.3653 | Correct: 45793/50000 (91.59%, 30.88s)
2026-02-11 11:14:43,462 | INFO | Validation - Loss: 1.4296 | Top1: 6257/10000 (62.57%) | Top5: 8702/10000 (87.02%) (2.50s)
2026-02-11 11:14:51,349 | INFO | Batch 100 | Loss: 0.3105 | Correct: 119/128 | Elapsed Time: 7.88s
2026-02-11 11:14:59,279 | INFO | Batch 200 | Loss: 0.3308 | Correct: 120/128 | Elapsed Time: 7.93s
2026-02-11 11:15:07,151 | INFO | Batch 300 | Loss: 0.3088 | Correct: 121/128 | Elapsed Time: 7.87s
2026-02-11 11:15:14,289 | INFO | Epoch [77/100] - Loss: 0.3645 | Correct: 45835/50000 (91.67%, 30.82s)
2026-02-11 11:15:16,860 | INFO | Validation - Loss: 1.4254 | Top1: 6261/10000 (62.61%) | Top5: 8715/10000 (87.15%) (2.57s)
2026-02-11 11:15:24,807 | INFO | Batch 100 | Loss: 0.3433 | Correct: 115/128 | Elapsed Time: 7.94s
2026-02-11 11:15:32,712 | INFO | Batch 200 | Loss: 0.3140 | Correct: 119/128 | Elapsed Time: 7.91s
2026-02-11 11:15:40,618 | INFO | Batch 300 | Loss: 0.2563 | Correct: 123/128 | Elapsed Time: 7.91s
2026-02-11 11:15:47,784 | INFO | Epoch [78/100] - Loss: 0.3591 | Correct: 45919/50000 (91.84%, 30.92s)
2026-02-11 11:15:50,328 | INFO | Validation - Loss: 1.4246 | Top1: 6253/10000 (62.53%) | Top5: 8702/10000 (87.02%) (2.54s)
2026-02-11 11:15:58,214 | INFO | Batch 100 | Loss: 0.3174 | Correct: 119/128 | Elapsed Time: 7.88s
2026-02-11 11:16:06,112 | INFO | Batch 200 | Loss: 0.3457 | Correct: 115/128 | Elapsed Time: 7.90s
2026-02-11 11:16:13,982 | INFO | Batch 300 | Loss: 0.3391 | Correct: 119/128 | Elapsed Time: 7.87s
2026-02-11 11:16:21,251 | INFO | Epoch [79/100] - Loss: 0.3609 | Correct: 45914/50000 (91.83%, 30.92s)
2026-02-11 11:16:23,798 | INFO | Validation - Loss: 1.4236 | Top1: 6265/10000 (62.65%) | Top5: 8689/10000 (86.89%) (2.55s)
2026-02-11 11:16:31,710 | INFO | Batch 100 | Loss: 0.3767 | Correct: 116/128 | Elapsed Time: 7.91s
2026-02-11 11:16:39,670 | INFO | Batch 200 | Loss: 0.3091 | Correct: 124/128 | Elapsed Time: 7.96s
2026-02-11 11:16:47,617 | INFO | Batch 300 | Loss: 0.3899 | Correct: 110/128 | Elapsed Time: 7.95s
2026-02-11 11:16:54,824 | INFO | Epoch [80/100] - Loss: 0.3602 | Correct: 45933/50000 (91.87%, 31.02s)
2026-02-11 11:16:57,365 | INFO | Validation - Loss: 1.4207 | Top1: 6283/10000 (62.83%) | Top5: 8698/10000 (86.98%) (2.54s)
2026-02-11 11:17:05,339 | INFO | Batch 100 | Loss: 0.2903 | Correct: 120/128 | Elapsed Time: 7.97s
2026-02-11 11:17:13,221 | INFO | Batch 200 | Loss: 0.3521 | Correct: 120/128 | Elapsed Time: 7.88s
2026-02-11 11:17:21,131 | INFO | Batch 300 | Loss: 0.2812 | Correct: 124/128 | Elapsed Time: 7.91s
2026-02-11 11:17:28,304 | INFO | Epoch [81/100] - Loss: 0.3620 | Correct: 45841/50000 (91.68%, 30.93s)
2026-02-11 11:17:30,875 | INFO | Validation - Loss: 1.4208 | Top1: 6267/10000 (62.67%) | Top5: 8698/10000 (86.98%) (2.57s)
2026-02-11 11:17:38,783 | INFO | Batch 100 | Loss: 0.3516 | Correct: 119/128 | Elapsed Time: 7.90s
2026-02-11 11:17:46,682 | INFO | Batch 200 | Loss: 0.3757 | Correct: 116/128 | Elapsed Time: 7.90s
2026-02-11 11:17:54,597 | INFO | Batch 300 | Loss: 0.3267 | Correct: 120/128 | Elapsed Time: 7.92s
2026-02-11 11:18:01,726 | INFO | Epoch [82/100] - Loss: 0.3606 | Correct: 45842/50000 (91.68%, 30.85s)
2026-02-11 11:18:04,268 | INFO | Validation - Loss: 1.4201 | Top1: 6281/10000 (62.81%) | Top5: 8714/10000 (87.14%) (2.54s)
2026-02-11 11:18:12,159 | INFO | Batch 100 | Loss: 0.4187 | Correct: 114/128 | Elapsed Time: 7.89s
2026-02-11 11:18:20,061 | INFO | Batch 200 | Loss: 0.3159 | Correct: 121/128 | Elapsed Time: 7.90s
2026-02-11 11:18:27,946 | INFO | Batch 300 | Loss: 0.4263 | Correct: 115/128 | Elapsed Time: 7.89s
2026-02-11 11:18:35,072 | INFO | Epoch [83/100] - Loss: 0.3579 | Correct: 45950/50000 (91.90%, 30.80s)
2026-02-11 11:18:37,597 | INFO | Validation - Loss: 1.4186 | Top1: 6304/10000 (63.04%) | Top5: 8693/10000 (86.93%) (2.52s)
2026-02-11 11:18:37,732 | INFO | New best model saved at epoch 83 with Top1 Acc: 63.04% (Top5: 86.93%)
2026-02-11 11:18:45,689 | INFO | Batch 100 | Loss: 0.3904 | Correct: 115/128 | Elapsed Time: 7.96s
2026-02-11 11:18:53,591 | INFO | Batch 200 | Loss: 0.3704 | Correct: 116/128 | Elapsed Time: 7.90s
2026-02-11 11:19:01,521 | INFO | Batch 300 | Loss: 0.3674 | Correct: 120/128 | Elapsed Time: 7.93s
2026-02-11 11:19:08,654 | INFO | Epoch [84/100] - Loss: 0.3561 | Correct: 45995/50000 (91.99%, 30.92s)
2026-02-11 11:19:11,224 | INFO | Validation - Loss: 1.4194 | Top1: 6287/10000 (62.87%) | Top5: 8705/10000 (87.05%) (2.57s)
2026-02-11 11:19:19,134 | INFO | Batch 100 | Loss: 0.3569 | Correct: 122/128 | Elapsed Time: 7.91s
2026-02-11 11:19:27,023 | INFO | Batch 200 | Loss: 0.3218 | Correct: 117/128 | Elapsed Time: 7.89s
2026-02-11 11:19:34,893 | INFO | Batch 300 | Loss: 0.3938 | Correct: 112/128 | Elapsed Time: 7.87s
2026-02-11 11:19:42,082 | INFO | Epoch [85/100] - Loss: 0.3610 | Correct: 45909/50000 (91.82%, 30.85s)
2026-02-11 11:19:44,637 | INFO | Validation - Loss: 1.4219 | Top1: 6279/10000 (62.79%) | Top5: 8705/10000 (87.05%) (2.55s)
2026-02-11 11:19:52,551 | INFO | Batch 100 | Loss: 0.2893 | Correct: 119/128 | Elapsed Time: 7.91s
2026-02-11 11:20:00,390 | INFO | Batch 200 | Loss: 0.3345 | Correct: 121/128 | Elapsed Time: 7.84s
2026-02-11 11:20:08,263 | INFO | Batch 300 | Loss: 0.3423 | Correct: 118/128 | Elapsed Time: 7.87s
2026-02-11 11:20:15,401 | INFO | Epoch [86/100] - Loss: 0.3527 | Correct: 46045/50000 (92.09%, 30.76s)
2026-02-11 11:20:17,955 | INFO | Validation - Loss: 1.4181 | Top1: 6286/10000 (62.86%) | Top5: 8708/10000 (87.08%) (2.55s)
2026-02-11 11:20:25,861 | INFO | Batch 100 | Loss: 0.4214 | Correct: 117/128 | Elapsed Time: 7.90s
2026-02-11 11:20:33,748 | INFO | Batch 200 | Loss: 0.3477 | Correct: 120/128 | Elapsed Time: 7.89s
2026-02-11 11:20:41,646 | INFO | Batch 300 | Loss: 0.4419 | Correct: 112/128 | Elapsed Time: 7.90s
2026-02-11 11:20:48,807 | INFO | Epoch [87/100] - Loss: 0.3595 | Correct: 45926/50000 (91.85%, 30.85s)
2026-02-11 11:20:51,388 | INFO | Validation - Loss: 1.4170 | Top1: 6296/10000 (62.96%) | Top5: 8713/10000 (87.13%) (2.58s)
2026-02-11 11:20:59,282 | INFO | Batch 100 | Loss: 0.3174 | Correct: 118/128 | Elapsed Time: 7.89s
2026-02-11 11:21:07,230 | INFO | Batch 200 | Loss: 0.3052 | Correct: 120/128 | Elapsed Time: 7.95s
2026-02-11 11:21:15,173 | INFO | Batch 300 | Loss: 0.3169 | Correct: 119/128 | Elapsed Time: 7.94s
2026-02-11 11:21:22,395 | INFO | Epoch [88/100] - Loss: 0.3558 | Correct: 45974/50000 (91.95%, 31.00s)
2026-02-11 11:21:24,973 | INFO | Validation - Loss: 1.4203 | Top1: 6286/10000 (62.86%) | Top5: 8699/10000 (86.99%) (2.58s)
2026-02-11 11:21:32,915 | INFO | Batch 100 | Loss: 0.3782 | Correct: 120/128 | Elapsed Time: 7.94s
2026-02-11 11:21:40,821 | INFO | Batch 200 | Loss: 0.3240 | Correct: 121/128 | Elapsed Time: 7.91s
2026-02-11 11:21:48,757 | INFO | Batch 300 | Loss: 0.3535 | Correct: 118/128 | Elapsed Time: 7.94s
2026-02-11 11:21:55,931 | INFO | Epoch [89/100] - Loss: 0.3574 | Correct: 46030/50000 (92.06%, 30.95s)
2026-02-11 11:21:58,457 | INFO | Validation - Loss: 1.4177 | Top1: 6292/10000 (62.92%) | Top5: 8695/10000 (86.95%) (2.52s)
2026-02-11 11:22:06,382 | INFO | Batch 100 | Loss: 0.3362 | Correct: 115/128 | Elapsed Time: 7.92s
2026-02-11 11:22:14,270 | INFO | Batch 200 | Loss: 0.2971 | Correct: 124/128 | Elapsed Time: 7.89s
2026-02-11 11:22:22,183 | INFO | Batch 300 | Loss: 0.3354 | Correct: 118/128 | Elapsed Time: 7.91s
2026-02-11 11:22:29,380 | INFO | Epoch [90/100] - Loss: 0.3534 | Correct: 46066/50000 (92.13%, 30.92s)
2026-02-11 11:22:31,931 | INFO | Validation - Loss: 1.4160 | Top1: 6292/10000 (62.92%) | Top5: 8695/10000 (86.95%) (2.55s)
2026-02-11 11:22:39,838 | INFO | Batch 100 | Loss: 0.3113 | Correct: 120/128 | Elapsed Time: 7.90s
2026-02-11 11:22:47,808 | INFO | Batch 200 | Loss: 0.3286 | Correct: 120/128 | Elapsed Time: 7.97s
2026-02-11 11:22:55,670 | INFO | Batch 300 | Loss: 0.3499 | Correct: 117/128 | Elapsed Time: 7.86s
2026-02-11 11:23:02,869 | INFO | Epoch [91/100] - Loss: 0.3554 | Correct: 46009/50000 (92.02%, 30.93s)
2026-02-11 11:23:05,437 | INFO | Validation - Loss: 1.4170 | Top1: 6282/10000 (62.82%) | Top5: 8714/10000 (87.14%) (2.57s)
2026-02-11 11:23:13,340 | INFO | Batch 100 | Loss: 0.3206 | Correct: 118/128 | Elapsed Time: 7.90s
2026-02-11 11:23:21,218 | INFO | Batch 200 | Loss: 0.3054 | Correct: 119/128 | Elapsed Time: 7.88s
2026-02-11 11:23:29,108 | INFO | Batch 300 | Loss: 0.4434 | Correct: 114/128 | Elapsed Time: 7.89s
2026-02-11 11:23:36,279 | INFO | Epoch [92/100] - Loss: 0.3579 | Correct: 45937/50000 (91.87%, 30.84s)
2026-02-11 11:23:38,806 | INFO | Validation - Loss: 1.4190 | Top1: 6293/10000 (62.93%) | Top5: 8686/10000 (86.86%) (2.53s)
2026-02-11 11:23:46,739 | INFO | Batch 100 | Loss: 0.3279 | Correct: 119/128 | Elapsed Time: 7.93s
2026-02-11 11:23:54,665 | INFO | Batch 200 | Loss: 0.4082 | Correct: 117/128 | Elapsed Time: 7.93s
2026-02-11 11:24:02,665 | INFO | Batch 300 | Loss: 0.2996 | Correct: 123/128 | Elapsed Time: 8.00s
2026-02-11 11:24:09,917 | INFO | Epoch [93/100] - Loss: 0.3590 | Correct: 45979/50000 (91.96%, 31.11s)
2026-02-11 11:24:12,453 | INFO | Validation - Loss: 1.4181 | Top1: 6299/10000 (62.99%) | Top5: 8702/10000 (87.02%) (2.54s)
2026-02-11 11:24:20,374 | INFO | Batch 100 | Loss: 0.3025 | Correct: 119/128 | Elapsed Time: 7.92s
2026-02-11 11:24:28,247 | INFO | Batch 200 | Loss: 0.3210 | Correct: 119/128 | Elapsed Time: 7.87s
2026-02-11 11:24:36,190 | INFO | Batch 300 | Loss: 0.3164 | Correct: 122/128 | Elapsed Time: 7.94s
2026-02-11 11:24:43,407 | INFO | Epoch [94/100] - Loss: 0.3558 | Correct: 46011/50000 (92.02%, 30.95s)
2026-02-11 11:24:45,964 | INFO | Validation - Loss: 1.4200 | Top1: 6276/10000 (62.76%) | Top5: 8691/10000 (86.91%) (2.56s)
2026-02-11 11:24:53,877 | INFO | Batch 100 | Loss: 0.2947 | Correct: 123/128 | Elapsed Time: 7.91s
2026-02-11 11:25:01,831 | INFO | Batch 200 | Loss: 0.3682 | Correct: 116/128 | Elapsed Time: 7.95s
2026-02-11 11:25:09,739 | INFO | Batch 300 | Loss: 0.4241 | Correct: 117/128 | Elapsed Time: 7.91s
2026-02-11 11:25:16,964 | INFO | Epoch [95/100] - Loss: 0.3566 | Correct: 46040/50000 (92.08%, 31.00s)
2026-02-11 11:25:19,480 | INFO | Validation - Loss: 1.4181 | Top1: 6289/10000 (62.89%) | Top5: 8695/10000 (86.95%) (2.52s)
2026-02-11 11:25:27,361 | INFO | Batch 100 | Loss: 0.3684 | Correct: 119/128 | Elapsed Time: 7.88s
2026-02-11 11:25:35,232 | INFO | Batch 200 | Loss: 0.3662 | Correct: 118/128 | Elapsed Time: 7.87s
2026-02-11 11:25:43,107 | INFO | Batch 300 | Loss: 0.3203 | Correct: 118/128 | Elapsed Time: 7.87s
2026-02-11 11:25:50,244 | INFO | Epoch [96/100] - Loss: 0.3582 | Correct: 45991/50000 (91.98%, 30.76s)
2026-02-11 11:25:52,759 | INFO | Validation - Loss: 1.4182 | Top1: 6275/10000 (62.75%) | Top5: 8686/10000 (86.86%) (2.51s)
2026-02-11 11:26:00,738 | INFO | Batch 100 | Loss: 0.4016 | Correct: 117/128 | Elapsed Time: 7.98s
2026-02-11 11:26:08,636 | INFO | Batch 200 | Loss: 0.3396 | Correct: 118/128 | Elapsed Time: 7.90s
2026-02-11 11:26:16,543 | INFO | Batch 300 | Loss: 0.3286 | Correct: 114/128 | Elapsed Time: 7.91s
2026-02-11 11:26:23,745 | INFO | Epoch [97/100] - Loss: 0.3563 | Correct: 46040/50000 (92.08%, 30.98s)
2026-02-11 11:26:26,310 | INFO | Validation - Loss: 1.4194 | Top1: 6290/10000 (62.90%) | Top5: 8685/10000 (86.85%) (2.56s)
2026-02-11 11:26:34,263 | INFO | Batch 100 | Loss: 0.3408 | Correct: 122/128 | Elapsed Time: 7.95s
2026-02-11 11:26:42,153 | INFO | Batch 200 | Loss: 0.3511 | Correct: 116/128 | Elapsed Time: 7.89s
2026-02-11 11:26:50,078 | INFO | Batch 300 | Loss: 0.3281 | Correct: 122/128 | Elapsed Time: 7.93s
2026-02-11 11:26:57,248 | INFO | Epoch [98/100] - Loss: 0.3522 | Correct: 46132/50000 (92.26%, 30.93s)
2026-02-11 11:26:59,803 | INFO | Validation - Loss: 1.4189 | Top1: 6303/10000 (63.03%) | Top5: 8689/10000 (86.89%) (2.55s)
2026-02-11 11:27:07,676 | INFO | Batch 100 | Loss: 0.3330 | Correct: 119/128 | Elapsed Time: 7.87s
2026-02-11 11:27:15,587 | INFO | Batch 200 | Loss: 0.3679 | Correct: 117/128 | Elapsed Time: 7.91s
2026-02-11 11:27:23,488 | INFO | Batch 300 | Loss: 0.3542 | Correct: 118/128 | Elapsed Time: 7.90s
2026-02-11 11:27:30,668 | INFO | Epoch [99/100] - Loss: 0.3588 | Correct: 45979/50000 (91.96%, 30.86s)
2026-02-11 11:27:33,214 | INFO | Validation - Loss: 1.4176 | Top1: 6283/10000 (62.83%) | Top5: 8698/10000 (86.98%) (2.55s)
2026-02-11 11:27:41,173 | INFO | Batch 100 | Loss: 0.3391 | Correct: 121/128 | Elapsed Time: 7.96s
2026-02-11 11:27:49,132 | INFO | Batch 200 | Loss: 0.3208 | Correct: 120/128 | Elapsed Time: 7.96s
2026-02-11 11:27:57,078 | INFO | Batch 300 | Loss: 0.3745 | Correct: 114/128 | Elapsed Time: 7.95s
2026-02-11 11:28:04,329 | INFO | Epoch [100/100] - Loss: 0.3573 | Correct: 46051/50000 (92.10%, 31.11s)
2026-02-11 11:28:06,931 | INFO | Validation - Loss: 1.4150 | Top1: 6297/10000 (62.97%) | Top5: 8702/10000 (87.02%) (2.60s)
2026-02-11 11:28:06,936 | INFO | Training complete.
2026-02-11 11:28:07,000 | INFO | Final model saved to ./checkpoints/resnet18_fp_final_20260211_103227.pt
