2026-02-12 14:05:03,432 | INFO | Training ShuffleNetV2 on CIFAR-10 with FP (dtype=torch.bfloat16) on device cuda:0
2026-02-12 14:05:03,433 | INFO | Hyperparameters: epochs=100, batch_size=128, lr=0.005, beta=0.999
2026-02-12 14:05:14,197 | INFO | Batch 100 | Loss: 2.0156 | Correct: 28/128 | Elapsed Time: 10.76s
2026-02-12 14:05:24,240 | INFO | Batch 200 | Loss: 1.8594 | Correct: 40/128 | Elapsed Time: 10.04s
2026-02-12 14:05:34,330 | INFO | Batch 300 | Loss: 1.8906 | Correct: 32/128 | Elapsed Time: 10.09s
2026-02-12 14:05:43,534 | INFO | Epoch [1/100] - Loss: 1.9595 | Correct: 13200/50000 (26.40%, 40.10s)
2026-02-12 14:05:46,412 | INFO | Validation - Loss: 1.7466 | Correct: 3547/10000 (35.47%, 2.88s)
2026-02-12 14:05:46,462 | INFO | New best model saved at epoch 1 with Top1 Acc: 35.47%
2026-02-12 14:05:56,521 | INFO | Batch 100 | Loss: 1.7031 | Correct: 43/128 | Elapsed Time: 10.06s
2026-02-12 14:06:06,478 | INFO | Batch 200 | Loss: 1.7188 | Correct: 51/128 | Elapsed Time: 9.96s
2026-02-12 14:06:16,421 | INFO | Batch 300 | Loss: 1.5312 | Correct: 50/128 | Elapsed Time: 9.94s
2026-02-12 14:06:25,573 | INFO | Epoch [2/100] - Loss: 1.6562 | Correct: 19618/50000 (39.24%, 39.11s)
2026-02-12 14:06:28,520 | INFO | Validation - Loss: 1.5202 | Correct: 4476/10000 (44.76%, 2.95s)
2026-02-12 14:06:28,565 | INFO | New best model saved at epoch 2 with Top1 Acc: 44.76%
2026-02-12 14:06:38,602 | INFO | Batch 100 | Loss: 1.5391 | Correct: 53/128 | Elapsed Time: 10.04s
2026-02-12 14:06:48,541 | INFO | Batch 200 | Loss: 1.4062 | Correct: 55/128 | Elapsed Time: 9.94s
2026-02-12 14:06:58,395 | INFO | Batch 300 | Loss: 1.6094 | Correct: 55/128 | Elapsed Time: 9.85s
2026-02-12 14:07:07,417 | INFO | Epoch [3/100] - Loss: 1.4990 | Correct: 22535/50000 (45.07%, 38.85s)
2026-02-12 14:07:10,320 | INFO | Validation - Loss: 1.3831 | Correct: 5002/10000 (50.02%, 2.90s)
2026-02-12 14:07:10,364 | INFO | New best model saved at epoch 3 with Top1 Acc: 50.02%
2026-02-12 14:07:20,342 | INFO | Batch 100 | Loss: 1.5391 | Correct: 56/128 | Elapsed Time: 9.98s
2026-02-12 14:07:30,260 | INFO | Batch 200 | Loss: 1.4375 | Correct: 61/128 | Elapsed Time: 9.92s
2026-02-12 14:07:40,186 | INFO | Batch 300 | Loss: 1.4766 | Correct: 66/128 | Elapsed Time: 9.93s
2026-02-12 14:07:49,342 | INFO | Epoch [4/100] - Loss: 1.4050 | Correct: 24567/50000 (49.13%, 38.98s)
2026-02-12 14:07:52,332 | INFO | Validation - Loss: 1.3077 | Correct: 5314/10000 (53.14%, 2.99s)
2026-02-12 14:07:52,386 | INFO | New best model saved at epoch 4 with Top1 Acc: 53.14%
2026-02-12 14:08:02,458 | INFO | Batch 100 | Loss: 1.2891 | Correct: 66/128 | Elapsed Time: 10.07s
2026-02-12 14:08:12,454 | INFO | Batch 200 | Loss: 1.2969 | Correct: 71/128 | Elapsed Time: 10.00s
2026-02-12 14:08:22,359 | INFO | Batch 300 | Loss: 1.1953 | Correct: 76/128 | Elapsed Time: 9.90s
2026-02-12 14:08:31,480 | INFO | Epoch [5/100] - Loss: 1.3327 | Correct: 25947/50000 (51.89%, 39.09s)
2026-02-12 14:08:34,450 | INFO | Validation - Loss: 1.2356 | Correct: 5574/10000 (55.74%, 2.97s)
2026-02-12 14:08:34,497 | INFO | New best model saved at epoch 5 with Top1 Acc: 55.74%
2026-02-12 14:08:44,445 | INFO | Batch 100 | Loss: 1.3359 | Correct: 75/128 | Elapsed Time: 9.95s
2026-02-12 14:08:54,471 | INFO | Batch 200 | Loss: 1.2031 | Correct: 74/128 | Elapsed Time: 10.03s
2026-02-12 14:09:04,457 | INFO | Batch 300 | Loss: 1.2812 | Correct: 71/128 | Elapsed Time: 9.99s
2026-02-12 14:09:13,506 | INFO | Epoch [6/100] - Loss: 1.2777 | Correct: 27052/50000 (54.10%, 39.01s)
2026-02-12 14:09:16,392 | INFO | Validation - Loss: 1.1908 | Correct: 5734/10000 (57.34%, 2.89s)
2026-02-12 14:09:16,437 | INFO | New best model saved at epoch 6 with Top1 Acc: 57.34%
2026-02-12 14:09:26,477 | INFO | Batch 100 | Loss: 1.1953 | Correct: 75/128 | Elapsed Time: 10.04s
2026-02-12 14:09:36,447 | INFO | Batch 200 | Loss: 1.3125 | Correct: 67/128 | Elapsed Time: 9.97s
2026-02-12 14:09:46,471 | INFO | Batch 300 | Loss: 1.2422 | Correct: 76/128 | Elapsed Time: 10.02s
2026-02-12 14:09:55,569 | INFO | Epoch [7/100] - Loss: 1.2219 | Correct: 28116/50000 (56.23%, 39.13s)
2026-02-12 14:09:58,512 | INFO | Validation - Loss: 1.1566 | Correct: 5918/10000 (59.18%, 2.94s)
2026-02-12 14:09:58,558 | INFO | New best model saved at epoch 7 with Top1 Acc: 59.18%
2026-02-12 14:10:08,640 | INFO | Batch 100 | Loss: 1.0859 | Correct: 79/128 | Elapsed Time: 10.08s
2026-02-12 14:10:18,577 | INFO | Batch 200 | Loss: 1.1172 | Correct: 76/128 | Elapsed Time: 9.94s
2026-02-12 14:10:28,617 | INFO | Batch 300 | Loss: 1.0703 | Correct: 79/128 | Elapsed Time: 10.04s
2026-02-12 14:10:37,682 | INFO | Epoch [8/100] - Loss: 1.1705 | Correct: 29189/50000 (58.38%, 39.12s)
2026-02-12 14:10:40,610 | INFO | Validation - Loss: 1.1280 | Correct: 6018/10000 (60.18%, 2.93s)
2026-02-12 14:10:40,659 | INFO | New best model saved at epoch 8 with Top1 Acc: 60.18%
2026-02-12 14:10:50,820 | INFO | Batch 100 | Loss: 1.0234 | Correct: 88/128 | Elapsed Time: 10.16s
2026-02-12 14:11:00,869 | INFO | Batch 200 | Loss: 1.0156 | Correct: 87/128 | Elapsed Time: 10.05s
2026-02-12 14:11:10,836 | INFO | Batch 300 | Loss: 0.9688 | Correct: 81/128 | Elapsed Time: 9.97s
2026-02-12 14:11:19,877 | INFO | Epoch [9/100] - Loss: 1.1365 | Correct: 29930/50000 (59.86%, 39.22s)
2026-02-12 14:11:22,840 | INFO | Validation - Loss: 1.1445 | Correct: 5948/10000 (59.48%, 2.96s)
2026-02-12 14:11:32,870 | INFO | Batch 100 | Loss: 1.1719 | Correct: 78/128 | Elapsed Time: 10.03s
2026-02-12 14:11:42,988 | INFO | Batch 200 | Loss: 1.0781 | Correct: 72/128 | Elapsed Time: 10.12s
2026-02-12 14:11:53,173 | INFO | Batch 300 | Loss: 1.0156 | Correct: 84/128 | Elapsed Time: 10.18s
2026-02-12 14:12:02,408 | INFO | Epoch [10/100] - Loss: 1.1066 | Correct: 30260/50000 (60.52%, 39.57s)
2026-02-12 14:12:05,361 | INFO | Validation - Loss: 1.0707 | Correct: 6197/10000 (61.97%, 2.95s)
2026-02-12 14:12:05,407 | INFO | New best model saved at epoch 10 with Top1 Acc: 61.97%
2026-02-12 14:12:15,525 | INFO | Batch 100 | Loss: 1.1328 | Correct: 70/128 | Elapsed Time: 10.12s
2026-02-12 14:12:25,637 | INFO | Batch 200 | Loss: 1.1641 | Correct: 74/128 | Elapsed Time: 10.11s
2026-02-12 14:12:35,765 | INFO | Batch 300 | Loss: 1.0781 | Correct: 84/128 | Elapsed Time: 10.13s
2026-02-12 14:12:44,951 | INFO | Epoch [11/100] - Loss: 1.0732 | Correct: 31057/50000 (62.11%, 39.54s)
2026-02-12 14:12:47,921 | INFO | Validation - Loss: 1.0812 | Correct: 6204/10000 (62.04%, 2.97s)
2026-02-12 14:12:47,965 | INFO | New best model saved at epoch 11 with Top1 Acc: 62.04%
2026-02-12 14:12:58,066 | INFO | Batch 100 | Loss: 1.1719 | Correct: 74/128 | Elapsed Time: 10.10s
2026-02-12 14:13:08,251 | INFO | Batch 200 | Loss: 1.0469 | Correct: 85/128 | Elapsed Time: 10.19s
2026-02-12 14:13:18,433 | INFO | Batch 300 | Loss: 0.9531 | Correct: 83/128 | Elapsed Time: 10.18s
2026-02-12 14:13:27,629 | INFO | Epoch [12/100] - Loss: 1.0551 | Correct: 31418/50000 (62.84%, 39.66s)
2026-02-12 14:13:30,605 | INFO | Validation - Loss: 1.0273 | Correct: 6349/10000 (63.49%, 2.97s)
2026-02-12 14:13:30,651 | INFO | New best model saved at epoch 12 with Top1 Acc: 63.49%
2026-02-12 14:13:40,892 | INFO | Batch 100 | Loss: 1.1875 | Correct: 73/128 | Elapsed Time: 10.24s
2026-02-12 14:13:50,995 | INFO | Batch 200 | Loss: 1.1016 | Correct: 79/128 | Elapsed Time: 10.10s
2026-02-12 14:14:01,007 | INFO | Batch 300 | Loss: 0.9492 | Correct: 84/128 | Elapsed Time: 10.01s
2026-02-12 14:14:10,157 | INFO | Epoch [13/100] - Loss: 1.0370 | Correct: 31714/50000 (63.43%, 39.51s)
2026-02-12 14:14:13,118 | INFO | Validation - Loss: 1.0245 | Correct: 6467/10000 (64.67%, 2.96s)
2026-02-12 14:14:13,162 | INFO | New best model saved at epoch 13 with Top1 Acc: 64.67%
2026-02-12 14:14:23,346 | INFO | Batch 100 | Loss: 1.0781 | Correct: 78/128 | Elapsed Time: 10.18s
2026-02-12 14:14:33,326 | INFO | Batch 200 | Loss: 1.0078 | Correct: 78/128 | Elapsed Time: 9.98s
2026-02-12 14:14:43,383 | INFO | Batch 300 | Loss: 1.0391 | Correct: 78/128 | Elapsed Time: 10.06s
2026-02-12 14:14:52,426 | INFO | Epoch [14/100] - Loss: 1.0131 | Correct: 32280/50000 (64.56%, 39.26s)
2026-02-12 14:14:55,310 | INFO | Validation - Loss: 1.0254 | Correct: 6379/10000 (63.79%, 2.88s)
2026-02-12 14:15:05,320 | INFO | Batch 100 | Loss: 1.2188 | Correct: 72/128 | Elapsed Time: 10.01s
2026-02-12 14:15:15,384 | INFO | Batch 200 | Loss: 1.0547 | Correct: 84/128 | Elapsed Time: 10.06s
2026-02-12 14:15:25,470 | INFO | Batch 300 | Loss: 0.9844 | Correct: 83/128 | Elapsed Time: 10.09s
2026-02-12 14:15:34,479 | INFO | Epoch [15/100] - Loss: 0.9981 | Correct: 32375/50000 (64.75%, 39.17s)
2026-02-12 14:15:37,392 | INFO | Validation - Loss: 0.9613 | Correct: 6624/10000 (66.24%, 2.91s)
2026-02-12 14:15:37,438 | INFO | New best model saved at epoch 15 with Top1 Acc: 66.24%
2026-02-12 14:15:47,509 | INFO | Batch 100 | Loss: 0.9883 | Correct: 83/128 | Elapsed Time: 10.07s
2026-02-12 14:15:57,614 | INFO | Batch 200 | Loss: 0.9414 | Correct: 91/128 | Elapsed Time: 10.10s
2026-02-12 14:16:07,758 | INFO | Batch 300 | Loss: 1.0000 | Correct: 81/128 | Elapsed Time: 10.14s
2026-02-12 14:16:16,790 | INFO | Epoch [16/100] - Loss: 0.9815 | Correct: 32700/50000 (65.40%, 39.35s)
2026-02-12 14:16:19,756 | INFO | Validation - Loss: 1.0389 | Correct: 6353/10000 (63.53%, 2.96s)
2026-02-12 14:16:29,800 | INFO | Batch 100 | Loss: 1.0078 | Correct: 83/128 | Elapsed Time: 10.04s
2026-02-12 14:16:39,791 | INFO | Batch 200 | Loss: 0.9609 | Correct: 88/128 | Elapsed Time: 9.99s
2026-02-12 14:16:49,750 | INFO | Batch 300 | Loss: 0.9961 | Correct: 91/128 | Elapsed Time: 9.96s
2026-02-12 14:16:58,897 | INFO | Epoch [17/100] - Loss: 0.9706 | Correct: 32833/50000 (65.67%, 39.14s)
2026-02-12 14:17:01,861 | INFO | Validation - Loss: 0.9657 | Correct: 6613/10000 (66.13%, 2.96s)
2026-02-12 14:17:11,964 | INFO | Batch 100 | Loss: 1.0234 | Correct: 77/128 | Elapsed Time: 10.10s
2026-02-12 14:17:22,010 | INFO | Batch 200 | Loss: 0.9531 | Correct: 85/128 | Elapsed Time: 10.05s
2026-02-12 14:17:32,052 | INFO | Batch 300 | Loss: 0.9727 | Correct: 83/128 | Elapsed Time: 10.04s
2026-02-12 14:17:41,154 | INFO | Epoch [18/100] - Loss: 0.9598 | Correct: 33105/50000 (66.21%, 39.29s)
2026-02-12 14:17:44,146 | INFO | Validation - Loss: 0.9571 | Correct: 6703/10000 (67.03%, 2.99s)
2026-02-12 14:17:44,192 | INFO | New best model saved at epoch 18 with Top1 Acc: 67.03%
2026-02-12 14:17:54,301 | INFO | Batch 100 | Loss: 0.9219 | Correct: 90/128 | Elapsed Time: 10.11s
2026-02-12 14:18:04,297 | INFO | Batch 200 | Loss: 0.9766 | Correct: 81/128 | Elapsed Time: 10.00s
2026-02-12 14:18:14,424 | INFO | Batch 300 | Loss: 1.0469 | Correct: 82/128 | Elapsed Time: 10.13s
2026-02-12 14:18:23,564 | INFO | Epoch [19/100] - Loss: 0.9438 | Correct: 33436/50000 (66.87%, 39.37s)
2026-02-12 14:18:26,465 | INFO | Validation - Loss: 0.9214 | Correct: 6810/10000 (68.10%, 2.90s)
2026-02-12 14:18:26,510 | INFO | New best model saved at epoch 19 with Top1 Acc: 68.10%
2026-02-12 14:18:36,556 | INFO | Batch 100 | Loss: 0.9844 | Correct: 85/128 | Elapsed Time: 10.05s
2026-02-12 14:18:46,609 | INFO | Batch 200 | Loss: 0.8359 | Correct: 89/128 | Elapsed Time: 10.05s
2026-02-12 14:18:56,686 | INFO | Batch 300 | Loss: 1.0000 | Correct: 87/128 | Elapsed Time: 10.08s
2026-02-12 14:19:05,765 | INFO | Epoch [20/100] - Loss: 0.9387 | Correct: 33418/50000 (66.84%, 39.25s)
2026-02-12 14:19:08,712 | INFO | Validation - Loss: 0.9257 | Correct: 6813/10000 (68.13%, 2.95s)
2026-02-12 14:19:08,759 | INFO | New best model saved at epoch 20 with Top1 Acc: 68.13%
2026-02-12 14:19:18,712 | INFO | Batch 100 | Loss: 0.9414 | Correct: 93/128 | Elapsed Time: 9.95s
2026-02-12 14:19:28,716 | INFO | Batch 200 | Loss: 1.0234 | Correct: 83/128 | Elapsed Time: 10.00s
2026-02-12 14:19:38,699 | INFO | Batch 300 | Loss: 0.9453 | Correct: 84/128 | Elapsed Time: 9.98s
2026-02-12 14:19:47,732 | INFO | Epoch [21/100] - Loss: 0.9319 | Correct: 33686/50000 (67.37%, 38.97s)
2026-02-12 14:19:50,618 | INFO | Validation - Loss: 0.9292 | Correct: 6727/10000 (67.27%, 2.89s)
2026-02-12 14:20:00,526 | INFO | Batch 100 | Loss: 0.8750 | Correct: 91/128 | Elapsed Time: 9.91s
2026-02-12 14:20:10,527 | INFO | Batch 200 | Loss: 0.9492 | Correct: 90/128 | Elapsed Time: 10.00s
2026-02-12 14:20:20,490 | INFO | Batch 300 | Loss: 0.8281 | Correct: 97/128 | Elapsed Time: 9.96s
2026-02-12 14:20:29,622 | INFO | Epoch [22/100] - Loss: 0.9184 | Correct: 33782/50000 (67.56%, 39.00s)
2026-02-12 14:20:32,519 | INFO | Validation - Loss: 0.9326 | Correct: 6728/10000 (67.28%, 2.90s)
2026-02-12 14:20:42,501 | INFO | Batch 100 | Loss: 1.0547 | Correct: 77/128 | Elapsed Time: 9.98s
2026-02-12 14:20:52,528 | INFO | Batch 200 | Loss: 0.8320 | Correct: 89/128 | Elapsed Time: 10.03s
2026-02-12 14:21:02,549 | INFO | Batch 300 | Loss: 0.8984 | Correct: 83/128 | Elapsed Time: 10.02s
2026-02-12 14:21:11,600 | INFO | Epoch [23/100] - Loss: 0.9098 | Correct: 34117/50000 (68.23%, 39.08s)
2026-02-12 14:21:14,562 | INFO | Validation - Loss: 0.9209 | Correct: 6757/10000 (67.57%, 2.96s)
2026-02-12 14:21:24,517 | INFO | Batch 100 | Loss: 0.9102 | Correct: 85/128 | Elapsed Time: 9.95s
2026-02-12 14:21:34,530 | INFO | Batch 200 | Loss: 0.8984 | Correct: 91/128 | Elapsed Time: 10.01s
2026-02-12 14:21:44,522 | INFO | Batch 300 | Loss: 1.0469 | Correct: 82/128 | Elapsed Time: 9.99s
2026-02-12 14:21:53,597 | INFO | Epoch [24/100] - Loss: 0.9104 | Correct: 34160/50000 (68.32%, 39.03s)
2026-02-12 14:21:56,547 | INFO | Validation - Loss: 0.9052 | Correct: 6875/10000 (68.75%, 2.95s)
2026-02-12 14:21:56,604 | INFO | New best model saved at epoch 24 with Top1 Acc: 68.75%
2026-02-12 14:22:06,643 | INFO | Batch 100 | Loss: 0.9062 | Correct: 84/128 | Elapsed Time: 10.04s
2026-02-12 14:22:16,574 | INFO | Batch 200 | Loss: 0.9062 | Correct: 79/128 | Elapsed Time: 9.93s
2026-02-12 14:22:26,634 | INFO | Batch 300 | Loss: 1.0078 | Correct: 77/128 | Elapsed Time: 10.06s
2026-02-12 14:22:35,748 | INFO | Epoch [25/100] - Loss: 0.9034 | Correct: 34163/50000 (68.33%, 39.14s)
2026-02-12 14:22:38,735 | INFO | Validation - Loss: 0.9014 | Correct: 6883/10000 (68.83%, 2.99s)
2026-02-12 14:22:38,783 | INFO | New best model saved at epoch 25 with Top1 Acc: 68.83%
2026-02-12 14:22:48,906 | INFO | Batch 100 | Loss: 0.8125 | Correct: 87/128 | Elapsed Time: 10.12s
2026-02-12 14:22:58,965 | INFO | Batch 200 | Loss: 0.9688 | Correct: 86/128 | Elapsed Time: 10.06s
2026-02-12 14:23:08,998 | INFO | Batch 300 | Loss: 0.8750 | Correct: 88/128 | Elapsed Time: 10.03s
2026-02-12 14:23:18,105 | INFO | Epoch [26/100] - Loss: 0.8952 | Correct: 34448/50000 (68.90%, 39.32s)
2026-02-12 14:23:21,018 | INFO | Validation - Loss: 0.8665 | Correct: 6971/10000 (69.71%, 2.91s)
2026-02-12 14:23:21,066 | INFO | New best model saved at epoch 26 with Top1 Acc: 69.71%
2026-02-12 14:23:31,151 | INFO | Batch 100 | Loss: 0.9258 | Correct: 78/128 | Elapsed Time: 10.09s
2026-02-12 14:23:41,173 | INFO | Batch 200 | Loss: 0.9180 | Correct: 86/128 | Elapsed Time: 10.02s
2026-02-12 14:23:51,327 | INFO | Batch 300 | Loss: 0.8594 | Correct: 86/128 | Elapsed Time: 10.15s
2026-02-12 14:24:00,430 | INFO | Epoch [27/100] - Loss: 0.8928 | Correct: 34341/50000 (68.68%, 39.36s)
2026-02-12 14:24:03,396 | INFO | Validation - Loss: 0.9111 | Correct: 6811/10000 (68.11%, 2.96s)
2026-02-12 14:24:13,394 | INFO | Batch 100 | Loss: 0.7539 | Correct: 95/128 | Elapsed Time: 10.00s
2026-02-12 14:24:23,415 | INFO | Batch 200 | Loss: 0.7422 | Correct: 100/128 | Elapsed Time: 10.02s
2026-02-12 14:24:33,395 | INFO | Batch 300 | Loss: 0.9062 | Correct: 90/128 | Elapsed Time: 9.98s
2026-02-12 14:24:42,547 | INFO | Epoch [28/100] - Loss: 0.8964 | Correct: 34427/50000 (68.85%, 39.15s)
2026-02-12 14:24:45,464 | INFO | Validation - Loss: 0.9617 | Correct: 6653/10000 (66.53%, 2.92s)
2026-02-12 14:24:55,513 | INFO | Batch 100 | Loss: 0.8281 | Correct: 90/128 | Elapsed Time: 10.05s
2026-02-12 14:25:05,638 | INFO | Batch 200 | Loss: 0.9648 | Correct: 79/128 | Elapsed Time: 10.13s
2026-02-12 14:25:15,701 | INFO | Batch 300 | Loss: 0.9766 | Correct: 84/128 | Elapsed Time: 10.06s
2026-02-12 14:25:24,872 | INFO | Epoch [29/100] - Loss: 0.8932 | Correct: 34392/50000 (68.78%, 39.41s)
2026-02-12 14:25:27,811 | INFO | Validation - Loss: 0.9710 | Correct: 6613/10000 (66.13%, 2.94s)
2026-02-12 14:25:37,846 | INFO | Batch 100 | Loss: 0.9336 | Correct: 88/128 | Elapsed Time: 10.03s
2026-02-12 14:25:47,860 | INFO | Batch 200 | Loss: 0.7930 | Correct: 95/128 | Elapsed Time: 10.01s
2026-02-12 14:25:57,919 | INFO | Batch 300 | Loss: 0.9141 | Correct: 85/128 | Elapsed Time: 10.06s
2026-02-12 14:26:07,064 | INFO | Epoch [30/100] - Loss: 0.8907 | Correct: 34601/50000 (69.20%, 39.25s)
2026-02-12 14:26:09,958 | INFO | Validation - Loss: 0.9210 | Correct: 6774/10000 (67.74%, 2.89s)
2026-02-12 14:26:19,966 | INFO | Batch 100 | Loss: 0.9492 | Correct: 91/128 | Elapsed Time: 10.01s
2026-02-12 14:26:29,993 | INFO | Batch 200 | Loss: 0.7930 | Correct: 91/128 | Elapsed Time: 10.03s
2026-02-12 14:26:40,099 | INFO | Batch 300 | Loss: 1.0625 | Correct: 77/128 | Elapsed Time: 10.11s
2026-02-12 14:26:49,337 | INFO | Epoch [31/100] - Loss: 0.8821 | Correct: 34564/50000 (69.13%, 39.38s)
2026-02-12 14:26:52,344 | INFO | Validation - Loss: 0.9109 | Correct: 6864/10000 (68.64%, 3.01s)
2026-02-12 14:27:02,570 | INFO | Batch 100 | Loss: 0.9570 | Correct: 88/128 | Elapsed Time: 10.22s
2026-02-12 14:27:12,796 | INFO | Batch 200 | Loss: 0.9453 | Correct: 91/128 | Elapsed Time: 10.23s
2026-02-12 14:27:22,994 | INFO | Batch 300 | Loss: 0.9453 | Correct: 86/128 | Elapsed Time: 10.20s
2026-02-12 14:27:32,204 | INFO | Epoch [32/100] - Loss: 0.8802 | Correct: 34737/50000 (69.47%, 39.86s)
2026-02-12 14:27:35,143 | INFO | Validation - Loss: 0.9826 | Correct: 6588/10000 (65.88%, 2.94s)
2026-02-12 14:27:45,301 | INFO | Batch 100 | Loss: 0.8281 | Correct: 92/128 | Elapsed Time: 10.16s
2026-02-12 14:27:55,474 | INFO | Batch 200 | Loss: 0.8945 | Correct: 89/128 | Elapsed Time: 10.17s
2026-02-12 14:28:05,625 | INFO | Batch 300 | Loss: 1.0312 | Correct: 82/128 | Elapsed Time: 10.15s
2026-02-12 14:28:14,883 | INFO | Epoch [33/100] - Loss: 0.8774 | Correct: 34617/50000 (69.23%, 39.74s)
2026-02-12 14:28:17,906 | INFO | Validation - Loss: 0.9455 | Correct: 6710/10000 (67.10%, 3.02s)
2026-02-12 14:28:28,113 | INFO | Batch 100 | Loss: 1.0234 | Correct: 85/128 | Elapsed Time: 10.21s
2026-02-12 14:28:38,209 | INFO | Batch 200 | Loss: 1.0391 | Correct: 75/128 | Elapsed Time: 10.10s
2026-02-12 14:28:48,377 | INFO | Batch 300 | Loss: 1.1875 | Correct: 75/128 | Elapsed Time: 10.17s
2026-02-12 14:28:57,612 | INFO | Epoch [34/100] - Loss: 0.8735 | Correct: 34840/50000 (69.68%, 39.70s)
2026-02-12 14:29:00,571 | INFO | Validation - Loss: 1.0050 | Correct: 6485/10000 (64.85%, 2.96s)
2026-02-12 14:29:10,691 | INFO | Batch 100 | Loss: 0.8711 | Correct: 87/128 | Elapsed Time: 10.12s
2026-02-12 14:29:20,834 | INFO | Batch 200 | Loss: 0.9766 | Correct: 84/128 | Elapsed Time: 10.14s
2026-02-12 14:29:30,860 | INFO | Batch 300 | Loss: 0.9023 | Correct: 84/128 | Elapsed Time: 10.03s
2026-02-12 14:29:39,942 | INFO | Epoch [35/100] - Loss: 0.8768 | Correct: 34705/50000 (69.41%, 39.37s)
2026-02-12 14:29:42,886 | INFO | Validation - Loss: 1.0208 | Correct: 6488/10000 (64.88%, 2.94s)
2026-02-12 14:29:52,981 | INFO | Batch 100 | Loss: 0.8711 | Correct: 94/128 | Elapsed Time: 10.09s
2026-02-12 14:30:03,106 | INFO | Batch 200 | Loss: 0.7734 | Correct: 97/128 | Elapsed Time: 10.13s
2026-02-12 14:30:13,167 | INFO | Batch 300 | Loss: 0.8555 | Correct: 95/128 | Elapsed Time: 10.06s
2026-02-12 14:30:22,296 | INFO | Epoch [36/100] - Loss: 0.8757 | Correct: 34735/50000 (69.47%, 39.41s)
2026-02-12 14:30:25,233 | INFO | Validation - Loss: 1.0730 | Correct: 6348/10000 (63.48%, 2.93s)
2026-02-12 14:30:35,194 | INFO | Batch 100 | Loss: 0.8945 | Correct: 86/128 | Elapsed Time: 9.96s
2026-02-12 14:30:45,225 | INFO | Batch 200 | Loss: 0.8008 | Correct: 92/128 | Elapsed Time: 10.03s
2026-02-12 14:30:55,318 | INFO | Batch 300 | Loss: 0.8438 | Correct: 93/128 | Elapsed Time: 10.09s
2026-02-12 14:31:04,550 | INFO | Epoch [37/100] - Loss: 0.8729 | Correct: 34898/50000 (69.80%, 39.32s)
2026-02-12 14:31:07,546 | INFO | Validation - Loss: 0.9949 | Correct: 6499/10000 (64.99%, 3.00s)
2026-02-12 14:31:17,632 | INFO | Batch 100 | Loss: 0.8672 | Correct: 87/128 | Elapsed Time: 10.08s
2026-02-12 14:31:27,766 | INFO | Batch 200 | Loss: 0.6875 | Correct: 100/128 | Elapsed Time: 10.13s
2026-02-12 14:31:37,932 | INFO | Batch 300 | Loss: 0.9297 | Correct: 81/128 | Elapsed Time: 10.17s
2026-02-12 14:31:47,083 | INFO | Epoch [38/100] - Loss: 0.8748 | Correct: 34896/50000 (69.79%, 39.54s)
2026-02-12 14:31:50,027 | INFO | Validation - Loss: 1.0602 | Correct: 6351/10000 (63.51%, 2.94s)
2026-02-12 14:32:00,142 | INFO | Batch 100 | Loss: 0.8711 | Correct: 89/128 | Elapsed Time: 10.11s
2026-02-12 14:32:10,195 | INFO | Batch 200 | Loss: 1.0234 | Correct: 80/128 | Elapsed Time: 10.05s
2026-02-12 14:32:20,306 | INFO | Batch 300 | Loss: 0.9648 | Correct: 80/128 | Elapsed Time: 10.11s
2026-02-12 14:32:29,437 | INFO | Epoch [39/100] - Loss: 0.8733 | Correct: 34839/50000 (69.68%, 39.41s)
2026-02-12 14:32:32,370 | INFO | Validation - Loss: 1.0130 | Correct: 6466/10000 (64.66%, 2.93s)
2026-02-12 14:32:42,429 | INFO | Batch 100 | Loss: 0.8242 | Correct: 93/128 | Elapsed Time: 10.06s
2026-02-12 14:32:52,547 | INFO | Batch 200 | Loss: 0.8789 | Correct: 88/128 | Elapsed Time: 10.12s
2026-02-12 14:33:02,636 | INFO | Batch 300 | Loss: 0.9062 | Correct: 87/128 | Elapsed Time: 10.09s
2026-02-12 14:33:11,751 | INFO | Epoch [40/100] - Loss: 0.8708 | Correct: 35008/50000 (70.02%, 39.38s)
2026-02-12 14:33:14,689 | INFO | Validation - Loss: 1.6748 | Correct: 4392/10000 (43.92%, 2.94s)
2026-02-12 14:33:24,720 | INFO | Batch 100 | Loss: 0.7422 | Correct: 97/128 | Elapsed Time: 10.03s
2026-02-12 14:33:34,768 | INFO | Batch 200 | Loss: 0.9180 | Correct: 80/128 | Elapsed Time: 10.05s
2026-02-12 14:33:44,811 | INFO | Batch 300 | Loss: 0.8242 | Correct: 88/128 | Elapsed Time: 10.04s
2026-02-12 14:33:53,982 | INFO | Epoch [41/100] - Loss: 0.8688 | Correct: 34980/50000 (69.96%, 39.29s)
2026-02-12 14:33:56,901 | INFO | Validation - Loss: 1.9587 | Correct: 3772/10000 (37.72%, 2.92s)
2026-02-12 14:34:06,927 | INFO | Batch 100 | Loss: 0.7383 | Correct: 99/128 | Elapsed Time: 10.02s
2026-02-12 14:34:17,026 | INFO | Batch 200 | Loss: 0.9766 | Correct: 89/128 | Elapsed Time: 10.10s
2026-02-12 14:34:27,155 | INFO | Batch 300 | Loss: 0.7695 | Correct: 94/128 | Elapsed Time: 10.13s
2026-02-12 14:34:36,256 | INFO | Epoch [42/100] - Loss: 0.8784 | Correct: 34718/50000 (69.44%, 39.35s)
2026-02-12 14:34:39,196 | INFO | Validation - Loss: 1.4584 | Correct: 5036/10000 (50.36%, 2.94s)
2026-02-12 14:34:49,195 | INFO | Batch 100 | Loss: 0.7734 | Correct: 88/128 | Elapsed Time: 10.00s
2026-02-12 14:34:59,129 | INFO | Batch 200 | Loss: 0.7891 | Correct: 95/128 | Elapsed Time: 9.93s
2026-02-12 14:35:09,226 | INFO | Batch 300 | Loss: 0.9062 | Correct: 90/128 | Elapsed Time: 10.10s
2026-02-12 14:35:18,421 | INFO | Epoch [43/100] - Loss: 0.8779 | Correct: 34731/50000 (69.46%, 39.22s)
2026-02-12 14:35:21,372 | INFO | Validation - Loss: 1.3848 | Correct: 5290/10000 (52.90%, 2.95s)
2026-02-12 14:35:31,465 | INFO | Batch 100 | Loss: 0.8672 | Correct: 87/128 | Elapsed Time: 10.09s
2026-02-12 14:35:41,570 | INFO | Batch 200 | Loss: 0.9219 | Correct: 83/128 | Elapsed Time: 10.11s
2026-02-12 14:35:51,599 | INFO | Batch 300 | Loss: 0.8672 | Correct: 91/128 | Elapsed Time: 10.03s
2026-02-12 14:36:00,749 | INFO | Epoch [44/100] - Loss: 0.8749 | Correct: 34872/50000 (69.74%, 39.37s)
2026-02-12 14:36:03,720 | INFO | Validation - Loss: 1.5770 | Correct: 4955/10000 (49.55%, 2.97s)
2026-02-12 14:36:13,779 | INFO | Batch 100 | Loss: 0.8594 | Correct: 91/128 | Elapsed Time: 10.06s
2026-02-12 14:36:23,920 | INFO | Batch 200 | Loss: 0.8125 | Correct: 91/128 | Elapsed Time: 10.14s
2026-02-12 14:36:33,909 | INFO | Batch 300 | Loss: 0.9492 | Correct: 84/128 | Elapsed Time: 9.99s
2026-02-12 14:36:43,082 | INFO | Epoch [45/100] - Loss: 0.8782 | Correct: 34939/50000 (69.88%, 39.36s)
2026-02-12 14:36:46,017 | INFO | Validation - Loss: 1.6623 | Correct: 4900/10000 (49.00%, 2.93s)
2026-02-12 14:36:56,267 | INFO | Batch 100 | Loss: 0.9297 | Correct: 88/128 | Elapsed Time: 10.25s
2026-02-12 14:37:06,279 | INFO | Batch 200 | Loss: 0.7734 | Correct: 97/128 | Elapsed Time: 10.01s
2026-02-12 14:37:16,340 | INFO | Batch 300 | Loss: 0.8555 | Correct: 86/128 | Elapsed Time: 10.06s
2026-02-12 14:37:25,515 | INFO | Epoch [46/100] - Loss: 0.8831 | Correct: 34732/50000 (69.46%, 39.50s)
2026-02-12 14:37:28,446 | INFO | Validation - Loss: 2.5178 | Correct: 2831/10000 (28.31%, 2.93s)
2026-02-12 14:37:38,554 | INFO | Batch 100 | Loss: 0.8438 | Correct: 90/128 | Elapsed Time: 10.11s
2026-02-12 14:37:48,582 | INFO | Batch 200 | Loss: 0.7969 | Correct: 94/128 | Elapsed Time: 10.03s
2026-02-12 14:37:58,593 | INFO | Batch 300 | Loss: 0.7969 | Correct: 92/128 | Elapsed Time: 10.01s
2026-02-12 14:38:07,774 | INFO | Epoch [47/100] - Loss: 0.8843 | Correct: 34797/50000 (69.59%, 39.33s)
2026-02-12 14:38:10,669 | INFO | Validation - Loss: 1.8339 | Correct: 4283/10000 (42.83%, 2.89s)
2026-02-12 14:38:20,799 | INFO | Batch 100 | Loss: 0.9648 | Correct: 85/128 | Elapsed Time: 10.13s
2026-02-12 14:38:30,869 | INFO | Batch 200 | Loss: 0.9453 | Correct: 89/128 | Elapsed Time: 10.07s
2026-02-12 14:38:40,914 | INFO | Batch 300 | Loss: 1.0781 | Correct: 78/128 | Elapsed Time: 10.04s
2026-02-12 14:38:49,984 | INFO | Epoch [48/100] - Loss: 0.8827 | Correct: 34743/50000 (69.49%, 39.31s)
2026-02-12 14:38:52,922 | INFO | Validation - Loss: 2.2178 | Correct: 3125/10000 (31.25%, 2.94s)
2026-02-12 14:39:02,893 | INFO | Batch 100 | Loss: 0.9180 | Correct: 86/128 | Elapsed Time: 9.97s
2026-02-12 14:39:12,892 | INFO | Batch 200 | Loss: 0.9805 | Correct: 86/128 | Elapsed Time: 10.00s
2026-02-12 14:39:22,870 | INFO | Batch 300 | Loss: 0.8945 | Correct: 88/128 | Elapsed Time: 9.98s
2026-02-12 14:39:32,035 | INFO | Epoch [49/100] - Loss: 0.8867 | Correct: 34677/50000 (69.35%, 39.11s)
2026-02-12 14:39:34,982 | INFO | Validation - Loss: 1.2464 | Correct: 5725/10000 (57.25%, 2.95s)
2026-02-12 14:39:45,031 | INFO | Batch 100 | Loss: 0.8945 | Correct: 86/128 | Elapsed Time: 10.05s
2026-02-12 14:39:55,084 | INFO | Batch 200 | Loss: 0.7695 | Correct: 94/128 | Elapsed Time: 10.05s
2026-02-12 14:40:05,117 | INFO | Batch 300 | Loss: 0.9883 | Correct: 88/128 | Elapsed Time: 10.03s
2026-02-12 14:40:14,352 | INFO | Epoch [50/100] - Loss: 0.8841 | Correct: 34725/50000 (69.45%, 39.37s)
2026-02-12 14:40:17,316 | INFO | Validation - Loss: 1.4476 | Correct: 4807/10000 (48.07%, 2.96s)
2026-02-12 14:40:27,368 | INFO | Batch 100 | Loss: 0.9961 | Correct: 86/128 | Elapsed Time: 10.05s
2026-02-12 14:40:37,409 | INFO | Batch 200 | Loss: 0.7422 | Correct: 95/128 | Elapsed Time: 10.04s
2026-02-12 14:40:47,470 | INFO | Batch 300 | Loss: 0.8945 | Correct: 88/128 | Elapsed Time: 10.06s
2026-02-12 14:40:56,582 | INFO | Epoch [51/100] - Loss: 0.8583 | Correct: 35356/50000 (70.71%, 39.26s)
2026-02-12 14:40:59,562 | INFO | Validation - Loss: 1.1767 | Correct: 5871/10000 (58.71%, 2.98s)
2026-02-12 14:41:09,622 | INFO | Batch 100 | Loss: 0.8516 | Correct: 86/128 | Elapsed Time: 10.06s
2026-02-12 14:41:19,616 | INFO | Batch 200 | Loss: 0.7969 | Correct: 92/128 | Elapsed Time: 9.99s
2026-02-12 14:41:29,729 | INFO | Batch 300 | Loss: 0.8594 | Correct: 93/128 | Elapsed Time: 10.11s
2026-02-12 14:41:38,954 | INFO | Epoch [52/100] - Loss: 0.8549 | Correct: 35403/50000 (70.81%, 39.39s)
2026-02-12 14:41:41,843 | INFO | Validation - Loss: 1.1956 | Correct: 5864/10000 (58.64%, 2.89s)
2026-02-12 14:41:51,862 | INFO | Batch 100 | Loss: 0.7656 | Correct: 98/128 | Elapsed Time: 10.02s
2026-02-12 14:42:01,933 | INFO | Batch 200 | Loss: 0.8203 | Correct: 97/128 | Elapsed Time: 10.07s
2026-02-12 14:42:11,921 | INFO | Batch 300 | Loss: 0.7695 | Correct: 99/128 | Elapsed Time: 9.99s
2026-02-12 14:42:21,087 | INFO | Epoch [53/100] - Loss: 0.8559 | Correct: 35539/50000 (71.08%, 39.24s)
2026-02-12 14:42:24,054 | INFO | Validation - Loss: 1.1838 | Correct: 5920/10000 (59.20%, 2.97s)
2026-02-12 14:42:34,103 | INFO | Batch 100 | Loss: 0.7617 | Correct: 97/128 | Elapsed Time: 10.05s
2026-02-12 14:42:44,195 | INFO | Batch 200 | Loss: 0.7930 | Correct: 98/128 | Elapsed Time: 10.09s
2026-02-12 14:42:54,207 | INFO | Batch 300 | Loss: 0.8320 | Correct: 91/128 | Elapsed Time: 10.01s
2026-02-12 14:43:03,353 | INFO | Epoch [54/100] - Loss: 0.8572 | Correct: 35536/50000 (71.07%, 39.30s)
2026-02-12 14:43:06,267 | INFO | Validation - Loss: 1.2575 | Correct: 5670/10000 (56.70%, 2.91s)
2026-02-12 14:43:16,256 | INFO | Batch 100 | Loss: 0.8828 | Correct: 88/128 | Elapsed Time: 9.99s
2026-02-12 14:43:26,379 | INFO | Batch 200 | Loss: 0.8008 | Correct: 94/128 | Elapsed Time: 10.12s
2026-02-12 14:43:36,407 | INFO | Batch 300 | Loss: 0.8867 | Correct: 90/128 | Elapsed Time: 10.03s
2026-02-12 14:43:45,597 | INFO | Epoch [55/100] - Loss: 0.8600 | Correct: 35771/50000 (71.54%, 39.33s)
2026-02-12 14:43:48,540 | INFO | Validation - Loss: 1.2726 | Correct: 5547/10000 (55.47%, 2.94s)
2026-02-12 14:43:58,604 | INFO | Batch 100 | Loss: 0.8984 | Correct: 88/128 | Elapsed Time: 10.06s
2026-02-12 14:44:08,635 | INFO | Batch 200 | Loss: 0.8828 | Correct: 89/128 | Elapsed Time: 10.03s
2026-02-12 14:44:18,617 | INFO | Batch 300 | Loss: 0.7852 | Correct: 93/128 | Elapsed Time: 9.98s
2026-02-12 14:44:27,718 | INFO | Epoch [56/100] - Loss: 0.8612 | Correct: 35699/50000 (71.40%, 39.18s)
2026-02-12 14:44:30,611 | INFO | Validation - Loss: 1.2298 | Correct: 5686/10000 (56.86%, 2.89s)
2026-02-12 14:44:40,617 | INFO | Batch 100 | Loss: 0.8438 | Correct: 96/128 | Elapsed Time: 10.00s
2026-02-12 14:44:50,554 | INFO | Batch 200 | Loss: 0.9336 | Correct: 88/128 | Elapsed Time: 9.94s
2026-02-12 14:45:00,629 | INFO | Batch 300 | Loss: 0.8398 | Correct: 91/128 | Elapsed Time: 10.07s
2026-02-12 14:45:09,781 | INFO | Epoch [57/100] - Loss: 0.8640 | Correct: 35644/50000 (71.29%, 39.17s)
2026-02-12 14:45:12,729 | INFO | Validation - Loss: 1.1852 | Correct: 5872/10000 (58.72%, 2.95s)
2026-02-12 14:45:22,700 | INFO | Batch 100 | Loss: 0.8008 | Correct: 93/128 | Elapsed Time: 9.97s
2026-02-12 14:45:32,847 | INFO | Batch 200 | Loss: 1.0078 | Correct: 82/128 | Elapsed Time: 10.15s
2026-02-12 14:45:42,950 | INFO | Batch 300 | Loss: 0.9219 | Correct: 86/128 | Elapsed Time: 10.10s
2026-02-12 14:45:52,064 | INFO | Epoch [58/100] - Loss: 0.8675 | Correct: 35631/50000 (71.26%, 39.33s)
2026-02-12 14:45:54,964 | INFO | Validation - Loss: 1.2034 | Correct: 5792/10000 (57.92%, 2.90s)
2026-02-12 14:46:05,033 | INFO | Batch 100 | Loss: 0.8672 | Correct: 91/128 | Elapsed Time: 10.07s
2026-02-12 14:46:15,149 | INFO | Batch 200 | Loss: 0.8359 | Correct: 94/128 | Elapsed Time: 10.12s
2026-02-12 14:46:25,248 | INFO | Batch 300 | Loss: 0.9805 | Correct: 82/128 | Elapsed Time: 10.10s
2026-02-12 14:46:34,405 | INFO | Epoch [59/100] - Loss: 0.8715 | Correct: 35691/50000 (71.38%, 39.44s)
2026-02-12 14:46:37,352 | INFO | Validation - Loss: 1.1597 | Correct: 5999/10000 (59.99%, 2.95s)
2026-02-12 14:46:47,452 | INFO | Batch 100 | Loss: 0.7305 | Correct: 98/128 | Elapsed Time: 10.10s
2026-02-12 14:46:57,525 | INFO | Batch 200 | Loss: 0.8828 | Correct: 95/128 | Elapsed Time: 10.07s
2026-02-12 14:47:07,655 | INFO | Batch 300 | Loss: 0.8945 | Correct: 90/128 | Elapsed Time: 10.13s
2026-02-12 14:47:16,883 | INFO | Epoch [60/100] - Loss: 0.8687 | Correct: 35687/50000 (71.37%, 39.53s)
2026-02-12 14:47:19,867 | INFO | Validation - Loss: 1.1406 | Correct: 6026/10000 (60.26%, 2.98s)
2026-02-12 14:47:29,938 | INFO | Batch 100 | Loss: 0.8164 | Correct: 96/128 | Elapsed Time: 10.07s
2026-02-12 14:47:39,989 | INFO | Batch 200 | Loss: 0.7383 | Correct: 101/128 | Elapsed Time: 10.05s
2026-02-12 14:47:49,988 | INFO | Batch 300 | Loss: 0.8086 | Correct: 99/128 | Elapsed Time: 10.00s
2026-02-12 14:47:59,208 | INFO | Epoch [61/100] - Loss: 0.8725 | Correct: 35632/50000 (71.26%, 39.34s)
2026-02-12 14:48:02,179 | INFO | Validation - Loss: 1.2208 | Correct: 5753/10000 (57.53%, 2.97s)
2026-02-12 14:48:12,257 | INFO | Batch 100 | Loss: 0.8398 | Correct: 92/128 | Elapsed Time: 10.08s
2026-02-12 14:48:22,386 | INFO | Batch 200 | Loss: 0.8281 | Correct: 94/128 | Elapsed Time: 10.13s
2026-02-12 14:48:32,477 | INFO | Batch 300 | Loss: 0.8672 | Correct: 87/128 | Elapsed Time: 10.09s
2026-02-12 14:48:41,601 | INFO | Epoch [62/100] - Loss: 0.8712 | Correct: 35692/50000 (71.38%, 39.42s)
2026-02-12 14:48:44,567 | INFO | Validation - Loss: 1.1728 | Correct: 5929/10000 (59.29%, 2.96s)
2026-02-12 14:48:54,666 | INFO | Batch 100 | Loss: 0.8906 | Correct: 86/128 | Elapsed Time: 10.10s
2026-02-12 14:49:04,712 | INFO | Batch 200 | Loss: 0.9375 | Correct: 87/128 | Elapsed Time: 10.05s
2026-02-12 14:49:14,764 | INFO | Batch 300 | Loss: 0.8477 | Correct: 96/128 | Elapsed Time: 10.05s
2026-02-12 14:49:23,903 | INFO | Epoch [63/100] - Loss: 0.8730 | Correct: 35693/50000 (71.39%, 39.33s)
2026-02-12 14:49:26,892 | INFO | Validation - Loss: 1.1850 | Correct: 5896/10000 (58.96%, 2.99s)
2026-02-12 14:49:36,945 | INFO | Batch 100 | Loss: 0.7773 | Correct: 100/128 | Elapsed Time: 10.05s
2026-02-12 14:49:46,935 | INFO | Batch 200 | Loss: 0.7930 | Correct: 98/128 | Elapsed Time: 9.99s
2026-02-12 14:49:56,860 | INFO | Batch 300 | Loss: 0.9219 | Correct: 92/128 | Elapsed Time: 9.92s
2026-02-12 14:50:05,951 | INFO | Epoch [64/100] - Loss: 0.8748 | Correct: 35709/50000 (71.42%, 39.06s)
2026-02-12 14:50:08,916 | INFO | Validation - Loss: 1.1571 | Correct: 5979/10000 (59.79%, 2.96s)
2026-02-12 14:50:18,885 | INFO | Batch 100 | Loss: 0.9141 | Correct: 90/128 | Elapsed Time: 9.97s
2026-02-12 14:50:28,887 | INFO | Batch 200 | Loss: 0.8008 | Correct: 94/128 | Elapsed Time: 10.00s
2026-02-12 14:50:38,998 | INFO | Batch 300 | Loss: 0.8555 | Correct: 96/128 | Elapsed Time: 10.11s
2026-02-12 14:50:48,171 | INFO | Epoch [65/100] - Loss: 0.8737 | Correct: 35727/50000 (71.45%, 39.25s)
2026-02-12 14:50:51,146 | INFO | Validation - Loss: 1.2028 | Correct: 5851/10000 (58.51%, 2.97s)
2026-02-12 14:51:01,249 | INFO | Batch 100 | Loss: 0.8906 | Correct: 92/128 | Elapsed Time: 10.10s
2026-02-12 14:51:11,307 | INFO | Batch 200 | Loss: 1.0156 | Correct: 87/128 | Elapsed Time: 10.06s
2026-02-12 14:51:21,317 | INFO | Batch 300 | Loss: 0.7695 | Correct: 96/128 | Elapsed Time: 10.01s
2026-02-12 14:51:30,408 | INFO | Epoch [66/100] - Loss: 0.8751 | Correct: 35683/50000 (71.37%, 39.26s)
2026-02-12 14:51:33,362 | INFO | Validation - Loss: 1.1883 | Correct: 5896/10000 (58.96%, 2.95s)
2026-02-12 14:51:43,508 | INFO | Batch 100 | Loss: 0.8867 | Correct: 91/128 | Elapsed Time: 10.14s
2026-02-12 14:51:53,512 | INFO | Batch 200 | Loss: 0.7773 | Correct: 97/128 | Elapsed Time: 10.00s
2026-02-12 14:52:03,728 | INFO | Batch 300 | Loss: 0.8242 | Correct: 95/128 | Elapsed Time: 10.22s
2026-02-12 14:52:12,859 | INFO | Epoch [67/100] - Loss: 0.8780 | Correct: 35590/50000 (71.18%, 39.50s)
2026-02-12 14:52:15,783 | INFO | Validation - Loss: 1.2286 | Correct: 5744/10000 (57.44%, 2.92s)
2026-02-12 14:52:25,943 | INFO | Batch 100 | Loss: 0.7773 | Correct: 102/128 | Elapsed Time: 10.16s
2026-02-12 14:52:36,057 | INFO | Batch 200 | Loss: 0.9062 | Correct: 92/128 | Elapsed Time: 10.11s
2026-02-12 14:52:46,107 | INFO | Batch 300 | Loss: 0.9570 | Correct: 85/128 | Elapsed Time: 10.05s
2026-02-12 14:52:55,248 | INFO | Epoch [68/100] - Loss: 0.8770 | Correct: 35753/50000 (71.51%, 39.46s)
2026-02-12 14:52:58,168 | INFO | Validation - Loss: 1.2145 | Correct: 5818/10000 (58.18%, 2.92s)
2026-02-12 14:53:08,247 | INFO | Batch 100 | Loss: 0.9648 | Correct: 88/128 | Elapsed Time: 10.08s
2026-02-12 14:53:18,382 | INFO | Batch 200 | Loss: 0.9453 | Correct: 89/128 | Elapsed Time: 10.13s
2026-02-12 14:53:28,509 | INFO | Batch 300 | Loss: 0.7383 | Correct: 100/128 | Elapsed Time: 10.13s
2026-02-12 14:53:37,637 | INFO | Epoch [69/100] - Loss: 0.8797 | Correct: 35711/50000 (71.42%, 39.47s)
2026-02-12 14:53:40,574 | INFO | Validation - Loss: 1.2232 | Correct: 5748/10000 (57.48%, 2.94s)
2026-02-12 14:53:50,663 | INFO | Batch 100 | Loss: 0.9844 | Correct: 85/128 | Elapsed Time: 10.09s
2026-02-12 14:54:00,766 | INFO | Batch 200 | Loss: 0.8125 | Correct: 98/128 | Elapsed Time: 10.10s
2026-02-12 14:54:10,914 | INFO | Batch 300 | Loss: 0.9297 | Correct: 94/128 | Elapsed Time: 10.15s
2026-02-12 14:54:20,011 | INFO | Epoch [70/100] - Loss: 0.8811 | Correct: 35726/50000 (71.45%, 39.43s)
2026-02-12 14:54:22,992 | INFO | Validation - Loss: 1.2854 | Correct: 5533/10000 (55.33%, 2.98s)
2026-02-12 14:54:33,089 | INFO | Batch 100 | Loss: 0.8945 | Correct: 90/128 | Elapsed Time: 10.09s
2026-02-12 14:54:43,250 | INFO | Batch 200 | Loss: 0.9922 | Correct: 82/128 | Elapsed Time: 10.16s
2026-02-12 14:54:53,304 | INFO | Batch 300 | Loss: 0.8672 | Correct: 89/128 | Elapsed Time: 10.05s
2026-02-12 14:55:02,514 | INFO | Epoch [71/100] - Loss: 0.8790 | Correct: 35775/50000 (71.55%, 39.52s)
2026-02-12 14:55:05,469 | INFO | Validation - Loss: 1.2375 | Correct: 5708/10000 (57.08%, 2.95s)
2026-02-12 14:55:15,594 | INFO | Batch 100 | Loss: 0.8516 | Correct: 86/128 | Elapsed Time: 10.12s
2026-02-12 14:55:25,779 | INFO | Batch 200 | Loss: 0.8789 | Correct: 90/128 | Elapsed Time: 10.19s
2026-02-12 14:55:35,924 | INFO | Batch 300 | Loss: 0.9336 | Correct: 87/128 | Elapsed Time: 10.14s
2026-02-12 14:55:45,182 | INFO | Epoch [72/100] - Loss: 0.8779 | Correct: 35840/50000 (71.68%, 39.71s)
2026-02-12 14:55:48,179 | INFO | Validation - Loss: 1.2634 | Correct: 5611/10000 (56.11%, 3.00s)
2026-02-12 14:55:58,407 | INFO | Batch 100 | Loss: 0.7539 | Correct: 101/128 | Elapsed Time: 10.23s
2026-02-12 14:56:08,502 | INFO | Batch 200 | Loss: 0.8398 | Correct: 99/128 | Elapsed Time: 10.09s
2026-02-12 14:56:18,598 | INFO | Batch 300 | Loss: 0.9805 | Correct: 88/128 | Elapsed Time: 10.10s
2026-02-12 14:56:27,735 | INFO | Epoch [73/100] - Loss: 0.8832 | Correct: 35710/50000 (71.42%, 39.55s)
2026-02-12 14:56:30,672 | INFO | Validation - Loss: 1.2843 | Correct: 5504/10000 (55.04%, 2.94s)
2026-02-12 14:56:40,694 | INFO | Batch 100 | Loss: 0.9727 | Correct: 84/128 | Elapsed Time: 10.02s
2026-02-12 14:56:50,692 | INFO | Batch 200 | Loss: 0.7734 | Correct: 99/128 | Elapsed Time: 10.00s
2026-02-12 14:57:00,789 | INFO | Batch 300 | Loss: 0.8398 | Correct: 92/128 | Elapsed Time: 10.10s
2026-02-12 14:57:09,881 | INFO | Epoch [74/100] - Loss: 0.8846 | Correct: 35809/50000 (71.62%, 39.21s)
2026-02-12 14:57:12,831 | INFO | Validation - Loss: 1.2699 | Correct: 5535/10000 (55.35%, 2.95s)
2026-02-12 14:57:22,960 | INFO | Batch 100 | Loss: 1.0312 | Correct: 84/128 | Elapsed Time: 10.13s
2026-02-12 14:57:33,025 | INFO | Batch 200 | Loss: 0.9219 | Correct: 87/128 | Elapsed Time: 10.07s
2026-02-12 14:57:43,125 | INFO | Batch 300 | Loss: 0.8906 | Correct: 91/128 | Elapsed Time: 10.10s
2026-02-12 14:57:52,261 | INFO | Epoch [75/100] - Loss: 0.8828 | Correct: 35728/50000 (71.46%, 39.43s)
2026-02-12 14:57:55,156 | INFO | Validation - Loss: 1.2475 | Correct: 5659/10000 (56.59%, 2.89s)
2026-02-12 14:58:05,220 | INFO | Batch 100 | Loss: 0.9492 | Correct: 90/128 | Elapsed Time: 10.06s
2026-02-12 14:58:15,220 | INFO | Batch 200 | Loss: 0.8164 | Correct: 95/128 | Elapsed Time: 10.00s
2026-02-12 14:58:25,368 | INFO | Batch 300 | Loss: 0.9375 | Correct: 82/128 | Elapsed Time: 10.15s
2026-02-12 14:58:34,561 | INFO | Epoch [76/100] - Loss: 0.8862 | Correct: 35643/50000 (71.29%, 39.40s)
2026-02-12 14:58:37,531 | INFO | Validation - Loss: 1.2289 | Correct: 5703/10000 (57.03%, 2.97s)
2026-02-12 14:58:47,498 | INFO | Batch 100 | Loss: 0.9375 | Correct: 96/128 | Elapsed Time: 9.96s
2026-02-12 14:58:57,609 | INFO | Batch 200 | Loss: 0.7656 | Correct: 100/128 | Elapsed Time: 10.11s
2026-02-12 14:59:07,723 | INFO | Batch 300 | Loss: 0.7891 | Correct: 98/128 | Elapsed Time: 10.11s
2026-02-12 14:59:17,039 | INFO | Epoch [77/100] - Loss: 0.8860 | Correct: 35680/50000 (71.36%, 39.51s)
2026-02-12 14:59:19,973 | INFO | Validation - Loss: 1.2092 | Correct: 5784/10000 (57.84%, 2.93s)
2026-02-12 14:59:29,992 | INFO | Batch 100 | Loss: 0.9258 | Correct: 87/128 | Elapsed Time: 10.02s
2026-02-12 14:59:40,014 | INFO | Batch 200 | Loss: 0.7734 | Correct: 99/128 | Elapsed Time: 10.02s
2026-02-12 14:59:50,032 | INFO | Batch 300 | Loss: 0.9180 | Correct: 92/128 | Elapsed Time: 10.02s
2026-02-12 14:59:59,217 | INFO | Epoch [78/100] - Loss: 0.8825 | Correct: 35714/50000 (71.43%, 39.24s)
2026-02-12 15:00:02,175 | INFO | Validation - Loss: 1.2346 | Correct: 5684/10000 (56.84%, 2.96s)
2026-02-12 15:00:12,208 | INFO | Batch 100 | Loss: 0.8984 | Correct: 91/128 | Elapsed Time: 10.03s
2026-02-12 15:00:22,244 | INFO | Batch 200 | Loss: 0.9180 | Correct: 92/128 | Elapsed Time: 10.04s
2026-02-12 15:00:32,294 | INFO | Batch 300 | Loss: 0.8398 | Correct: 97/128 | Elapsed Time: 10.05s
2026-02-12 15:00:41,385 | INFO | Epoch [79/100] - Loss: 0.8863 | Correct: 35629/50000 (71.26%, 39.21s)
2026-02-12 15:00:44,326 | INFO | Validation - Loss: 1.2166 | Correct: 5724/10000 (57.24%, 2.94s)
2026-02-12 15:00:54,390 | INFO | Batch 100 | Loss: 0.7852 | Correct: 94/128 | Elapsed Time: 10.06s
2026-02-12 15:01:04,496 | INFO | Batch 200 | Loss: 0.8594 | Correct: 92/128 | Elapsed Time: 10.11s
2026-02-12 15:01:14,491 | INFO | Batch 300 | Loss: 0.8789 | Correct: 95/128 | Elapsed Time: 9.99s
2026-02-12 15:01:23,546 | INFO | Epoch [80/100] - Loss: 0.8851 | Correct: 35673/50000 (71.35%, 39.22s)
2026-02-12 15:01:26,436 | INFO | Validation - Loss: 1.2402 | Correct: 5677/10000 (56.77%, 2.89s)
2026-02-12 15:01:36,559 | INFO | Batch 100 | Loss: 0.8281 | Correct: 96/128 | Elapsed Time: 10.12s
2026-02-12 15:01:46,702 | INFO | Batch 200 | Loss: 0.9492 | Correct: 86/128 | Elapsed Time: 10.14s
2026-02-12 15:01:56,760 | INFO | Batch 300 | Loss: 0.9219 | Correct: 92/128 | Elapsed Time: 10.06s
2026-02-12 15:02:05,837 | INFO | Epoch [81/100] - Loss: 0.8822 | Correct: 35818/50000 (71.64%, 39.40s)
2026-02-12 15:02:08,791 | INFO | Validation - Loss: 1.2248 | Correct: 5721/10000 (57.21%, 2.95s)
2026-02-12 15:02:18,836 | INFO | Batch 100 | Loss: 0.7539 | Correct: 97/128 | Elapsed Time: 10.04s
2026-02-12 15:02:28,825 | INFO | Batch 200 | Loss: 0.8359 | Correct: 91/128 | Elapsed Time: 9.99s
2026-02-12 15:02:38,848 | INFO | Batch 300 | Loss: 0.9219 | Correct: 87/128 | Elapsed Time: 10.02s
2026-02-12 15:02:47,982 | INFO | Epoch [82/100] - Loss: 0.8845 | Correct: 35799/50000 (71.60%, 39.19s)
2026-02-12 15:02:50,918 | INFO | Validation - Loss: 1.2085 | Correct: 5785/10000 (57.85%, 2.93s)
2026-02-12 15:03:01,052 | INFO | Batch 100 | Loss: 0.9648 | Correct: 91/128 | Elapsed Time: 10.13s
2026-02-12 15:03:11,141 | INFO | Batch 200 | Loss: 0.8672 | Correct: 83/128 | Elapsed Time: 10.09s
2026-02-12 15:03:21,109 | INFO | Batch 300 | Loss: 0.8828 | Correct: 91/128 | Elapsed Time: 9.97s
2026-02-12 15:03:30,324 | INFO | Epoch [83/100] - Loss: 0.8886 | Correct: 35620/50000 (71.24%, 39.40s)
2026-02-12 15:03:33,246 | INFO | Validation - Loss: 1.2286 | Correct: 5718/10000 (57.18%, 2.92s)
2026-02-12 15:03:43,307 | INFO | Batch 100 | Loss: 1.0234 | Correct: 87/128 | Elapsed Time: 10.06s
2026-02-12 15:03:53,436 | INFO | Batch 200 | Loss: 0.9336 | Correct: 86/128 | Elapsed Time: 10.13s
2026-02-12 15:04:03,501 | INFO | Batch 300 | Loss: 0.9961 | Correct: 81/128 | Elapsed Time: 10.07s
2026-02-12 15:04:12,656 | INFO | Epoch [84/100] - Loss: 0.8812 | Correct: 35771/50000 (71.54%, 39.41s)
2026-02-12 15:04:15,564 | INFO | Validation - Loss: 1.2218 | Correct: 5696/10000 (56.96%, 2.91s)
2026-02-12 15:04:25,601 | INFO | Batch 100 | Loss: 0.9727 | Correct: 87/128 | Elapsed Time: 10.03s
2026-02-12 15:04:35,634 | INFO | Batch 200 | Loss: 0.8906 | Correct: 94/128 | Elapsed Time: 10.03s
2026-02-12 15:04:45,718 | INFO | Batch 300 | Loss: 0.8945 | Correct: 91/128 | Elapsed Time: 10.08s
2026-02-12 15:04:54,817 | INFO | Epoch [85/100] - Loss: 0.8833 | Correct: 35702/50000 (71.40%, 39.25s)
2026-02-12 15:04:57,746 | INFO | Validation - Loss: 1.2301 | Correct: 5692/10000 (56.92%, 2.93s)
2026-02-12 15:05:07,798 | INFO | Batch 100 | Loss: 0.9688 | Correct: 90/128 | Elapsed Time: 10.05s
2026-02-12 15:05:17,800 | INFO | Batch 200 | Loss: 1.0000 | Correct: 80/128 | Elapsed Time: 10.00s
2026-02-12 15:05:27,828 | INFO | Batch 300 | Loss: 0.8359 | Correct: 94/128 | Elapsed Time: 10.03s
2026-02-12 15:05:36,923 | INFO | Epoch [86/100] - Loss: 0.8822 | Correct: 35714/50000 (71.43%, 39.17s)
2026-02-12 15:05:39,844 | INFO | Validation - Loss: 1.2426 | Correct: 5653/10000 (56.53%, 2.92s)
2026-02-12 15:05:49,806 | INFO | Batch 100 | Loss: 0.8945 | Correct: 86/128 | Elapsed Time: 9.96s
2026-02-12 15:06:00,030 | INFO | Batch 200 | Loss: 0.9453 | Correct: 86/128 | Elapsed Time: 10.22s
2026-02-12 15:06:10,083 | INFO | Batch 300 | Loss: 0.9570 | Correct: 91/128 | Elapsed Time: 10.05s
2026-02-12 15:06:19,230 | INFO | Epoch [87/100] - Loss: 0.8878 | Correct: 35649/50000 (71.30%, 39.38s)
2026-02-12 15:06:22,181 | INFO | Validation - Loss: 1.2286 | Correct: 5720/10000 (57.20%, 2.95s)
2026-02-12 15:06:32,227 | INFO | Batch 100 | Loss: 0.8672 | Correct: 95/128 | Elapsed Time: 10.04s
2026-02-12 15:06:42,188 | INFO | Batch 200 | Loss: 0.8711 | Correct: 92/128 | Elapsed Time: 9.96s
2026-02-12 15:06:52,356 | INFO | Batch 300 | Loss: 0.9062 | Correct: 91/128 | Elapsed Time: 10.17s
2026-02-12 15:07:01,511 | INFO | Epoch [88/100] - Loss: 0.8839 | Correct: 35764/50000 (71.53%, 39.33s)
2026-02-12 15:07:04,413 | INFO | Validation - Loss: 1.2357 | Correct: 5666/10000 (56.66%, 2.90s)
2026-02-12 15:07:14,395 | INFO | Batch 100 | Loss: 1.0469 | Correct: 83/128 | Elapsed Time: 9.98s
2026-02-12 15:07:24,501 | INFO | Batch 200 | Loss: 0.8281 | Correct: 92/128 | Elapsed Time: 10.11s
2026-02-12 15:07:34,527 | INFO | Batch 300 | Loss: 0.7695 | Correct: 98/128 | Elapsed Time: 10.03s
2026-02-12 15:07:43,624 | INFO | Epoch [89/100] - Loss: 0.8843 | Correct: 35636/50000 (71.27%, 39.21s)
2026-02-12 15:07:46,537 | INFO | Validation - Loss: 1.2334 | Correct: 5719/10000 (57.19%, 2.91s)
2026-02-12 15:07:56,556 | INFO | Batch 100 | Loss: 0.8438 | Correct: 95/128 | Elapsed Time: 10.02s
2026-02-12 15:08:06,600 | INFO | Batch 200 | Loss: 0.7656 | Correct: 100/128 | Elapsed Time: 10.04s
2026-02-12 15:08:16,626 | INFO | Batch 300 | Loss: 1.0312 | Correct: 86/128 | Elapsed Time: 10.03s
2026-02-12 15:08:25,782 | INFO | Epoch [90/100] - Loss: 0.8849 | Correct: 35702/50000 (71.40%, 39.24s)
2026-02-12 15:08:28,726 | INFO | Validation - Loss: 1.2283 | Correct: 5721/10000 (57.21%, 2.94s)
2026-02-12 15:08:38,910 | INFO | Batch 100 | Loss: 0.9805 | Correct: 84/128 | Elapsed Time: 10.18s
2026-02-12 15:08:48,938 | INFO | Batch 200 | Loss: 0.8828 | Correct: 92/128 | Elapsed Time: 10.03s
2026-02-12 15:08:58,905 | INFO | Batch 300 | Loss: 1.0078 | Correct: 86/128 | Elapsed Time: 9.97s
2026-02-12 15:09:07,985 | INFO | Epoch [91/100] - Loss: 0.8855 | Correct: 35706/50000 (71.41%, 39.26s)
2026-02-12 15:09:10,964 | INFO | Validation - Loss: 1.2275 | Correct: 5710/10000 (57.10%, 2.98s)
2026-02-12 15:09:20,921 | INFO | Batch 100 | Loss: 0.8750 | Correct: 94/128 | Elapsed Time: 9.95s
2026-02-12 15:09:30,958 | INFO | Batch 200 | Loss: 0.9922 | Correct: 83/128 | Elapsed Time: 10.04s
2026-02-12 15:09:40,993 | INFO | Batch 300 | Loss: 0.7461 | Correct: 97/128 | Elapsed Time: 10.03s
2026-02-12 15:09:50,104 | INFO | Epoch [92/100] - Loss: 0.8811 | Correct: 35812/50000 (71.62%, 39.14s)
2026-02-12 15:09:53,069 | INFO | Validation - Loss: 1.2311 | Correct: 5690/10000 (56.90%, 2.96s)
2026-02-12 15:10:03,117 | INFO | Batch 100 | Loss: 0.9219 | Correct: 85/128 | Elapsed Time: 10.05s
2026-02-12 15:10:13,149 | INFO | Batch 200 | Loss: 0.9609 | Correct: 87/128 | Elapsed Time: 10.03s
2026-02-12 15:10:23,292 | INFO | Batch 300 | Loss: 0.9062 | Correct: 89/128 | Elapsed Time: 10.14s
2026-02-12 15:10:32,476 | INFO | Epoch [93/100] - Loss: 0.8827 | Correct: 35697/50000 (71.39%, 39.40s)
2026-02-12 15:10:35,370 | INFO | Validation - Loss: 1.2343 | Correct: 5679/10000 (56.79%, 2.89s)
2026-02-12 15:10:45,410 | INFO | Batch 100 | Loss: 0.9141 | Correct: 90/128 | Elapsed Time: 10.04s
2026-02-12 15:10:55,486 | INFO | Batch 200 | Loss: 0.8164 | Correct: 91/128 | Elapsed Time: 10.08s
2026-02-12 15:11:05,590 | INFO | Batch 300 | Loss: 0.8867 | Correct: 93/128 | Elapsed Time: 10.10s
2026-02-12 15:11:14,776 | INFO | Epoch [94/100] - Loss: 0.8869 | Correct: 35663/50000 (71.33%, 39.40s)
2026-02-12 15:11:17,767 | INFO | Validation - Loss: 1.2333 | Correct: 5696/10000 (56.96%, 2.99s)
2026-02-12 15:11:27,758 | INFO | Batch 100 | Loss: 0.9570 | Correct: 82/128 | Elapsed Time: 9.99s
2026-02-12 15:11:37,850 | INFO | Batch 200 | Loss: 0.8008 | Correct: 95/128 | Elapsed Time: 10.09s
2026-02-12 15:11:47,902 | INFO | Batch 300 | Loss: 0.9414 | Correct: 89/128 | Elapsed Time: 10.05s
2026-02-12 15:11:57,016 | INFO | Epoch [95/100] - Loss: 0.8860 | Correct: 35579/50000 (71.16%, 39.25s)
2026-02-12 15:11:59,946 | INFO | Validation - Loss: 1.2281 | Correct: 5691/10000 (56.91%, 2.93s)
2026-02-12 15:12:09,999 | INFO | Batch 100 | Loss: 1.0781 | Correct: 80/128 | Elapsed Time: 10.05s
2026-02-12 15:12:20,053 | INFO | Batch 200 | Loss: 0.9297 | Correct: 91/128 | Elapsed Time: 10.05s
2026-02-12 15:12:30,075 | INFO | Batch 300 | Loss: 0.8320 | Correct: 101/128 | Elapsed Time: 10.02s
2026-02-12 15:12:39,176 | INFO | Epoch [96/100] - Loss: 0.8821 | Correct: 35821/50000 (71.64%, 39.23s)
2026-02-12 15:12:42,129 | INFO | Validation - Loss: 1.2293 | Correct: 5696/10000 (56.96%, 2.95s)
2026-02-12 15:12:52,105 | INFO | Batch 100 | Loss: 0.8281 | Correct: 96/128 | Elapsed Time: 9.97s
2026-02-12 15:13:02,086 | INFO | Batch 200 | Loss: 0.9023 | Correct: 93/128 | Elapsed Time: 9.98s
2026-02-12 15:13:12,183 | INFO | Batch 300 | Loss: 0.8633 | Correct: 93/128 | Elapsed Time: 10.10s
2026-02-12 15:13:21,362 | INFO | Epoch [97/100] - Loss: 0.8820 | Correct: 35830/50000 (71.66%, 39.23s)
2026-02-12 15:13:24,302 | INFO | Validation - Loss: 1.2290 | Correct: 5726/10000 (57.26%, 2.94s)
2026-02-12 15:13:34,343 | INFO | Batch 100 | Loss: 0.7500 | Correct: 97/128 | Elapsed Time: 10.04s
2026-02-12 15:13:44,452 | INFO | Batch 200 | Loss: 0.7383 | Correct: 104/128 | Elapsed Time: 10.11s
2026-02-12 15:13:54,541 | INFO | Batch 300 | Loss: 0.8398 | Correct: 93/128 | Elapsed Time: 10.09s
2026-02-12 15:14:03,702 | INFO | Epoch [98/100] - Loss: 0.8824 | Correct: 35725/50000 (71.45%, 39.40s)
2026-02-12 15:14:06,595 | INFO | Validation - Loss: 1.2214 | Correct: 5715/10000 (57.15%, 2.89s)
2026-02-12 15:14:16,764 | INFO | Batch 100 | Loss: 0.9219 | Correct: 90/128 | Elapsed Time: 10.17s
2026-02-12 15:14:26,908 | INFO | Batch 200 | Loss: 0.9102 | Correct: 86/128 | Elapsed Time: 10.14s
2026-02-12 15:14:36,995 | INFO | Batch 300 | Loss: 0.8672 | Correct: 90/128 | Elapsed Time: 10.09s
2026-02-12 15:14:46,149 | INFO | Epoch [99/100] - Loss: 0.8850 | Correct: 35795/50000 (71.59%, 39.55s)
2026-02-12 15:14:49,137 | INFO | Validation - Loss: 1.2311 | Correct: 5670/10000 (56.70%, 2.99s)
2026-02-12 15:14:59,165 | INFO | Batch 100 | Loss: 0.8008 | Correct: 101/128 | Elapsed Time: 10.02s
2026-02-12 15:15:09,164 | INFO | Batch 200 | Loss: 0.7461 | Correct: 99/128 | Elapsed Time: 10.00s
2026-02-12 15:15:19,266 | INFO | Batch 300 | Loss: 0.8008 | Correct: 102/128 | Elapsed Time: 10.10s
2026-02-12 15:15:28,457 | INFO | Epoch [100/100] - Loss: 0.8832 | Correct: 35747/50000 (71.49%, 39.32s)
2026-02-12 15:15:31,389 | INFO | Validation - Loss: 1.2212 | Correct: 5743/10000 (57.43%, 2.93s)
2026-02-12 15:15:31,392 | INFO | Training complete.
2026-02-12 15:15:31,434 | INFO | Final model saved to ./checkpoints/shufflenetv2_fp_final_20260212_140501.pt
