2026-01-18 20:57:55,870 | INFO | Training ResNet18 on CIFAR-100 with FP (dtype=torch.float16) on device cuda:0
2026-01-18 20:57:55,871 | INFO | Hyperparameters: epochs=100, batch_size=128, lr=0.1, momentum=0.9, weight_decay=0.0001
2026-01-18 20:58:03,918 | INFO | Batch 100 | Loss: 4.2539 | Correct: 9/128 | Elapsed Time: 8.05s
2026-01-18 20:58:10,886 | INFO | Batch 200 | Loss: 3.7227 | Correct: 16/128 | Elapsed Time: 6.97s
2026-01-18 20:58:17,767 | INFO | Batch 300 | Loss: 3.5625 | Correct: 20/128 | Elapsed Time: 6.88s
2026-01-18 20:58:24,104 | INFO | Epoch [1/100] - Loss: 3.8328 | Correct: 5854/50000 (11.71%, 28.23s)
2026-01-18 20:58:26,740 | INFO | Validation - Loss: 3.2537 | Top1: 2157/10000 (21.57%) | Top5: 4857/10000 (48.57%) (2.64s)
2026-01-18 20:58:26,818 | INFO | New best model saved at epoch 1 with Top1 Acc: 21.57% (Top5: 48.57%)
2026-01-18 20:58:33,716 | INFO | Batch 100 | Loss: 3.3184 | Correct: 25/128 | Elapsed Time: 6.90s
2026-01-18 20:58:40,605 | INFO | Batch 200 | Loss: 2.9043 | Correct: 33/128 | Elapsed Time: 6.89s
2026-01-18 20:58:47,459 | INFO | Batch 300 | Loss: 2.7695 | Correct: 42/128 | Elapsed Time: 6.85s
2026-01-18 20:58:53,662 | INFO | Epoch [2/100] - Loss: 3.1172 | Correct: 11559/50000 (23.12%, 26.84s)
2026-01-18 20:58:56,147 | INFO | Validation - Loss: 2.9048 | Top1: 2771/10000 (27.71%) | Top5: 5825/10000 (58.25%) (2.48s)
2026-01-18 20:58:56,266 | INFO | New best model saved at epoch 2 with Top1 Acc: 27.71% (Top5: 58.25%)
2026-01-18 20:59:03,183 | INFO | Batch 100 | Loss: 2.7578 | Correct: 38/128 | Elapsed Time: 6.92s
2026-01-18 20:59:10,053 | INFO | Batch 200 | Loss: 2.8203 | Correct: 40/128 | Elapsed Time: 6.87s
2026-01-18 20:59:16,921 | INFO | Batch 300 | Loss: 2.6445 | Correct: 38/128 | Elapsed Time: 6.87s
2026-01-18 20:59:23,174 | INFO | Epoch [3/100] - Loss: 2.7750 | Correct: 14830/50000 (29.66%, 26.91s)
2026-01-18 20:59:25,672 | INFO | Validation - Loss: 2.6432 | Top1: 3278/10000 (32.78%) | Top5: 6365/10000 (63.65%) (2.50s)
2026-01-18 20:59:25,740 | INFO | New best model saved at epoch 3 with Top1 Acc: 32.78% (Top5: 63.65%)
2026-01-18 20:59:32,615 | INFO | Batch 100 | Loss: 2.4473 | Correct: 53/128 | Elapsed Time: 6.87s
2026-01-18 20:59:39,444 | INFO | Batch 200 | Loss: 2.6230 | Correct: 41/128 | Elapsed Time: 6.83s
2026-01-18 20:59:46,243 | INFO | Batch 300 | Loss: 2.7910 | Correct: 38/128 | Elapsed Time: 6.80s
2026-01-18 20:59:52,472 | INFO | Epoch [4/100] - Loss: 2.5333 | Correct: 17315/50000 (34.63%, 26.73s)
2026-01-18 20:59:54,959 | INFO | Validation - Loss: 2.5283 | Top1: 3476/10000 (34.76%) | Top5: 6769/10000 (67.69%) (2.49s)
2026-01-18 20:59:55,032 | INFO | New best model saved at epoch 4 with Top1 Acc: 34.76% (Top5: 67.69%)
2026-01-18 21:00:01,949 | INFO | Batch 100 | Loss: 2.3848 | Correct: 42/128 | Elapsed Time: 6.92s
2026-01-18 21:00:08,772 | INFO | Batch 200 | Loss: 2.4941 | Correct: 43/128 | Elapsed Time: 6.82s
2026-01-18 21:00:15,664 | INFO | Batch 300 | Loss: 2.2637 | Correct: 49/128 | Elapsed Time: 6.89s
2026-01-18 21:00:21,935 | INFO | Epoch [5/100] - Loss: 2.3565 | Correct: 19186/50000 (38.37%, 26.90s)
2026-01-18 21:00:24,433 | INFO | Validation - Loss: 2.2560 | Top1: 4072/10000 (40.72%) | Top5: 7130/10000 (71.30%) (2.50s)
2026-01-18 21:00:24,546 | INFO | New best model saved at epoch 5 with Top1 Acc: 40.72% (Top5: 71.30%)
2026-01-18 21:00:31,419 | INFO | Batch 100 | Loss: 2.2539 | Correct: 54/128 | Elapsed Time: 6.87s
2026-01-18 21:00:38,228 | INFO | Batch 200 | Loss: 2.2285 | Correct: 47/128 | Elapsed Time: 6.81s
2026-01-18 21:00:45,073 | INFO | Batch 300 | Loss: 2.0098 | Correct: 58/128 | Elapsed Time: 6.85s
2026-01-18 21:00:51,294 | INFO | Epoch [6/100] - Loss: 2.1992 | Correct: 20741/50000 (41.48%, 26.75s)
2026-01-18 21:00:53,785 | INFO | Validation - Loss: 2.2852 | Top1: 4097/10000 (40.97%) | Top5: 7203/10000 (72.03%) (2.49s)
2026-01-18 21:00:53,909 | INFO | New best model saved at epoch 6 with Top1 Acc: 40.97% (Top5: 72.03%)
2026-01-18 21:01:00,833 | INFO | Batch 100 | Loss: 2.0098 | Correct: 58/128 | Elapsed Time: 6.92s
2026-01-18 21:01:07,726 | INFO | Batch 200 | Loss: 2.1016 | Correct: 51/128 | Elapsed Time: 6.89s
2026-01-18 21:01:14,570 | INFO | Batch 300 | Loss: 1.9951 | Correct: 53/128 | Elapsed Time: 6.84s
2026-01-18 21:01:20,781 | INFO | Epoch [7/100] - Loss: 2.0821 | Correct: 22041/50000 (44.08%, 26.87s)
2026-01-18 21:01:23,277 | INFO | Validation - Loss: 2.0787 | Top1: 4538/10000 (45.38%) | Top5: 7602/10000 (76.02%) (2.49s)
2026-01-18 21:01:23,359 | INFO | New best model saved at epoch 7 with Top1 Acc: 45.38% (Top5: 76.02%)
2026-01-18 21:01:30,233 | INFO | Batch 100 | Loss: 2.1055 | Correct: 58/128 | Elapsed Time: 6.87s
2026-01-18 21:01:37,133 | INFO | Batch 200 | Loss: 1.9521 | Correct: 59/128 | Elapsed Time: 6.90s
2026-01-18 21:01:43,991 | INFO | Batch 300 | Loss: 1.6602 | Correct: 70/128 | Elapsed Time: 6.86s
2026-01-18 21:01:50,209 | INFO | Epoch [8/100] - Loss: 1.9725 | Correct: 23371/50000 (46.74%, 26.85s)
2026-01-18 21:01:52,709 | INFO | Validation - Loss: 2.0578 | Top1: 4529/10000 (45.29%) | Top5: 7669/10000 (76.69%) (2.50s)
2026-01-18 21:01:59,623 | INFO | Batch 100 | Loss: 1.9551 | Correct: 56/128 | Elapsed Time: 6.91s
2026-01-18 21:02:06,503 | INFO | Batch 200 | Loss: 1.6416 | Correct: 68/128 | Elapsed Time: 6.88s
2026-01-18 21:02:13,368 | INFO | Batch 300 | Loss: 1.9082 | Correct: 59/128 | Elapsed Time: 6.87s
2026-01-18 21:02:19,550 | INFO | Epoch [9/100] - Loss: 1.8793 | Correct: 24437/50000 (48.87%, 26.84s)
2026-01-18 21:02:22,068 | INFO | Validation - Loss: 2.0049 | Top1: 4719/10000 (47.19%) | Top5: 7775/10000 (77.75%) (2.52s)
2026-01-18 21:02:22,194 | INFO | New best model saved at epoch 9 with Top1 Acc: 47.19% (Top5: 77.75%)
2026-01-18 21:02:29,091 | INFO | Batch 100 | Loss: 1.9805 | Correct: 58/128 | Elapsed Time: 6.90s
2026-01-18 21:02:35,985 | INFO | Batch 200 | Loss: 1.8955 | Correct: 62/128 | Elapsed Time: 6.89s
2026-01-18 21:02:42,868 | INFO | Batch 300 | Loss: 1.7529 | Correct: 64/128 | Elapsed Time: 6.88s
2026-01-18 21:02:49,103 | INFO | Epoch [10/100] - Loss: 1.7877 | Correct: 25364/50000 (50.73%, 26.91s)
2026-01-18 21:02:51,630 | INFO | Validation - Loss: 1.9544 | Top1: 4849/10000 (48.49%) | Top5: 7864/10000 (78.64%) (2.53s)
2026-01-18 21:02:51,751 | INFO | New best model saved at epoch 10 with Top1 Acc: 48.49% (Top5: 78.64%)
2026-01-18 21:02:58,704 | INFO | Batch 100 | Loss: 1.7129 | Correct: 71/128 | Elapsed Time: 6.95s
2026-01-18 21:03:05,658 | INFO | Batch 200 | Loss: 1.4844 | Correct: 79/128 | Elapsed Time: 6.95s
2026-01-18 21:03:12,548 | INFO | Batch 300 | Loss: 1.7773 | Correct: 61/128 | Elapsed Time: 6.89s
2026-01-18 21:03:18,813 | INFO | Epoch [11/100] - Loss: 1.7049 | Correct: 26321/50000 (52.64%, 27.06s)
2026-01-18 21:03:21,372 | INFO | Validation - Loss: 1.9073 | Top1: 4940/10000 (49.40%) | Top5: 7905/10000 (79.05%) (2.56s)
2026-01-18 21:03:21,490 | INFO | New best model saved at epoch 11 with Top1 Acc: 49.40% (Top5: 79.05%)
2026-01-18 21:03:28,371 | INFO | Batch 100 | Loss: 1.4941 | Correct: 73/128 | Elapsed Time: 6.88s
2026-01-18 21:03:35,182 | INFO | Batch 200 | Loss: 1.4639 | Correct: 77/128 | Elapsed Time: 6.81s
2026-01-18 21:03:42,051 | INFO | Batch 300 | Loss: 1.5371 | Correct: 78/128 | Elapsed Time: 6.87s
2026-01-18 21:03:48,288 | INFO | Epoch [12/100] - Loss: 1.6237 | Correct: 27305/50000 (54.61%, 26.80s)
2026-01-18 21:03:50,813 | INFO | Validation - Loss: 1.8153 | Top1: 5194/10000 (51.94%) | Top5: 8135/10000 (81.35%) (2.52s)
2026-01-18 21:03:50,888 | INFO | New best model saved at epoch 12 with Top1 Acc: 51.94% (Top5: 81.35%)
2026-01-18 21:03:57,782 | INFO | Batch 100 | Loss: 1.7090 | Correct: 59/128 | Elapsed Time: 6.89s
2026-01-18 21:04:04,650 | INFO | Batch 200 | Loss: 1.6357 | Correct: 69/128 | Elapsed Time: 6.87s
2026-01-18 21:04:11,547 | INFO | Batch 300 | Loss: 1.7383 | Correct: 64/128 | Elapsed Time: 6.90s
2026-01-18 21:04:17,778 | INFO | Epoch [13/100] - Loss: 1.5567 | Correct: 28145/50000 (56.29%, 26.89s)
2026-01-18 21:04:20,288 | INFO | Validation - Loss: 1.7942 | Top1: 5329/10000 (53.29%) | Top5: 8143/10000 (81.43%) (2.51s)
2026-01-18 21:04:20,433 | INFO | New best model saved at epoch 13 with Top1 Acc: 53.29% (Top5: 81.43%)
2026-01-18 21:04:27,322 | INFO | Batch 100 | Loss: 1.7510 | Correct: 61/128 | Elapsed Time: 6.89s
2026-01-18 21:04:34,174 | INFO | Batch 200 | Loss: 1.3574 | Correct: 78/128 | Elapsed Time: 6.85s
2026-01-18 21:04:41,101 | INFO | Batch 300 | Loss: 1.5361 | Correct: 72/128 | Elapsed Time: 6.93s
2026-01-18 21:04:47,309 | INFO | Epoch [14/100] - Loss: 1.4982 | Correct: 28787/50000 (57.57%, 26.88s)
2026-01-18 21:04:49,852 | INFO | Validation - Loss: 1.9078 | Top1: 5074/10000 (50.74%) | Top5: 7909/10000 (79.09%) (2.54s)
2026-01-18 21:04:56,781 | INFO | Batch 100 | Loss: 1.5469 | Correct: 72/128 | Elapsed Time: 6.93s
2026-01-18 21:05:03,669 | INFO | Batch 200 | Loss: 1.6055 | Correct: 62/128 | Elapsed Time: 6.89s
2026-01-18 21:05:10,525 | INFO | Batch 300 | Loss: 1.5879 | Correct: 71/128 | Elapsed Time: 6.86s
2026-01-18 21:05:16,772 | INFO | Epoch [15/100] - Loss: 1.4483 | Correct: 29409/50000 (58.82%, 26.92s)
2026-01-18 21:05:19,271 | INFO | Validation - Loss: 1.8929 | Top1: 5112/10000 (51.12%) | Top5: 8026/10000 (80.26%) (2.50s)
2026-01-18 21:05:26,170 | INFO | Batch 100 | Loss: 1.2715 | Correct: 85/128 | Elapsed Time: 6.90s
2026-01-18 21:05:32,999 | INFO | Batch 200 | Loss: 1.4092 | Correct: 79/128 | Elapsed Time: 6.83s
2026-01-18 21:05:39,828 | INFO | Batch 300 | Loss: 1.5166 | Correct: 77/128 | Elapsed Time: 6.83s
2026-01-18 21:05:46,059 | INFO | Epoch [16/100] - Loss: 1.3846 | Correct: 30270/50000 (60.54%, 26.79s)
2026-01-18 21:05:48,514 | INFO | Validation - Loss: 1.7700 | Top1: 5380/10000 (53.80%) | Top5: 8226/10000 (82.26%) (2.45s)
2026-01-18 21:05:48,648 | INFO | New best model saved at epoch 16 with Top1 Acc: 53.80% (Top5: 82.26%)
2026-01-18 21:05:55,521 | INFO | Batch 100 | Loss: 1.4346 | Correct: 79/128 | Elapsed Time: 6.87s
2026-01-18 21:06:02,373 | INFO | Batch 200 | Loss: 1.4189 | Correct: 74/128 | Elapsed Time: 6.85s
2026-01-18 21:06:09,241 | INFO | Batch 300 | Loss: 1.5918 | Correct: 68/128 | Elapsed Time: 6.87s
2026-01-18 21:06:15,444 | INFO | Epoch [17/100] - Loss: 1.3370 | Correct: 30715/50000 (61.43%, 26.80s)
2026-01-18 21:06:17,931 | INFO | Validation - Loss: 1.7669 | Top1: 5390/10000 (53.90%) | Top5: 8256/10000 (82.56%) (2.49s)
2026-01-18 21:06:18,021 | INFO | New best model saved at epoch 17 with Top1 Acc: 53.90% (Top5: 82.56%)
2026-01-18 21:06:24,953 | INFO | Batch 100 | Loss: 1.0527 | Correct: 87/128 | Elapsed Time: 6.93s
2026-01-18 21:06:31,800 | INFO | Batch 200 | Loss: 1.0381 | Correct: 89/128 | Elapsed Time: 6.85s
2026-01-18 21:06:38,679 | INFO | Batch 300 | Loss: 1.3369 | Correct: 78/128 | Elapsed Time: 6.88s
2026-01-18 21:06:44,902 | INFO | Epoch [18/100] - Loss: 1.2978 | Correct: 31337/50000 (62.67%, 26.88s)
2026-01-18 21:06:47,401 | INFO | Validation - Loss: 1.7887 | Top1: 5398/10000 (53.98%) | Top5: 8186/10000 (81.86%) (2.50s)
2026-01-18 21:06:47,528 | INFO | New best model saved at epoch 18 with Top1 Acc: 53.98% (Top5: 81.86%)
2026-01-18 21:06:54,417 | INFO | Batch 100 | Loss: 1.1035 | Correct: 84/128 | Elapsed Time: 6.89s
2026-01-18 21:07:01,317 | INFO | Batch 200 | Loss: 1.0303 | Correct: 95/128 | Elapsed Time: 6.90s
2026-01-18 21:07:08,181 | INFO | Batch 300 | Loss: 1.0576 | Correct: 90/128 | Elapsed Time: 6.86s
2026-01-18 21:07:14,387 | INFO | Epoch [19/100] - Loss: 1.2497 | Correct: 31845/50000 (63.69%, 26.86s)
2026-01-18 21:07:16,914 | INFO | Validation - Loss: 1.7608 | Top1: 5498/10000 (54.98%) | Top5: 8289/10000 (82.89%) (2.53s)
2026-01-18 21:07:17,034 | INFO | New best model saved at epoch 19 with Top1 Acc: 54.98% (Top5: 82.89%)
2026-01-18 21:07:23,979 | INFO | Batch 100 | Loss: 0.8779 | Correct: 97/128 | Elapsed Time: 6.94s
2026-01-18 21:07:30,893 | INFO | Batch 200 | Loss: 1.0928 | Correct: 89/128 | Elapsed Time: 6.91s
2026-01-18 21:07:37,688 | INFO | Batch 300 | Loss: 1.1328 | Correct: 86/128 | Elapsed Time: 6.79s
2026-01-18 21:07:43,906 | INFO | Epoch [20/100] - Loss: 1.1894 | Correct: 32664/50000 (65.33%, 26.87s)
2026-01-18 21:07:46,397 | INFO | Validation - Loss: 1.7858 | Top1: 5444/10000 (54.44%) | Top5: 8248/10000 (82.48%) (2.49s)
2026-01-18 21:07:53,204 | INFO | Batch 100 | Loss: 1.0000 | Correct: 93/128 | Elapsed Time: 6.81s
2026-01-18 21:08:00,084 | INFO | Batch 200 | Loss: 1.1270 | Correct: 86/128 | Elapsed Time: 6.88s
2026-01-18 21:08:06,951 | INFO | Batch 300 | Loss: 1.1982 | Correct: 85/128 | Elapsed Time: 6.87s
2026-01-18 21:08:13,117 | INFO | Epoch [21/100] - Loss: 1.1586 | Correct: 32983/50000 (65.97%, 26.72s)
2026-01-18 21:08:15,570 | INFO | Validation - Loss: 1.7157 | Top1: 5615/10000 (56.15%) | Top5: 8325/10000 (83.25%) (2.45s)
2026-01-18 21:08:15,666 | INFO | New best model saved at epoch 21 with Top1 Acc: 56.15% (Top5: 83.25%)
2026-01-18 21:08:22,514 | INFO | Batch 100 | Loss: 1.0381 | Correct: 90/128 | Elapsed Time: 6.85s
2026-01-18 21:08:29,398 | INFO | Batch 200 | Loss: 1.1064 | Correct: 85/128 | Elapsed Time: 6.88s
2026-01-18 21:08:36,277 | INFO | Batch 300 | Loss: 0.9248 | Correct: 94/128 | Elapsed Time: 6.88s
2026-01-18 21:08:42,540 | INFO | Epoch [22/100] - Loss: 1.1110 | Correct: 33722/50000 (67.44%, 26.87s)
2026-01-18 21:08:45,053 | INFO | Validation - Loss: 1.7670 | Top1: 5534/10000 (55.34%) | Top5: 8318/10000 (83.18%) (2.51s)
2026-01-18 21:08:51,906 | INFO | Batch 100 | Loss: 1.1973 | Correct: 85/128 | Elapsed Time: 6.85s
2026-01-18 21:08:58,761 | INFO | Batch 200 | Loss: 1.2109 | Correct: 83/128 | Elapsed Time: 6.86s
2026-01-18 21:09:05,598 | INFO | Batch 300 | Loss: 1.2861 | Correct: 76/128 | Elapsed Time: 6.84s
2026-01-18 21:09:11,812 | INFO | Epoch [23/100] - Loss: 1.0785 | Correct: 33993/50000 (67.99%, 26.76s)
2026-01-18 21:09:14,329 | INFO | Validation - Loss: 1.8602 | Top1: 5462/10000 (54.62%) | Top5: 8259/10000 (82.59%) (2.52s)
2026-01-18 21:09:21,196 | INFO | Batch 100 | Loss: 1.1680 | Correct: 86/128 | Elapsed Time: 6.87s
2026-01-18 21:09:28,028 | INFO | Batch 200 | Loss: 1.0664 | Correct: 91/128 | Elapsed Time: 6.83s
2026-01-18 21:09:34,842 | INFO | Batch 300 | Loss: 0.9829 | Correct: 87/128 | Elapsed Time: 6.81s
2026-01-18 21:09:41,040 | INFO | Epoch [24/100] - Loss: 1.0472 | Correct: 34447/50000 (68.89%, 26.71s)
2026-01-18 21:09:43,506 | INFO | Validation - Loss: 2.0332 | Top1: 5237/10000 (52.37%) | Top5: 7961/10000 (79.61%) (2.46s)
2026-01-18 21:09:50,342 | INFO | Batch 100 | Loss: 0.9795 | Correct: 92/128 | Elapsed Time: 6.83s
2026-01-18 21:09:57,145 | INFO | Batch 200 | Loss: 0.8940 | Correct: 88/128 | Elapsed Time: 6.80s
2026-01-18 21:10:03,968 | INFO | Batch 300 | Loss: 1.0654 | Correct: 85/128 | Elapsed Time: 6.82s
2026-01-18 21:10:10,183 | INFO | Epoch [25/100] - Loss: 1.0129 | Correct: 34805/50000 (69.61%, 26.68s)
2026-01-18 21:10:12,711 | INFO | Validation - Loss: 1.7520 | Top1: 5624/10000 (56.24%) | Top5: 8340/10000 (83.40%) (2.53s)
2026-01-18 21:10:12,855 | INFO | New best model saved at epoch 25 with Top1 Acc: 56.24% (Top5: 83.40%)
2026-01-18 21:10:19,771 | INFO | Batch 100 | Loss: 1.0654 | Correct: 87/128 | Elapsed Time: 6.92s
2026-01-18 21:10:26,635 | INFO | Batch 200 | Loss: 0.8335 | Correct: 95/128 | Elapsed Time: 6.86s
2026-01-18 21:10:33,452 | INFO | Batch 300 | Loss: 1.0693 | Correct: 89/128 | Elapsed Time: 6.82s
2026-01-18 21:10:39,687 | INFO | Epoch [26/100] - Loss: 0.9812 | Correct: 35361/50000 (70.72%, 26.83s)
2026-01-18 21:10:42,196 | INFO | Validation - Loss: 1.7993 | Top1: 5646/10000 (56.46%) | Top5: 8306/10000 (83.06%) (2.51s)
2026-01-18 21:10:42,317 | INFO | New best model saved at epoch 26 with Top1 Acc: 56.46% (Top5: 83.06%)
2026-01-18 21:10:49,220 | INFO | Batch 100 | Loss: 1.1035 | Correct: 90/128 | Elapsed Time: 6.90s
2026-01-18 21:10:56,008 | INFO | Batch 200 | Loss: 0.7900 | Correct: 100/128 | Elapsed Time: 6.79s
2026-01-18 21:11:02,867 | INFO | Batch 300 | Loss: 1.3027 | Correct: 80/128 | Elapsed Time: 6.86s
2026-01-18 21:11:09,116 | INFO | Epoch [27/100] - Loss: 0.9485 | Correct: 35713/50000 (71.43%, 26.80s)
2026-01-18 21:11:11,642 | INFO | Validation - Loss: 1.8089 | Top1: 5556/10000 (55.56%) | Top5: 8261/10000 (82.61%) (2.52s)
2026-01-18 21:11:18,507 | INFO | Batch 100 | Loss: 0.9160 | Correct: 90/128 | Elapsed Time: 6.86s
2026-01-18 21:11:25,344 | INFO | Batch 200 | Loss: 0.9761 | Correct: 91/128 | Elapsed Time: 6.84s
2026-01-18 21:11:32,195 | INFO | Batch 300 | Loss: 0.9585 | Correct: 96/128 | Elapsed Time: 6.85s
2026-01-18 21:11:38,399 | INFO | Epoch [28/100] - Loss: 0.9290 | Correct: 35978/50000 (71.96%, 26.75s)
2026-01-18 21:11:40,935 | INFO | Validation - Loss: 1.7922 | Top1: 5629/10000 (56.29%) | Top5: 8312/10000 (83.12%) (2.54s)
2026-01-18 21:11:47,784 | INFO | Batch 100 | Loss: 0.7378 | Correct: 100/128 | Elapsed Time: 6.85s
2026-01-18 21:11:54,642 | INFO | Batch 200 | Loss: 0.9297 | Correct: 88/128 | Elapsed Time: 6.86s
2026-01-18 21:12:01,486 | INFO | Batch 300 | Loss: 0.6533 | Correct: 103/128 | Elapsed Time: 6.84s
2026-01-18 21:12:07,698 | INFO | Epoch [29/100] - Loss: 0.8886 | Correct: 36548/50000 (73.10%, 26.76s)
2026-01-18 21:12:10,223 | INFO | Validation - Loss: 1.8806 | Top1: 5607/10000 (56.07%) | Top5: 8276/10000 (82.76%) (2.52s)
2026-01-18 21:12:17,090 | INFO | Batch 100 | Loss: 0.8931 | Correct: 94/128 | Elapsed Time: 6.87s
2026-01-18 21:12:23,922 | INFO | Batch 200 | Loss: 0.9062 | Correct: 96/128 | Elapsed Time: 6.83s
2026-01-18 21:12:30,765 | INFO | Batch 300 | Loss: 1.0420 | Correct: 87/128 | Elapsed Time: 6.84s
2026-01-18 21:12:37,026 | INFO | Epoch [30/100] - Loss: 0.8648 | Correct: 36838/50000 (73.68%, 26.80s)
2026-01-18 21:12:39,507 | INFO | Validation - Loss: 1.9102 | Top1: 5505/10000 (55.05%) | Top5: 8239/10000 (82.39%) (2.48s)
2026-01-18 21:12:46,406 | INFO | Batch 100 | Loss: 0.7646 | Correct: 97/128 | Elapsed Time: 6.90s
2026-01-18 21:12:53,287 | INFO | Batch 200 | Loss: 0.9966 | Correct: 92/128 | Elapsed Time: 6.88s
2026-01-18 21:13:00,168 | INFO | Batch 300 | Loss: 1.0850 | Correct: 82/128 | Elapsed Time: 6.88s
2026-01-18 21:13:06,423 | INFO | Epoch [31/100] - Loss: 0.8406 | Correct: 37247/50000 (74.49%, 26.91s)
2026-01-18 21:13:08,895 | INFO | Validation - Loss: 1.8465 | Top1: 5604/10000 (56.04%) | Top5: 8359/10000 (83.59%) (2.47s)
2026-01-18 21:13:15,775 | INFO | Batch 100 | Loss: 0.8428 | Correct: 96/128 | Elapsed Time: 6.88s
2026-01-18 21:13:22,657 | INFO | Batch 200 | Loss: 0.8843 | Correct: 87/128 | Elapsed Time: 6.88s
2026-01-18 21:13:29,485 | INFO | Batch 300 | Loss: 1.0029 | Correct: 90/128 | Elapsed Time: 6.83s
2026-01-18 21:13:35,677 | INFO | Epoch [32/100] - Loss: 0.8221 | Correct: 37351/50000 (74.70%, 26.78s)
2026-01-18 21:13:38,163 | INFO | Validation - Loss: 1.8522 | Top1: 5708/10000 (57.08%) | Top5: 8328/10000 (83.28%) (2.49s)
2026-01-18 21:13:38,247 | INFO | New best model saved at epoch 32 with Top1 Acc: 57.08% (Top5: 83.28%)
2026-01-18 21:13:45,137 | INFO | Batch 100 | Loss: 0.6919 | Correct: 102/128 | Elapsed Time: 6.89s
2026-01-18 21:13:51,981 | INFO | Batch 200 | Loss: 0.7285 | Correct: 99/128 | Elapsed Time: 6.84s
2026-01-18 21:13:58,829 | INFO | Batch 300 | Loss: 0.8755 | Correct: 89/128 | Elapsed Time: 6.85s
2026-01-18 21:14:05,074 | INFO | Epoch [33/100] - Loss: 0.7902 | Correct: 37925/50000 (75.85%, 26.83s)
2026-01-18 21:14:07,596 | INFO | Validation - Loss: 1.9515 | Top1: 5536/10000 (55.36%) | Top5: 8210/10000 (82.10%) (2.52s)
2026-01-18 21:14:14,515 | INFO | Batch 100 | Loss: 0.6157 | Correct: 105/128 | Elapsed Time: 6.92s
2026-01-18 21:14:21,383 | INFO | Batch 200 | Loss: 0.9556 | Correct: 92/128 | Elapsed Time: 6.87s
2026-01-18 21:14:28,221 | INFO | Batch 300 | Loss: 0.8667 | Correct: 93/128 | Elapsed Time: 6.84s
2026-01-18 21:14:34,505 | INFO | Epoch [34/100] - Loss: 0.7611 | Correct: 38267/50000 (76.53%, 26.91s)
2026-01-18 21:14:37,020 | INFO | Validation - Loss: 1.9858 | Top1: 5509/10000 (55.09%) | Top5: 8230/10000 (82.30%) (2.51s)
2026-01-18 21:14:43,904 | INFO | Batch 100 | Loss: 0.6509 | Correct: 98/128 | Elapsed Time: 6.88s
2026-01-18 21:14:50,778 | INFO | Batch 200 | Loss: 0.9951 | Correct: 86/128 | Elapsed Time: 6.87s
2026-01-18 21:14:57,635 | INFO | Batch 300 | Loss: 0.8472 | Correct: 96/128 | Elapsed Time: 6.86s
2026-01-18 21:15:03,817 | INFO | Epoch [35/100] - Loss: 0.7387 | Correct: 38568/50000 (77.14%, 26.80s)
2026-01-18 21:15:06,299 | INFO | Validation - Loss: 1.9523 | Top1: 5587/10000 (55.87%) | Top5: 8242/10000 (82.42%) (2.48s)
2026-01-18 21:15:13,166 | INFO | Batch 100 | Loss: 0.7129 | Correct: 101/128 | Elapsed Time: 6.87s
2026-01-18 21:15:20,040 | INFO | Batch 200 | Loss: 0.6489 | Correct: 101/128 | Elapsed Time: 6.87s
2026-01-18 21:15:26,941 | INFO | Batch 300 | Loss: 0.9727 | Correct: 93/128 | Elapsed Time: 6.90s
2026-01-18 21:15:33,163 | INFO | Epoch [36/100] - Loss: 0.7319 | Correct: 38722/50000 (77.44%, 26.86s)
2026-01-18 21:15:35,702 | INFO | Validation - Loss: 1.9498 | Top1: 5532/10000 (55.32%) | Top5: 8243/10000 (82.43%) (2.54s)
2026-01-18 21:15:42,613 | INFO | Batch 100 | Loss: 0.5747 | Correct: 106/128 | Elapsed Time: 6.91s
2026-01-18 21:15:49,505 | INFO | Batch 200 | Loss: 0.8564 | Correct: 94/128 | Elapsed Time: 6.89s
2026-01-18 21:15:56,421 | INFO | Batch 300 | Loss: 0.8501 | Correct: 99/128 | Elapsed Time: 6.92s
2026-01-18 21:16:02,717 | INFO | Epoch [37/100] - Loss: 0.7032 | Correct: 39034/50000 (78.07%, 27.01s)
2026-01-18 21:16:05,226 | INFO | Validation - Loss: 1.8568 | Top1: 5680/10000 (56.80%) | Top5: 8348/10000 (83.48%) (2.51s)
2026-01-18 21:16:12,097 | INFO | Batch 100 | Loss: 0.5898 | Correct: 105/128 | Elapsed Time: 6.87s
2026-01-18 21:16:18,930 | INFO | Batch 200 | Loss: 0.7676 | Correct: 104/128 | Elapsed Time: 6.83s
2026-01-18 21:16:25,740 | INFO | Batch 300 | Loss: 0.6348 | Correct: 101/128 | Elapsed Time: 6.81s
2026-01-18 21:16:31,982 | INFO | Epoch [38/100] - Loss: 0.6821 | Correct: 39305/50000 (78.61%, 26.76s)
2026-01-18 21:16:34,441 | INFO | Validation - Loss: 1.9239 | Top1: 5640/10000 (56.40%) | Top5: 8291/10000 (82.91%) (2.46s)
2026-01-18 21:16:41,327 | INFO | Batch 100 | Loss: 0.6240 | Correct: 103/128 | Elapsed Time: 6.88s
2026-01-18 21:16:48,175 | INFO | Batch 200 | Loss: 0.6890 | Correct: 99/128 | Elapsed Time: 6.85s
2026-01-18 21:16:55,019 | INFO | Batch 300 | Loss: 0.6738 | Correct: 101/128 | Elapsed Time: 6.84s
2026-01-18 21:17:01,233 | INFO | Epoch [39/100] - Loss: 0.6713 | Correct: 39424/50000 (78.85%, 26.79s)
2026-01-18 21:17:03,737 | INFO | Validation - Loss: 1.9063 | Top1: 5805/10000 (58.05%) | Top5: 8383/10000 (83.83%) (2.50s)
2026-01-18 21:17:03,863 | INFO | New best model saved at epoch 39 with Top1 Acc: 58.05% (Top5: 83.83%)
2026-01-18 21:17:10,765 | INFO | Batch 100 | Loss: 0.5415 | Correct: 109/128 | Elapsed Time: 6.90s
2026-01-18 21:17:17,561 | INFO | Batch 200 | Loss: 0.5439 | Correct: 105/128 | Elapsed Time: 6.80s
2026-01-18 21:17:24,422 | INFO | Batch 300 | Loss: 0.6138 | Correct: 101/128 | Elapsed Time: 6.86s
2026-01-18 21:17:30,609 | INFO | Epoch [40/100] - Loss: 0.6388 | Correct: 39952/50000 (79.90%, 26.75s)
2026-01-18 21:17:33,103 | INFO | Validation - Loss: 2.0097 | Top1: 5565/10000 (55.65%) | Top5: 8236/10000 (82.36%) (2.49s)
2026-01-18 21:17:39,939 | INFO | Batch 100 | Loss: 0.6377 | Correct: 103/128 | Elapsed Time: 6.83s
2026-01-18 21:17:46,808 | INFO | Batch 200 | Loss: 0.6465 | Correct: 102/128 | Elapsed Time: 6.87s
2026-01-18 21:17:53,704 | INFO | Batch 300 | Loss: 0.6685 | Correct: 101/128 | Elapsed Time: 6.90s
2026-01-18 21:17:59,923 | INFO | Epoch [41/100] - Loss: 0.6360 | Correct: 40089/50000 (80.18%, 26.82s)
2026-01-18 21:18:02,492 | INFO | Validation - Loss: 1.9958 | Top1: 5611/10000 (56.11%) | Top5: 8290/10000 (82.90%) (2.57s)
2026-01-18 21:18:09,335 | INFO | Batch 100 | Loss: 0.4153 | Correct: 106/128 | Elapsed Time: 6.84s
2026-01-18 21:18:16,211 | INFO | Batch 200 | Loss: 0.7173 | Correct: 98/128 | Elapsed Time: 6.88s
2026-01-18 21:18:23,114 | INFO | Batch 300 | Loss: 0.5103 | Correct: 104/128 | Elapsed Time: 6.90s
2026-01-18 21:18:29,338 | INFO | Epoch [42/100] - Loss: 0.6188 | Correct: 40230/50000 (80.46%, 26.84s)
2026-01-18 21:18:31,905 | INFO | Validation - Loss: 2.0418 | Top1: 5546/10000 (55.46%) | Top5: 8218/10000 (82.18%) (2.57s)
2026-01-18 21:18:38,735 | INFO | Batch 100 | Loss: 0.6631 | Correct: 98/128 | Elapsed Time: 6.83s
2026-01-18 21:18:45,593 | INFO | Batch 200 | Loss: 0.7002 | Correct: 95/128 | Elapsed Time: 6.86s
2026-01-18 21:18:52,445 | INFO | Batch 300 | Loss: 0.4614 | Correct: 107/128 | Elapsed Time: 6.85s
2026-01-18 21:18:58,687 | INFO | Epoch [43/100] - Loss: 0.6062 | Correct: 40402/50000 (80.80%, 26.78s)
2026-01-18 21:19:01,200 | INFO | Validation - Loss: 1.9602 | Top1: 5677/10000 (56.77%) | Top5: 8339/10000 (83.39%) (2.51s)
2026-01-18 21:19:08,044 | INFO | Batch 100 | Loss: 0.5620 | Correct: 103/128 | Elapsed Time: 6.84s
2026-01-18 21:19:14,929 | INFO | Batch 200 | Loss: 0.6104 | Correct: 105/128 | Elapsed Time: 6.88s
2026-01-18 21:19:21,780 | INFO | Batch 300 | Loss: 0.7026 | Correct: 99/128 | Elapsed Time: 6.85s
2026-01-18 21:19:28,028 | INFO | Epoch [44/100] - Loss: 0.5996 | Correct: 40618/50000 (81.24%, 26.83s)
2026-01-18 21:19:30,574 | INFO | Validation - Loss: 2.0204 | Top1: 5688/10000 (56.88%) | Top5: 8268/10000 (82.68%) (2.55s)
2026-01-18 21:19:37,499 | INFO | Batch 100 | Loss: 0.4697 | Correct: 109/128 | Elapsed Time: 6.92s
2026-01-18 21:19:44,430 | INFO | Batch 200 | Loss: 0.5864 | Correct: 100/128 | Elapsed Time: 6.93s
2026-01-18 21:19:51,358 | INFO | Batch 300 | Loss: 0.8809 | Correct: 92/128 | Elapsed Time: 6.93s
2026-01-18 21:19:57,634 | INFO | Epoch [45/100] - Loss: 0.5753 | Correct: 40923/50000 (81.85%, 27.06s)
2026-01-18 21:20:00,170 | INFO | Validation - Loss: 2.0530 | Top1: 5646/10000 (56.46%) | Top5: 8302/10000 (83.02%) (2.54s)
2026-01-18 21:20:07,067 | INFO | Batch 100 | Loss: 0.6396 | Correct: 98/128 | Elapsed Time: 6.89s
2026-01-18 21:20:13,936 | INFO | Batch 200 | Loss: 0.6646 | Correct: 99/128 | Elapsed Time: 6.87s
2026-01-18 21:20:20,830 | INFO | Batch 300 | Loss: 0.7637 | Correct: 99/128 | Elapsed Time: 6.89s
2026-01-18 21:20:27,097 | INFO | Epoch [46/100] - Loss: 0.5590 | Correct: 41237/50000 (82.47%, 26.92s)
2026-01-18 21:20:29,560 | INFO | Validation - Loss: 2.0325 | Top1: 5659/10000 (56.59%) | Top5: 8286/10000 (82.86%) (2.46s)
2026-01-18 21:20:36,430 | INFO | Batch 100 | Loss: 0.3945 | Correct: 111/128 | Elapsed Time: 6.87s
2026-01-18 21:20:43,314 | INFO | Batch 200 | Loss: 0.6729 | Correct: 97/128 | Elapsed Time: 6.88s
2026-01-18 21:20:50,151 | INFO | Batch 300 | Loss: 0.4951 | Correct: 103/128 | Elapsed Time: 6.84s
2026-01-18 21:20:56,382 | INFO | Epoch [47/100] - Loss: 0.5572 | Correct: 41137/50000 (82.27%, 26.82s)
2026-01-18 21:20:58,894 | INFO | Validation - Loss: 2.0044 | Top1: 5688/10000 (56.88%) | Top5: 8310/10000 (83.10%) (2.51s)
2026-01-18 21:21:05,735 | INFO | Batch 100 | Loss: 0.5410 | Correct: 105/128 | Elapsed Time: 6.84s
2026-01-18 21:21:12,557 | INFO | Batch 200 | Loss: 0.5083 | Correct: 106/128 | Elapsed Time: 6.82s
2026-01-18 21:21:19,383 | INFO | Batch 300 | Loss: 0.5820 | Correct: 101/128 | Elapsed Time: 6.83s
2026-01-18 21:21:25,591 | INFO | Epoch [48/100] - Loss: 0.5408 | Correct: 41490/50000 (82.98%, 26.70s)
2026-01-18 21:21:28,088 | INFO | Validation - Loss: 2.0423 | Top1: 5654/10000 (56.54%) | Top5: 8315/10000 (83.15%) (2.50s)
2026-01-18 21:21:34,962 | INFO | Batch 100 | Loss: 0.4412 | Correct: 113/128 | Elapsed Time: 6.87s
2026-01-18 21:21:41,798 | INFO | Batch 200 | Loss: 0.4766 | Correct: 106/128 | Elapsed Time: 6.84s
2026-01-18 21:21:48,677 | INFO | Batch 300 | Loss: 0.5322 | Correct: 106/128 | Elapsed Time: 6.88s
2026-01-18 21:21:54,907 | INFO | Epoch [49/100] - Loss: 0.5208 | Correct: 41796/50000 (83.59%, 26.82s)
2026-01-18 21:21:57,410 | INFO | Validation - Loss: 2.0666 | Top1: 5648/10000 (56.48%) | Top5: 8301/10000 (83.01%) (2.50s)
2026-01-18 21:22:04,261 | INFO | Batch 100 | Loss: 0.3328 | Correct: 115/128 | Elapsed Time: 6.85s
2026-01-18 21:22:11,141 | INFO | Batch 200 | Loss: 0.5830 | Correct: 101/128 | Elapsed Time: 6.88s
2026-01-18 21:22:18,014 | INFO | Batch 300 | Loss: 0.4819 | Correct: 107/128 | Elapsed Time: 6.87s
2026-01-18 21:22:24,221 | INFO | Epoch [50/100] - Loss: 0.5187 | Correct: 41808/50000 (83.62%, 26.81s)
2026-01-18 21:22:26,749 | INFO | Validation - Loss: 2.1799 | Top1: 5435/10000 (54.35%) | Top5: 8124/10000 (81.24%) (2.53s)
2026-01-18 21:22:33,576 | INFO | Batch 100 | Loss: 0.3494 | Correct: 114/128 | Elapsed Time: 6.83s
2026-01-18 21:22:40,437 | INFO | Batch 200 | Loss: 0.1879 | Correct: 121/128 | Elapsed Time: 6.86s
2026-01-18 21:22:47,331 | INFO | Batch 300 | Loss: 0.3105 | Correct: 117/128 | Elapsed Time: 6.89s
2026-01-18 21:22:53,509 | INFO | Epoch [51/100] - Loss: 0.2686 | Correct: 46046/50000 (92.09%, 26.76s)
2026-01-18 21:22:56,013 | INFO | Validation - Loss: 1.6957 | Top1: 6245/10000 (62.45%) | Top5: 8627/10000 (86.27%) (2.50s)
2026-01-18 21:22:56,131 | INFO | New best model saved at epoch 51 with Top1 Acc: 62.45% (Top5: 86.27%)
2026-01-18 21:23:02,973 | INFO | Batch 100 | Loss: 0.2444 | Correct: 120/128 | Elapsed Time: 6.84s
2026-01-18 21:23:09,820 | INFO | Batch 200 | Loss: 0.1437 | Correct: 124/128 | Elapsed Time: 6.85s
2026-01-18 21:23:16,681 | INFO | Batch 300 | Loss: 0.1689 | Correct: 122/128 | Elapsed Time: 6.86s
2026-01-18 21:23:22,918 | INFO | Epoch [52/100] - Loss: 0.1863 | Correct: 47471/50000 (94.94%, 26.79s)
2026-01-18 21:23:25,457 | INFO | Validation - Loss: 1.6853 | Top1: 6286/10000 (62.86%) | Top5: 8656/10000 (86.56%) (2.54s)
2026-01-18 21:23:25,577 | INFO | New best model saved at epoch 52 with Top1 Acc: 62.86% (Top5: 86.56%)
2026-01-18 21:23:32,491 | INFO | Batch 100 | Loss: 0.1429 | Correct: 123/128 | Elapsed Time: 6.91s
2026-01-18 21:23:39,328 | INFO | Batch 200 | Loss: 0.2097 | Correct: 119/128 | Elapsed Time: 6.84s
2026-01-18 21:23:46,170 | INFO | Batch 300 | Loss: 0.2352 | Correct: 122/128 | Elapsed Time: 6.84s
2026-01-18 21:23:52,383 | INFO | Epoch [53/100] - Loss: 0.1563 | Correct: 47973/50000 (95.95%, 26.81s)
2026-01-18 21:23:54,856 | INFO | Validation - Loss: 1.6822 | Top1: 6291/10000 (62.91%) | Top5: 8676/10000 (86.76%) (2.47s)
2026-01-18 21:23:54,940 | INFO | New best model saved at epoch 53 with Top1 Acc: 62.91% (Top5: 86.76%)
2026-01-18 21:24:01,823 | INFO | Batch 100 | Loss: 0.0917 | Correct: 126/128 | Elapsed Time: 6.88s
2026-01-18 21:24:08,702 | INFO | Batch 200 | Loss: 0.1274 | Correct: 124/128 | Elapsed Time: 6.88s
2026-01-18 21:24:15,526 | INFO | Batch 300 | Loss: 0.2676 | Correct: 118/128 | Elapsed Time: 6.82s
2026-01-18 21:24:21,747 | INFO | Epoch [54/100] - Loss: 0.1384 | Correct: 48260/50000 (96.52%, 26.81s)
2026-01-18 21:24:24,259 | INFO | Validation - Loss: 1.6834 | Top1: 6324/10000 (63.24%) | Top5: 8662/10000 (86.62%) (2.51s)
2026-01-18 21:24:24,379 | INFO | New best model saved at epoch 54 with Top1 Acc: 63.24% (Top5: 86.62%)
2026-01-18 21:24:31,278 | INFO | Batch 100 | Loss: 0.0970 | Correct: 127/128 | Elapsed Time: 6.90s
2026-01-18 21:24:38,165 | INFO | Batch 200 | Loss: 0.1375 | Correct: 122/128 | Elapsed Time: 6.89s
2026-01-18 21:24:45,059 | INFO | Batch 300 | Loss: 0.1389 | Correct: 125/128 | Elapsed Time: 6.89s
2026-01-18 21:24:51,286 | INFO | Epoch [55/100] - Loss: 0.1246 | Correct: 48430/50000 (96.86%, 26.91s)
2026-01-18 21:24:53,759 | INFO | Validation - Loss: 1.6860 | Top1: 6313/10000 (63.13%) | Top5: 8671/10000 (86.71%) (2.47s)
2026-01-18 21:25:00,614 | INFO | Batch 100 | Loss: 0.0857 | Correct: 127/128 | Elapsed Time: 6.85s
2026-01-18 21:25:07,435 | INFO | Batch 200 | Loss: 0.1360 | Correct: 125/128 | Elapsed Time: 6.82s
2026-01-18 21:25:14,285 | INFO | Batch 300 | Loss: 0.0877 | Correct: 126/128 | Elapsed Time: 6.85s
2026-01-18 21:25:20,475 | INFO | Epoch [56/100] - Loss: 0.1171 | Correct: 48582/50000 (97.16%, 26.71s)
2026-01-18 21:25:22,966 | INFO | Validation - Loss: 1.6765 | Top1: 6342/10000 (63.42%) | Top5: 8669/10000 (86.69%) (2.49s)
2026-01-18 21:25:23,039 | INFO | New best model saved at epoch 56 with Top1 Acc: 63.42% (Top5: 86.69%)
2026-01-18 21:25:29,911 | INFO | Batch 100 | Loss: 0.1061 | Correct: 125/128 | Elapsed Time: 6.87s
2026-01-18 21:25:36,781 | INFO | Batch 200 | Loss: 0.0921 | Correct: 123/128 | Elapsed Time: 6.87s
2026-01-18 21:25:43,627 | INFO | Batch 300 | Loss: 0.0715 | Correct: 126/128 | Elapsed Time: 6.85s
2026-01-18 21:25:49,832 | INFO | Epoch [57/100] - Loss: 0.1084 | Correct: 48672/50000 (97.34%, 26.79s)
2026-01-18 21:25:52,337 | INFO | Validation - Loss: 1.6888 | Top1: 6335/10000 (63.35%) | Top5: 8653/10000 (86.53%) (2.50s)
2026-01-18 21:25:59,156 | INFO | Batch 100 | Loss: 0.0907 | Correct: 125/128 | Elapsed Time: 6.82s
2026-01-18 21:26:06,001 | INFO | Batch 200 | Loss: 0.1249 | Correct: 125/128 | Elapsed Time: 6.85s
2026-01-18 21:26:12,842 | INFO | Batch 300 | Loss: 0.0737 | Correct: 126/128 | Elapsed Time: 6.84s
2026-01-18 21:26:19,071 | INFO | Epoch [58/100] - Loss: 0.1061 | Correct: 48672/50000 (97.34%, 26.73s)
2026-01-18 21:26:21,611 | INFO | Validation - Loss: 1.6875 | Top1: 6335/10000 (63.35%) | Top5: 8683/10000 (86.83%) (2.54s)
2026-01-18 21:26:28,429 | INFO | Batch 100 | Loss: 0.1074 | Correct: 125/128 | Elapsed Time: 6.82s
2026-01-18 21:26:35,295 | INFO | Batch 200 | Loss: 0.1007 | Correct: 127/128 | Elapsed Time: 6.87s
2026-01-18 21:26:42,126 | INFO | Batch 300 | Loss: 0.1423 | Correct: 120/128 | Elapsed Time: 6.83s
2026-01-18 21:26:48,317 | INFO | Epoch [59/100] - Loss: 0.0984 | Correct: 48841/50000 (97.68%, 26.70s)
2026-01-18 21:26:50,798 | INFO | Validation - Loss: 1.6921 | Top1: 6361/10000 (63.61%) | Top5: 8677/10000 (86.77%) (2.48s)
2026-01-18 21:26:50,886 | INFO | New best model saved at epoch 59 with Top1 Acc: 63.61% (Top5: 86.77%)
2026-01-18 21:26:57,781 | INFO | Batch 100 | Loss: 0.0601 | Correct: 128/128 | Elapsed Time: 6.89s
2026-01-18 21:27:04,591 | INFO | Batch 200 | Loss: 0.1069 | Correct: 125/128 | Elapsed Time: 6.81s
2026-01-18 21:27:11,422 | INFO | Batch 300 | Loss: 0.1337 | Correct: 124/128 | Elapsed Time: 6.83s
2026-01-18 21:27:17,649 | INFO | Epoch [60/100] - Loss: 0.0913 | Correct: 48953/50000 (97.91%, 26.76s)
2026-01-18 21:27:20,174 | INFO | Validation - Loss: 1.6934 | Top1: 6357/10000 (63.57%) | Top5: 8697/10000 (86.97%) (2.52s)
2026-01-18 21:27:27,042 | INFO | Batch 100 | Loss: 0.0851 | Correct: 126/128 | Elapsed Time: 6.87s
2026-01-18 21:27:33,927 | INFO | Batch 200 | Loss: 0.1231 | Correct: 124/128 | Elapsed Time: 6.89s
2026-01-18 21:27:40,835 | INFO | Batch 300 | Loss: 0.0894 | Correct: 125/128 | Elapsed Time: 6.91s
2026-01-18 21:27:47,075 | INFO | Epoch [61/100] - Loss: 0.0887 | Correct: 48974/50000 (97.95%, 26.90s)
2026-01-18 21:27:49,576 | INFO | Validation - Loss: 1.6959 | Top1: 6359/10000 (63.59%) | Top5: 8680/10000 (86.80%) (2.50s)
2026-01-18 21:27:56,494 | INFO | Batch 100 | Loss: 0.1049 | Correct: 126/128 | Elapsed Time: 6.92s
2026-01-18 21:28:03,351 | INFO | Batch 200 | Loss: 0.0833 | Correct: 125/128 | Elapsed Time: 6.86s
2026-01-18 21:28:10,172 | INFO | Batch 300 | Loss: 0.0517 | Correct: 127/128 | Elapsed Time: 6.82s
2026-01-18 21:28:16,411 | INFO | Epoch [62/100] - Loss: 0.0847 | Correct: 49057/50000 (98.11%, 26.83s)
2026-01-18 21:28:18,909 | INFO | Validation - Loss: 1.6946 | Top1: 6364/10000 (63.64%) | Top5: 8662/10000 (86.62%) (2.50s)
2026-01-18 21:28:19,027 | INFO | New best model saved at epoch 62 with Top1 Acc: 63.64% (Top5: 86.62%)
2026-01-18 21:28:25,930 | INFO | Batch 100 | Loss: 0.1068 | Correct: 125/128 | Elapsed Time: 6.90s
2026-01-18 21:28:32,767 | INFO | Batch 200 | Loss: 0.0516 | Correct: 128/128 | Elapsed Time: 6.84s
2026-01-18 21:28:39,608 | INFO | Batch 300 | Loss: 0.1108 | Correct: 124/128 | Elapsed Time: 6.84s
2026-01-18 21:28:45,835 | INFO | Epoch [63/100] - Loss: 0.0792 | Correct: 49160/50000 (98.32%, 26.81s)
2026-01-18 21:28:48,312 | INFO | Validation - Loss: 1.6941 | Top1: 6365/10000 (63.65%) | Top5: 8670/10000 (86.70%) (2.48s)
2026-01-18 21:28:48,405 | INFO | New best model saved at epoch 63 with Top1 Acc: 63.65% (Top5: 86.70%)
2026-01-18 21:28:55,335 | INFO | Batch 100 | Loss: 0.0719 | Correct: 125/128 | Elapsed Time: 6.93s
2026-01-18 21:29:02,101 | INFO | Batch 200 | Loss: 0.1520 | Correct: 122/128 | Elapsed Time: 6.77s
2026-01-18 21:29:08,918 | INFO | Batch 300 | Loss: 0.0607 | Correct: 127/128 | Elapsed Time: 6.82s
2026-01-18 21:29:15,064 | INFO | Epoch [64/100] - Loss: 0.0773 | Correct: 49165/50000 (98.33%, 26.66s)
2026-01-18 21:29:17,571 | INFO | Validation - Loss: 1.6927 | Top1: 6350/10000 (63.50%) | Top5: 8691/10000 (86.91%) (2.51s)
2026-01-18 21:29:24,443 | INFO | Batch 100 | Loss: 0.0710 | Correct: 126/128 | Elapsed Time: 6.87s
2026-01-18 21:29:31,298 | INFO | Batch 200 | Loss: 0.0999 | Correct: 125/128 | Elapsed Time: 6.85s
2026-01-18 21:29:38,166 | INFO | Batch 300 | Loss: 0.1442 | Correct: 125/128 | Elapsed Time: 6.87s
2026-01-18 21:29:44,375 | INFO | Epoch [65/100] - Loss: 0.0763 | Correct: 49149/50000 (98.30%, 26.80s)
2026-01-18 21:29:46,890 | INFO | Validation - Loss: 1.7063 | Top1: 6368/10000 (63.68%) | Top5: 8688/10000 (86.88%) (2.51s)
2026-01-18 21:29:47,009 | INFO | New best model saved at epoch 65 with Top1 Acc: 63.68% (Top5: 86.88%)
2026-01-18 21:29:53,905 | INFO | Batch 100 | Loss: 0.0768 | Correct: 127/128 | Elapsed Time: 6.90s
2026-01-18 21:30:00,792 | INFO | Batch 200 | Loss: 0.0625 | Correct: 128/128 | Elapsed Time: 6.89s
2026-01-18 21:30:07,643 | INFO | Batch 300 | Loss: 0.0890 | Correct: 125/128 | Elapsed Time: 6.85s
2026-01-18 21:30:13,851 | INFO | Epoch [66/100] - Loss: 0.0719 | Correct: 49212/50000 (98.42%, 26.84s)
2026-01-18 21:30:16,352 | INFO | Validation - Loss: 1.7049 | Top1: 6358/10000 (63.58%) | Top5: 8689/10000 (86.89%) (2.50s)
2026-01-18 21:30:23,202 | INFO | Batch 100 | Loss: 0.0641 | Correct: 125/128 | Elapsed Time: 6.85s
2026-01-18 21:30:30,018 | INFO | Batch 200 | Loss: 0.0573 | Correct: 127/128 | Elapsed Time: 6.82s
2026-01-18 21:30:36,907 | INFO | Batch 300 | Loss: 0.0692 | Correct: 126/128 | Elapsed Time: 6.89s
2026-01-18 21:30:43,215 | INFO | Epoch [67/100] - Loss: 0.0706 | Correct: 49206/50000 (98.41%, 26.86s)
2026-01-18 21:30:45,745 | INFO | Validation - Loss: 1.7044 | Top1: 6375/10000 (63.75%) | Top5: 8710/10000 (87.10%) (2.53s)
2026-01-18 21:30:45,817 | INFO | New best model saved at epoch 67 with Top1 Acc: 63.75% (Top5: 87.10%)
2026-01-18 21:30:52,724 | INFO | Batch 100 | Loss: 0.0466 | Correct: 127/128 | Elapsed Time: 6.91s
2026-01-18 21:30:59,543 | INFO | Batch 200 | Loss: 0.0619 | Correct: 127/128 | Elapsed Time: 6.82s
2026-01-18 21:31:06,373 | INFO | Batch 300 | Loss: 0.0841 | Correct: 126/128 | Elapsed Time: 6.83s
2026-01-18 21:31:12,605 | INFO | Epoch [68/100] - Loss: 0.0696 | Correct: 49240/50000 (98.48%, 26.79s)
2026-01-18 21:31:15,096 | INFO | Validation - Loss: 1.7059 | Top1: 6412/10000 (64.12%) | Top5: 8669/10000 (86.69%) (2.49s)
2026-01-18 21:31:15,190 | INFO | New best model saved at epoch 68 with Top1 Acc: 64.12% (Top5: 86.69%)
2026-01-18 21:31:22,114 | INFO | Batch 100 | Loss: 0.0486 | Correct: 126/128 | Elapsed Time: 6.92s
2026-01-18 21:31:28,933 | INFO | Batch 200 | Loss: 0.0600 | Correct: 127/128 | Elapsed Time: 6.82s
2026-01-18 21:31:35,763 | INFO | Batch 300 | Loss: 0.0401 | Correct: 128/128 | Elapsed Time: 6.83s
2026-01-18 21:31:41,963 | INFO | Epoch [69/100] - Loss: 0.0654 | Correct: 49295/50000 (98.59%, 26.77s)
2026-01-18 21:31:44,454 | INFO | Validation - Loss: 1.7065 | Top1: 6406/10000 (64.06%) | Top5: 8696/10000 (86.96%) (2.49s)
2026-01-18 21:31:51,303 | INFO | Batch 100 | Loss: 0.0639 | Correct: 127/128 | Elapsed Time: 6.85s
2026-01-18 21:31:58,130 | INFO | Batch 200 | Loss: 0.0810 | Correct: 125/128 | Elapsed Time: 6.83s
2026-01-18 21:32:05,034 | INFO | Batch 300 | Loss: 0.0523 | Correct: 127/128 | Elapsed Time: 6.90s
2026-01-18 21:32:11,297 | INFO | Epoch [70/100] - Loss: 0.0642 | Correct: 49324/50000 (98.65%, 26.84s)
2026-01-18 21:32:13,795 | INFO | Validation - Loss: 1.7102 | Top1: 6364/10000 (63.64%) | Top5: 8702/10000 (87.02%) (2.50s)
2026-01-18 21:32:20,678 | INFO | Batch 100 | Loss: 0.0689 | Correct: 125/128 | Elapsed Time: 6.88s
2026-01-18 21:32:27,591 | INFO | Batch 200 | Loss: 0.0682 | Correct: 127/128 | Elapsed Time: 6.91s
2026-01-18 21:32:34,475 | INFO | Batch 300 | Loss: 0.0715 | Correct: 125/128 | Elapsed Time: 6.88s
2026-01-18 21:32:40,730 | INFO | Epoch [71/100] - Loss: 0.0627 | Correct: 49357/50000 (98.71%, 26.93s)
2026-01-18 21:32:43,243 | INFO | Validation - Loss: 1.7094 | Top1: 6393/10000 (63.93%) | Top5: 8683/10000 (86.83%) (2.51s)
2026-01-18 21:32:50,090 | INFO | Batch 100 | Loss: 0.0581 | Correct: 126/128 | Elapsed Time: 6.84s
2026-01-18 21:32:56,953 | INFO | Batch 200 | Loss: 0.0518 | Correct: 127/128 | Elapsed Time: 6.86s
2026-01-18 21:33:03,790 | INFO | Batch 300 | Loss: 0.0599 | Correct: 126/128 | Elapsed Time: 6.84s
2026-01-18 21:33:09,977 | INFO | Epoch [72/100] - Loss: 0.0620 | Correct: 49366/50000 (98.73%, 26.73s)
2026-01-18 21:33:12,504 | INFO | Validation - Loss: 1.7196 | Top1: 6371/10000 (63.71%) | Top5: 8683/10000 (86.83%) (2.53s)
2026-01-18 21:33:19,315 | INFO | Batch 100 | Loss: 0.0967 | Correct: 126/128 | Elapsed Time: 6.81s
2026-01-18 21:33:26,161 | INFO | Batch 200 | Loss: 0.0299 | Correct: 128/128 | Elapsed Time: 6.85s
2026-01-18 21:33:33,065 | INFO | Batch 300 | Loss: 0.0840 | Correct: 125/128 | Elapsed Time: 6.90s
2026-01-18 21:33:39,272 | INFO | Epoch [73/100] - Loss: 0.0597 | Correct: 49390/50000 (98.78%, 26.77s)
2026-01-18 21:33:41,820 | INFO | Validation - Loss: 1.7157 | Top1: 6378/10000 (63.78%) | Top5: 8686/10000 (86.86%) (2.55s)
2026-01-18 21:33:48,646 | INFO | Batch 100 | Loss: 0.0371 | Correct: 128/128 | Elapsed Time: 6.82s
2026-01-18 21:33:55,513 | INFO | Batch 200 | Loss: 0.0330 | Correct: 127/128 | Elapsed Time: 6.87s
2026-01-18 21:34:02,356 | INFO | Batch 300 | Loss: 0.0503 | Correct: 126/128 | Elapsed Time: 6.84s
2026-01-18 21:34:08,528 | INFO | Epoch [74/100] - Loss: 0.0579 | Correct: 49398/50000 (98.80%, 26.70s)
2026-01-18 21:34:11,008 | INFO | Validation - Loss: 1.7167 | Top1: 6385/10000 (63.85%) | Top5: 8677/10000 (86.77%) (2.48s)
2026-01-18 21:34:17,813 | INFO | Batch 100 | Loss: 0.0399 | Correct: 127/128 | Elapsed Time: 6.80s
2026-01-18 21:34:24,653 | INFO | Batch 200 | Loss: 0.0718 | Correct: 124/128 | Elapsed Time: 6.84s
2026-01-18 21:34:31,527 | INFO | Batch 300 | Loss: 0.0526 | Correct: 128/128 | Elapsed Time: 6.87s
2026-01-18 21:34:37,746 | INFO | Epoch [75/100] - Loss: 0.0564 | Correct: 49428/50000 (98.86%, 26.74s)
2026-01-18 21:34:40,252 | INFO | Validation - Loss: 1.7118 | Top1: 6403/10000 (64.03%) | Top5: 8681/10000 (86.81%) (2.51s)
2026-01-18 21:34:47,107 | INFO | Batch 100 | Loss: 0.0551 | Correct: 127/128 | Elapsed Time: 6.85s
2026-01-18 21:34:53,998 | INFO | Batch 200 | Loss: 0.0614 | Correct: 126/128 | Elapsed Time: 6.89s
2026-01-18 21:35:00,886 | INFO | Batch 300 | Loss: 0.0398 | Correct: 127/128 | Elapsed Time: 6.89s
2026-01-18 21:35:07,102 | INFO | Epoch [76/100] - Loss: 0.0557 | Correct: 49436/50000 (98.87%, 26.85s)
2026-01-18 21:35:09,587 | INFO | Validation - Loss: 1.7187 | Top1: 6385/10000 (63.85%) | Top5: 8689/10000 (86.89%) (2.48s)
2026-01-18 21:35:16,425 | INFO | Batch 100 | Loss: 0.0327 | Correct: 128/128 | Elapsed Time: 6.83s
2026-01-18 21:35:23,297 | INFO | Batch 200 | Loss: 0.0532 | Correct: 128/128 | Elapsed Time: 6.87s
2026-01-18 21:35:30,111 | INFO | Batch 300 | Loss: 0.0662 | Correct: 127/128 | Elapsed Time: 6.81s
2026-01-18 21:35:36,275 | INFO | Epoch [77/100] - Loss: 0.0549 | Correct: 49444/50000 (98.89%, 26.68s)
2026-01-18 21:35:38,730 | INFO | Validation - Loss: 1.7194 | Top1: 6389/10000 (63.89%) | Top5: 8675/10000 (86.75%) (2.45s)
2026-01-18 21:35:45,600 | INFO | Batch 100 | Loss: 0.0880 | Correct: 124/128 | Elapsed Time: 6.87s
2026-01-18 21:35:52,466 | INFO | Batch 200 | Loss: 0.0335 | Correct: 128/128 | Elapsed Time: 6.87s
2026-01-18 21:35:59,303 | INFO | Batch 300 | Loss: 0.0373 | Correct: 127/128 | Elapsed Time: 6.84s
2026-01-18 21:36:05,589 | INFO | Epoch [78/100] - Loss: 0.0541 | Correct: 49453/50000 (98.91%, 26.86s)
2026-01-18 21:36:08,099 | INFO | Validation - Loss: 1.7119 | Top1: 6388/10000 (63.88%) | Top5: 8684/10000 (86.84%) (2.51s)
2026-01-18 21:36:15,040 | INFO | Batch 100 | Loss: 0.0450 | Correct: 127/128 | Elapsed Time: 6.94s
2026-01-18 21:36:22,023 | INFO | Batch 200 | Loss: 0.0348 | Correct: 128/128 | Elapsed Time: 6.98s
2026-01-18 21:36:28,946 | INFO | Batch 300 | Loss: 0.0557 | Correct: 127/128 | Elapsed Time: 6.92s
2026-01-18 21:36:35,203 | INFO | Epoch [79/100] - Loss: 0.0548 | Correct: 49439/50000 (98.88%, 27.10s)
2026-01-18 21:36:37,727 | INFO | Validation - Loss: 1.7113 | Top1: 6393/10000 (63.93%) | Top5: 8685/10000 (86.85%) (2.52s)
2026-01-18 21:36:44,594 | INFO | Batch 100 | Loss: 0.0584 | Correct: 126/128 | Elapsed Time: 6.86s
2026-01-18 21:36:51,476 | INFO | Batch 200 | Loss: 0.0479 | Correct: 127/128 | Elapsed Time: 6.88s
2026-01-18 21:36:58,348 | INFO | Batch 300 | Loss: 0.0389 | Correct: 128/128 | Elapsed Time: 6.87s
2026-01-18 21:37:04,589 | INFO | Epoch [80/100] - Loss: 0.0557 | Correct: 49445/50000 (98.89%, 26.86s)
2026-01-18 21:37:07,121 | INFO | Validation - Loss: 1.7159 | Top1: 6394/10000 (63.94%) | Top5: 8675/10000 (86.75%) (2.53s)
2026-01-18 21:37:13,989 | INFO | Batch 100 | Loss: 0.0406 | Correct: 127/128 | Elapsed Time: 6.86s
2026-01-18 21:37:20,873 | INFO | Batch 200 | Loss: 0.0445 | Correct: 128/128 | Elapsed Time: 6.88s
2026-01-18 21:37:27,784 | INFO | Batch 300 | Loss: 0.0232 | Correct: 128/128 | Elapsed Time: 6.91s
2026-01-18 21:37:34,057 | INFO | Epoch [81/100] - Loss: 0.0550 | Correct: 49441/50000 (98.88%, 26.93s)
2026-01-18 21:37:36,575 | INFO | Validation - Loss: 1.7189 | Top1: 6388/10000 (63.88%) | Top5: 8677/10000 (86.77%) (2.52s)
2026-01-18 21:37:43,436 | INFO | Batch 100 | Loss: 0.0450 | Correct: 127/128 | Elapsed Time: 6.86s
2026-01-18 21:37:50,285 | INFO | Batch 200 | Loss: 0.0698 | Correct: 125/128 | Elapsed Time: 6.85s
2026-01-18 21:37:57,200 | INFO | Batch 300 | Loss: 0.0488 | Correct: 126/128 | Elapsed Time: 6.92s
2026-01-18 21:38:03,437 | INFO | Epoch [82/100] - Loss: 0.0542 | Correct: 49445/50000 (98.89%, 26.86s)
2026-01-18 21:38:05,933 | INFO | Validation - Loss: 1.7176 | Top1: 6398/10000 (63.98%) | Top5: 8684/10000 (86.84%) (2.50s)
2026-01-18 21:38:12,767 | INFO | Batch 100 | Loss: 0.0453 | Correct: 126/128 | Elapsed Time: 6.83s
2026-01-18 21:38:19,635 | INFO | Batch 200 | Loss: 0.0662 | Correct: 125/128 | Elapsed Time: 6.87s
2026-01-18 21:38:26,473 | INFO | Batch 300 | Loss: 0.0706 | Correct: 126/128 | Elapsed Time: 6.84s
2026-01-18 21:38:32,679 | INFO | Epoch [83/100] - Loss: 0.0547 | Correct: 49459/50000 (98.92%, 26.74s)
2026-01-18 21:38:35,138 | INFO | Validation - Loss: 1.7133 | Top1: 6381/10000 (63.81%) | Top5: 8687/10000 (86.87%) (2.46s)
2026-01-18 21:38:41,996 | INFO | Batch 100 | Loss: 0.0490 | Correct: 127/128 | Elapsed Time: 6.85s
2026-01-18 21:38:48,845 | INFO | Batch 200 | Loss: 0.0464 | Correct: 127/128 | Elapsed Time: 6.85s
2026-01-18 21:38:55,718 | INFO | Batch 300 | Loss: 0.0570 | Correct: 127/128 | Elapsed Time: 6.87s
2026-01-18 21:39:01,923 | INFO | Epoch [84/100] - Loss: 0.0526 | Correct: 49493/50000 (98.99%, 26.78s)
2026-01-18 21:39:04,394 | INFO | Validation - Loss: 1.7184 | Top1: 6398/10000 (63.98%) | Top5: 8689/10000 (86.89%) (2.47s)
2026-01-18 21:39:11,270 | INFO | Batch 100 | Loss: 0.0547 | Correct: 126/128 | Elapsed Time: 6.87s
2026-01-18 21:39:18,106 | INFO | Batch 200 | Loss: 0.0594 | Correct: 127/128 | Elapsed Time: 6.84s
2026-01-18 21:39:24,941 | INFO | Batch 300 | Loss: 0.0646 | Correct: 126/128 | Elapsed Time: 6.84s
2026-01-18 21:39:31,170 | INFO | Epoch [85/100] - Loss: 0.0554 | Correct: 49463/50000 (98.93%, 26.77s)
2026-01-18 21:39:33,643 | INFO | Validation - Loss: 1.7251 | Top1: 6388/10000 (63.88%) | Top5: 8671/10000 (86.71%) (2.47s)
2026-01-18 21:39:40,481 | INFO | Batch 100 | Loss: 0.0411 | Correct: 128/128 | Elapsed Time: 6.83s
2026-01-18 21:39:47,333 | INFO | Batch 200 | Loss: 0.0382 | Correct: 128/128 | Elapsed Time: 6.85s
2026-01-18 21:39:54,225 | INFO | Batch 300 | Loss: 0.0815 | Correct: 125/128 | Elapsed Time: 6.89s
2026-01-18 21:40:00,487 | INFO | Epoch [86/100] - Loss: 0.0537 | Correct: 49484/50000 (98.97%, 26.84s)
2026-01-18 21:40:03,003 | INFO | Validation - Loss: 1.7195 | Top1: 6396/10000 (63.96%) | Top5: 8682/10000 (86.82%) (2.51s)
2026-01-18 21:40:09,901 | INFO | Batch 100 | Loss: 0.0363 | Correct: 128/128 | Elapsed Time: 6.90s
2026-01-18 21:40:16,785 | INFO | Batch 200 | Loss: 0.0385 | Correct: 127/128 | Elapsed Time: 6.88s
2026-01-18 21:40:23,663 | INFO | Batch 300 | Loss: 0.0431 | Correct: 128/128 | Elapsed Time: 6.88s
2026-01-18 21:40:29,867 | INFO | Epoch [87/100] - Loss: 0.0547 | Correct: 49447/50000 (98.89%, 26.86s)
2026-01-18 21:40:32,392 | INFO | Validation - Loss: 1.7128 | Top1: 6389/10000 (63.89%) | Top5: 8687/10000 (86.87%) (2.52s)
2026-01-18 21:40:39,294 | INFO | Batch 100 | Loss: 0.0391 | Correct: 127/128 | Elapsed Time: 6.90s
2026-01-18 21:40:46,175 | INFO | Batch 200 | Loss: 0.0421 | Correct: 127/128 | Elapsed Time: 6.88s
2026-01-18 21:40:53,049 | INFO | Batch 300 | Loss: 0.0673 | Correct: 125/128 | Elapsed Time: 6.87s
2026-01-18 21:40:59,239 | INFO | Epoch [88/100] - Loss: 0.0543 | Correct: 49458/50000 (98.92%, 26.84s)
2026-01-18 21:41:01,774 | INFO | Validation - Loss: 1.7161 | Top1: 6398/10000 (63.98%) | Top5: 8676/10000 (86.76%) (2.53s)
2026-01-18 21:41:08,665 | INFO | Batch 100 | Loss: 0.0682 | Correct: 127/128 | Elapsed Time: 6.89s
2026-01-18 21:41:15,651 | INFO | Batch 200 | Loss: 0.0313 | Correct: 128/128 | Elapsed Time: 6.99s
2026-01-18 21:41:22,527 | INFO | Batch 300 | Loss: 0.0374 | Correct: 128/128 | Elapsed Time: 6.88s
2026-01-18 21:41:28,749 | INFO | Epoch [89/100] - Loss: 0.0546 | Correct: 49435/50000 (98.87%, 26.97s)
2026-01-18 21:41:31,258 | INFO | Validation - Loss: 1.7100 | Top1: 6388/10000 (63.88%) | Top5: 8686/10000 (86.86%) (2.51s)
2026-01-18 21:41:38,101 | INFO | Batch 100 | Loss: 0.0508 | Correct: 127/128 | Elapsed Time: 6.84s
2026-01-18 21:41:44,954 | INFO | Batch 200 | Loss: 0.0426 | Correct: 127/128 | Elapsed Time: 6.85s
2026-01-18 21:41:51,808 | INFO | Batch 300 | Loss: 0.0778 | Correct: 125/128 | Elapsed Time: 6.85s
2026-01-18 21:41:58,029 | INFO | Epoch [90/100] - Loss: 0.0531 | Correct: 49480/50000 (98.96%, 26.77s)
2026-01-18 21:42:00,546 | INFO | Validation - Loss: 1.7144 | Top1: 6382/10000 (63.82%) | Top5: 8688/10000 (86.88%) (2.52s)
2026-01-18 21:42:07,388 | INFO | Batch 100 | Loss: 0.0404 | Correct: 127/128 | Elapsed Time: 6.84s
2026-01-18 21:42:14,236 | INFO | Batch 200 | Loss: 0.0424 | Correct: 125/128 | Elapsed Time: 6.85s
2026-01-18 21:42:21,107 | INFO | Batch 300 | Loss: 0.0689 | Correct: 124/128 | Elapsed Time: 6.87s
2026-01-18 21:42:27,315 | INFO | Epoch [91/100] - Loss: 0.0548 | Correct: 49440/50000 (98.88%, 26.77s)
2026-01-18 21:42:29,775 | INFO | Validation - Loss: 1.7156 | Top1: 6401/10000 (64.01%) | Top5: 8675/10000 (86.75%) (2.46s)
2026-01-18 21:42:36,633 | INFO | Batch 100 | Loss: 0.0316 | Correct: 128/128 | Elapsed Time: 6.85s
2026-01-18 21:42:43,456 | INFO | Batch 200 | Loss: 0.0567 | Correct: 124/128 | Elapsed Time: 6.82s
2026-01-18 21:42:50,298 | INFO | Batch 300 | Loss: 0.0615 | Correct: 126/128 | Elapsed Time: 6.84s
2026-01-18 21:42:56,467 | INFO | Epoch [92/100] - Loss: 0.0542 | Correct: 49471/50000 (98.94%, 26.69s)
2026-01-18 21:42:58,922 | INFO | Validation - Loss: 1.7146 | Top1: 6381/10000 (63.81%) | Top5: 8678/10000 (86.78%) (2.45s)
2026-01-18 21:43:05,772 | INFO | Batch 100 | Loss: 0.0482 | Correct: 128/128 | Elapsed Time: 6.85s
2026-01-18 21:43:12,658 | INFO | Batch 200 | Loss: 0.0789 | Correct: 125/128 | Elapsed Time: 6.89s
2026-01-18 21:43:19,493 | INFO | Batch 300 | Loss: 0.0800 | Correct: 124/128 | Elapsed Time: 6.84s
2026-01-18 21:43:25,751 | INFO | Epoch [93/100] - Loss: 0.0562 | Correct: 49417/50000 (98.83%, 26.83s)
2026-01-18 21:43:28,256 | INFO | Validation - Loss: 1.7132 | Top1: 6392/10000 (63.92%) | Top5: 8682/10000 (86.82%) (2.50s)
2026-01-18 21:43:35,172 | INFO | Batch 100 | Loss: 0.0455 | Correct: 127/128 | Elapsed Time: 6.91s
2026-01-18 21:43:42,064 | INFO | Batch 200 | Loss: 0.1093 | Correct: 124/128 | Elapsed Time: 6.89s
2026-01-18 21:43:48,919 | INFO | Batch 300 | Loss: 0.0631 | Correct: 125/128 | Elapsed Time: 6.85s
2026-01-18 21:43:55,104 | INFO | Epoch [94/100] - Loss: 0.0558 | Correct: 49439/50000 (98.88%, 26.84s)
2026-01-18 21:43:57,629 | INFO | Validation - Loss: 1.7281 | Top1: 6405/10000 (64.05%) | Top5: 8686/10000 (86.86%) (2.52s)
2026-01-18 21:44:04,489 | INFO | Batch 100 | Loss: 0.0667 | Correct: 125/128 | Elapsed Time: 6.86s
2026-01-18 21:44:11,338 | INFO | Batch 200 | Loss: 0.0582 | Correct: 125/128 | Elapsed Time: 6.85s
2026-01-18 21:44:18,229 | INFO | Batch 300 | Loss: 0.0816 | Correct: 125/128 | Elapsed Time: 6.89s
2026-01-18 21:44:24,495 | INFO | Epoch [95/100] - Loss: 0.0548 | Correct: 49463/50000 (98.93%, 26.86s)
2026-01-18 21:44:27,012 | INFO | Validation - Loss: 1.7128 | Top1: 6391/10000 (63.91%) | Top5: 8688/10000 (86.88%) (2.52s)
2026-01-18 21:44:33,920 | INFO | Batch 100 | Loss: 0.0533 | Correct: 127/128 | Elapsed Time: 6.90s
2026-01-18 21:44:40,757 | INFO | Batch 200 | Loss: 0.0587 | Correct: 125/128 | Elapsed Time: 6.84s
2026-01-18 21:44:47,615 | INFO | Batch 300 | Loss: 0.0709 | Correct: 124/128 | Elapsed Time: 6.86s
2026-01-18 21:44:53,876 | INFO | Epoch [96/100] - Loss: 0.0553 | Correct: 49441/50000 (98.88%, 26.86s)
2026-01-18 21:44:56,403 | INFO | Validation - Loss: 1.7153 | Top1: 6385/10000 (63.85%) | Top5: 8691/10000 (86.91%) (2.53s)
2026-01-18 21:45:03,233 | INFO | Batch 100 | Loss: 0.0617 | Correct: 127/128 | Elapsed Time: 6.83s
2026-01-18 21:45:10,070 | INFO | Batch 200 | Loss: 0.1158 | Correct: 124/128 | Elapsed Time: 6.84s
2026-01-18 21:45:16,882 | INFO | Batch 300 | Loss: 0.0529 | Correct: 126/128 | Elapsed Time: 6.81s
2026-01-18 21:45:23,088 | INFO | Epoch [97/100] - Loss: 0.0558 | Correct: 49386/50000 (98.77%, 26.68s)
2026-01-18 21:45:25,574 | INFO | Validation - Loss: 1.7150 | Top1: 6395/10000 (63.95%) | Top5: 8678/10000 (86.78%) (2.49s)
2026-01-18 21:45:32,402 | INFO | Batch 100 | Loss: 0.0530 | Correct: 127/128 | Elapsed Time: 6.82s
2026-01-18 21:45:39,260 | INFO | Batch 200 | Loss: 0.0442 | Correct: 127/128 | Elapsed Time: 6.86s
2026-01-18 21:45:46,117 | INFO | Batch 300 | Loss: 0.0395 | Correct: 128/128 | Elapsed Time: 6.86s
2026-01-18 21:45:52,324 | INFO | Epoch [98/100] - Loss: 0.0538 | Correct: 49447/50000 (98.89%, 26.75s)
2026-01-18 21:45:54,792 | INFO | Validation - Loss: 1.7260 | Top1: 6379/10000 (63.79%) | Top5: 8659/10000 (86.59%) (2.47s)
2026-01-18 21:46:01,657 | INFO | Batch 100 | Loss: 0.0594 | Correct: 125/128 | Elapsed Time: 6.86s
2026-01-18 21:46:08,516 | INFO | Batch 200 | Loss: 0.0441 | Correct: 128/128 | Elapsed Time: 6.86s
2026-01-18 21:46:15,414 | INFO | Batch 300 | Loss: 0.0822 | Correct: 125/128 | Elapsed Time: 6.90s
2026-01-18 21:46:21,647 | INFO | Epoch [99/100] - Loss: 0.0538 | Correct: 49463/50000 (98.93%, 26.85s)
2026-01-18 21:46:24,130 | INFO | Validation - Loss: 1.7146 | Top1: 6393/10000 (63.93%) | Top5: 8687/10000 (86.87%) (2.48s)
2026-01-18 21:46:30,952 | INFO | Batch 100 | Loss: 0.0395 | Correct: 128/128 | Elapsed Time: 6.82s
2026-01-18 21:46:37,807 | INFO | Batch 200 | Loss: 0.0551 | Correct: 126/128 | Elapsed Time: 6.85s
2026-01-18 21:46:44,650 | INFO | Batch 300 | Loss: 0.0366 | Correct: 128/128 | Elapsed Time: 6.84s
2026-01-18 21:46:50,862 | INFO | Epoch [100/100] - Loss: 0.0551 | Correct: 49452/50000 (98.90%, 26.73s)
2026-01-18 21:46:53,326 | INFO | Validation - Loss: 1.7124 | Top1: 6392/10000 (63.92%) | Top5: 8678/10000 (86.78%) (2.46s)
2026-01-18 21:46:53,330 | INFO | Training complete.
2026-01-18 21:46:53,394 | INFO | Final model saved to ./checkpoints/resnet18_fp_final_20260118_205753.pt
