2026-02-11 21:01:34,811 | INFO | Training ShuffleNetV2 on CIFAR-10 with FP (dtype=torch.bfloat16) on device cuda:0
2026-02-11 21:01:34,811 | INFO | Hyperparameters: epochs=100, batch_size=128, lr=0.05, momentum=0.9, weight_decay=0.0001
2026-02-11 21:01:42,954 | INFO | Batch 100 | Loss: 2.0156 | Correct: 35/128 | Elapsed Time: 8.14s
2026-02-11 21:01:50,037 | INFO | Batch 200 | Loss: 2.0156 | Correct: 39/128 | Elapsed Time: 7.08s
2026-02-11 21:01:57,171 | INFO | Batch 300 | Loss: 2.4531 | Correct: 44/128 | Elapsed Time: 7.13s
2026-02-11 21:02:03,573 | INFO | Epoch [1/100] - Loss: 2.1429 | Correct: 13868/50000 (27.74%, 28.76s)
2026-02-11 21:02:06,495 | INFO | Validation - Loss: 1.6730 | Correct: 4086/10000 (40.86%, 2.92s)
2026-02-11 21:02:06,555 | INFO | New best model saved at epoch 1 with Top1 Acc: 40.86%
2026-02-11 21:02:13,549 | INFO | Batch 100 | Loss: 1.5156 | Correct: 60/128 | Elapsed Time: 6.99s
2026-02-11 21:02:20,496 | INFO | Batch 200 | Loss: 1.5859 | Correct: 53/128 | Elapsed Time: 6.95s
2026-02-11 21:02:27,484 | INFO | Batch 300 | Loss: 1.5078 | Correct: 58/128 | Elapsed Time: 6.99s
2026-02-11 21:02:33,874 | INFO | Epoch [2/100] - Loss: 1.5775 | Correct: 21077/50000 (42.15%, 27.32s)
2026-02-11 21:02:36,754 | INFO | Validation - Loss: 1.4351 | Correct: 4721/10000 (47.21%, 2.88s)
2026-02-11 21:02:36,804 | INFO | New best model saved at epoch 2 with Top1 Acc: 47.21%
2026-02-11 21:02:43,797 | INFO | Batch 100 | Loss: 1.4453 | Correct: 57/128 | Elapsed Time: 6.99s
2026-02-11 21:02:50,793 | INFO | Batch 200 | Loss: 1.4297 | Correct: 63/128 | Elapsed Time: 7.00s
2026-02-11 21:02:57,749 | INFO | Batch 300 | Loss: 1.4062 | Correct: 70/128 | Elapsed Time: 6.96s
2026-02-11 21:03:04,068 | INFO | Epoch [3/100] - Loss: 1.4455 | Correct: 23595/50000 (47.19%, 27.26s)
2026-02-11 21:03:06,944 | INFO | Validation - Loss: 1.3389 | Correct: 5135/10000 (51.35%, 2.87s)
2026-02-11 21:03:07,000 | INFO | New best model saved at epoch 3 with Top1 Acc: 51.35%
2026-02-11 21:03:13,948 | INFO | Batch 100 | Loss: 1.3203 | Correct: 64/128 | Elapsed Time: 6.95s
2026-02-11 21:03:20,936 | INFO | Batch 200 | Loss: 1.1797 | Correct: 73/128 | Elapsed Time: 6.99s
2026-02-11 21:03:27,903 | INFO | Batch 300 | Loss: 1.4922 | Correct: 62/128 | Elapsed Time: 6.97s
2026-02-11 21:03:34,249 | INFO | Epoch [4/100] - Loss: 1.3779 | Correct: 24782/50000 (49.56%, 27.25s)
2026-02-11 21:03:37,138 | INFO | Validation - Loss: 1.2896 | Correct: 5327/10000 (53.27%, 2.89s)
2026-02-11 21:03:37,191 | INFO | New best model saved at epoch 4 with Top1 Acc: 53.27%
2026-02-11 21:03:44,169 | INFO | Batch 100 | Loss: 1.2734 | Correct: 67/128 | Elapsed Time: 6.98s
2026-02-11 21:03:51,122 | INFO | Batch 200 | Loss: 1.2188 | Correct: 70/128 | Elapsed Time: 6.95s
2026-02-11 21:03:58,115 | INFO | Batch 300 | Loss: 1.3359 | Correct: 63/128 | Elapsed Time: 6.99s
2026-02-11 21:04:04,408 | INFO | Epoch [5/100] - Loss: 1.3212 | Correct: 26074/50000 (52.15%, 27.22s)
2026-02-11 21:04:07,293 | INFO | Validation - Loss: 1.2598 | Correct: 5447/10000 (54.47%, 2.88s)
2026-02-11 21:04:07,344 | INFO | New best model saved at epoch 5 with Top1 Acc: 54.47%
2026-02-11 21:04:14,267 | INFO | Batch 100 | Loss: 1.4141 | Correct: 61/128 | Elapsed Time: 6.92s
2026-02-11 21:04:21,198 | INFO | Batch 200 | Loss: 1.3359 | Correct: 70/128 | Elapsed Time: 6.93s
2026-02-11 21:04:28,126 | INFO | Batch 300 | Loss: 1.3359 | Correct: 65/128 | Elapsed Time: 6.93s
2026-02-11 21:04:34,417 | INFO | Epoch [6/100] - Loss: 1.2769 | Correct: 26876/50000 (53.75%, 27.07s)
2026-02-11 21:04:37,317 | INFO | Validation - Loss: 1.2508 | Correct: 5507/10000 (55.07%, 2.90s)
2026-02-11 21:04:37,370 | INFO | New best model saved at epoch 6 with Top1 Acc: 55.07%
2026-02-11 21:04:44,376 | INFO | Batch 100 | Loss: 1.1641 | Correct: 71/128 | Elapsed Time: 7.01s
2026-02-11 21:04:51,347 | INFO | Batch 200 | Loss: 1.3594 | Correct: 64/128 | Elapsed Time: 6.97s
2026-02-11 21:04:58,302 | INFO | Batch 300 | Loss: 1.1719 | Correct: 73/128 | Elapsed Time: 6.96s
2026-02-11 21:05:04,627 | INFO | Epoch [7/100] - Loss: 1.2373 | Correct: 27689/50000 (55.38%, 27.26s)
2026-02-11 21:05:07,503 | INFO | Validation - Loss: 1.2334 | Correct: 5516/10000 (55.16%, 2.88s)
2026-02-11 21:05:07,554 | INFO | New best model saved at epoch 7 with Top1 Acc: 55.16%
2026-02-11 21:05:14,540 | INFO | Batch 100 | Loss: 1.1875 | Correct: 74/128 | Elapsed Time: 6.99s
2026-02-11 21:05:21,517 | INFO | Batch 200 | Loss: 1.1484 | Correct: 80/128 | Elapsed Time: 6.98s
2026-02-11 21:05:28,484 | INFO | Batch 300 | Loss: 1.2969 | Correct: 64/128 | Elapsed Time: 6.97s
2026-02-11 21:05:34,804 | INFO | Epoch [8/100] - Loss: 1.2007 | Correct: 28434/50000 (56.87%, 27.25s)
2026-02-11 21:05:37,703 | INFO | Validation - Loss: 1.1800 | Correct: 5787/10000 (57.87%, 2.90s)
2026-02-11 21:05:37,757 | INFO | New best model saved at epoch 8 with Top1 Acc: 57.87%
2026-02-11 21:05:44,717 | INFO | Batch 100 | Loss: 0.9844 | Correct: 81/128 | Elapsed Time: 6.96s
2026-02-11 21:05:51,724 | INFO | Batch 200 | Loss: 1.2656 | Correct: 72/128 | Elapsed Time: 7.01s
2026-02-11 21:05:58,691 | INFO | Batch 300 | Loss: 1.2266 | Correct: 73/128 | Elapsed Time: 6.97s
2026-02-11 21:06:05,024 | INFO | Epoch [9/100] - Loss: 1.1726 | Correct: 28959/50000 (57.92%, 27.27s)
2026-02-11 21:06:07,916 | INFO | Validation - Loss: 1.1804 | Correct: 5832/10000 (58.32%, 2.89s)
2026-02-11 21:06:07,969 | INFO | New best model saved at epoch 9 with Top1 Acc: 58.32%
2026-02-11 21:06:14,876 | INFO | Batch 100 | Loss: 1.1641 | Correct: 71/128 | Elapsed Time: 6.91s
2026-02-11 21:06:21,775 | INFO | Batch 200 | Loss: 1.1328 | Correct: 75/128 | Elapsed Time: 6.90s
2026-02-11 21:06:28,728 | INFO | Batch 300 | Loss: 1.1562 | Correct: 74/128 | Elapsed Time: 6.95s
2026-02-11 21:06:35,045 | INFO | Epoch [10/100] - Loss: 1.1542 | Correct: 29329/50000 (58.66%, 27.08s)
2026-02-11 21:06:37,905 | INFO | Validation - Loss: 1.1299 | Correct: 6020/10000 (60.20%, 2.86s)
2026-02-11 21:06:37,957 | INFO | New best model saved at epoch 10 with Top1 Acc: 60.20%
2026-02-11 21:06:44,915 | INFO | Batch 100 | Loss: 1.2500 | Correct: 69/128 | Elapsed Time: 6.96s
2026-02-11 21:06:51,906 | INFO | Batch 200 | Loss: 1.1328 | Correct: 82/128 | Elapsed Time: 6.99s
2026-02-11 21:06:58,865 | INFO | Batch 300 | Loss: 1.2109 | Correct: 72/128 | Elapsed Time: 6.96s
2026-02-11 21:07:05,175 | INFO | Epoch [11/100] - Loss: 1.1445 | Correct: 29407/50000 (58.81%, 27.22s)
2026-02-11 21:07:08,052 | INFO | Validation - Loss: 1.1208 | Correct: 5993/10000 (59.93%, 2.88s)
2026-02-11 21:07:15,020 | INFO | Batch 100 | Loss: 1.1953 | Correct: 73/128 | Elapsed Time: 6.97s
2026-02-11 21:07:22,019 | INFO | Batch 200 | Loss: 1.0938 | Correct: 77/128 | Elapsed Time: 7.00s
2026-02-11 21:07:29,006 | INFO | Batch 300 | Loss: 1.1484 | Correct: 77/128 | Elapsed Time: 6.99s
2026-02-11 21:07:35,341 | INFO | Epoch [12/100] - Loss: 1.1134 | Correct: 29968/50000 (59.94%, 27.29s)
2026-02-11 21:07:38,227 | INFO | Validation - Loss: 1.0853 | Correct: 6161/10000 (61.61%, 2.89s)
2026-02-11 21:07:38,278 | INFO | New best model saved at epoch 12 with Top1 Acc: 61.61%
2026-02-11 21:07:45,281 | INFO | Batch 100 | Loss: 1.0625 | Correct: 71/128 | Elapsed Time: 7.00s
2026-02-11 21:07:52,246 | INFO | Batch 200 | Loss: 1.0625 | Correct: 86/128 | Elapsed Time: 6.96s
2026-02-11 21:07:59,197 | INFO | Batch 300 | Loss: 0.9844 | Correct: 84/128 | Elapsed Time: 6.95s
2026-02-11 21:08:05,519 | INFO | Epoch [13/100] - Loss: 1.0809 | Correct: 30561/50000 (61.12%, 27.24s)
2026-02-11 21:08:08,383 | INFO | Validation - Loss: 1.0524 | Correct: 6253/10000 (62.53%, 2.86s)
2026-02-11 21:08:08,435 | INFO | New best model saved at epoch 13 with Top1 Acc: 62.53%
2026-02-11 21:08:15,401 | INFO | Batch 100 | Loss: 1.1641 | Correct: 74/128 | Elapsed Time: 6.97s
2026-02-11 21:08:22,353 | INFO | Batch 200 | Loss: 1.1719 | Correct: 72/128 | Elapsed Time: 6.95s
2026-02-11 21:08:29,330 | INFO | Batch 300 | Loss: 1.2031 | Correct: 78/128 | Elapsed Time: 6.98s
2026-02-11 21:08:35,748 | INFO | Epoch [14/100] - Loss: 1.0791 | Correct: 30619/50000 (61.24%, 27.31s)
2026-02-11 21:08:38,628 | INFO | Validation - Loss: 1.0494 | Correct: 6251/10000 (62.51%, 2.88s)
2026-02-11 21:08:45,584 | INFO | Batch 100 | Loss: 0.9688 | Correct: 86/128 | Elapsed Time: 6.96s
2026-02-11 21:08:52,507 | INFO | Batch 200 | Loss: 0.9648 | Correct: 84/128 | Elapsed Time: 6.92s
2026-02-11 21:08:59,423 | INFO | Batch 300 | Loss: 0.8867 | Correct: 90/128 | Elapsed Time: 6.92s
2026-02-11 21:09:05,824 | INFO | Epoch [15/100] - Loss: 1.0539 | Correct: 31186/50000 (62.37%, 27.19s)
2026-02-11 21:09:08,742 | INFO | Validation - Loss: 1.0567 | Correct: 6267/10000 (62.67%, 2.92s)
2026-02-11 21:09:08,796 | INFO | New best model saved at epoch 15 with Top1 Acc: 62.67%
2026-02-11 21:09:15,864 | INFO | Batch 100 | Loss: 0.9375 | Correct: 82/128 | Elapsed Time: 7.07s
2026-02-11 21:09:22,955 | INFO | Batch 200 | Loss: 1.1406 | Correct: 78/128 | Elapsed Time: 7.09s
2026-02-11 21:09:30,027 | INFO | Batch 300 | Loss: 1.1094 | Correct: 77/128 | Elapsed Time: 7.07s
2026-02-11 21:09:36,467 | INFO | Epoch [16/100] - Loss: 1.0332 | Correct: 31519/50000 (63.04%, 27.67s)
2026-02-11 21:09:39,376 | INFO | Validation - Loss: 1.0538 | Correct: 6288/10000 (62.88%, 2.91s)
2026-02-11 21:09:39,429 | INFO | New best model saved at epoch 16 with Top1 Acc: 62.88%
2026-02-11 21:09:46,535 | INFO | Batch 100 | Loss: 1.0312 | Correct: 80/128 | Elapsed Time: 7.11s
2026-02-11 21:09:53,562 | INFO | Batch 200 | Loss: 1.0703 | Correct: 78/128 | Elapsed Time: 7.03s
2026-02-11 21:10:00,577 | INFO | Batch 300 | Loss: 0.8945 | Correct: 81/128 | Elapsed Time: 7.01s
2026-02-11 21:10:06,959 | INFO | Epoch [17/100] - Loss: 1.0183 | Correct: 31847/50000 (63.69%, 27.53s)
2026-02-11 21:10:09,872 | INFO | Validation - Loss: 1.1464 | Correct: 6314/10000 (63.14%, 2.91s)
2026-02-11 21:10:09,925 | INFO | New best model saved at epoch 17 with Top1 Acc: 63.14%
2026-02-11 21:10:16,966 | INFO | Batch 100 | Loss: 1.1328 | Correct: 70/128 | Elapsed Time: 7.04s
2026-02-11 21:10:23,981 | INFO | Batch 200 | Loss: 0.8633 | Correct: 83/128 | Elapsed Time: 7.02s
2026-02-11 21:10:31,004 | INFO | Batch 300 | Loss: 0.9648 | Correct: 87/128 | Elapsed Time: 7.02s
2026-02-11 21:10:37,345 | INFO | Epoch [18/100] - Loss: 1.0177 | Correct: 31738/50000 (63.48%, 27.42s)
2026-02-11 21:10:40,195 | INFO | Validation - Loss: 1.0279 | Correct: 6322/10000 (63.22%, 2.85s)
2026-02-11 21:10:40,248 | INFO | New best model saved at epoch 18 with Top1 Acc: 63.22%
2026-02-11 21:10:47,285 | INFO | Batch 100 | Loss: 0.9414 | Correct: 84/128 | Elapsed Time: 7.04s
2026-02-11 21:10:54,287 | INFO | Batch 200 | Loss: 0.9414 | Correct: 86/128 | Elapsed Time: 7.00s
2026-02-11 21:11:01,321 | INFO | Batch 300 | Loss: 0.8516 | Correct: 88/128 | Elapsed Time: 7.03s
2026-02-11 21:11:07,667 | INFO | Epoch [19/100] - Loss: 0.9857 | Correct: 32419/50000 (64.84%, 27.42s)
2026-02-11 21:11:10,492 | INFO | Validation - Loss: 1.0231 | Correct: 6362/10000 (63.62%, 2.82s)
2026-02-11 21:11:10,542 | INFO | New best model saved at epoch 19 with Top1 Acc: 63.62%
2026-02-11 21:11:17,469 | INFO | Batch 100 | Loss: 0.9883 | Correct: 82/128 | Elapsed Time: 6.93s
2026-02-11 21:11:24,445 | INFO | Batch 200 | Loss: 1.0703 | Correct: 82/128 | Elapsed Time: 6.98s
2026-02-11 21:11:31,411 | INFO | Batch 300 | Loss: 0.9727 | Correct: 80/128 | Elapsed Time: 6.97s
2026-02-11 21:11:37,764 | INFO | Epoch [20/100] - Loss: 0.9806 | Correct: 32583/50000 (65.17%, 27.22s)
2026-02-11 21:11:40,616 | INFO | Validation - Loss: 0.9870 | Correct: 6591/10000 (65.91%, 2.85s)
2026-02-11 21:11:40,670 | INFO | New best model saved at epoch 20 with Top1 Acc: 65.91%
2026-02-11 21:11:47,698 | INFO | Batch 100 | Loss: 0.9180 | Correct: 88/128 | Elapsed Time: 7.03s
2026-02-11 21:11:54,666 | INFO | Batch 200 | Loss: 0.9141 | Correct: 88/128 | Elapsed Time: 6.97s
2026-02-11 21:12:01,660 | INFO | Batch 300 | Loss: 1.0469 | Correct: 79/128 | Elapsed Time: 6.99s
2026-02-11 21:12:08,041 | INFO | Epoch [21/100] - Loss: 1.0228 | Correct: 31843/50000 (63.69%, 27.37s)
2026-02-11 21:12:10,897 | INFO | Validation - Loss: 1.0220 | Correct: 6416/10000 (64.16%, 2.86s)
2026-02-11 21:12:17,922 | INFO | Batch 100 | Loss: 1.0781 | Correct: 72/128 | Elapsed Time: 7.02s
2026-02-11 21:12:24,859 | INFO | Batch 200 | Loss: 1.0469 | Correct: 74/128 | Elapsed Time: 6.94s
2026-02-11 21:12:31,916 | INFO | Batch 300 | Loss: 0.9727 | Correct: 86/128 | Elapsed Time: 7.06s
2026-02-11 21:12:38,274 | INFO | Epoch [22/100] - Loss: 1.0689 | Correct: 30885/50000 (61.77%, 27.38s)
2026-02-11 21:12:41,137 | INFO | Validation - Loss: 0.9757 | Correct: 6569/10000 (65.69%, 2.86s)
2026-02-11 21:12:48,151 | INFO | Batch 100 | Loss: 1.0469 | Correct: 84/128 | Elapsed Time: 7.01s
2026-02-11 21:12:55,128 | INFO | Batch 200 | Loss: 0.8477 | Correct: 87/128 | Elapsed Time: 6.98s
2026-02-11 21:13:02,095 | INFO | Batch 300 | Loss: 0.9336 | Correct: 85/128 | Elapsed Time: 6.97s
2026-02-11 21:13:08,443 | INFO | Epoch [23/100] - Loss: 1.0019 | Correct: 32068/50000 (64.14%, 27.30s)
2026-02-11 21:13:11,355 | INFO | Validation - Loss: 0.9529 | Correct: 6648/10000 (66.48%, 2.91s)
2026-02-11 21:13:11,405 | INFO | New best model saved at epoch 23 with Top1 Acc: 66.48%
2026-02-11 21:13:18,436 | INFO | Batch 100 | Loss: 0.9961 | Correct: 75/128 | Elapsed Time: 7.03s
2026-02-11 21:13:25,403 | INFO | Batch 200 | Loss: 0.7695 | Correct: 98/128 | Elapsed Time: 6.97s
2026-02-11 21:13:32,339 | INFO | Batch 300 | Loss: 1.0234 | Correct: 81/128 | Elapsed Time: 6.94s
2026-02-11 21:13:38,647 | INFO | Epoch [24/100] - Loss: 0.9724 | Correct: 32601/50000 (65.20%, 27.24s)
2026-02-11 21:13:41,499 | INFO | Validation - Loss: 0.9741 | Correct: 6577/10000 (65.77%, 2.85s)
2026-02-11 21:13:48,457 | INFO | Batch 100 | Loss: 0.9297 | Correct: 83/128 | Elapsed Time: 6.96s
2026-02-11 21:13:55,405 | INFO | Batch 200 | Loss: 0.8789 | Correct: 82/128 | Elapsed Time: 6.95s
2026-02-11 21:14:02,350 | INFO | Batch 300 | Loss: 1.6484 | Correct: 46/128 | Elapsed Time: 6.94s
2026-02-11 21:14:08,650 | INFO | Epoch [25/100] - Loss: 1.3248 | Correct: 26190/50000 (52.38%, 27.15s)
2026-02-11 21:14:11,500 | INFO | Validation - Loss: 1.4803 | Correct: 4612/10000 (46.12%, 2.85s)
2026-02-11 21:14:18,440 | INFO | Batch 100 | Loss: 1.5078 | Correct: 53/128 | Elapsed Time: 6.94s
2026-02-11 21:14:25,368 | INFO | Batch 200 | Loss: 1.5000 | Correct: 61/128 | Elapsed Time: 6.93s
2026-02-11 21:14:32,329 | INFO | Batch 300 | Loss: 1.4531 | Correct: 61/128 | Elapsed Time: 6.96s
2026-02-11 21:14:38,636 | INFO | Epoch [26/100] - Loss: 1.4364 | Correct: 24010/50000 (48.02%, 27.13s)
2026-02-11 21:14:41,503 | INFO | Validation - Loss: 1.2963 | Correct: 5275/10000 (52.75%, 2.87s)
2026-02-11 21:14:48,447 | INFO | Batch 100 | Loss: 1.4766 | Correct: 61/128 | Elapsed Time: 6.94s
2026-02-11 21:14:55,395 | INFO | Batch 200 | Loss: 1.3047 | Correct: 71/128 | Elapsed Time: 6.95s
2026-02-11 21:15:02,330 | INFO | Batch 300 | Loss: 1.2812 | Correct: 71/128 | Elapsed Time: 6.94s
2026-02-11 21:15:08,650 | INFO | Epoch [27/100] - Loss: 1.3212 | Correct: 26178/50000 (52.36%, 27.15s)
2026-02-11 21:15:11,527 | INFO | Validation - Loss: 1.2327 | Correct: 5587/10000 (55.87%, 2.88s)
2026-02-11 21:15:18,471 | INFO | Batch 100 | Loss: 1.3047 | Correct: 65/128 | Elapsed Time: 6.94s
2026-02-11 21:15:25,432 | INFO | Batch 200 | Loss: 1.3125 | Correct: 68/128 | Elapsed Time: 6.96s
2026-02-11 21:15:32,352 | INFO | Batch 300 | Loss: 1.2031 | Correct: 75/128 | Elapsed Time: 6.92s
2026-02-11 21:15:38,682 | INFO | Epoch [28/100] - Loss: 1.2392 | Correct: 27609/50000 (55.22%, 27.15s)
2026-02-11 21:15:41,555 | INFO | Validation - Loss: 1.1765 | Correct: 5768/10000 (57.68%, 2.87s)
2026-02-11 21:15:48,534 | INFO | Batch 100 | Loss: 1.1797 | Correct: 82/128 | Elapsed Time: 6.98s
2026-02-11 21:15:55,496 | INFO | Batch 200 | Loss: 1.3203 | Correct: 77/128 | Elapsed Time: 6.96s
2026-02-11 21:16:02,415 | INFO | Batch 300 | Loss: 1.2656 | Correct: 76/128 | Elapsed Time: 6.92s
2026-02-11 21:16:08,714 | INFO | Epoch [29/100] - Loss: 1.2370 | Correct: 27933/50000 (55.87%, 27.16s)
2026-02-11 21:16:11,596 | INFO | Validation - Loss: 1.1624 | Correct: 5833/10000 (58.33%, 2.88s)
2026-02-11 21:16:18,610 | INFO | Batch 100 | Loss: 1.3047 | Correct: 69/128 | Elapsed Time: 7.01s
2026-02-11 21:16:25,570 | INFO | Batch 200 | Loss: 1.1328 | Correct: 78/128 | Elapsed Time: 6.96s
2026-02-11 21:16:32,539 | INFO | Batch 300 | Loss: 1.1641 | Correct: 71/128 | Elapsed Time: 6.97s
2026-02-11 21:16:38,889 | INFO | Epoch [30/100] - Loss: 1.1903 | Correct: 28589/50000 (57.18%, 27.29s)
2026-02-11 21:16:41,782 | INFO | Validation - Loss: 1.3845 | Correct: 5316/10000 (53.16%, 2.89s)
2026-02-11 21:16:48,764 | INFO | Batch 100 | Loss: 1.1953 | Correct: 70/128 | Elapsed Time: 6.98s
2026-02-11 21:16:55,709 | INFO | Batch 200 | Loss: 1.1797 | Correct: 69/128 | Elapsed Time: 6.94s
2026-02-11 21:17:02,649 | INFO | Batch 300 | Loss: 0.9688 | Correct: 83/128 | Elapsed Time: 6.94s
2026-02-11 21:17:08,961 | INFO | Epoch [31/100] - Loss: 1.1855 | Correct: 28797/50000 (57.59%, 27.18s)
2026-02-11 21:17:11,807 | INFO | Validation - Loss: 1.0951 | Correct: 6089/10000 (60.89%, 2.84s)
2026-02-11 21:17:18,778 | INFO | Batch 100 | Loss: 1.1797 | Correct: 74/128 | Elapsed Time: 6.97s
2026-02-11 21:17:25,703 | INFO | Batch 200 | Loss: 1.0781 | Correct: 81/128 | Elapsed Time: 6.92s
2026-02-11 21:17:32,640 | INFO | Batch 300 | Loss: 0.9609 | Correct: 89/128 | Elapsed Time: 6.94s
2026-02-11 21:17:38,965 | INFO | Epoch [32/100] - Loss: 1.1365 | Correct: 29600/50000 (59.20%, 27.16s)
2026-02-11 21:17:41,841 | INFO | Validation - Loss: 1.1096 | Correct: 6088/10000 (60.88%, 2.87s)
2026-02-11 21:17:48,814 | INFO | Batch 100 | Loss: 1.1406 | Correct: 78/128 | Elapsed Time: 6.97s
2026-02-11 21:17:55,758 | INFO | Batch 200 | Loss: 1.0625 | Correct: 83/128 | Elapsed Time: 6.94s
2026-02-11 21:18:02,692 | INFO | Batch 300 | Loss: 1.1016 | Correct: 76/128 | Elapsed Time: 6.93s
2026-02-11 21:18:08,971 | INFO | Epoch [33/100] - Loss: 1.1205 | Correct: 30103/50000 (60.21%, 27.13s)
2026-02-11 21:18:11,801 | INFO | Validation - Loss: 1.1042 | Correct: 6096/10000 (60.96%, 2.83s)
2026-02-11 21:18:18,780 | INFO | Batch 100 | Loss: 1.0781 | Correct: 77/128 | Elapsed Time: 6.98s
2026-02-11 21:18:25,762 | INFO | Batch 200 | Loss: 1.2734 | Correct: 78/128 | Elapsed Time: 6.98s
2026-02-11 21:18:32,688 | INFO | Batch 300 | Loss: 1.5859 | Correct: 59/128 | Elapsed Time: 6.93s
2026-02-11 21:18:39,007 | INFO | Epoch [34/100] - Loss: 1.3476 | Correct: 25719/50000 (51.44%, 27.21s)
2026-02-11 21:18:41,864 | INFO | Validation - Loss: 1.4187 | Correct: 4796/10000 (47.96%, 2.86s)
2026-02-11 21:18:48,831 | INFO | Batch 100 | Loss: 1.4141 | Correct: 69/128 | Elapsed Time: 6.97s
2026-02-11 21:18:55,791 | INFO | Batch 200 | Loss: 1.3906 | Correct: 62/128 | Elapsed Time: 6.96s
2026-02-11 21:19:02,729 | INFO | Batch 300 | Loss: 1.3281 | Correct: 64/128 | Elapsed Time: 6.94s
2026-02-11 21:19:09,041 | INFO | Epoch [35/100] - Loss: 1.4072 | Correct: 24488/50000 (48.98%, 27.18s)
2026-02-11 21:19:11,886 | INFO | Validation - Loss: 1.2600 | Correct: 5479/10000 (54.79%, 2.84s)
2026-02-11 21:19:18,831 | INFO | Batch 100 | Loss: 1.3438 | Correct: 60/128 | Elapsed Time: 6.94s
2026-02-11 21:19:25,769 | INFO | Batch 200 | Loss: 1.3281 | Correct: 66/128 | Elapsed Time: 6.94s
2026-02-11 21:19:32,737 | INFO | Batch 300 | Loss: 1.1406 | Correct: 83/128 | Elapsed Time: 6.97s
2026-02-11 21:19:39,093 | INFO | Epoch [36/100] - Loss: 1.3256 | Correct: 26072/50000 (52.14%, 27.21s)
2026-02-11 21:19:41,970 | INFO | Validation - Loss: 1.2415 | Correct: 5494/10000 (54.94%, 2.88s)
2026-02-11 21:19:48,974 | INFO | Batch 100 | Loss: 1.2344 | Correct: 74/128 | Elapsed Time: 7.00s
2026-02-11 21:19:55,974 | INFO | Batch 200 | Loss: 1.2891 | Correct: 65/128 | Elapsed Time: 7.00s
2026-02-11 21:20:02,988 | INFO | Batch 300 | Loss: 1.3281 | Correct: 70/128 | Elapsed Time: 7.01s
2026-02-11 21:20:09,309 | INFO | Epoch [37/100] - Loss: 1.2699 | Correct: 27117/50000 (54.23%, 27.34s)
2026-02-11 21:20:12,181 | INFO | Validation - Loss: 1.1944 | Correct: 5729/10000 (57.29%, 2.87s)
2026-02-11 21:20:19,185 | INFO | Batch 100 | Loss: 1.2578 | Correct: 64/128 | Elapsed Time: 7.00s
2026-02-11 21:20:26,170 | INFO | Batch 200 | Loss: 1.1250 | Correct: 81/128 | Elapsed Time: 6.98s
2026-02-11 21:20:33,103 | INFO | Batch 300 | Loss: 1.1953 | Correct: 71/128 | Elapsed Time: 6.93s
2026-02-11 21:20:39,431 | INFO | Epoch [38/100] - Loss: 1.2353 | Correct: 27707/50000 (55.41%, 27.25s)
2026-02-11 21:20:42,309 | INFO | Validation - Loss: 1.2167 | Correct: 5705/10000 (57.05%, 2.88s)
2026-02-11 21:20:49,314 | INFO | Batch 100 | Loss: 1.2344 | Correct: 75/128 | Elapsed Time: 7.00s
2026-02-11 21:20:56,305 | INFO | Batch 200 | Loss: 1.2500 | Correct: 72/128 | Elapsed Time: 6.99s
2026-02-11 21:21:03,258 | INFO | Batch 300 | Loss: 1.2656 | Correct: 67/128 | Elapsed Time: 6.95s
2026-02-11 21:21:09,576 | INFO | Epoch [39/100] - Loss: 1.2065 | Correct: 28363/50000 (56.73%, 27.26s)
2026-02-11 21:21:12,445 | INFO | Validation - Loss: 1.1603 | Correct: 5829/10000 (58.29%, 2.87s)
2026-02-11 21:21:19,406 | INFO | Batch 100 | Loss: 1.0391 | Correct: 83/128 | Elapsed Time: 6.96s
2026-02-11 21:21:26,382 | INFO | Batch 200 | Loss: 1.3047 | Correct: 67/128 | Elapsed Time: 6.98s
2026-02-11 21:21:33,339 | INFO | Batch 300 | Loss: 1.2734 | Correct: 72/128 | Elapsed Time: 6.96s
2026-02-11 21:21:39,643 | INFO | Epoch [40/100] - Loss: 1.1836 | Correct: 28686/50000 (57.37%, 27.20s)
2026-02-11 21:21:42,514 | INFO | Validation - Loss: 1.1949 | Correct: 5832/10000 (58.32%, 2.87s)
2026-02-11 21:21:49,516 | INFO | Batch 100 | Loss: 1.0391 | Correct: 86/128 | Elapsed Time: 7.00s
2026-02-11 21:21:56,470 | INFO | Batch 200 | Loss: 1.0547 | Correct: 82/128 | Elapsed Time: 6.95s
2026-02-11 21:22:03,413 | INFO | Batch 300 | Loss: 1.2969 | Correct: 66/128 | Elapsed Time: 6.94s
2026-02-11 21:22:09,701 | INFO | Epoch [41/100] - Loss: 1.1781 | Correct: 28809/50000 (57.62%, 27.19s)
2026-02-11 21:22:12,592 | INFO | Validation - Loss: 1.1290 | Correct: 5934/10000 (59.34%, 2.89s)
2026-02-11 21:22:19,540 | INFO | Batch 100 | Loss: 1.2188 | Correct: 74/128 | Elapsed Time: 6.95s
2026-02-11 21:22:26,469 | INFO | Batch 200 | Loss: 1.2031 | Correct: 70/128 | Elapsed Time: 6.93s
2026-02-11 21:22:33,450 | INFO | Batch 300 | Loss: 1.1016 | Correct: 79/128 | Elapsed Time: 6.98s
2026-02-11 21:22:39,800 | INFO | Epoch [42/100] - Loss: 1.1433 | Correct: 29464/50000 (58.93%, 27.21s)
2026-02-11 21:22:42,710 | INFO | Validation - Loss: 1.1285 | Correct: 6015/10000 (60.15%, 2.91s)
2026-02-11 21:22:49,674 | INFO | Batch 100 | Loss: 1.3672 | Correct: 66/128 | Elapsed Time: 6.96s
2026-02-11 21:22:56,668 | INFO | Batch 200 | Loss: 1.1641 | Correct: 75/128 | Elapsed Time: 6.99s
2026-02-11 21:23:03,729 | INFO | Batch 300 | Loss: 1.1641 | Correct: 74/128 | Elapsed Time: 7.06s
2026-02-11 21:23:10,153 | INFO | Epoch [43/100] - Loss: 1.1274 | Correct: 29745/50000 (59.49%, 27.44s)
2026-02-11 21:23:13,035 | INFO | Validation - Loss: 1.1214 | Correct: 5989/10000 (59.89%, 2.88s)
2026-02-11 21:23:20,073 | INFO | Batch 100 | Loss: 1.2266 | Correct: 69/128 | Elapsed Time: 7.04s
2026-02-11 21:23:27,082 | INFO | Batch 200 | Loss: 0.9922 | Correct: 90/128 | Elapsed Time: 7.01s
2026-02-11 21:23:34,058 | INFO | Batch 300 | Loss: 1.1406 | Correct: 82/128 | Elapsed Time: 6.98s
2026-02-11 21:23:40,411 | INFO | Epoch [44/100] - Loss: 1.1055 | Correct: 30192/50000 (60.38%, 27.37s)
2026-02-11 21:23:43,287 | INFO | Validation - Loss: 1.0885 | Correct: 6161/10000 (61.61%, 2.87s)
2026-02-11 21:23:50,294 | INFO | Batch 100 | Loss: 0.9805 | Correct: 85/128 | Elapsed Time: 7.00s
2026-02-11 21:23:57,290 | INFO | Batch 200 | Loss: 1.2109 | Correct: 76/128 | Elapsed Time: 7.00s
2026-02-11 21:24:04,301 | INFO | Batch 300 | Loss: 1.0703 | Correct: 82/128 | Elapsed Time: 7.01s
2026-02-11 21:24:10,670 | INFO | Epoch [45/100] - Loss: 1.1075 | Correct: 30129/50000 (60.26%, 27.38s)
2026-02-11 21:24:13,526 | INFO | Validation - Loss: 1.0765 | Correct: 6155/10000 (61.55%, 2.86s)
2026-02-11 21:24:20,521 | INFO | Batch 100 | Loss: 1.0703 | Correct: 85/128 | Elapsed Time: 6.99s
2026-02-11 21:24:27,499 | INFO | Batch 200 | Loss: 1.1562 | Correct: 82/128 | Elapsed Time: 6.98s
2026-02-11 21:24:34,484 | INFO | Batch 300 | Loss: 1.0859 | Correct: 77/128 | Elapsed Time: 6.99s
2026-02-11 21:24:40,833 | INFO | Epoch [46/100] - Loss: 1.1069 | Correct: 30076/50000 (60.15%, 27.30s)
2026-02-11 21:24:43,746 | INFO | Validation - Loss: 1.0947 | Correct: 6075/10000 (60.75%, 2.91s)
2026-02-11 21:24:50,745 | INFO | Batch 100 | Loss: 1.1016 | Correct: 77/128 | Elapsed Time: 7.00s
2026-02-11 21:24:57,708 | INFO | Batch 200 | Loss: 1.3047 | Correct: 69/128 | Elapsed Time: 6.96s
2026-02-11 21:25:04,703 | INFO | Batch 300 | Loss: 1.0781 | Correct: 74/128 | Elapsed Time: 7.00s
2026-02-11 21:25:11,035 | INFO | Epoch [47/100] - Loss: 1.1419 | Correct: 29527/50000 (59.05%, 27.29s)
2026-02-11 21:25:13,908 | INFO | Validation - Loss: 1.5030 | Correct: 4666/10000 (46.66%, 2.87s)
2026-02-11 21:25:20,900 | INFO | Batch 100 | Loss: 1.1719 | Correct: 82/128 | Elapsed Time: 6.99s
2026-02-11 21:25:27,906 | INFO | Batch 200 | Loss: 1.1484 | Correct: 74/128 | Elapsed Time: 7.01s
2026-02-11 21:25:34,863 | INFO | Batch 300 | Loss: 1.1562 | Correct: 74/128 | Elapsed Time: 6.96s
2026-02-11 21:25:41,212 | INFO | Epoch [48/100] - Loss: 1.1517 | Correct: 29566/50000 (59.13%, 27.30s)
2026-02-11 21:25:44,052 | INFO | Validation - Loss: 1.0613 | Correct: 6200/10000 (62.00%, 2.84s)
2026-02-11 21:25:51,063 | INFO | Batch 100 | Loss: 1.1953 | Correct: 79/128 | Elapsed Time: 7.01s
2026-02-11 21:25:58,093 | INFO | Batch 200 | Loss: 1.1953 | Correct: 77/128 | Elapsed Time: 7.03s
2026-02-11 21:26:05,119 | INFO | Batch 300 | Loss: 1.1719 | Correct: 78/128 | Elapsed Time: 7.03s
2026-02-11 21:26:11,481 | INFO | Epoch [49/100] - Loss: 1.0779 | Correct: 30648/50000 (61.30%, 27.43s)
2026-02-11 21:26:14,329 | INFO | Validation - Loss: 1.0820 | Correct: 6217/10000 (62.17%, 2.85s)
2026-02-11 21:26:21,332 | INFO | Batch 100 | Loss: 1.0547 | Correct: 78/128 | Elapsed Time: 7.00s
2026-02-11 21:26:28,280 | INFO | Batch 200 | Loss: 1.1016 | Correct: 73/128 | Elapsed Time: 6.95s
2026-02-11 21:26:35,240 | INFO | Batch 300 | Loss: 0.9336 | Correct: 84/128 | Elapsed Time: 6.96s
2026-02-11 21:26:41,536 | INFO | Epoch [50/100] - Loss: 1.0540 | Correct: 31102/50000 (62.20%, 27.20s)
2026-02-11 21:26:44,408 | INFO | Validation - Loss: 1.0285 | Correct: 6350/10000 (63.50%, 2.87s)
2026-02-11 21:26:51,398 | INFO | Batch 100 | Loss: 0.9727 | Correct: 79/128 | Elapsed Time: 6.99s
2026-02-11 21:26:58,342 | INFO | Batch 200 | Loss: 0.9961 | Correct: 84/128 | Elapsed Time: 6.94s
2026-02-11 21:27:05,288 | INFO | Batch 300 | Loss: 0.8516 | Correct: 83/128 | Elapsed Time: 6.95s
2026-02-11 21:27:11,584 | INFO | Epoch [51/100] - Loss: 0.9802 | Correct: 32583/50000 (65.17%, 27.17s)
2026-02-11 21:27:14,409 | INFO | Validation - Loss: 0.9894 | Correct: 6497/10000 (64.97%, 2.82s)
2026-02-11 21:27:21,345 | INFO | Batch 100 | Loss: 0.8750 | Correct: 93/128 | Elapsed Time: 6.93s
2026-02-11 21:27:28,286 | INFO | Batch 200 | Loss: 0.8398 | Correct: 88/128 | Elapsed Time: 6.94s
2026-02-11 21:27:35,219 | INFO | Batch 300 | Loss: 0.9531 | Correct: 84/128 | Elapsed Time: 6.93s
2026-02-11 21:27:41,515 | INFO | Epoch [52/100] - Loss: 0.9668 | Correct: 32851/50000 (65.70%, 27.10s)
2026-02-11 21:27:44,331 | INFO | Validation - Loss: 0.9845 | Correct: 6543/10000 (65.43%, 2.82s)
2026-02-11 21:27:51,283 | INFO | Batch 100 | Loss: 0.8281 | Correct: 91/128 | Elapsed Time: 6.95s
2026-02-11 21:27:58,177 | INFO | Batch 200 | Loss: 0.8359 | Correct: 95/128 | Elapsed Time: 6.89s
2026-02-11 21:28:05,081 | INFO | Batch 300 | Loss: 0.9609 | Correct: 86/128 | Elapsed Time: 6.90s
2026-02-11 21:28:11,426 | INFO | Epoch [53/100] - Loss: 0.9548 | Correct: 33087/50000 (66.17%, 27.09s)
2026-02-11 21:28:14,241 | INFO | Validation - Loss: 0.9834 | Correct: 6527/10000 (65.27%, 2.81s)
2026-02-11 21:28:21,185 | INFO | Batch 100 | Loss: 0.8477 | Correct: 89/128 | Elapsed Time: 6.94s
2026-02-11 21:28:28,127 | INFO | Batch 200 | Loss: 0.9219 | Correct: 84/128 | Elapsed Time: 6.94s
2026-02-11 21:28:35,034 | INFO | Batch 300 | Loss: 1.0625 | Correct: 81/128 | Elapsed Time: 6.91s
2026-02-11 21:28:41,319 | INFO | Epoch [54/100] - Loss: 0.9513 | Correct: 33124/50000 (66.25%, 27.08s)
2026-02-11 21:28:44,125 | INFO | Validation - Loss: 0.9838 | Correct: 6546/10000 (65.46%, 2.80s)
2026-02-11 21:28:51,069 | INFO | Batch 100 | Loss: 0.8594 | Correct: 88/128 | Elapsed Time: 6.94s
2026-02-11 21:28:58,015 | INFO | Batch 200 | Loss: 1.0781 | Correct: 75/128 | Elapsed Time: 6.95s
2026-02-11 21:29:04,933 | INFO | Batch 300 | Loss: 0.9453 | Correct: 84/128 | Elapsed Time: 6.92s
2026-02-11 21:29:11,219 | INFO | Epoch [55/100] - Loss: 0.9458 | Correct: 33039/50000 (66.08%, 27.09s)
2026-02-11 21:29:14,015 | INFO | Validation - Loss: 0.9752 | Correct: 6579/10000 (65.79%, 2.79s)
2026-02-11 21:29:20,991 | INFO | Batch 100 | Loss: 0.8477 | Correct: 91/128 | Elapsed Time: 6.97s
2026-02-11 21:29:27,957 | INFO | Batch 200 | Loss: 0.8828 | Correct: 81/128 | Elapsed Time: 6.97s
2026-02-11 21:29:34,886 | INFO | Batch 300 | Loss: 1.1250 | Correct: 74/128 | Elapsed Time: 6.93s
2026-02-11 21:29:41,222 | INFO | Epoch [56/100] - Loss: 0.9431 | Correct: 33176/50000 (66.35%, 27.20s)
2026-02-11 21:29:44,027 | INFO | Validation - Loss: 0.9721 | Correct: 6585/10000 (65.85%, 2.80s)
2026-02-11 21:29:50,979 | INFO | Batch 100 | Loss: 0.9805 | Correct: 85/128 | Elapsed Time: 6.95s
2026-02-11 21:29:57,915 | INFO | Batch 200 | Loss: 0.9609 | Correct: 77/128 | Elapsed Time: 6.94s
2026-02-11 21:30:04,833 | INFO | Batch 300 | Loss: 0.9102 | Correct: 83/128 | Elapsed Time: 6.92s
2026-02-11 21:30:11,201 | INFO | Epoch [57/100] - Loss: 0.9411 | Correct: 33349/50000 (66.70%, 27.17s)
2026-02-11 21:30:14,028 | INFO | Validation - Loss: 0.9704 | Correct: 6570/10000 (65.70%, 2.83s)
2026-02-11 21:30:20,993 | INFO | Batch 100 | Loss: 0.8750 | Correct: 85/128 | Elapsed Time: 6.96s
2026-02-11 21:30:27,909 | INFO | Batch 200 | Loss: 0.8750 | Correct: 94/128 | Elapsed Time: 6.92s
2026-02-11 21:30:34,852 | INFO | Batch 300 | Loss: 1.0469 | Correct: 81/128 | Elapsed Time: 6.94s
2026-02-11 21:30:41,224 | INFO | Epoch [58/100] - Loss: 0.9355 | Correct: 33330/50000 (66.66%, 27.19s)
2026-02-11 21:30:44,089 | INFO | Validation - Loss: 0.9678 | Correct: 6581/10000 (65.81%, 2.86s)
2026-02-11 21:30:51,084 | INFO | Batch 100 | Loss: 0.7930 | Correct: 91/128 | Elapsed Time: 6.99s
2026-02-11 21:30:57,982 | INFO | Batch 200 | Loss: 0.9531 | Correct: 86/128 | Elapsed Time: 6.90s
2026-02-11 21:31:04,940 | INFO | Batch 300 | Loss: 1.0234 | Correct: 75/128 | Elapsed Time: 6.96s
2026-02-11 21:31:11,289 | INFO | Epoch [59/100] - Loss: 0.9339 | Correct: 33303/50000 (66.61%, 27.20s)
2026-02-11 21:31:14,087 | INFO | Validation - Loss: 0.9701 | Correct: 6574/10000 (65.74%, 2.80s)
2026-02-11 21:31:21,084 | INFO | Batch 100 | Loss: 0.8789 | Correct: 86/128 | Elapsed Time: 6.99s
2026-02-11 21:31:28,030 | INFO | Batch 200 | Loss: 0.8984 | Correct: 84/128 | Elapsed Time: 6.95s
2026-02-11 21:31:34,987 | INFO | Batch 300 | Loss: 0.9961 | Correct: 83/128 | Elapsed Time: 6.96s
2026-02-11 21:31:41,305 | INFO | Epoch [60/100] - Loss: 0.9316 | Correct: 33351/50000 (66.70%, 27.22s)
2026-02-11 21:31:44,126 | INFO | Validation - Loss: 0.9656 | Correct: 6601/10000 (66.01%, 2.82s)
2026-02-11 21:31:51,109 | INFO | Batch 100 | Loss: 0.9648 | Correct: 82/128 | Elapsed Time: 6.98s
2026-02-11 21:31:58,078 | INFO | Batch 200 | Loss: 0.9648 | Correct: 82/128 | Elapsed Time: 6.97s
2026-02-11 21:32:05,026 | INFO | Batch 300 | Loss: 0.8516 | Correct: 87/128 | Elapsed Time: 6.95s
2026-02-11 21:32:11,365 | INFO | Epoch [61/100] - Loss: 0.9304 | Correct: 33385/50000 (66.77%, 27.24s)
2026-02-11 21:32:14,219 | INFO | Validation - Loss: 0.9701 | Correct: 6578/10000 (65.78%, 2.85s)
2026-02-11 21:32:21,165 | INFO | Batch 100 | Loss: 0.9883 | Correct: 81/128 | Elapsed Time: 6.94s
2026-02-11 21:32:28,140 | INFO | Batch 200 | Loss: 0.7852 | Correct: 90/128 | Elapsed Time: 6.97s
2026-02-11 21:32:35,069 | INFO | Batch 300 | Loss: 0.9922 | Correct: 86/128 | Elapsed Time: 6.93s
2026-02-11 21:32:41,385 | INFO | Epoch [62/100] - Loss: 0.9254 | Correct: 33510/50000 (67.02%, 27.16s)
2026-02-11 21:32:44,222 | INFO | Validation - Loss: 0.9705 | Correct: 6591/10000 (65.91%, 2.84s)
2026-02-11 21:32:51,184 | INFO | Batch 100 | Loss: 0.9414 | Correct: 91/128 | Elapsed Time: 6.96s
2026-02-11 21:32:58,080 | INFO | Batch 200 | Loss: 0.8906 | Correct: 88/128 | Elapsed Time: 6.90s
2026-02-11 21:33:05,029 | INFO | Batch 300 | Loss: 0.9180 | Correct: 94/128 | Elapsed Time: 6.95s
2026-02-11 21:33:11,348 | INFO | Epoch [63/100] - Loss: 0.9274 | Correct: 33579/50000 (67.16%, 27.12s)
2026-02-11 21:33:14,176 | INFO | Validation - Loss: 0.9674 | Correct: 6584/10000 (65.84%, 2.83s)
2026-02-11 21:33:21,130 | INFO | Batch 100 | Loss: 0.8750 | Correct: 87/128 | Elapsed Time: 6.95s
2026-02-11 21:33:28,059 | INFO | Batch 200 | Loss: 0.8086 | Correct: 94/128 | Elapsed Time: 6.93s
2026-02-11 21:33:34,973 | INFO | Batch 300 | Loss: 0.9414 | Correct: 82/128 | Elapsed Time: 6.91s
2026-02-11 21:33:41,309 | INFO | Epoch [64/100] - Loss: 0.9272 | Correct: 33368/50000 (66.74%, 27.13s)
2026-02-11 21:33:44,138 | INFO | Validation - Loss: 0.9711 | Correct: 6578/10000 (65.78%, 2.83s)
2026-02-11 21:33:51,112 | INFO | Batch 100 | Loss: 0.7969 | Correct: 95/128 | Elapsed Time: 6.97s
2026-02-11 21:33:58,091 | INFO | Batch 200 | Loss: 0.9492 | Correct: 88/128 | Elapsed Time: 6.98s
2026-02-11 21:34:05,030 | INFO | Batch 300 | Loss: 0.9414 | Correct: 82/128 | Elapsed Time: 6.94s
2026-02-11 21:34:11,334 | INFO | Epoch [65/100] - Loss: 0.9248 | Correct: 33505/50000 (67.01%, 27.19s)
2026-02-11 21:34:14,166 | INFO | Validation - Loss: 0.9558 | Correct: 6644/10000 (66.44%, 2.83s)
2026-02-11 21:34:21,088 | INFO | Batch 100 | Loss: 0.8594 | Correct: 88/128 | Elapsed Time: 6.92s
2026-02-11 21:34:28,023 | INFO | Batch 200 | Loss: 0.9180 | Correct: 87/128 | Elapsed Time: 6.93s
2026-02-11 21:34:34,961 | INFO | Batch 300 | Loss: 0.9570 | Correct: 87/128 | Elapsed Time: 6.94s
2026-02-11 21:34:41,296 | INFO | Epoch [66/100] - Loss: 0.9220 | Correct: 33441/50000 (66.88%, 27.13s)
2026-02-11 21:34:44,118 | INFO | Validation - Loss: 0.9560 | Correct: 6631/10000 (66.31%, 2.82s)
2026-02-11 21:34:51,046 | INFO | Batch 100 | Loss: 1.0312 | Correct: 83/128 | Elapsed Time: 6.93s
2026-02-11 21:34:57,976 | INFO | Batch 200 | Loss: 1.1328 | Correct: 81/128 | Elapsed Time: 6.93s
2026-02-11 21:35:04,873 | INFO | Batch 300 | Loss: 1.0078 | Correct: 81/128 | Elapsed Time: 6.90s
2026-02-11 21:35:11,178 | INFO | Epoch [67/100] - Loss: 0.9212 | Correct: 33629/50000 (67.26%, 27.06s)
2026-02-11 21:35:14,022 | INFO | Validation - Loss: 0.9571 | Correct: 6638/10000 (66.38%, 2.84s)
2026-02-11 21:35:20,990 | INFO | Batch 100 | Loss: 0.8047 | Correct: 92/128 | Elapsed Time: 6.97s
2026-02-11 21:35:27,897 | INFO | Batch 200 | Loss: 1.1250 | Correct: 79/128 | Elapsed Time: 6.91s
2026-02-11 21:35:34,884 | INFO | Batch 300 | Loss: 0.9531 | Correct: 86/128 | Elapsed Time: 6.99s
2026-02-11 21:35:41,224 | INFO | Epoch [68/100] - Loss: 0.9247 | Correct: 33540/50000 (67.08%, 27.20s)
2026-02-11 21:35:44,033 | INFO | Validation - Loss: 0.9917 | Correct: 6519/10000 (65.19%, 2.81s)
2026-02-11 21:35:50,982 | INFO | Batch 100 | Loss: 1.0547 | Correct: 85/128 | Elapsed Time: 6.95s
2026-02-11 21:35:57,969 | INFO | Batch 200 | Loss: 0.8555 | Correct: 93/128 | Elapsed Time: 6.99s
2026-02-11 21:36:04,940 | INFO | Batch 300 | Loss: 0.8516 | Correct: 92/128 | Elapsed Time: 6.97s
2026-02-11 21:36:11,253 | INFO | Epoch [69/100] - Loss: 0.9197 | Correct: 33570/50000 (67.14%, 27.22s)
2026-02-11 21:36:14,065 | INFO | Validation - Loss: 0.9688 | Correct: 6586/10000 (65.86%, 2.81s)
2026-02-11 21:36:21,065 | INFO | Batch 100 | Loss: 0.8438 | Correct: 88/128 | Elapsed Time: 7.00s
2026-02-11 21:36:27,998 | INFO | Batch 200 | Loss: 0.7695 | Correct: 96/128 | Elapsed Time: 6.93s
2026-02-11 21:36:34,929 | INFO | Batch 300 | Loss: 0.7773 | Correct: 97/128 | Elapsed Time: 6.93s
2026-02-11 21:36:41,257 | INFO | Epoch [70/100] - Loss: 0.9153 | Correct: 33536/50000 (67.07%, 27.19s)
2026-02-11 21:36:44,080 | INFO | Validation - Loss: 0.9684 | Correct: 6608/10000 (66.08%, 2.82s)
2026-02-11 21:36:51,001 | INFO | Batch 100 | Loss: 0.9453 | Correct: 87/128 | Elapsed Time: 6.92s
2026-02-11 21:36:57,949 | INFO | Batch 200 | Loss: 1.0469 | Correct: 78/128 | Elapsed Time: 6.95s
2026-02-11 21:37:04,883 | INFO | Batch 300 | Loss: 0.9180 | Correct: 89/128 | Elapsed Time: 6.93s
2026-02-11 21:37:11,224 | INFO | Epoch [71/100] - Loss: 0.9224 | Correct: 33461/50000 (66.92%, 27.14s)
2026-02-11 21:37:14,087 | INFO | Validation - Loss: 0.9671 | Correct: 6586/10000 (65.86%, 2.86s)
2026-02-11 21:37:21,059 | INFO | Batch 100 | Loss: 0.9961 | Correct: 87/128 | Elapsed Time: 6.97s
2026-02-11 21:37:28,015 | INFO | Batch 200 | Loss: 0.7812 | Correct: 91/128 | Elapsed Time: 6.96s
2026-02-11 21:37:34,922 | INFO | Batch 300 | Loss: 0.8750 | Correct: 88/128 | Elapsed Time: 6.91s
2026-02-11 21:37:41,223 | INFO | Epoch [72/100] - Loss: 0.9150 | Correct: 33577/50000 (67.15%, 27.13s)
2026-02-11 21:37:44,059 | INFO | Validation - Loss: 0.9658 | Correct: 6588/10000 (65.88%, 2.83s)
2026-02-11 21:37:51,020 | INFO | Batch 100 | Loss: 0.9648 | Correct: 82/128 | Elapsed Time: 6.96s
2026-02-11 21:37:57,966 | INFO | Batch 200 | Loss: 0.8633 | Correct: 90/128 | Elapsed Time: 6.95s
2026-02-11 21:38:04,902 | INFO | Batch 300 | Loss: 0.9805 | Correct: 87/128 | Elapsed Time: 6.94s
2026-02-11 21:38:11,216 | INFO | Epoch [73/100] - Loss: 0.9136 | Correct: 33640/50000 (67.28%, 27.15s)
2026-02-11 21:38:14,034 | INFO | Validation - Loss: 0.9570 | Correct: 6616/10000 (66.16%, 2.82s)
2026-02-11 21:38:21,023 | INFO | Batch 100 | Loss: 0.9492 | Correct: 83/128 | Elapsed Time: 6.99s
2026-02-11 21:38:27,958 | INFO | Batch 200 | Loss: 0.8555 | Correct: 88/128 | Elapsed Time: 6.94s
2026-02-11 21:38:34,917 | INFO | Batch 300 | Loss: 1.1016 | Correct: 75/128 | Elapsed Time: 6.96s
2026-02-11 21:38:41,221 | INFO | Epoch [74/100] - Loss: 0.9186 | Correct: 33677/50000 (67.35%, 27.18s)
2026-02-11 21:38:44,024 | INFO | Validation - Loss: 0.9677 | Correct: 6571/10000 (65.71%, 2.80s)
2026-02-11 21:38:50,969 | INFO | Batch 100 | Loss: 0.9414 | Correct: 83/128 | Elapsed Time: 6.94s
2026-02-11 21:38:57,911 | INFO | Batch 200 | Loss: 0.8867 | Correct: 82/128 | Elapsed Time: 6.94s
2026-02-11 21:39:04,863 | INFO | Batch 300 | Loss: 0.9609 | Correct: 86/128 | Elapsed Time: 6.95s
2026-02-11 21:39:11,207 | INFO | Epoch [75/100] - Loss: 0.9161 | Correct: 33652/50000 (67.30%, 27.18s)
2026-02-11 21:39:14,017 | INFO | Validation - Loss: 0.9598 | Correct: 6606/10000 (66.06%, 2.81s)
2026-02-11 21:39:20,952 | INFO | Batch 100 | Loss: 0.9180 | Correct: 84/128 | Elapsed Time: 6.93s
2026-02-11 21:39:27,894 | INFO | Batch 200 | Loss: 0.8750 | Correct: 91/128 | Elapsed Time: 6.94s
2026-02-11 21:39:34,819 | INFO | Batch 300 | Loss: 0.9141 | Correct: 81/128 | Elapsed Time: 6.92s
2026-02-11 21:39:41,109 | INFO | Epoch [76/100] - Loss: 0.9051 | Correct: 33805/50000 (67.61%, 27.09s)
2026-02-11 21:39:43,950 | INFO | Validation - Loss: 0.9634 | Correct: 6587/10000 (65.87%, 2.84s)
2026-02-11 21:39:50,911 | INFO | Batch 100 | Loss: 0.9844 | Correct: 84/128 | Elapsed Time: 6.96s
2026-02-11 21:39:57,833 | INFO | Batch 200 | Loss: 0.8398 | Correct: 90/128 | Elapsed Time: 6.92s
2026-02-11 21:40:04,782 | INFO | Batch 300 | Loss: 0.9023 | Correct: 86/128 | Elapsed Time: 6.95s
2026-02-11 21:40:11,116 | INFO | Epoch [77/100] - Loss: 0.9100 | Correct: 33810/50000 (67.62%, 27.16s)
2026-02-11 21:40:13,972 | INFO | Validation - Loss: 0.9730 | Correct: 6564/10000 (65.64%, 2.85s)
2026-02-11 21:40:20,974 | INFO | Batch 100 | Loss: 0.8906 | Correct: 88/128 | Elapsed Time: 7.00s
2026-02-11 21:40:27,952 | INFO | Batch 200 | Loss: 0.9570 | Correct: 82/128 | Elapsed Time: 6.98s
2026-02-11 21:40:34,906 | INFO | Batch 300 | Loss: 0.7539 | Correct: 89/128 | Elapsed Time: 6.95s
2026-02-11 21:40:41,208 | INFO | Epoch [78/100] - Loss: 0.9103 | Correct: 33790/50000 (67.58%, 27.23s)
2026-02-11 21:40:44,086 | INFO | Validation - Loss: 0.9670 | Correct: 6574/10000 (65.74%, 2.88s)
2026-02-11 21:40:51,041 | INFO | Batch 100 | Loss: 0.9102 | Correct: 89/128 | Elapsed Time: 6.95s
2026-02-11 21:40:57,977 | INFO | Batch 200 | Loss: 0.9531 | Correct: 83/128 | Elapsed Time: 6.94s
2026-02-11 21:41:04,946 | INFO | Batch 300 | Loss: 0.9414 | Correct: 83/128 | Elapsed Time: 6.97s
2026-02-11 21:41:11,214 | INFO | Epoch [79/100] - Loss: 0.9124 | Correct: 33657/50000 (67.31%, 27.13s)
2026-02-11 21:41:14,050 | INFO | Validation - Loss: 0.9624 | Correct: 6579/10000 (65.79%, 2.83s)
2026-02-11 21:41:20,987 | INFO | Batch 100 | Loss: 0.7422 | Correct: 93/128 | Elapsed Time: 6.93s
2026-02-11 21:41:27,883 | INFO | Batch 200 | Loss: 0.8789 | Correct: 86/128 | Elapsed Time: 6.90s
2026-02-11 21:41:34,774 | INFO | Batch 300 | Loss: 0.8438 | Correct: 94/128 | Elapsed Time: 6.89s
2026-02-11 21:41:41,099 | INFO | Epoch [80/100] - Loss: 0.9075 | Correct: 33805/50000 (67.61%, 27.05s)
2026-02-11 21:41:43,937 | INFO | Validation - Loss: 0.9575 | Correct: 6611/10000 (66.11%, 2.84s)
2026-02-11 21:41:50,869 | INFO | Batch 100 | Loss: 1.0547 | Correct: 77/128 | Elapsed Time: 6.93s
2026-02-11 21:41:57,777 | INFO | Batch 200 | Loss: 0.8711 | Correct: 83/128 | Elapsed Time: 6.91s
2026-02-11 21:42:04,731 | INFO | Batch 300 | Loss: 0.9102 | Correct: 86/128 | Elapsed Time: 6.95s
2026-02-11 21:42:11,058 | INFO | Epoch [81/100] - Loss: 0.9136 | Correct: 33588/50000 (67.18%, 27.12s)
2026-02-11 21:42:13,896 | INFO | Validation - Loss: 0.9549 | Correct: 6622/10000 (66.22%, 2.84s)
2026-02-11 21:42:20,848 | INFO | Batch 100 | Loss: 0.9141 | Correct: 85/128 | Elapsed Time: 6.95s
2026-02-11 21:42:27,778 | INFO | Batch 200 | Loss: 0.8711 | Correct: 88/128 | Elapsed Time: 6.93s
2026-02-11 21:42:34,695 | INFO | Batch 300 | Loss: 0.9570 | Correct: 84/128 | Elapsed Time: 6.92s
2026-02-11 21:42:41,036 | INFO | Epoch [82/100] - Loss: 0.9078 | Correct: 33868/50000 (67.74%, 27.14s)
2026-02-11 21:42:43,909 | INFO | Validation - Loss: 0.9625 | Correct: 6611/10000 (66.11%, 2.87s)
2026-02-11 21:42:50,849 | INFO | Batch 100 | Loss: 0.9219 | Correct: 90/128 | Elapsed Time: 6.94s
2026-02-11 21:42:57,877 | INFO | Batch 200 | Loss: 0.9727 | Correct: 85/128 | Elapsed Time: 7.03s
2026-02-11 21:43:04,830 | INFO | Batch 300 | Loss: 0.8164 | Correct: 85/128 | Elapsed Time: 6.95s
2026-02-11 21:43:11,153 | INFO | Epoch [83/100] - Loss: 0.9103 | Correct: 33698/50000 (67.40%, 27.24s)
2026-02-11 21:43:13,971 | INFO | Validation - Loss: 0.9618 | Correct: 6612/10000 (66.12%, 2.82s)
2026-02-11 21:43:20,942 | INFO | Batch 100 | Loss: 1.0078 | Correct: 74/128 | Elapsed Time: 6.97s
2026-02-11 21:43:27,915 | INFO | Batch 200 | Loss: 0.9766 | Correct: 82/128 | Elapsed Time: 6.97s
2026-02-11 21:43:34,842 | INFO | Batch 300 | Loss: 0.8594 | Correct: 87/128 | Elapsed Time: 6.93s
2026-02-11 21:43:41,165 | INFO | Epoch [84/100] - Loss: 0.9078 | Correct: 33680/50000 (67.36%, 27.19s)
2026-02-11 21:43:44,027 | INFO | Validation - Loss: 0.9568 | Correct: 6618/10000 (66.18%, 2.86s)
2026-02-11 21:43:50,963 | INFO | Batch 100 | Loss: 0.9805 | Correct: 84/128 | Elapsed Time: 6.93s
2026-02-11 21:43:57,900 | INFO | Batch 200 | Loss: 0.9570 | Correct: 79/128 | Elapsed Time: 6.94s
2026-02-11 21:44:04,865 | INFO | Batch 300 | Loss: 0.9805 | Correct: 82/128 | Elapsed Time: 6.96s
2026-02-11 21:44:11,187 | INFO | Epoch [85/100] - Loss: 0.9108 | Correct: 33735/50000 (67.47%, 27.16s)
2026-02-11 21:44:14,017 | INFO | Validation - Loss: 0.9590 | Correct: 6628/10000 (66.28%, 2.83s)
2026-02-11 21:44:20,986 | INFO | Batch 100 | Loss: 0.8555 | Correct: 90/128 | Elapsed Time: 6.97s
2026-02-11 21:44:27,927 | INFO | Batch 200 | Loss: 0.8984 | Correct: 80/128 | Elapsed Time: 6.94s
2026-02-11 21:44:34,861 | INFO | Batch 300 | Loss: 1.1406 | Correct: 79/128 | Elapsed Time: 6.93s
2026-02-11 21:44:41,165 | INFO | Epoch [86/100] - Loss: 0.9104 | Correct: 33859/50000 (67.72%, 27.14s)
2026-02-11 21:44:44,002 | INFO | Validation - Loss: 0.9541 | Correct: 6624/10000 (66.24%, 2.84s)
2026-02-11 21:44:50,986 | INFO | Batch 100 | Loss: 1.0859 | Correct: 75/128 | Elapsed Time: 6.98s
2026-02-11 21:44:57,913 | INFO | Batch 200 | Loss: 1.0391 | Correct: 85/128 | Elapsed Time: 6.93s
2026-02-11 21:45:04,845 | INFO | Batch 300 | Loss: 1.0312 | Correct: 84/128 | Elapsed Time: 6.93s
2026-02-11 21:45:11,156 | INFO | Epoch [87/100] - Loss: 0.9100 | Correct: 33646/50000 (67.29%, 27.15s)
2026-02-11 21:45:13,986 | INFO | Validation - Loss: 0.9614 | Correct: 6590/10000 (65.90%, 2.83s)
2026-02-11 21:45:20,957 | INFO | Batch 100 | Loss: 0.9492 | Correct: 88/128 | Elapsed Time: 6.97s
2026-02-11 21:45:27,947 | INFO | Batch 200 | Loss: 1.0312 | Correct: 78/128 | Elapsed Time: 6.99s
2026-02-11 21:45:34,885 | INFO | Batch 300 | Loss: 0.9141 | Correct: 88/128 | Elapsed Time: 6.94s
2026-02-11 21:45:41,216 | INFO | Epoch [88/100] - Loss: 0.9062 | Correct: 33780/50000 (67.56%, 27.23s)
2026-02-11 21:45:44,027 | INFO | Validation - Loss: 0.9683 | Correct: 6601/10000 (66.01%, 2.81s)
2026-02-11 21:45:50,969 | INFO | Batch 100 | Loss: 0.8477 | Correct: 88/128 | Elapsed Time: 6.94s
2026-02-11 21:45:57,885 | INFO | Batch 200 | Loss: 0.8320 | Correct: 90/128 | Elapsed Time: 6.92s
2026-02-11 21:46:04,794 | INFO | Batch 300 | Loss: 1.0312 | Correct: 82/128 | Elapsed Time: 6.91s
2026-02-11 21:46:11,096 | INFO | Epoch [89/100] - Loss: 0.9085 | Correct: 33786/50000 (67.57%, 27.07s)
2026-02-11 21:46:13,935 | INFO | Validation - Loss: 0.9561 | Correct: 6628/10000 (66.28%, 2.84s)
2026-02-11 21:46:20,901 | INFO | Batch 100 | Loss: 0.7227 | Correct: 95/128 | Elapsed Time: 6.96s
2026-02-11 21:46:27,802 | INFO | Batch 200 | Loss: 0.8398 | Correct: 91/128 | Elapsed Time: 6.90s
2026-02-11 21:46:34,723 | INFO | Batch 300 | Loss: 0.9297 | Correct: 88/128 | Elapsed Time: 6.92s
2026-02-11 21:46:41,030 | INFO | Epoch [90/100] - Loss: 0.9094 | Correct: 33821/50000 (67.64%, 27.09s)
2026-02-11 21:46:43,883 | INFO | Validation - Loss: 0.9628 | Correct: 6591/10000 (65.91%, 2.85s)
2026-02-11 21:46:50,860 | INFO | Batch 100 | Loss: 0.9531 | Correct: 83/128 | Elapsed Time: 6.97s
2026-02-11 21:46:57,803 | INFO | Batch 200 | Loss: 0.9883 | Correct: 85/128 | Elapsed Time: 6.94s
2026-02-11 21:47:04,732 | INFO | Batch 300 | Loss: 0.7812 | Correct: 98/128 | Elapsed Time: 6.93s
2026-02-11 21:47:11,044 | INFO | Epoch [91/100] - Loss: 0.9093 | Correct: 33839/50000 (67.68%, 27.16s)
2026-02-11 21:47:13,884 | INFO | Validation - Loss: 0.9595 | Correct: 6607/10000 (66.07%, 2.84s)
2026-02-11 21:47:20,838 | INFO | Batch 100 | Loss: 1.0312 | Correct: 83/128 | Elapsed Time: 6.95s
2026-02-11 21:47:27,766 | INFO | Batch 200 | Loss: 0.8633 | Correct: 88/128 | Elapsed Time: 6.93s
2026-02-11 21:47:34,753 | INFO | Batch 300 | Loss: 0.8867 | Correct: 83/128 | Elapsed Time: 6.99s
2026-02-11 21:47:41,075 | INFO | Epoch [92/100] - Loss: 0.9073 | Correct: 33809/50000 (67.62%, 27.19s)
2026-02-11 21:47:43,902 | INFO | Validation - Loss: 0.9700 | Correct: 6591/10000 (65.91%, 2.83s)
2026-02-11 21:47:50,860 | INFO | Batch 100 | Loss: 0.8789 | Correct: 84/128 | Elapsed Time: 6.95s
2026-02-11 21:47:57,775 | INFO | Batch 200 | Loss: 0.9141 | Correct: 85/128 | Elapsed Time: 6.91s
2026-02-11 21:48:04,694 | INFO | Batch 300 | Loss: 1.0391 | Correct: 79/128 | Elapsed Time: 6.92s
2026-02-11 21:48:11,003 | INFO | Epoch [93/100] - Loss: 0.9118 | Correct: 33664/50000 (67.33%, 27.10s)
2026-02-11 21:48:13,824 | INFO | Validation - Loss: 0.9592 | Correct: 6625/10000 (66.25%, 2.82s)
2026-02-11 21:48:20,757 | INFO | Batch 100 | Loss: 0.9219 | Correct: 89/128 | Elapsed Time: 6.93s
2026-02-11 21:48:27,688 | INFO | Batch 200 | Loss: 0.9492 | Correct: 90/128 | Elapsed Time: 6.93s
2026-02-11 21:48:34,634 | INFO | Batch 300 | Loss: 0.7500 | Correct: 90/128 | Elapsed Time: 6.95s
2026-02-11 21:48:40,926 | INFO | Epoch [94/100] - Loss: 0.9083 | Correct: 33746/50000 (67.49%, 27.10s)
2026-02-11 21:48:43,745 | INFO | Validation - Loss: 0.9585 | Correct: 6626/10000 (66.26%, 2.82s)
2026-02-11 21:48:50,694 | INFO | Batch 100 | Loss: 0.9414 | Correct: 87/128 | Elapsed Time: 6.95s
2026-02-11 21:48:57,590 | INFO | Batch 200 | Loss: 0.8633 | Correct: 85/128 | Elapsed Time: 6.90s
2026-02-11 21:49:04,540 | INFO | Batch 300 | Loss: 0.9453 | Correct: 84/128 | Elapsed Time: 6.95s
2026-02-11 21:49:10,815 | INFO | Epoch [95/100] - Loss: 0.9096 | Correct: 33830/50000 (67.66%, 27.07s)
2026-02-11 21:49:13,677 | INFO | Validation - Loss: 0.9568 | Correct: 6596/10000 (65.96%, 2.86s)
2026-02-11 21:49:20,630 | INFO | Batch 100 | Loss: 0.8945 | Correct: 87/128 | Elapsed Time: 6.95s
2026-02-11 21:49:27,615 | INFO | Batch 200 | Loss: 0.8984 | Correct: 86/128 | Elapsed Time: 6.99s
2026-02-11 21:49:34,580 | INFO | Batch 300 | Loss: 0.9922 | Correct: 84/128 | Elapsed Time: 6.96s
2026-02-11 21:49:40,917 | INFO | Epoch [96/100] - Loss: 0.9111 | Correct: 33776/50000 (67.55%, 27.24s)
2026-02-11 21:49:43,755 | INFO | Validation - Loss: 0.9585 | Correct: 6618/10000 (66.18%, 2.84s)
2026-02-11 21:49:50,718 | INFO | Batch 100 | Loss: 1.0391 | Correct: 84/128 | Elapsed Time: 6.96s
2026-02-11 21:49:57,613 | INFO | Batch 200 | Loss: 0.9023 | Correct: 86/128 | Elapsed Time: 6.90s
2026-02-11 21:50:04,561 | INFO | Batch 300 | Loss: 0.7344 | Correct: 94/128 | Elapsed Time: 6.95s
2026-02-11 21:50:10,866 | INFO | Epoch [97/100] - Loss: 0.9138 | Correct: 33703/50000 (67.41%, 27.11s)
2026-02-11 21:50:13,717 | INFO | Validation - Loss: 0.9623 | Correct: 6587/10000 (65.87%, 2.85s)
2026-02-11 21:50:20,681 | INFO | Batch 100 | Loss: 0.7227 | Correct: 95/128 | Elapsed Time: 6.96s
2026-02-11 21:50:27,619 | INFO | Batch 200 | Loss: 0.8555 | Correct: 93/128 | Elapsed Time: 6.94s
2026-02-11 21:50:34,524 | INFO | Batch 300 | Loss: 1.0391 | Correct: 78/128 | Elapsed Time: 6.90s
2026-02-11 21:50:40,880 | INFO | Epoch [98/100] - Loss: 0.9109 | Correct: 33712/50000 (67.42%, 27.16s)
2026-02-11 21:50:43,724 | INFO | Validation - Loss: 0.9608 | Correct: 6612/10000 (66.12%, 2.84s)
2026-02-11 21:50:50,683 | INFO | Batch 100 | Loss: 1.0391 | Correct: 76/128 | Elapsed Time: 6.96s
2026-02-11 21:50:57,631 | INFO | Batch 200 | Loss: 0.8008 | Correct: 97/128 | Elapsed Time: 6.95s
2026-02-11 21:51:04,561 | INFO | Batch 300 | Loss: 0.9453 | Correct: 84/128 | Elapsed Time: 6.93s
2026-02-11 21:51:10,850 | INFO | Epoch [99/100] - Loss: 0.9106 | Correct: 33742/50000 (67.48%, 27.12s)
2026-02-11 21:51:13,740 | INFO | Validation - Loss: 0.9650 | Correct: 6585/10000 (65.85%, 2.89s)
2026-02-11 21:51:20,779 | INFO | Batch 100 | Loss: 0.9961 | Correct: 79/128 | Elapsed Time: 7.04s
2026-02-11 21:51:27,716 | INFO | Batch 200 | Loss: 0.8555 | Correct: 93/128 | Elapsed Time: 6.94s
2026-02-11 21:51:34,601 | INFO | Batch 300 | Loss: 0.8555 | Correct: 91/128 | Elapsed Time: 6.89s
2026-02-11 21:51:40,985 | INFO | Epoch [100/100] - Loss: 0.9076 | Correct: 33787/50000 (67.57%, 27.24s)
2026-02-11 21:51:43,812 | INFO | Validation - Loss: 0.9549 | Correct: 6632/10000 (66.32%, 2.83s)
2026-02-11 21:51:43,816 | INFO | Training complete.
2026-02-11 21:51:43,868 | INFO | Final model saved to ./checkpoints/shufflenetv2_fp_final_20260211_210132.pt
