2026-02-11 16:33:21,687 | INFO | Training ShuffleNetV2 on CIFAR-10 with FP (dtype=torch.bfloat16) on device cuda:0
2026-02-11 16:33:21,687 | INFO | Hyperparameters: epochs=100, batch_size=128, lr=0.01, beta=0.999
2026-02-11 16:33:32,292 | INFO | Batch 100 | Loss: 2.0938 | Correct: 32/128 | Elapsed Time: 10.60s
2026-02-11 16:33:42,230 | INFO | Batch 200 | Loss: 1.9531 | Correct: 33/128 | Elapsed Time: 9.94s
2026-02-11 16:33:52,143 | INFO | Batch 300 | Loss: 1.8906 | Correct: 38/128 | Elapsed Time: 9.91s
2026-02-11 16:34:01,293 | INFO | Epoch [1/100] - Loss: 1.9787 | Correct: 13001/50000 (26.00%, 39.61s)
2026-02-11 16:34:04,193 | INFO | Validation - Loss: 1.7051 | Correct: 3749/10000 (37.49%, 2.90s)
2026-02-11 16:34:04,241 | INFO | New best model saved at epoch 1 with Top1 Acc: 37.49%
2026-02-11 16:34:14,288 | INFO | Batch 100 | Loss: 1.6094 | Correct: 45/128 | Elapsed Time: 10.05s
2026-02-11 16:34:24,381 | INFO | Batch 200 | Loss: 1.5859 | Correct: 54/128 | Elapsed Time: 10.09s
2026-02-11 16:34:34,459 | INFO | Batch 300 | Loss: 1.6094 | Correct: 46/128 | Elapsed Time: 10.08s
2026-02-11 16:34:43,613 | INFO | Epoch [2/100] - Loss: 1.6455 | Correct: 19588/50000 (39.18%, 39.37s)
2026-02-11 16:34:46,595 | INFO | Validation - Loss: 1.5179 | Correct: 4444/10000 (44.44%, 2.98s)
2026-02-11 16:34:46,640 | INFO | New best model saved at epoch 2 with Top1 Acc: 44.44%
2026-02-11 16:34:56,804 | INFO | Batch 100 | Loss: 1.4609 | Correct: 51/128 | Elapsed Time: 10.16s
2026-02-11 16:35:06,968 | INFO | Batch 200 | Loss: 1.5078 | Correct: 53/128 | Elapsed Time: 10.16s
2026-02-11 16:35:17,176 | INFO | Batch 300 | Loss: 1.3359 | Correct: 62/128 | Elapsed Time: 10.21s
2026-02-11 16:35:26,466 | INFO | Epoch [3/100] - Loss: 1.4821 | Correct: 22850/50000 (45.70%, 39.83s)
2026-02-11 16:35:29,425 | INFO | Validation - Loss: 1.3672 | Correct: 5004/10000 (50.04%, 2.96s)
2026-02-11 16:35:29,469 | INFO | New best model saved at epoch 3 with Top1 Acc: 50.04%
2026-02-11 16:35:39,608 | INFO | Batch 100 | Loss: 1.3203 | Correct: 66/128 | Elapsed Time: 10.14s
2026-02-11 16:35:49,636 | INFO | Batch 200 | Loss: 1.4219 | Correct: 65/128 | Elapsed Time: 10.03s
2026-02-11 16:35:59,675 | INFO | Batch 300 | Loss: 1.3516 | Correct: 66/128 | Elapsed Time: 10.04s
2026-02-11 16:36:08,804 | INFO | Epoch [4/100] - Loss: 1.3795 | Correct: 24949/50000 (49.90%, 39.33s)
2026-02-11 16:36:11,727 | INFO | Validation - Loss: 1.3183 | Correct: 5199/10000 (51.99%, 2.92s)
2026-02-11 16:36:11,771 | INFO | New best model saved at epoch 4 with Top1 Acc: 51.99%
2026-02-11 16:36:21,841 | INFO | Batch 100 | Loss: 1.5234 | Correct: 60/128 | Elapsed Time: 10.07s
2026-02-11 16:36:31,885 | INFO | Batch 200 | Loss: 1.3203 | Correct: 61/128 | Elapsed Time: 10.04s
2026-02-11 16:36:41,913 | INFO | Batch 300 | Loss: 1.3281 | Correct: 67/128 | Elapsed Time: 10.03s
2026-02-11 16:36:51,068 | INFO | Epoch [5/100] - Loss: 1.3074 | Correct: 26369/50000 (52.74%, 39.30s)
2026-02-11 16:36:53,981 | INFO | Validation - Loss: 1.2462 | Correct: 5503/10000 (55.03%, 2.91s)
2026-02-11 16:36:54,037 | INFO | New best model saved at epoch 5 with Top1 Acc: 55.03%
2026-02-11 16:37:04,125 | INFO | Batch 100 | Loss: 1.2422 | Correct: 74/128 | Elapsed Time: 10.09s
2026-02-11 16:37:14,137 | INFO | Batch 200 | Loss: 1.3203 | Correct: 67/128 | Elapsed Time: 10.01s
2026-02-11 16:37:24,202 | INFO | Batch 300 | Loss: 1.2578 | Correct: 68/128 | Elapsed Time: 10.06s
2026-02-11 16:37:33,325 | INFO | Epoch [6/100] - Loss: 1.2606 | Correct: 27324/50000 (54.65%, 39.29s)
2026-02-11 16:37:36,290 | INFO | Validation - Loss: 1.2096 | Correct: 5635/10000 (56.35%, 2.96s)
2026-02-11 16:37:36,335 | INFO | New best model saved at epoch 6 with Top1 Acc: 56.35%
2026-02-11 16:37:46,424 | INFO | Batch 100 | Loss: 1.1875 | Correct: 65/128 | Elapsed Time: 10.09s
2026-02-11 16:37:56,478 | INFO | Batch 200 | Loss: 1.2188 | Correct: 74/128 | Elapsed Time: 10.05s
2026-02-11 16:38:06,555 | INFO | Batch 300 | Loss: 1.0859 | Correct: 73/128 | Elapsed Time: 10.08s
2026-02-11 16:38:15,662 | INFO | Epoch [7/100] - Loss: 1.2095 | Correct: 28270/50000 (56.54%, 39.33s)
2026-02-11 16:38:18,655 | INFO | Validation - Loss: 1.2565 | Correct: 5461/10000 (54.61%, 2.99s)
2026-02-11 16:38:28,628 | INFO | Batch 100 | Loss: 1.2109 | Correct: 77/128 | Elapsed Time: 9.97s
2026-02-11 16:38:38,602 | INFO | Batch 200 | Loss: 1.3516 | Correct: 65/128 | Elapsed Time: 9.97s
2026-02-11 16:38:48,565 | INFO | Batch 300 | Loss: 1.0625 | Correct: 80/128 | Elapsed Time: 9.96s
2026-02-11 16:38:57,601 | INFO | Epoch [8/100] - Loss: 1.1709 | Correct: 29134/50000 (58.27%, 38.95s)
2026-02-11 16:39:00,493 | INFO | Validation - Loss: 1.0997 | Correct: 6039/10000 (60.39%, 2.89s)
2026-02-11 16:39:00,538 | INFO | New best model saved at epoch 8 with Top1 Acc: 60.39%
2026-02-11 16:39:10,505 | INFO | Batch 100 | Loss: 1.0703 | Correct: 80/128 | Elapsed Time: 9.97s
2026-02-11 16:39:20,466 | INFO | Batch 200 | Loss: 1.0234 | Correct: 81/128 | Elapsed Time: 9.96s
2026-02-11 16:39:30,452 | INFO | Batch 300 | Loss: 1.1641 | Correct: 71/128 | Elapsed Time: 9.99s
2026-02-11 16:39:39,508 | INFO | Epoch [9/100] - Loss: 1.1398 | Correct: 29606/50000 (59.21%, 38.97s)
2026-02-11 16:39:42,436 | INFO | Validation - Loss: 1.0735 | Correct: 6140/10000 (61.40%, 2.93s)
2026-02-11 16:39:42,482 | INFO | New best model saved at epoch 9 with Top1 Acc: 61.40%
2026-02-11 16:39:52,470 | INFO | Batch 100 | Loss: 0.9688 | Correct: 88/128 | Elapsed Time: 9.99s
2026-02-11 16:40:02,493 | INFO | Batch 200 | Loss: 0.9688 | Correct: 87/128 | Elapsed Time: 10.02s
2026-02-11 16:40:12,490 | INFO | Batch 300 | Loss: 1.0312 | Correct: 79/128 | Elapsed Time: 10.00s
2026-02-11 16:40:21,584 | INFO | Epoch [10/100] - Loss: 1.1044 | Correct: 30279/50000 (60.56%, 39.10s)
2026-02-11 16:40:24,508 | INFO | Validation - Loss: 1.0681 | Correct: 6220/10000 (62.20%, 2.92s)
2026-02-11 16:40:24,555 | INFO | New best model saved at epoch 10 with Top1 Acc: 62.20%
2026-02-11 16:40:34,486 | INFO | Batch 100 | Loss: 1.1250 | Correct: 76/128 | Elapsed Time: 9.93s
2026-02-11 16:40:44,461 | INFO | Batch 200 | Loss: 1.0312 | Correct: 81/128 | Elapsed Time: 9.98s
2026-02-11 16:40:54,411 | INFO | Batch 300 | Loss: 1.1328 | Correct: 75/128 | Elapsed Time: 9.95s
2026-02-11 16:41:03,490 | INFO | Epoch [11/100] - Loss: 1.0808 | Correct: 30635/50000 (61.27%, 38.94s)
2026-02-11 16:41:06,456 | INFO | Validation - Loss: 1.0305 | Correct: 6312/10000 (63.12%, 2.96s)
2026-02-11 16:41:06,501 | INFO | New best model saved at epoch 11 with Top1 Acc: 63.12%
2026-02-11 16:41:16,443 | INFO | Batch 100 | Loss: 1.1328 | Correct: 77/128 | Elapsed Time: 9.94s
2026-02-11 16:41:26,313 | INFO | Batch 200 | Loss: 1.1406 | Correct: 74/128 | Elapsed Time: 9.87s
2026-02-11 16:41:36,232 | INFO | Batch 300 | Loss: 1.0859 | Correct: 75/128 | Elapsed Time: 9.92s
2026-02-11 16:41:45,313 | INFO | Epoch [12/100] - Loss: 1.0558 | Correct: 31180/50000 (62.36%, 38.81s)
2026-02-11 16:41:48,250 | INFO | Validation - Loss: 1.0261 | Correct: 6331/10000 (63.31%, 2.94s)
2026-02-11 16:41:48,296 | INFO | New best model saved at epoch 12 with Top1 Acc: 63.31%
2026-02-11 16:41:58,195 | INFO | Batch 100 | Loss: 1.0078 | Correct: 81/128 | Elapsed Time: 9.90s
2026-02-11 16:42:08,119 | INFO | Batch 200 | Loss: 0.8086 | Correct: 89/128 | Elapsed Time: 9.92s
2026-02-11 16:42:17,990 | INFO | Batch 300 | Loss: 1.0312 | Correct: 82/128 | Elapsed Time: 9.87s
2026-02-11 16:42:26,996 | INFO | Epoch [13/100] - Loss: 1.0288 | Correct: 31728/50000 (63.46%, 38.70s)
2026-02-11 16:42:29,893 | INFO | Validation - Loss: 0.9996 | Correct: 6461/10000 (64.61%, 2.90s)
2026-02-11 16:42:29,938 | INFO | New best model saved at epoch 13 with Top1 Acc: 64.61%
2026-02-11 16:42:39,830 | INFO | Batch 100 | Loss: 0.8477 | Correct: 84/128 | Elapsed Time: 9.89s
2026-02-11 16:42:49,715 | INFO | Batch 200 | Loss: 1.0312 | Correct: 80/128 | Elapsed Time: 9.88s
2026-02-11 16:42:59,599 | INFO | Batch 300 | Loss: 0.8750 | Correct: 84/128 | Elapsed Time: 9.88s
2026-02-11 16:43:08,605 | INFO | Epoch [14/100] - Loss: 1.0036 | Correct: 32297/50000 (64.59%, 38.67s)
2026-02-11 16:43:11,484 | INFO | Validation - Loss: 0.9694 | Correct: 6573/10000 (65.73%, 2.88s)
2026-02-11 16:43:11,529 | INFO | New best model saved at epoch 14 with Top1 Acc: 65.73%
2026-02-11 16:43:21,547 | INFO | Batch 100 | Loss: 0.8672 | Correct: 92/128 | Elapsed Time: 10.02s
2026-02-11 16:43:31,530 | INFO | Batch 200 | Loss: 0.8984 | Correct: 90/128 | Elapsed Time: 9.98s
2026-02-11 16:43:41,471 | INFO | Batch 300 | Loss: 0.8945 | Correct: 84/128 | Elapsed Time: 9.94s
2026-02-11 16:43:50,517 | INFO | Epoch [15/100] - Loss: 0.9900 | Correct: 32377/50000 (64.75%, 38.99s)
2026-02-11 16:43:53,461 | INFO | Validation - Loss: 0.9682 | Correct: 6556/10000 (65.56%, 2.94s)
2026-02-11 16:44:03,371 | INFO | Batch 100 | Loss: 0.9961 | Correct: 83/128 | Elapsed Time: 9.91s
2026-02-11 16:44:13,262 | INFO | Batch 200 | Loss: 0.9023 | Correct: 91/128 | Elapsed Time: 9.89s
2026-02-11 16:44:23,236 | INFO | Batch 300 | Loss: 0.9102 | Correct: 91/128 | Elapsed Time: 9.97s
2026-02-11 16:44:32,271 | INFO | Epoch [16/100] - Loss: 0.9759 | Correct: 32788/50000 (65.58%, 38.81s)
2026-02-11 16:44:35,151 | INFO | Validation - Loss: 1.0343 | Correct: 6390/10000 (63.90%, 2.88s)
2026-02-11 16:44:45,093 | INFO | Batch 100 | Loss: 1.0469 | Correct: 82/128 | Elapsed Time: 9.94s
2026-02-11 16:44:55,015 | INFO | Batch 200 | Loss: 0.9609 | Correct: 86/128 | Elapsed Time: 9.92s
2026-02-11 16:45:04,969 | INFO | Batch 300 | Loss: 0.9688 | Correct: 87/128 | Elapsed Time: 9.95s
2026-02-11 16:45:13,992 | INFO | Epoch [17/100] - Loss: 0.9581 | Correct: 32948/50000 (65.90%, 38.84s)
2026-02-11 16:45:16,960 | INFO | Validation - Loss: 1.0003 | Correct: 6521/10000 (65.21%, 2.97s)
2026-02-11 16:45:26,926 | INFO | Batch 100 | Loss: 1.0781 | Correct: 77/128 | Elapsed Time: 9.97s
2026-02-11 16:45:36,865 | INFO | Batch 200 | Loss: 0.9688 | Correct: 85/128 | Elapsed Time: 9.94s
2026-02-11 16:45:46,767 | INFO | Batch 300 | Loss: 0.9062 | Correct: 84/128 | Elapsed Time: 9.90s
2026-02-11 16:45:55,751 | INFO | Epoch [18/100] - Loss: 0.9428 | Correct: 33381/50000 (66.76%, 38.79s)
2026-02-11 16:45:58,657 | INFO | Validation - Loss: 0.9233 | Correct: 6714/10000 (67.14%, 2.91s)
2026-02-11 16:45:58,709 | INFO | New best model saved at epoch 18 with Top1 Acc: 67.14%
2026-02-11 16:46:08,623 | INFO | Batch 100 | Loss: 0.9883 | Correct: 81/128 | Elapsed Time: 9.91s
2026-02-11 16:46:18,524 | INFO | Batch 200 | Loss: 1.1719 | Correct: 78/128 | Elapsed Time: 9.90s
2026-02-11 16:46:28,401 | INFO | Batch 300 | Loss: 0.9258 | Correct: 88/128 | Elapsed Time: 9.88s
2026-02-11 16:46:37,365 | INFO | Epoch [19/100] - Loss: 0.9324 | Correct: 33643/50000 (67.29%, 38.65s)
2026-02-11 16:46:40,224 | INFO | Validation - Loss: 0.9180 | Correct: 6736/10000 (67.36%, 2.86s)
2026-02-11 16:46:40,269 | INFO | New best model saved at epoch 19 with Top1 Acc: 67.36%
2026-02-11 16:46:50,194 | INFO | Batch 100 | Loss: 0.9453 | Correct: 89/128 | Elapsed Time: 9.92s
2026-02-11 16:47:00,111 | INFO | Batch 200 | Loss: 0.9727 | Correct: 90/128 | Elapsed Time: 9.92s
2026-02-11 16:47:10,059 | INFO | Batch 300 | Loss: 0.9219 | Correct: 88/128 | Elapsed Time: 9.95s
2026-02-11 16:47:19,050 | INFO | Epoch [20/100] - Loss: 0.9263 | Correct: 33720/50000 (67.44%, 38.78s)
2026-02-11 16:47:21,959 | INFO | Validation - Loss: 0.8914 | Correct: 6899/10000 (68.99%, 2.91s)
2026-02-11 16:47:22,007 | INFO | New best model saved at epoch 20 with Top1 Acc: 68.99%
2026-02-11 16:47:31,915 | INFO | Batch 100 | Loss: 1.0703 | Correct: 81/128 | Elapsed Time: 9.91s
2026-02-11 16:47:41,789 | INFO | Batch 200 | Loss: 0.8164 | Correct: 90/128 | Elapsed Time: 9.87s
2026-02-11 16:47:51,697 | INFO | Batch 300 | Loss: 0.8906 | Correct: 95/128 | Elapsed Time: 9.91s
2026-02-11 16:48:00,669 | INFO | Epoch [21/100] - Loss: 0.9140 | Correct: 33819/50000 (67.64%, 38.66s)
2026-02-11 16:48:03,622 | INFO | Validation - Loss: 0.8647 | Correct: 7008/10000 (70.08%, 2.95s)
2026-02-11 16:48:03,668 | INFO | New best model saved at epoch 21 with Top1 Acc: 70.08%
2026-02-11 16:48:13,601 | INFO | Batch 100 | Loss: 0.9453 | Correct: 87/128 | Elapsed Time: 9.93s
2026-02-11 16:48:23,471 | INFO | Batch 200 | Loss: 0.9062 | Correct: 87/128 | Elapsed Time: 9.87s
2026-02-11 16:48:33,273 | INFO | Batch 300 | Loss: 0.9375 | Correct: 87/128 | Elapsed Time: 9.80s
2026-02-11 16:48:42,226 | INFO | Epoch [22/100] - Loss: 0.9038 | Correct: 34163/50000 (68.33%, 38.56s)
2026-02-11 16:48:45,099 | INFO | Validation - Loss: 0.9445 | Correct: 6712/10000 (67.12%, 2.87s)
2026-02-11 16:48:54,941 | INFO | Batch 100 | Loss: 0.8867 | Correct: 93/128 | Elapsed Time: 9.84s
2026-02-11 16:49:04,796 | INFO | Batch 200 | Loss: 0.8516 | Correct: 91/128 | Elapsed Time: 9.85s
2026-02-11 16:49:14,690 | INFO | Batch 300 | Loss: 0.9297 | Correct: 87/128 | Elapsed Time: 9.89s
2026-02-11 16:49:23,655 | INFO | Epoch [23/100] - Loss: 0.8934 | Correct: 34284/50000 (68.57%, 38.55s)
2026-02-11 16:49:26,574 | INFO | Validation - Loss: 0.9209 | Correct: 6749/10000 (67.49%, 2.92s)
2026-02-11 16:49:36,430 | INFO | Batch 100 | Loss: 0.9062 | Correct: 87/128 | Elapsed Time: 9.85s
2026-02-11 16:49:46,314 | INFO | Batch 200 | Loss: 0.8828 | Correct: 91/128 | Elapsed Time: 9.88s
2026-02-11 16:49:56,218 | INFO | Batch 300 | Loss: 0.9258 | Correct: 90/128 | Elapsed Time: 9.90s
2026-02-11 16:50:05,206 | INFO | Epoch [24/100] - Loss: 0.8867 | Correct: 34319/50000 (68.64%, 38.63s)
2026-02-11 16:50:08,110 | INFO | Validation - Loss: 0.9545 | Correct: 6695/10000 (66.95%, 2.90s)
2026-02-11 16:50:17,992 | INFO | Batch 100 | Loss: 0.8789 | Correct: 85/128 | Elapsed Time: 9.88s
2026-02-11 16:50:27,815 | INFO | Batch 200 | Loss: 0.9883 | Correct: 81/128 | Elapsed Time: 9.82s
2026-02-11 16:50:37,666 | INFO | Batch 300 | Loss: 0.9375 | Correct: 83/128 | Elapsed Time: 9.85s
2026-02-11 16:50:46,660 | INFO | Epoch [25/100] - Loss: 0.8850 | Correct: 34376/50000 (68.75%, 38.55s)
2026-02-11 16:50:49,566 | INFO | Validation - Loss: 0.8967 | Correct: 6868/10000 (68.68%, 2.90s)
2026-02-11 16:50:59,488 | INFO | Batch 100 | Loss: 0.8359 | Correct: 90/128 | Elapsed Time: 9.92s
2026-02-11 16:51:09,411 | INFO | Batch 200 | Loss: 0.8906 | Correct: 89/128 | Elapsed Time: 9.92s
2026-02-11 16:51:19,297 | INFO | Batch 300 | Loss: 1.0391 | Correct: 83/128 | Elapsed Time: 9.89s
2026-02-11 16:51:28,247 | INFO | Epoch [26/100] - Loss: 0.8788 | Correct: 34597/50000 (69.19%, 38.68s)
2026-02-11 16:51:31,153 | INFO | Validation - Loss: 0.8902 | Correct: 6900/10000 (69.00%, 2.90s)
2026-02-11 16:51:41,000 | INFO | Batch 100 | Loss: 0.9766 | Correct: 87/128 | Elapsed Time: 9.85s
2026-02-11 16:51:50,862 | INFO | Batch 200 | Loss: 0.9141 | Correct: 86/128 | Elapsed Time: 9.86s
2026-02-11 16:52:00,717 | INFO | Batch 300 | Loss: 0.7422 | Correct: 99/128 | Elapsed Time: 9.86s
2026-02-11 16:52:09,665 | INFO | Epoch [27/100] - Loss: 0.8740 | Correct: 34729/50000 (69.46%, 38.51s)
2026-02-11 16:52:12,621 | INFO | Validation - Loss: 0.9266 | Correct: 6759/10000 (67.59%, 2.95s)
2026-02-11 16:52:22,513 | INFO | Batch 100 | Loss: 0.9492 | Correct: 81/128 | Elapsed Time: 9.89s
2026-02-11 16:52:32,401 | INFO | Batch 200 | Loss: 0.9922 | Correct: 76/128 | Elapsed Time: 9.89s
2026-02-11 16:52:42,261 | INFO | Batch 300 | Loss: 0.9023 | Correct: 84/128 | Elapsed Time: 9.86s
2026-02-11 16:52:51,230 | INFO | Epoch [28/100] - Loss: 0.8726 | Correct: 34705/50000 (69.41%, 38.61s)
2026-02-11 16:52:54,126 | INFO | Validation - Loss: 0.8575 | Correct: 6987/10000 (69.87%, 2.89s)
2026-02-11 16:53:03,997 | INFO | Batch 100 | Loss: 0.7930 | Correct: 93/128 | Elapsed Time: 9.87s
2026-02-11 16:53:13,843 | INFO | Batch 200 | Loss: 0.6680 | Correct: 105/128 | Elapsed Time: 9.85s
2026-02-11 16:53:23,675 | INFO | Batch 300 | Loss: 0.8516 | Correct: 91/128 | Elapsed Time: 9.83s
2026-02-11 16:53:32,658 | INFO | Epoch [29/100] - Loss: 0.8657 | Correct: 34874/50000 (69.75%, 38.53s)
2026-02-11 16:53:35,541 | INFO | Validation - Loss: 0.8801 | Correct: 6923/10000 (69.23%, 2.88s)
2026-02-11 16:53:45,437 | INFO | Batch 100 | Loss: 0.8672 | Correct: 89/128 | Elapsed Time: 9.89s
2026-02-11 16:53:55,318 | INFO | Batch 200 | Loss: 0.8672 | Correct: 89/128 | Elapsed Time: 9.88s
2026-02-11 16:54:05,203 | INFO | Batch 300 | Loss: 0.9414 | Correct: 83/128 | Elapsed Time: 9.88s
2026-02-11 16:54:14,203 | INFO | Epoch [30/100] - Loss: 0.8682 | Correct: 34685/50000 (69.37%, 38.66s)
2026-02-11 16:54:17,115 | INFO | Validation - Loss: 0.9451 | Correct: 6734/10000 (67.34%, 2.91s)
2026-02-11 16:54:26,994 | INFO | Batch 100 | Loss: 0.9414 | Correct: 85/128 | Elapsed Time: 9.88s
2026-02-11 16:54:36,824 | INFO | Batch 200 | Loss: 0.7891 | Correct: 95/128 | Elapsed Time: 9.83s
2026-02-11 16:54:46,638 | INFO | Batch 300 | Loss: 0.7578 | Correct: 90/128 | Elapsed Time: 9.81s
2026-02-11 16:54:55,617 | INFO | Epoch [31/100] - Loss: 0.8590 | Correct: 35007/50000 (70.01%, 38.50s)
2026-02-11 16:54:58,527 | INFO | Validation - Loss: 1.1134 | Correct: 6256/10000 (62.56%, 2.91s)
2026-02-11 16:55:08,372 | INFO | Batch 100 | Loss: 1.0312 | Correct: 85/128 | Elapsed Time: 9.84s
2026-02-11 16:55:18,234 | INFO | Batch 200 | Loss: 0.8047 | Correct: 96/128 | Elapsed Time: 9.86s
2026-02-11 16:55:28,121 | INFO | Batch 300 | Loss: 0.9492 | Correct: 85/128 | Elapsed Time: 9.89s
2026-02-11 16:55:37,076 | INFO | Epoch [32/100] - Loss: 0.8596 | Correct: 34866/50000 (69.73%, 38.55s)
2026-02-11 16:55:39,932 | INFO | Validation - Loss: 0.8346 | Correct: 7103/10000 (71.03%, 2.85s)
2026-02-11 16:55:39,976 | INFO | New best model saved at epoch 32 with Top1 Acc: 71.03%
2026-02-11 16:55:49,821 | INFO | Batch 100 | Loss: 0.8633 | Correct: 86/128 | Elapsed Time: 9.84s
2026-02-11 16:55:59,708 | INFO | Batch 200 | Loss: 0.8359 | Correct: 87/128 | Elapsed Time: 9.89s
2026-02-11 16:56:09,585 | INFO | Batch 300 | Loss: 1.0547 | Correct: 82/128 | Elapsed Time: 9.88s
2026-02-11 16:56:18,553 | INFO | Epoch [33/100] - Loss: 0.8504 | Correct: 35140/50000 (70.28%, 38.58s)
2026-02-11 16:56:21,461 | INFO | Validation - Loss: 0.8722 | Correct: 6943/10000 (69.43%, 2.91s)
2026-02-11 16:56:31,315 | INFO | Batch 100 | Loss: 0.9023 | Correct: 90/128 | Elapsed Time: 9.85s
2026-02-11 16:56:41,131 | INFO | Batch 200 | Loss: 1.0547 | Correct: 78/128 | Elapsed Time: 9.82s
2026-02-11 16:56:50,943 | INFO | Batch 300 | Loss: 0.8438 | Correct: 86/128 | Elapsed Time: 9.81s
2026-02-11 16:56:59,887 | INFO | Epoch [34/100] - Loss: 0.8538 | Correct: 35075/50000 (70.15%, 38.42s)
2026-02-11 16:57:02,769 | INFO | Validation - Loss: 0.8621 | Correct: 6978/10000 (69.78%, 2.88s)
2026-02-11 16:57:12,657 | INFO | Batch 100 | Loss: 0.7891 | Correct: 90/128 | Elapsed Time: 9.89s
2026-02-11 16:57:22,689 | INFO | Batch 200 | Loss: 0.7383 | Correct: 92/128 | Elapsed Time: 10.03s
2026-02-11 16:57:32,792 | INFO | Batch 300 | Loss: 0.8477 | Correct: 91/128 | Elapsed Time: 10.10s
2026-02-11 16:57:41,958 | INFO | Epoch [35/100] - Loss: 0.8471 | Correct: 35258/50000 (70.52%, 39.19s)
2026-02-11 16:57:44,885 | INFO | Validation - Loss: 0.8897 | Correct: 6873/10000 (68.73%, 2.93s)
2026-02-11 16:57:54,964 | INFO | Batch 100 | Loss: 0.8438 | Correct: 92/128 | Elapsed Time: 10.08s
2026-02-11 16:58:05,092 | INFO | Batch 200 | Loss: 0.9102 | Correct: 92/128 | Elapsed Time: 10.13s
2026-02-11 16:58:15,165 | INFO | Batch 300 | Loss: 0.9023 | Correct: 86/128 | Elapsed Time: 10.07s
2026-02-11 16:58:24,332 | INFO | Epoch [36/100] - Loss: 0.8482 | Correct: 35254/50000 (70.51%, 39.45s)
2026-02-11 16:58:27,324 | INFO | Validation - Loss: 0.8727 | Correct: 6948/10000 (69.48%, 2.99s)
2026-02-11 16:58:37,369 | INFO | Batch 100 | Loss: 0.8359 | Correct: 91/128 | Elapsed Time: 10.04s
2026-02-11 16:58:47,382 | INFO | Batch 200 | Loss: 0.8438 | Correct: 89/128 | Elapsed Time: 10.01s
2026-02-11 16:58:57,506 | INFO | Batch 300 | Loss: 0.9492 | Correct: 81/128 | Elapsed Time: 10.12s
2026-02-11 16:59:06,656 | INFO | Epoch [37/100] - Loss: 0.8468 | Correct: 35260/50000 (70.52%, 39.33s)
2026-02-11 16:59:09,596 | INFO | Validation - Loss: 0.8491 | Correct: 7070/10000 (70.70%, 2.94s)
2026-02-11 16:59:19,735 | INFO | Batch 100 | Loss: 1.0234 | Correct: 83/128 | Elapsed Time: 10.14s
2026-02-11 16:59:29,839 | INFO | Batch 200 | Loss: 0.8516 | Correct: 93/128 | Elapsed Time: 10.10s
2026-02-11 16:59:39,921 | INFO | Batch 300 | Loss: 0.9570 | Correct: 89/128 | Elapsed Time: 10.08s
2026-02-11 16:59:49,046 | INFO | Epoch [38/100] - Loss: 0.8447 | Correct: 35335/50000 (70.67%, 39.45s)
2026-02-11 16:59:51,984 | INFO | Validation - Loss: 0.8910 | Correct: 6895/10000 (68.95%, 2.94s)
2026-02-11 17:00:02,044 | INFO | Batch 100 | Loss: 0.9531 | Correct: 85/128 | Elapsed Time: 10.06s
2026-02-11 17:00:12,110 | INFO | Batch 200 | Loss: 0.9180 | Correct: 91/128 | Elapsed Time: 10.07s
2026-02-11 17:00:22,177 | INFO | Batch 300 | Loss: 0.7734 | Correct: 97/128 | Elapsed Time: 10.07s
2026-02-11 17:00:31,335 | INFO | Epoch [39/100] - Loss: 0.8465 | Correct: 35167/50000 (70.33%, 39.35s)
2026-02-11 17:00:34,281 | INFO | Validation - Loss: 0.8564 | Correct: 7031/10000 (70.31%, 2.95s)
2026-02-11 17:00:44,366 | INFO | Batch 100 | Loss: 0.8867 | Correct: 87/128 | Elapsed Time: 10.08s
2026-02-11 17:00:54,387 | INFO | Batch 200 | Loss: 0.8477 | Correct: 85/128 | Elapsed Time: 10.02s
2026-02-11 17:01:04,480 | INFO | Batch 300 | Loss: 0.8633 | Correct: 89/128 | Elapsed Time: 10.09s
2026-02-11 17:01:13,659 | INFO | Epoch [40/100] - Loss: 0.8470 | Correct: 35241/50000 (70.48%, 39.38s)
2026-02-11 17:01:16,623 | INFO | Validation - Loss: 0.8808 | Correct: 6920/10000 (69.20%, 2.96s)
2026-02-11 17:01:26,652 | INFO | Batch 100 | Loss: 1.0391 | Correct: 86/128 | Elapsed Time: 10.03s
2026-02-11 17:01:36,676 | INFO | Batch 200 | Loss: 0.8945 | Correct: 80/128 | Elapsed Time: 10.02s
2026-02-11 17:01:46,804 | INFO | Batch 300 | Loss: 0.7812 | Correct: 91/128 | Elapsed Time: 10.13s
2026-02-11 17:01:55,967 | INFO | Epoch [41/100] - Loss: 0.8473 | Correct: 35218/50000 (70.44%, 39.34s)
2026-02-11 17:01:58,940 | INFO | Validation - Loss: 0.8254 | Correct: 7135/10000 (71.35%, 2.97s)
2026-02-11 17:01:58,994 | INFO | New best model saved at epoch 41 with Top1 Acc: 71.35%
2026-02-11 17:02:09,149 | INFO | Batch 100 | Loss: 0.8398 | Correct: 89/128 | Elapsed Time: 10.15s
2026-02-11 17:02:19,234 | INFO | Batch 200 | Loss: 0.8477 | Correct: 92/128 | Elapsed Time: 10.08s
2026-02-11 17:02:29,238 | INFO | Batch 300 | Loss: 0.9180 | Correct: 91/128 | Elapsed Time: 10.00s
2026-02-11 17:02:38,371 | INFO | Epoch [42/100] - Loss: 0.8534 | Correct: 35011/50000 (70.02%, 39.38s)
2026-02-11 17:02:41,304 | INFO | Validation - Loss: 0.8839 | Correct: 6980/10000 (69.80%, 2.93s)
2026-02-11 17:02:51,322 | INFO | Batch 100 | Loss: 0.8125 | Correct: 99/128 | Elapsed Time: 10.02s
2026-02-11 17:03:01,335 | INFO | Batch 200 | Loss: 0.8359 | Correct: 90/128 | Elapsed Time: 10.01s
2026-02-11 17:03:11,319 | INFO | Batch 300 | Loss: 0.9492 | Correct: 90/128 | Elapsed Time: 9.98s
2026-02-11 17:03:20,411 | INFO | Epoch [43/100] - Loss: 0.8488 | Correct: 35196/50000 (70.39%, 39.10s)
2026-02-11 17:03:23,344 | INFO | Validation - Loss: 1.0491 | Correct: 6461/10000 (64.61%, 2.93s)
2026-02-11 17:03:33,369 | INFO | Batch 100 | Loss: 0.8672 | Correct: 91/128 | Elapsed Time: 10.02s
2026-02-11 17:03:43,366 | INFO | Batch 200 | Loss: 0.8203 | Correct: 87/128 | Elapsed Time: 10.00s
2026-02-11 17:03:53,336 | INFO | Batch 300 | Loss: 0.9023 | Correct: 89/128 | Elapsed Time: 9.97s
2026-02-11 17:04:02,412 | INFO | Epoch [44/100] - Loss: 0.8504 | Correct: 35156/50000 (70.31%, 39.07s)
2026-02-11 17:04:05,299 | INFO | Validation - Loss: 0.9616 | Correct: 6695/10000 (66.95%, 2.89s)
2026-02-11 17:04:15,279 | INFO | Batch 100 | Loss: 0.8945 | Correct: 91/128 | Elapsed Time: 9.98s
2026-02-11 17:04:25,230 | INFO | Batch 200 | Loss: 0.9102 | Correct: 88/128 | Elapsed Time: 9.95s
2026-02-11 17:04:35,132 | INFO | Batch 300 | Loss: 0.7930 | Correct: 92/128 | Elapsed Time: 9.90s
2026-02-11 17:04:44,180 | INFO | Epoch [45/100] - Loss: 0.8500 | Correct: 35199/50000 (70.40%, 38.88s)
2026-02-11 17:04:47,099 | INFO | Validation - Loss: 0.9093 | Correct: 6853/10000 (68.53%, 2.92s)
2026-02-11 17:04:57,093 | INFO | Batch 100 | Loss: 0.8828 | Correct: 91/128 | Elapsed Time: 9.99s
2026-02-11 17:05:07,011 | INFO | Batch 200 | Loss: 0.8320 | Correct: 90/128 | Elapsed Time: 9.92s
2026-02-11 17:05:16,974 | INFO | Batch 300 | Loss: 0.8047 | Correct: 92/128 | Elapsed Time: 9.96s
2026-02-11 17:05:26,059 | INFO | Epoch [46/100] - Loss: 0.8527 | Correct: 35152/50000 (70.30%, 38.96s)
2026-02-11 17:05:28,942 | INFO | Validation - Loss: 1.2599 | Correct: 5773/10000 (57.73%, 2.88s)
2026-02-11 17:05:39,027 | INFO | Batch 100 | Loss: 0.7461 | Correct: 93/128 | Elapsed Time: 10.08s
2026-02-11 17:05:49,031 | INFO | Batch 200 | Loss: 0.6914 | Correct: 98/128 | Elapsed Time: 10.00s
2026-02-11 17:05:58,978 | INFO | Batch 300 | Loss: 0.9336 | Correct: 83/128 | Elapsed Time: 9.95s
2026-02-11 17:06:08,016 | INFO | Epoch [47/100] - Loss: 0.8501 | Correct: 35283/50000 (70.57%, 39.07s)
2026-02-11 17:06:10,894 | INFO | Validation - Loss: 1.0976 | Correct: 6103/10000 (61.03%, 2.88s)
2026-02-11 17:06:20,892 | INFO | Batch 100 | Loss: 0.8359 | Correct: 95/128 | Elapsed Time: 10.00s
2026-02-11 17:06:30,775 | INFO | Batch 200 | Loss: 1.0156 | Correct: 83/128 | Elapsed Time: 9.88s
2026-02-11 17:06:40,734 | INFO | Batch 300 | Loss: 0.9062 | Correct: 85/128 | Elapsed Time: 9.96s
2026-02-11 17:06:49,763 | INFO | Epoch [48/100] - Loss: 0.8492 | Correct: 35348/50000 (70.70%, 38.87s)
2026-02-11 17:06:52,675 | INFO | Validation - Loss: 0.9355 | Correct: 6751/10000 (67.51%, 2.91s)
2026-02-11 17:07:02,620 | INFO | Batch 100 | Loss: 0.9023 | Correct: 88/128 | Elapsed Time: 9.94s
2026-02-11 17:07:12,604 | INFO | Batch 200 | Loss: 0.8320 | Correct: 88/128 | Elapsed Time: 9.98s
2026-02-11 17:07:22,581 | INFO | Batch 300 | Loss: 0.8984 | Correct: 85/128 | Elapsed Time: 9.98s
2026-02-11 17:07:31,588 | INFO | Epoch [49/100] - Loss: 0.8548 | Correct: 35149/50000 (70.30%, 38.91s)
2026-02-11 17:07:34,471 | INFO | Validation - Loss: 1.1422 | Correct: 6162/10000 (61.62%, 2.88s)
2026-02-11 17:07:44,430 | INFO | Batch 100 | Loss: 0.8750 | Correct: 94/128 | Elapsed Time: 9.96s
2026-02-11 17:07:54,407 | INFO | Batch 200 | Loss: 0.6680 | Correct: 97/128 | Elapsed Time: 9.98s
2026-02-11 17:08:04,329 | INFO | Batch 300 | Loss: 0.8047 | Correct: 96/128 | Elapsed Time: 9.92s
2026-02-11 17:08:13,352 | INFO | Epoch [50/100] - Loss: 0.8563 | Correct: 35165/50000 (70.33%, 38.88s)
2026-02-11 17:08:16,283 | INFO | Validation - Loss: 1.1111 | Correct: 5818/10000 (58.18%, 2.93s)
2026-02-11 17:08:26,207 | INFO | Batch 100 | Loss: 0.6758 | Correct: 102/128 | Elapsed Time: 9.92s
2026-02-11 17:08:36,120 | INFO | Batch 200 | Loss: 0.7344 | Correct: 95/128 | Elapsed Time: 9.91s
2026-02-11 17:08:46,071 | INFO | Batch 300 | Loss: 0.7695 | Correct: 96/128 | Elapsed Time: 9.95s
2026-02-11 17:08:55,085 | INFO | Epoch [51/100] - Loss: 0.8347 | Correct: 35534/50000 (71.07%, 38.80s)
2026-02-11 17:08:57,997 | INFO | Validation - Loss: 0.9273 | Correct: 6750/10000 (67.50%, 2.91s)
2026-02-11 17:09:07,899 | INFO | Batch 100 | Loss: 0.9258 | Correct: 85/128 | Elapsed Time: 9.90s
2026-02-11 17:09:17,786 | INFO | Batch 200 | Loss: 0.6680 | Correct: 105/128 | Elapsed Time: 9.89s
2026-02-11 17:09:27,665 | INFO | Batch 300 | Loss: 0.9062 | Correct: 84/128 | Elapsed Time: 9.88s
2026-02-11 17:09:36,704 | INFO | Epoch [52/100] - Loss: 0.8264 | Correct: 35867/50000 (71.73%, 38.71s)
2026-02-11 17:09:39,647 | INFO | Validation - Loss: 0.8740 | Correct: 6964/10000 (69.64%, 2.94s)
2026-02-11 17:09:49,593 | INFO | Batch 100 | Loss: 0.8203 | Correct: 94/128 | Elapsed Time: 9.94s
2026-02-11 17:09:59,479 | INFO | Batch 200 | Loss: 0.6758 | Correct: 103/128 | Elapsed Time: 9.89s
2026-02-11 17:10:09,411 | INFO | Batch 300 | Loss: 0.8398 | Correct: 90/128 | Elapsed Time: 9.93s
2026-02-11 17:10:18,411 | INFO | Epoch [53/100] - Loss: 0.8289 | Correct: 36047/50000 (72.09%, 38.76s)
2026-02-11 17:10:21,314 | INFO | Validation - Loss: 0.8700 | Correct: 7022/10000 (70.22%, 2.90s)
2026-02-11 17:10:31,202 | INFO | Batch 100 | Loss: 0.8125 | Correct: 93/128 | Elapsed Time: 9.89s
2026-02-11 17:10:41,133 | INFO | Batch 200 | Loss: 0.8828 | Correct: 94/128 | Elapsed Time: 9.93s
2026-02-11 17:10:51,098 | INFO | Batch 300 | Loss: 0.7695 | Correct: 94/128 | Elapsed Time: 9.96s
2026-02-11 17:11:00,131 | INFO | Epoch [54/100] - Loss: 0.8327 | Correct: 36039/50000 (72.08%, 38.81s)
2026-02-11 17:11:03,023 | INFO | Validation - Loss: 0.9009 | Correct: 6878/10000 (68.78%, 2.89s)
2026-02-11 17:11:12,916 | INFO | Batch 100 | Loss: 0.7930 | Correct: 93/128 | Elapsed Time: 9.89s
2026-02-11 17:11:22,828 | INFO | Batch 200 | Loss: 0.9648 | Correct: 87/128 | Elapsed Time: 9.91s
2026-02-11 17:11:32,760 | INFO | Batch 300 | Loss: 0.7500 | Correct: 89/128 | Elapsed Time: 9.93s
2026-02-11 17:11:41,748 | INFO | Epoch [55/100] - Loss: 0.8340 | Correct: 36113/50000 (72.23%, 38.72s)
2026-02-11 17:11:44,620 | INFO | Validation - Loss: 0.8924 | Correct: 6912/10000 (69.12%, 2.87s)
2026-02-11 17:11:54,548 | INFO | Batch 100 | Loss: 0.7852 | Correct: 94/128 | Elapsed Time: 9.93s
2026-02-11 17:12:04,408 | INFO | Batch 200 | Loss: 0.7383 | Correct: 98/128 | Elapsed Time: 9.86s
2026-02-11 17:12:14,338 | INFO | Batch 300 | Loss: 0.7422 | Correct: 98/128 | Elapsed Time: 9.93s
2026-02-11 17:12:23,336 | INFO | Epoch [56/100] - Loss: 0.8363 | Correct: 36154/50000 (72.31%, 38.71s)
2026-02-11 17:12:26,258 | INFO | Validation - Loss: 0.8762 | Correct: 7025/10000 (70.25%, 2.92s)
2026-02-11 17:12:36,127 | INFO | Batch 100 | Loss: 0.6875 | Correct: 104/128 | Elapsed Time: 9.87s
2026-02-11 17:12:46,030 | INFO | Batch 200 | Loss: 0.9336 | Correct: 89/128 | Elapsed Time: 9.90s
2026-02-11 17:12:55,993 | INFO | Batch 300 | Loss: 0.9219 | Correct: 87/128 | Elapsed Time: 9.96s
2026-02-11 17:13:05,041 | INFO | Epoch [57/100] - Loss: 0.8390 | Correct: 36114/50000 (72.23%, 38.78s)
2026-02-11 17:13:07,952 | INFO | Validation - Loss: 0.8676 | Correct: 7065/10000 (70.65%, 2.91s)
2026-02-11 17:13:17,887 | INFO | Batch 100 | Loss: 0.8359 | Correct: 91/128 | Elapsed Time: 9.93s
2026-02-11 17:13:27,816 | INFO | Batch 200 | Loss: 0.7656 | Correct: 94/128 | Elapsed Time: 9.93s
2026-02-11 17:13:37,739 | INFO | Batch 300 | Loss: 0.7773 | Correct: 92/128 | Elapsed Time: 9.92s
2026-02-11 17:13:46,727 | INFO | Epoch [58/100] - Loss: 0.8429 | Correct: 35958/50000 (71.92%, 38.77s)
2026-02-11 17:13:49,621 | INFO | Validation - Loss: 0.8674 | Correct: 7072/10000 (70.72%, 2.89s)
2026-02-11 17:13:59,502 | INFO | Batch 100 | Loss: 0.8594 | Correct: 93/128 | Elapsed Time: 9.88s
2026-02-11 17:14:09,402 | INFO | Batch 200 | Loss: 0.8398 | Correct: 92/128 | Elapsed Time: 9.90s
2026-02-11 17:14:19,290 | INFO | Batch 300 | Loss: 0.8711 | Correct: 87/128 | Elapsed Time: 9.89s
2026-02-11 17:14:28,268 | INFO | Epoch [59/100] - Loss: 0.8408 | Correct: 36112/50000 (72.22%, 38.64s)
2026-02-11 17:14:31,167 | INFO | Validation - Loss: 0.8961 | Correct: 6950/10000 (69.50%, 2.90s)
2026-02-11 17:14:41,053 | INFO | Batch 100 | Loss: 0.8008 | Correct: 89/128 | Elapsed Time: 9.88s
2026-02-11 17:14:50,884 | INFO | Batch 200 | Loss: 0.7539 | Correct: 97/128 | Elapsed Time: 9.83s
2026-02-11 17:15:00,823 | INFO | Batch 300 | Loss: 0.8828 | Correct: 93/128 | Elapsed Time: 9.94s
2026-02-11 17:15:09,917 | INFO | Epoch [60/100] - Loss: 0.8408 | Correct: 36137/50000 (72.27%, 38.75s)
2026-02-11 17:15:12,841 | INFO | Validation - Loss: 0.8753 | Correct: 7018/10000 (70.18%, 2.92s)
2026-02-11 17:15:22,766 | INFO | Batch 100 | Loss: 0.8789 | Correct: 90/128 | Elapsed Time: 9.92s
2026-02-11 17:15:32,687 | INFO | Batch 200 | Loss: 0.8086 | Correct: 91/128 | Elapsed Time: 9.92s
2026-02-11 17:15:42,610 | INFO | Batch 300 | Loss: 0.8320 | Correct: 97/128 | Elapsed Time: 9.92s
2026-02-11 17:15:51,657 | INFO | Epoch [61/100] - Loss: 0.8424 | Correct: 36256/50000 (72.51%, 38.81s)
2026-02-11 17:15:54,543 | INFO | Validation - Loss: 0.8814 | Correct: 7015/10000 (70.15%, 2.88s)
2026-02-11 17:16:04,450 | INFO | Batch 100 | Loss: 0.8320 | Correct: 91/128 | Elapsed Time: 9.90s
2026-02-11 17:16:14,338 | INFO | Batch 200 | Loss: 0.8828 | Correct: 89/128 | Elapsed Time: 9.89s
2026-02-11 17:16:24,277 | INFO | Batch 300 | Loss: 0.8008 | Correct: 96/128 | Elapsed Time: 9.94s
2026-02-11 17:16:33,318 | INFO | Epoch [62/100] - Loss: 0.8464 | Correct: 36314/50000 (72.63%, 38.77s)
2026-02-11 17:16:36,262 | INFO | Validation - Loss: 0.8760 | Correct: 7025/10000 (70.25%, 2.94s)
2026-02-11 17:16:46,182 | INFO | Batch 100 | Loss: 0.9180 | Correct: 88/128 | Elapsed Time: 9.92s
2026-02-11 17:16:56,184 | INFO | Batch 200 | Loss: 0.9375 | Correct: 88/128 | Elapsed Time: 10.00s
2026-02-11 17:17:06,078 | INFO | Batch 300 | Loss: 0.8633 | Correct: 88/128 | Elapsed Time: 9.89s
2026-02-11 17:17:15,066 | INFO | Epoch [63/100] - Loss: 0.8458 | Correct: 36221/50000 (72.44%, 38.80s)
2026-02-11 17:17:17,970 | INFO | Validation - Loss: 0.8869 | Correct: 6972/10000 (69.72%, 2.90s)
2026-02-11 17:17:27,871 | INFO | Batch 100 | Loss: 0.9102 | Correct: 89/128 | Elapsed Time: 9.90s
2026-02-11 17:17:37,737 | INFO | Batch 200 | Loss: 0.8555 | Correct: 90/128 | Elapsed Time: 9.87s
2026-02-11 17:17:47,648 | INFO | Batch 300 | Loss: 0.8125 | Correct: 86/128 | Elapsed Time: 9.91s
2026-02-11 17:17:56,657 | INFO | Epoch [64/100] - Loss: 0.8483 | Correct: 36129/50000 (72.26%, 38.68s)
2026-02-11 17:17:59,567 | INFO | Validation - Loss: 0.8987 | Correct: 6932/10000 (69.32%, 2.91s)
2026-02-11 17:18:09,410 | INFO | Batch 100 | Loss: 0.7852 | Correct: 94/128 | Elapsed Time: 9.84s
2026-02-11 17:18:19,358 | INFO | Batch 200 | Loss: 0.7188 | Correct: 100/128 | Elapsed Time: 9.95s
2026-02-11 17:18:29,288 | INFO | Batch 300 | Loss: 0.8906 | Correct: 89/128 | Elapsed Time: 9.93s
2026-02-11 17:18:38,343 | INFO | Epoch [65/100] - Loss: 0.8489 | Correct: 36112/50000 (72.22%, 38.77s)
2026-02-11 17:18:41,302 | INFO | Validation - Loss: 0.8979 | Correct: 6948/10000 (69.48%, 2.96s)
2026-02-11 17:18:51,279 | INFO | Batch 100 | Loss: 0.8984 | Correct: 93/128 | Elapsed Time: 9.97s
2026-02-11 17:19:01,202 | INFO | Batch 200 | Loss: 0.9258 | Correct: 86/128 | Elapsed Time: 9.92s
2026-02-11 17:19:11,110 | INFO | Batch 300 | Loss: 0.9062 | Correct: 87/128 | Elapsed Time: 9.91s
2026-02-11 17:19:20,110 | INFO | Epoch [66/100] - Loss: 0.8512 | Correct: 36170/50000 (72.34%, 38.81s)
2026-02-11 17:19:23,015 | INFO | Validation - Loss: 0.8920 | Correct: 6987/10000 (69.87%, 2.90s)
2026-02-11 17:19:32,892 | INFO | Batch 100 | Loss: 0.8828 | Correct: 93/128 | Elapsed Time: 9.87s
2026-02-11 17:19:42,770 | INFO | Batch 200 | Loss: 0.7773 | Correct: 96/128 | Elapsed Time: 9.88s
2026-02-11 17:19:52,679 | INFO | Batch 300 | Loss: 0.9492 | Correct: 85/128 | Elapsed Time: 9.91s
2026-02-11 17:20:01,716 | INFO | Epoch [67/100] - Loss: 0.8543 | Correct: 36136/50000 (72.27%, 38.70s)
2026-02-11 17:20:04,584 | INFO | Validation - Loss: 0.8956 | Correct: 6949/10000 (69.49%, 2.87s)
2026-02-11 17:20:14,513 | INFO | Batch 100 | Loss: 0.9609 | Correct: 91/128 | Elapsed Time: 9.93s
2026-02-11 17:20:24,423 | INFO | Batch 200 | Loss: 0.9531 | Correct: 84/128 | Elapsed Time: 9.91s
2026-02-11 17:20:34,327 | INFO | Batch 300 | Loss: 0.9336 | Correct: 88/128 | Elapsed Time: 9.90s
2026-02-11 17:20:43,317 | INFO | Epoch [68/100] - Loss: 0.8523 | Correct: 36112/50000 (72.22%, 38.73s)
2026-02-11 17:20:46,239 | INFO | Validation - Loss: 0.8884 | Correct: 6991/10000 (69.91%, 2.92s)
2026-02-11 17:20:56,209 | INFO | Batch 100 | Loss: 0.8281 | Correct: 95/128 | Elapsed Time: 9.97s
2026-02-11 17:21:06,119 | INFO | Batch 200 | Loss: 0.7891 | Correct: 95/128 | Elapsed Time: 9.91s
2026-02-11 17:21:15,946 | INFO | Batch 300 | Loss: 0.8984 | Correct: 90/128 | Elapsed Time: 9.83s
2026-02-11 17:21:24,885 | INFO | Epoch [69/100] - Loss: 0.8501 | Correct: 36122/50000 (72.24%, 38.64s)
2026-02-11 17:21:27,785 | INFO | Validation - Loss: 0.8896 | Correct: 7007/10000 (70.07%, 2.90s)
2026-02-11 17:21:37,653 | INFO | Batch 100 | Loss: 0.7969 | Correct: 101/128 | Elapsed Time: 9.86s
2026-02-11 17:21:47,593 | INFO | Batch 200 | Loss: 0.8984 | Correct: 90/128 | Elapsed Time: 9.94s
2026-02-11 17:21:57,492 | INFO | Batch 300 | Loss: 0.9258 | Correct: 90/128 | Elapsed Time: 9.90s
2026-02-11 17:22:06,457 | INFO | Epoch [70/100] - Loss: 0.8553 | Correct: 36155/50000 (72.31%, 38.67s)
2026-02-11 17:22:09,307 | INFO | Validation - Loss: 0.8892 | Correct: 6986/10000 (69.86%, 2.85s)
2026-02-11 17:22:19,228 | INFO | Batch 100 | Loss: 0.9727 | Correct: 90/128 | Elapsed Time: 9.92s
2026-02-11 17:22:29,119 | INFO | Batch 200 | Loss: 0.8633 | Correct: 87/128 | Elapsed Time: 9.89s
2026-02-11 17:22:39,032 | INFO | Batch 300 | Loss: 0.8711 | Correct: 91/128 | Elapsed Time: 9.91s
2026-02-11 17:22:48,092 | INFO | Epoch [71/100] - Loss: 0.8563 | Correct: 36108/50000 (72.22%, 38.78s)
2026-02-11 17:22:50,944 | INFO | Validation - Loss: 0.8907 | Correct: 7017/10000 (70.17%, 2.85s)
2026-02-11 17:23:00,873 | INFO | Batch 100 | Loss: 0.8750 | Correct: 90/128 | Elapsed Time: 9.93s
2026-02-11 17:23:10,800 | INFO | Batch 200 | Loss: 0.8516 | Correct: 93/128 | Elapsed Time: 9.93s
2026-02-11 17:23:20,643 | INFO | Batch 300 | Loss: 0.9297 | Correct: 90/128 | Elapsed Time: 9.84s
2026-02-11 17:23:29,613 | INFO | Epoch [72/100] - Loss: 0.8561 | Correct: 36155/50000 (72.31%, 38.67s)
2026-02-11 17:23:32,531 | INFO | Validation - Loss: 0.8875 | Correct: 7030/10000 (70.30%, 2.92s)
2026-02-11 17:23:42,429 | INFO | Batch 100 | Loss: 0.9609 | Correct: 88/128 | Elapsed Time: 9.89s
2026-02-11 17:23:52,302 | INFO | Batch 200 | Loss: 0.8281 | Correct: 99/128 | Elapsed Time: 9.87s
2026-02-11 17:24:02,219 | INFO | Batch 300 | Loss: 0.8281 | Correct: 91/128 | Elapsed Time: 9.92s
2026-02-11 17:24:11,266 | INFO | Epoch [73/100] - Loss: 0.8530 | Correct: 36242/50000 (72.48%, 38.73s)
2026-02-11 17:24:14,171 | INFO | Validation - Loss: 0.8933 | Correct: 6998/10000 (69.98%, 2.90s)
2026-02-11 17:24:24,102 | INFO | Batch 100 | Loss: 0.9609 | Correct: 86/128 | Elapsed Time: 9.93s
2026-02-11 17:24:33,974 | INFO | Batch 200 | Loss: 0.8086 | Correct: 97/128 | Elapsed Time: 9.87s
2026-02-11 17:24:43,885 | INFO | Batch 300 | Loss: 0.8281 | Correct: 89/128 | Elapsed Time: 9.91s
2026-02-11 17:24:52,868 | INFO | Epoch [74/100] - Loss: 0.8565 | Correct: 36198/50000 (72.40%, 38.69s)
2026-02-11 17:24:55,763 | INFO | Validation - Loss: 0.9040 | Correct: 6927/10000 (69.27%, 2.89s)
2026-02-11 17:25:05,686 | INFO | Batch 100 | Loss: 0.8711 | Correct: 91/128 | Elapsed Time: 9.92s
2026-02-11 17:25:15,531 | INFO | Batch 200 | Loss: 0.9141 | Correct: 87/128 | Elapsed Time: 9.84s
2026-02-11 17:25:25,428 | INFO | Batch 300 | Loss: 0.9023 | Correct: 88/128 | Elapsed Time: 9.90s
2026-02-11 17:25:34,405 | INFO | Epoch [75/100] - Loss: 0.8566 | Correct: 36102/50000 (72.20%, 38.64s)
2026-02-11 17:25:37,341 | INFO | Validation - Loss: 0.8949 | Correct: 6975/10000 (69.75%, 2.93s)
2026-02-11 17:25:47,244 | INFO | Batch 100 | Loss: 0.8047 | Correct: 96/128 | Elapsed Time: 9.90s
2026-02-11 17:25:57,135 | INFO | Batch 200 | Loss: 0.7773 | Correct: 99/128 | Elapsed Time: 9.89s
2026-02-11 17:26:07,027 | INFO | Batch 300 | Loss: 0.9102 | Correct: 87/128 | Elapsed Time: 9.89s
2026-02-11 17:26:15,996 | INFO | Epoch [76/100] - Loss: 0.8579 | Correct: 36138/50000 (72.28%, 38.65s)
2026-02-11 17:26:18,871 | INFO | Validation - Loss: 0.8906 | Correct: 7019/10000 (70.19%, 2.87s)
2026-02-11 17:26:28,703 | INFO | Batch 100 | Loss: 0.9258 | Correct: 88/128 | Elapsed Time: 9.83s
2026-02-11 17:26:38,589 | INFO | Batch 200 | Loss: 0.9336 | Correct: 90/128 | Elapsed Time: 9.89s
2026-02-11 17:26:48,492 | INFO | Batch 300 | Loss: 1.0000 | Correct: 79/128 | Elapsed Time: 9.90s
2026-02-11 17:26:57,522 | INFO | Epoch [77/100] - Loss: 0.8567 | Correct: 36121/50000 (72.24%, 38.65s)
2026-02-11 17:27:00,418 | INFO | Validation - Loss: 0.8902 | Correct: 7007/10000 (70.07%, 2.89s)
2026-02-11 17:27:10,347 | INFO | Batch 100 | Loss: 0.8477 | Correct: 94/128 | Elapsed Time: 9.93s
2026-02-11 17:27:20,234 | INFO | Batch 200 | Loss: 0.9375 | Correct: 83/128 | Elapsed Time: 9.89s
2026-02-11 17:27:30,149 | INFO | Batch 300 | Loss: 0.9609 | Correct: 87/128 | Elapsed Time: 9.91s
2026-02-11 17:27:39,151 | INFO | Epoch [78/100] - Loss: 0.8570 | Correct: 36191/50000 (72.38%, 38.73s)
2026-02-11 17:27:42,052 | INFO | Validation - Loss: 0.8899 | Correct: 7023/10000 (70.23%, 2.90s)
2026-02-11 17:27:51,978 | INFO | Batch 100 | Loss: 0.7656 | Correct: 97/128 | Elapsed Time: 9.92s
2026-02-11 17:28:01,884 | INFO | Batch 200 | Loss: 0.8242 | Correct: 96/128 | Elapsed Time: 9.91s
2026-02-11 17:28:11,888 | INFO | Batch 300 | Loss: 0.8711 | Correct: 91/128 | Elapsed Time: 10.00s
2026-02-11 17:28:20,894 | INFO | Epoch [79/100] - Loss: 0.8555 | Correct: 36180/50000 (72.36%, 38.84s)
2026-02-11 17:28:23,812 | INFO | Validation - Loss: 0.8903 | Correct: 7017/10000 (70.17%, 2.92s)
2026-02-11 17:28:33,722 | INFO | Batch 100 | Loss: 0.9102 | Correct: 89/128 | Elapsed Time: 9.91s
2026-02-11 17:28:43,652 | INFO | Batch 200 | Loss: 0.9844 | Correct: 85/128 | Elapsed Time: 9.93s
2026-02-11 17:28:53,569 | INFO | Batch 300 | Loss: 0.8555 | Correct: 98/128 | Elapsed Time: 9.92s
2026-02-11 17:29:02,609 | INFO | Epoch [80/100] - Loss: 0.8590 | Correct: 36058/50000 (72.12%, 38.79s)
2026-02-11 17:29:05,510 | INFO | Validation - Loss: 0.8907 | Correct: 7018/10000 (70.18%, 2.90s)
2026-02-11 17:29:15,482 | INFO | Batch 100 | Loss: 0.8633 | Correct: 86/128 | Elapsed Time: 9.97s
2026-02-11 17:29:25,383 | INFO | Batch 200 | Loss: 0.7109 | Correct: 97/128 | Elapsed Time: 9.90s
2026-02-11 17:29:35,227 | INFO | Batch 300 | Loss: 0.9414 | Correct: 91/128 | Elapsed Time: 9.84s
2026-02-11 17:29:44,219 | INFO | Epoch [81/100] - Loss: 0.8566 | Correct: 36221/50000 (72.44%, 38.71s)
2026-02-11 17:29:47,155 | INFO | Validation - Loss: 0.8890 | Correct: 6997/10000 (69.97%, 2.94s)
2026-02-11 17:29:57,109 | INFO | Batch 100 | Loss: 0.8477 | Correct: 94/128 | Elapsed Time: 9.95s
2026-02-11 17:30:06,994 | INFO | Batch 200 | Loss: 0.8086 | Correct: 97/128 | Elapsed Time: 9.89s
2026-02-11 17:30:16,912 | INFO | Batch 300 | Loss: 0.8984 | Correct: 94/128 | Elapsed Time: 9.92s
2026-02-11 17:30:25,822 | INFO | Epoch [82/100] - Loss: 0.8569 | Correct: 36140/50000 (72.28%, 38.66s)
2026-02-11 17:30:28,721 | INFO | Validation - Loss: 0.8967 | Correct: 6993/10000 (69.93%, 2.90s)
2026-02-11 17:30:38,568 | INFO | Batch 100 | Loss: 0.9570 | Correct: 88/128 | Elapsed Time: 9.84s
2026-02-11 17:30:48,445 | INFO | Batch 200 | Loss: 0.8125 | Correct: 100/128 | Elapsed Time: 9.88s
2026-02-11 17:30:58,418 | INFO | Batch 300 | Loss: 0.7891 | Correct: 97/128 | Elapsed Time: 9.97s
2026-02-11 17:31:07,452 | INFO | Epoch [83/100] - Loss: 0.8560 | Correct: 36197/50000 (72.39%, 38.73s)
2026-02-11 17:31:10,321 | INFO | Validation - Loss: 0.8885 | Correct: 7011/10000 (70.11%, 2.87s)
2026-02-11 17:31:20,234 | INFO | Batch 100 | Loss: 0.8555 | Correct: 93/128 | Elapsed Time: 9.91s
2026-02-11 17:31:30,090 | INFO | Batch 200 | Loss: 0.9023 | Correct: 96/128 | Elapsed Time: 9.86s
2026-02-11 17:31:39,973 | INFO | Batch 300 | Loss: 0.8711 | Correct: 91/128 | Elapsed Time: 9.88s
2026-02-11 17:31:48,977 | INFO | Epoch [84/100] - Loss: 0.8630 | Correct: 36071/50000 (72.14%, 38.65s)
2026-02-11 17:31:51,881 | INFO | Validation - Loss: 0.8888 | Correct: 7016/10000 (70.16%, 2.90s)
2026-02-11 17:32:01,822 | INFO | Batch 100 | Loss: 0.8711 | Correct: 92/128 | Elapsed Time: 9.94s
2026-02-11 17:32:11,755 | INFO | Batch 200 | Loss: 0.8281 | Correct: 95/128 | Elapsed Time: 9.93s
2026-02-11 17:32:21,660 | INFO | Batch 300 | Loss: 0.7578 | Correct: 98/128 | Elapsed Time: 9.90s
2026-02-11 17:32:30,595 | INFO | Epoch [85/100] - Loss: 0.8556 | Correct: 36207/50000 (72.41%, 38.71s)
2026-02-11 17:32:33,505 | INFO | Validation - Loss: 0.8915 | Correct: 6997/10000 (69.97%, 2.91s)
2026-02-11 17:32:43,369 | INFO | Batch 100 | Loss: 0.8516 | Correct: 93/128 | Elapsed Time: 9.86s
2026-02-11 17:32:53,274 | INFO | Batch 200 | Loss: 0.8672 | Correct: 92/128 | Elapsed Time: 9.90s
2026-02-11 17:33:03,190 | INFO | Batch 300 | Loss: 1.0312 | Correct: 87/128 | Elapsed Time: 9.92s
2026-02-11 17:33:12,205 | INFO | Epoch [86/100] - Loss: 0.8631 | Correct: 35893/50000 (71.79%, 38.70s)
2026-02-11 17:33:15,068 | INFO | Validation - Loss: 0.8936 | Correct: 6978/10000 (69.78%, 2.86s)
2026-02-11 17:33:25,020 | INFO | Batch 100 | Loss: 0.8867 | Correct: 91/128 | Elapsed Time: 9.95s
2026-02-11 17:33:34,877 | INFO | Batch 200 | Loss: 0.8203 | Correct: 93/128 | Elapsed Time: 9.86s
2026-02-11 17:33:44,772 | INFO | Batch 300 | Loss: 0.9023 | Correct: 90/128 | Elapsed Time: 9.89s
2026-02-11 17:33:53,724 | INFO | Epoch [87/100] - Loss: 0.8577 | Correct: 36142/50000 (72.28%, 38.65s)
2026-02-11 17:33:56,661 | INFO | Validation - Loss: 0.8989 | Correct: 6946/10000 (69.46%, 2.94s)
2026-02-11 17:34:06,530 | INFO | Batch 100 | Loss: 0.8359 | Correct: 94/128 | Elapsed Time: 9.87s
2026-02-11 17:34:16,401 | INFO | Batch 200 | Loss: 0.7930 | Correct: 93/128 | Elapsed Time: 9.87s
2026-02-11 17:34:26,288 | INFO | Batch 300 | Loss: 0.9102 | Correct: 90/128 | Elapsed Time: 9.89s
2026-02-11 17:34:35,257 | INFO | Epoch [88/100] - Loss: 0.8554 | Correct: 36162/50000 (72.32%, 38.59s)
2026-02-11 17:34:38,172 | INFO | Validation - Loss: 0.8945 | Correct: 6989/10000 (69.89%, 2.91s)
2026-02-11 17:34:48,085 | INFO | Batch 100 | Loss: 0.8867 | Correct: 92/128 | Elapsed Time: 9.91s
2026-02-11 17:34:57,993 | INFO | Batch 200 | Loss: 0.9414 | Correct: 84/128 | Elapsed Time: 9.91s
2026-02-11 17:35:07,883 | INFO | Batch 300 | Loss: 0.8398 | Correct: 95/128 | Elapsed Time: 9.89s
2026-02-11 17:35:16,896 | INFO | Epoch [89/100] - Loss: 0.8581 | Correct: 36099/50000 (72.20%, 38.72s)
2026-02-11 17:35:19,758 | INFO | Validation - Loss: 0.8957 | Correct: 6994/10000 (69.94%, 2.86s)
2026-02-11 17:35:29,581 | INFO | Batch 100 | Loss: 0.8672 | Correct: 93/128 | Elapsed Time: 9.82s
2026-02-11 17:35:39,401 | INFO | Batch 200 | Loss: 0.7930 | Correct: 99/128 | Elapsed Time: 9.82s
2026-02-11 17:35:49,289 | INFO | Batch 300 | Loss: 0.8203 | Correct: 96/128 | Elapsed Time: 9.89s
2026-02-11 17:35:58,252 | INFO | Epoch [90/100] - Loss: 0.8574 | Correct: 36116/50000 (72.23%, 38.49s)
2026-02-11 17:36:01,140 | INFO | Validation - Loss: 0.8899 | Correct: 7011/10000 (70.11%, 2.89s)
2026-02-11 17:36:11,019 | INFO | Batch 100 | Loss: 0.8008 | Correct: 94/128 | Elapsed Time: 9.88s
2026-02-11 17:36:20,930 | INFO | Batch 200 | Loss: 0.9219 | Correct: 86/128 | Elapsed Time: 9.91s
2026-02-11 17:36:30,756 | INFO | Batch 300 | Loss: 0.9570 | Correct: 90/128 | Elapsed Time: 9.83s
2026-02-11 17:36:39,720 | INFO | Epoch [91/100] - Loss: 0.8595 | Correct: 36007/50000 (72.01%, 38.58s)
2026-02-11 17:36:42,571 | INFO | Validation - Loss: 0.8914 | Correct: 6987/10000 (69.87%, 2.85s)
2026-02-11 17:36:52,471 | INFO | Batch 100 | Loss: 0.8828 | Correct: 92/128 | Elapsed Time: 9.90s
2026-02-11 17:37:02,371 | INFO | Batch 200 | Loss: 0.7539 | Correct: 97/128 | Elapsed Time: 9.90s
2026-02-11 17:37:12,233 | INFO | Batch 300 | Loss: 0.8984 | Correct: 95/128 | Elapsed Time: 9.86s
2026-02-11 17:37:21,226 | INFO | Epoch [92/100] - Loss: 0.8590 | Correct: 36049/50000 (72.10%, 38.65s)
2026-02-11 17:37:24,107 | INFO | Validation - Loss: 0.8908 | Correct: 7005/10000 (70.05%, 2.88s)
2026-02-11 17:37:33,964 | INFO | Batch 100 | Loss: 0.7578 | Correct: 98/128 | Elapsed Time: 9.85s
2026-02-11 17:37:43,841 | INFO | Batch 200 | Loss: 0.9102 | Correct: 87/128 | Elapsed Time: 9.88s
2026-02-11 17:37:53,758 | INFO | Batch 300 | Loss: 0.8398 | Correct: 94/128 | Elapsed Time: 9.92s
2026-02-11 17:38:02,717 | INFO | Epoch [93/100] - Loss: 0.8585 | Correct: 36088/50000 (72.18%, 38.61s)
2026-02-11 17:38:05,614 | INFO | Validation - Loss: 0.8991 | Correct: 6956/10000 (69.56%, 2.90s)
2026-02-11 17:38:15,521 | INFO | Batch 100 | Loss: 0.9102 | Correct: 84/128 | Elapsed Time: 9.90s
2026-02-11 17:38:25,383 | INFO | Batch 200 | Loss: 0.7930 | Correct: 98/128 | Elapsed Time: 9.86s
2026-02-11 17:38:35,222 | INFO | Batch 300 | Loss: 0.8789 | Correct: 100/128 | Elapsed Time: 9.84s
2026-02-11 17:38:44,155 | INFO | Epoch [94/100] - Loss: 0.8567 | Correct: 36253/50000 (72.51%, 38.54s)
2026-02-11 17:38:47,100 | INFO | Validation - Loss: 0.8967 | Correct: 6992/10000 (69.92%, 2.94s)
2026-02-11 17:38:57,011 | INFO | Batch 100 | Loss: 0.8438 | Correct: 95/128 | Elapsed Time: 9.91s
2026-02-11 17:39:06,870 | INFO | Batch 200 | Loss: 0.7852 | Correct: 96/128 | Elapsed Time: 9.86s
2026-02-11 17:39:16,748 | INFO | Batch 300 | Loss: 0.8242 | Correct: 97/128 | Elapsed Time: 9.88s
2026-02-11 17:39:25,715 | INFO | Epoch [95/100] - Loss: 0.8541 | Correct: 36229/50000 (72.46%, 38.61s)
2026-02-11 17:39:28,628 | INFO | Validation - Loss: 0.8989 | Correct: 6952/10000 (69.52%, 2.91s)
2026-02-11 17:39:38,504 | INFO | Batch 100 | Loss: 0.7773 | Correct: 102/128 | Elapsed Time: 9.87s
2026-02-11 17:39:48,415 | INFO | Batch 200 | Loss: 0.8242 | Correct: 95/128 | Elapsed Time: 9.91s
2026-02-11 17:39:58,312 | INFO | Batch 300 | Loss: 0.8633 | Correct: 94/128 | Elapsed Time: 9.90s
2026-02-11 17:40:07,265 | INFO | Epoch [96/100] - Loss: 0.8579 | Correct: 36139/50000 (72.28%, 38.63s)
2026-02-11 17:40:10,126 | INFO | Validation - Loss: 0.8899 | Correct: 7019/10000 (70.19%, 2.86s)
2026-02-11 17:40:20,013 | INFO | Batch 100 | Loss: 0.8711 | Correct: 93/128 | Elapsed Time: 9.88s
2026-02-11 17:40:29,949 | INFO | Batch 200 | Loss: 0.7148 | Correct: 101/128 | Elapsed Time: 9.94s
2026-02-11 17:40:39,884 | INFO | Batch 300 | Loss: 0.8125 | Correct: 100/128 | Elapsed Time: 9.94s
2026-02-11 17:40:48,925 | INFO | Epoch [97/100] - Loss: 0.8566 | Correct: 36165/50000 (72.33%, 38.79s)
2026-02-11 17:40:51,869 | INFO | Validation - Loss: 0.8972 | Correct: 6973/10000 (69.73%, 2.94s)
2026-02-11 17:41:01,838 | INFO | Batch 100 | Loss: 0.9180 | Correct: 89/128 | Elapsed Time: 9.97s
2026-02-11 17:41:11,795 | INFO | Batch 200 | Loss: 0.8125 | Correct: 94/128 | Elapsed Time: 9.96s
2026-02-11 17:41:21,791 | INFO | Batch 300 | Loss: 0.8281 | Correct: 99/128 | Elapsed Time: 10.00s
2026-02-11 17:41:30,845 | INFO | Epoch [98/100] - Loss: 0.8578 | Correct: 36127/50000 (72.25%, 38.97s)
2026-02-11 17:41:33,751 | INFO | Validation - Loss: 0.8946 | Correct: 6997/10000 (69.97%, 2.90s)
2026-02-11 17:41:43,715 | INFO | Batch 100 | Loss: 0.8008 | Correct: 94/128 | Elapsed Time: 9.96s
2026-02-11 17:41:53,728 | INFO | Batch 200 | Loss: 0.8477 | Correct: 96/128 | Elapsed Time: 10.01s
2026-02-11 17:42:03,704 | INFO | Batch 300 | Loss: 0.8320 | Correct: 95/128 | Elapsed Time: 9.98s
2026-02-11 17:42:12,794 | INFO | Epoch [99/100] - Loss: 0.8533 | Correct: 36245/50000 (72.49%, 39.04s)
2026-02-11 17:42:15,715 | INFO | Validation - Loss: 0.8922 | Correct: 6992/10000 (69.92%, 2.92s)
2026-02-11 17:42:25,819 | INFO | Batch 100 | Loss: 0.8828 | Correct: 93/128 | Elapsed Time: 10.10s
2026-02-11 17:42:35,942 | INFO | Batch 200 | Loss: 0.9023 | Correct: 86/128 | Elapsed Time: 10.12s
2026-02-11 17:42:46,035 | INFO | Batch 300 | Loss: 0.8750 | Correct: 88/128 | Elapsed Time: 10.09s
2026-02-11 17:42:55,202 | INFO | Epoch [100/100] - Loss: 0.8566 | Correct: 36043/50000 (72.09%, 39.48s)
2026-02-11 17:42:58,160 | INFO | Validation - Loss: 0.8934 | Correct: 6987/10000 (69.87%, 2.96s)
2026-02-11 17:42:58,163 | INFO | Training complete.
2026-02-11 17:42:58,206 | INFO | Final model saved to ./checkpoints/shufflenetv2_fp_final_20260211_163319.pt
