2026-02-11 12:56:46,649 | INFO | Training ShuffleNetV2 on CIFAR-10 with FP (dtype=torch.float32) on device cuda:0
2026-02-11 12:56:46,650 | INFO | Hyperparameters: epochs=100, batch_size=128, lr=0.01, beta=0.999
2026-02-11 12:56:57,303 | INFO | Batch 100 | Loss: 2.0284 | Correct: 30/128 | Elapsed Time: 10.65s
2026-02-11 12:57:07,341 | INFO | Batch 200 | Loss: 1.9097 | Correct: 35/128 | Elapsed Time: 10.04s
2026-02-11 12:57:17,345 | INFO | Batch 300 | Loss: 1.8507 | Correct: 39/128 | Elapsed Time: 10.00s
2026-02-11 12:57:26,497 | INFO | Epoch [1/100] - Loss: 1.9474 | Correct: 13338/50000 (26.68%, 39.85s)
2026-02-11 12:57:29,396 | INFO | Validation - Loss: 1.6596 | Correct: 3824/10000 (38.24%, 2.90s)
2026-02-11 12:57:29,449 | INFO | New best model saved at epoch 1 with Top1 Acc: 38.24%
2026-02-11 12:57:39,506 | INFO | Batch 100 | Loss: 1.6523 | Correct: 48/128 | Elapsed Time: 10.06s
2026-02-11 12:57:49,604 | INFO | Batch 200 | Loss: 1.6334 | Correct: 48/128 | Elapsed Time: 10.10s
2026-02-11 12:57:59,643 | INFO | Batch 300 | Loss: 1.5248 | Correct: 54/128 | Elapsed Time: 10.04s
2026-02-11 12:58:08,778 | INFO | Epoch [2/100] - Loss: 1.6119 | Correct: 20222/50000 (40.44%, 39.33s)
2026-02-11 12:58:11,646 | INFO | Validation - Loss: 1.4598 | Correct: 4652/10000 (46.52%, 2.87s)
2026-02-11 12:58:11,702 | INFO | New best model saved at epoch 2 with Top1 Acc: 46.52%
2026-02-11 12:58:21,783 | INFO | Batch 100 | Loss: 1.4876 | Correct: 63/128 | Elapsed Time: 10.08s
2026-02-11 12:58:31,834 | INFO | Batch 200 | Loss: 1.5345 | Correct: 58/128 | Elapsed Time: 10.05s
2026-02-11 12:58:41,868 | INFO | Batch 300 | Loss: 1.4914 | Correct: 64/128 | Elapsed Time: 10.03s
2026-02-11 12:58:50,997 | INFO | Epoch [3/100] - Loss: 1.4667 | Correct: 23253/50000 (46.51%, 39.30s)
2026-02-11 12:58:53,814 | INFO | Validation - Loss: 1.3268 | Correct: 5206/10000 (52.06%, 2.82s)
2026-02-11 12:58:53,870 | INFO | New best model saved at epoch 3 with Top1 Acc: 52.06%
2026-02-11 12:59:03,897 | INFO | Batch 100 | Loss: 1.3525 | Correct: 68/128 | Elapsed Time: 10.03s
2026-02-11 12:59:13,934 | INFO | Batch 200 | Loss: 1.3634 | Correct: 65/128 | Elapsed Time: 10.04s
2026-02-11 12:59:23,970 | INFO | Batch 300 | Loss: 1.4646 | Correct: 53/128 | Elapsed Time: 10.04s
2026-02-11 12:59:33,009 | INFO | Epoch [4/100] - Loss: 1.3741 | Correct: 24919/50000 (49.84%, 39.14s)
2026-02-11 12:59:35,831 | INFO | Validation - Loss: 1.2821 | Correct: 5312/10000 (53.12%, 2.82s)
2026-02-11 12:59:35,889 | INFO | New best model saved at epoch 4 with Top1 Acc: 53.12%
2026-02-11 12:59:45,847 | INFO | Batch 100 | Loss: 1.2171 | Correct: 75/128 | Elapsed Time: 9.96s
2026-02-11 12:59:55,909 | INFO | Batch 200 | Loss: 1.2525 | Correct: 66/128 | Elapsed Time: 10.06s
2026-02-11 13:00:05,872 | INFO | Batch 300 | Loss: 1.3811 | Correct: 60/128 | Elapsed Time: 9.96s
2026-02-11 13:00:14,908 | INFO | Epoch [5/100] - Loss: 1.3084 | Correct: 26355/50000 (52.71%, 39.02s)
2026-02-11 13:00:17,763 | INFO | Validation - Loss: 1.2226 | Correct: 5611/10000 (56.11%, 2.85s)
2026-02-11 13:00:17,820 | INFO | New best model saved at epoch 5 with Top1 Acc: 56.11%
2026-02-11 13:00:27,828 | INFO | Batch 100 | Loss: 1.2416 | Correct: 76/128 | Elapsed Time: 10.01s
2026-02-11 13:00:37,798 | INFO | Batch 200 | Loss: 1.3357 | Correct: 68/128 | Elapsed Time: 9.97s
2026-02-11 13:00:47,745 | INFO | Batch 300 | Loss: 1.2129 | Correct: 71/128 | Elapsed Time: 9.95s
2026-02-11 13:00:56,834 | INFO | Epoch [6/100] - Loss: 1.2641 | Correct: 27281/50000 (54.56%, 39.01s)
2026-02-11 13:00:59,669 | INFO | Validation - Loss: 1.2500 | Correct: 5549/10000 (55.49%, 2.83s)
2026-02-11 13:01:09,616 | INFO | Batch 100 | Loss: 1.2361 | Correct: 71/128 | Elapsed Time: 9.95s
2026-02-11 13:01:19,558 | INFO | Batch 200 | Loss: 1.2438 | Correct: 71/128 | Elapsed Time: 9.94s
2026-02-11 13:01:29,517 | INFO | Batch 300 | Loss: 1.1375 | Correct: 77/128 | Elapsed Time: 9.96s
2026-02-11 13:01:38,533 | INFO | Epoch [7/100] - Loss: 1.2268 | Correct: 27919/50000 (55.84%, 38.86s)
2026-02-11 13:01:41,399 | INFO | Validation - Loss: 1.1692 | Correct: 5821/10000 (58.21%, 2.86s)
2026-02-11 13:01:41,457 | INFO | New best model saved at epoch 7 with Top1 Acc: 58.21%
2026-02-11 13:01:51,425 | INFO | Batch 100 | Loss: 1.0202 | Correct: 80/128 | Elapsed Time: 9.97s
2026-02-11 13:02:01,372 | INFO | Batch 200 | Loss: 1.1653 | Correct: 76/128 | Elapsed Time: 9.95s
2026-02-11 13:02:11,286 | INFO | Batch 300 | Loss: 1.1401 | Correct: 73/128 | Elapsed Time: 9.91s
2026-02-11 13:02:20,330 | INFO | Epoch [8/100] - Loss: 1.1881 | Correct: 28646/50000 (57.29%, 38.87s)
2026-02-11 13:02:23,178 | INFO | Validation - Loss: 1.1561 | Correct: 5825/10000 (58.25%, 2.85s)
2026-02-11 13:02:23,233 | INFO | New best model saved at epoch 8 with Top1 Acc: 58.25%
2026-02-11 13:02:33,307 | INFO | Batch 100 | Loss: 1.1228 | Correct: 77/128 | Elapsed Time: 10.07s
2026-02-11 13:02:43,334 | INFO | Batch 200 | Loss: 1.1363 | Correct: 69/128 | Elapsed Time: 10.03s
2026-02-11 13:02:53,413 | INFO | Batch 300 | Loss: 1.0124 | Correct: 83/128 | Elapsed Time: 10.08s
2026-02-11 13:03:02,542 | INFO | Epoch [9/100] - Loss: 1.1586 | Correct: 29229/50000 (58.46%, 39.31s)
2026-02-11 13:03:05,342 | INFO | Validation - Loss: 1.1264 | Correct: 6051/10000 (60.51%, 2.80s)
2026-02-11 13:03:05,395 | INFO | New best model saved at epoch 9 with Top1 Acc: 60.51%
2026-02-11 13:03:15,393 | INFO | Batch 100 | Loss: 0.8659 | Correct: 88/128 | Elapsed Time: 10.00s
2026-02-11 13:03:25,411 | INFO | Batch 200 | Loss: 1.2018 | Correct: 72/128 | Elapsed Time: 10.02s
2026-02-11 13:03:35,430 | INFO | Batch 300 | Loss: 1.2149 | Correct: 67/128 | Elapsed Time: 10.02s
2026-02-11 13:03:44,548 | INFO | Epoch [10/100] - Loss: 1.1254 | Correct: 29751/50000 (59.50%, 39.15s)
2026-02-11 13:03:47,442 | INFO | Validation - Loss: 1.0696 | Correct: 6221/10000 (62.21%, 2.89s)
2026-02-11 13:03:47,501 | INFO | New best model saved at epoch 10 with Top1 Acc: 62.21%
2026-02-11 13:03:57,531 | INFO | Batch 100 | Loss: 1.1569 | Correct: 77/128 | Elapsed Time: 10.03s
2026-02-11 13:04:07,518 | INFO | Batch 200 | Loss: 0.9553 | Correct: 87/128 | Elapsed Time: 9.99s
2026-02-11 13:04:17,494 | INFO | Batch 300 | Loss: 0.9977 | Correct: 85/128 | Elapsed Time: 9.98s
2026-02-11 13:04:26,561 | INFO | Epoch [11/100] - Loss: 1.1046 | Correct: 30171/50000 (60.34%, 39.06s)
2026-02-11 13:04:29,398 | INFO | Validation - Loss: 1.0591 | Correct: 6218/10000 (62.18%, 2.84s)
2026-02-11 13:04:39,433 | INFO | Batch 100 | Loss: 1.1079 | Correct: 79/128 | Elapsed Time: 10.03s
2026-02-11 13:04:49,505 | INFO | Batch 200 | Loss: 1.0941 | Correct: 80/128 | Elapsed Time: 10.07s
2026-02-11 13:04:59,547 | INFO | Batch 300 | Loss: 0.8444 | Correct: 89/128 | Elapsed Time: 10.04s
2026-02-11 13:05:08,678 | INFO | Epoch [12/100] - Loss: 1.0850 | Correct: 30629/50000 (61.26%, 39.28s)
2026-02-11 13:05:11,540 | INFO | Validation - Loss: 1.0448 | Correct: 6307/10000 (63.07%, 2.86s)
2026-02-11 13:05:11,592 | INFO | New best model saved at epoch 12 with Top1 Acc: 63.07%
2026-02-11 13:05:21,594 | INFO | Batch 100 | Loss: 0.9903 | Correct: 79/128 | Elapsed Time: 10.00s
2026-02-11 13:05:31,549 | INFO | Batch 200 | Loss: 1.1590 | Correct: 72/128 | Elapsed Time: 9.96s
2026-02-11 13:05:41,540 | INFO | Batch 300 | Loss: 1.0760 | Correct: 72/128 | Elapsed Time: 9.99s
2026-02-11 13:05:50,617 | INFO | Epoch [13/100] - Loss: 1.0696 | Correct: 30853/50000 (61.71%, 39.03s)
2026-02-11 13:05:53,451 | INFO | Validation - Loss: 1.0427 | Correct: 6312/10000 (63.12%, 2.83s)
2026-02-11 13:05:53,506 | INFO | New best model saved at epoch 13 with Top1 Acc: 63.12%
2026-02-11 13:06:03,605 | INFO | Batch 100 | Loss: 1.1480 | Correct: 71/128 | Elapsed Time: 10.10s
2026-02-11 13:06:13,803 | INFO | Batch 200 | Loss: 0.9792 | Correct: 85/128 | Elapsed Time: 10.20s
2026-02-11 13:06:23,889 | INFO | Batch 300 | Loss: 0.8885 | Correct: 92/128 | Elapsed Time: 10.09s
2026-02-11 13:06:33,063 | INFO | Epoch [14/100] - Loss: 1.0467 | Correct: 31345/50000 (62.69%, 39.56s)
2026-02-11 13:06:35,922 | INFO | Validation - Loss: 1.0334 | Correct: 6301/10000 (63.01%, 2.86s)
2026-02-11 13:06:46,026 | INFO | Batch 100 | Loss: 1.1466 | Correct: 76/128 | Elapsed Time: 10.10s
2026-02-11 13:06:56,259 | INFO | Batch 200 | Loss: 1.0646 | Correct: 72/128 | Elapsed Time: 10.23s
2026-02-11 13:07:06,465 | INFO | Batch 300 | Loss: 1.0577 | Correct: 82/128 | Elapsed Time: 10.21s
2026-02-11 13:07:15,679 | INFO | Epoch [15/100] - Loss: 1.0321 | Correct: 31583/50000 (63.17%, 39.76s)
2026-02-11 13:07:18,611 | INFO | Validation - Loss: 0.9873 | Correct: 6490/10000 (64.90%, 2.93s)
2026-02-11 13:07:18,673 | INFO | New best model saved at epoch 15 with Top1 Acc: 64.90%
2026-02-11 13:07:28,831 | INFO | Batch 100 | Loss: 0.9804 | Correct: 84/128 | Elapsed Time: 10.16s
2026-02-11 13:07:39,053 | INFO | Batch 200 | Loss: 0.8505 | Correct: 88/128 | Elapsed Time: 10.22s
2026-02-11 13:07:49,222 | INFO | Batch 300 | Loss: 1.1384 | Correct: 74/128 | Elapsed Time: 10.17s
2026-02-11 13:07:58,521 | INFO | Epoch [16/100] - Loss: 1.0130 | Correct: 31913/50000 (63.83%, 39.85s)
2026-02-11 13:08:01,490 | INFO | Validation - Loss: 1.0187 | Correct: 6385/10000 (63.85%, 2.97s)
2026-02-11 13:08:11,713 | INFO | Batch 100 | Loss: 1.1076 | Correct: 78/128 | Elapsed Time: 10.22s
2026-02-11 13:08:21,880 | INFO | Batch 200 | Loss: 1.0048 | Correct: 77/128 | Elapsed Time: 10.17s
2026-02-11 13:08:32,004 | INFO | Batch 300 | Loss: 0.9728 | Correct: 82/128 | Elapsed Time: 10.12s
2026-02-11 13:08:41,234 | INFO | Epoch [17/100] - Loss: 1.0013 | Correct: 32217/50000 (64.43%, 39.74s)
2026-02-11 13:08:44,077 | INFO | Validation - Loss: 1.0136 | Correct: 6376/10000 (63.76%, 2.84s)
2026-02-11 13:08:54,245 | INFO | Batch 100 | Loss: 0.9672 | Correct: 87/128 | Elapsed Time: 10.17s
2026-02-11 13:09:04,435 | INFO | Batch 200 | Loss: 1.1421 | Correct: 75/128 | Elapsed Time: 10.19s
2026-02-11 13:09:14,643 | INFO | Batch 300 | Loss: 1.0354 | Correct: 80/128 | Elapsed Time: 10.21s
2026-02-11 13:09:23,929 | INFO | Epoch [18/100] - Loss: 0.9866 | Correct: 32459/50000 (64.92%, 39.85s)
2026-02-11 13:09:26,839 | INFO | Validation - Loss: 0.9659 | Correct: 6571/10000 (65.71%, 2.91s)
2026-02-11 13:09:26,893 | INFO | New best model saved at epoch 18 with Top1 Acc: 65.71%
2026-02-11 13:09:37,141 | INFO | Batch 100 | Loss: 0.9439 | Correct: 81/128 | Elapsed Time: 10.25s
2026-02-11 13:09:47,386 | INFO | Batch 200 | Loss: 1.2012 | Correct: 78/128 | Elapsed Time: 10.24s
2026-02-11 13:09:57,580 | INFO | Batch 300 | Loss: 1.2403 | Correct: 75/128 | Elapsed Time: 10.19s
2026-02-11 13:10:06,931 | INFO | Epoch [19/100] - Loss: 0.9722 | Correct: 32627/50000 (65.25%, 40.04s)
2026-02-11 13:10:09,846 | INFO | Validation - Loss: 0.9421 | Correct: 6700/10000 (67.00%, 2.91s)
2026-02-11 13:10:09,898 | INFO | New best model saved at epoch 19 with Top1 Acc: 67.00%
2026-02-11 13:10:20,103 | INFO | Batch 100 | Loss: 0.7949 | Correct: 92/128 | Elapsed Time: 10.20s
2026-02-11 13:10:30,189 | INFO | Batch 200 | Loss: 1.0523 | Correct: 82/128 | Elapsed Time: 10.09s
2026-02-11 13:10:40,258 | INFO | Batch 300 | Loss: 1.0477 | Correct: 83/128 | Elapsed Time: 10.07s
2026-02-11 13:10:49,377 | INFO | Epoch [20/100] - Loss: 0.9630 | Correct: 32859/50000 (65.72%, 39.48s)
2026-02-11 13:10:52,294 | INFO | Validation - Loss: 0.9320 | Correct: 6693/10000 (66.93%, 2.92s)
2026-02-11 13:11:02,355 | INFO | Batch 100 | Loss: 0.9251 | Correct: 78/128 | Elapsed Time: 10.06s
2026-02-11 13:11:12,364 | INFO | Batch 200 | Loss: 0.8527 | Correct: 89/128 | Elapsed Time: 10.01s
2026-02-11 13:11:22,354 | INFO | Batch 300 | Loss: 0.9512 | Correct: 83/128 | Elapsed Time: 9.99s
2026-02-11 13:11:31,484 | INFO | Epoch [21/100] - Loss: 0.9510 | Correct: 33190/50000 (66.38%, 39.19s)
2026-02-11 13:11:34,350 | INFO | Validation - Loss: 0.9343 | Correct: 6693/10000 (66.93%, 2.86s)
2026-02-11 13:11:44,411 | INFO | Batch 100 | Loss: 0.9282 | Correct: 82/128 | Elapsed Time: 10.06s
2026-02-11 13:11:54,474 | INFO | Batch 200 | Loss: 0.7837 | Correct: 91/128 | Elapsed Time: 10.06s
2026-02-11 13:12:04,521 | INFO | Batch 300 | Loss: 0.7154 | Correct: 98/128 | Elapsed Time: 10.05s
2026-02-11 13:12:13,665 | INFO | Epoch [22/100] - Loss: 0.9312 | Correct: 33390/50000 (66.78%, 39.31s)
2026-02-11 13:12:16,548 | INFO | Validation - Loss: 0.9316 | Correct: 6715/10000 (67.15%, 2.88s)
2026-02-11 13:12:16,600 | INFO | New best model saved at epoch 22 with Top1 Acc: 67.15%
2026-02-11 13:12:26,719 | INFO | Batch 100 | Loss: 1.0561 | Correct: 81/128 | Elapsed Time: 10.12s
2026-02-11 13:12:36,751 | INFO | Batch 200 | Loss: 0.7774 | Correct: 95/128 | Elapsed Time: 10.03s
2026-02-11 13:12:46,837 | INFO | Batch 300 | Loss: 0.8770 | Correct: 85/128 | Elapsed Time: 10.09s
2026-02-11 13:12:55,971 | INFO | Epoch [23/100] - Loss: 0.9149 | Correct: 33761/50000 (67.52%, 39.37s)
2026-02-11 13:12:58,864 | INFO | Validation - Loss: 0.9261 | Correct: 6739/10000 (67.39%, 2.89s)
2026-02-11 13:12:58,924 | INFO | New best model saved at epoch 23 with Top1 Acc: 67.39%
2026-02-11 13:13:08,978 | INFO | Batch 100 | Loss: 1.1587 | Correct: 72/128 | Elapsed Time: 10.05s
2026-02-11 13:13:19,097 | INFO | Batch 200 | Loss: 0.9966 | Correct: 77/128 | Elapsed Time: 10.12s
2026-02-11 13:13:29,144 | INFO | Batch 300 | Loss: 0.8294 | Correct: 94/128 | Elapsed Time: 10.05s
2026-02-11 13:13:38,322 | INFO | Epoch [24/100] - Loss: 0.9109 | Correct: 33775/50000 (67.55%, 39.40s)
2026-02-11 13:13:41,214 | INFO | Validation - Loss: 0.9136 | Correct: 6804/10000 (68.04%, 2.89s)
2026-02-11 13:13:41,279 | INFO | New best model saved at epoch 24 with Top1 Acc: 68.04%
2026-02-11 13:13:51,349 | INFO | Batch 100 | Loss: 1.0864 | Correct: 84/128 | Elapsed Time: 10.07s
2026-02-11 13:14:01,336 | INFO | Batch 200 | Loss: 0.9878 | Correct: 90/128 | Elapsed Time: 9.99s
2026-02-11 13:14:11,376 | INFO | Batch 300 | Loss: 0.8647 | Correct: 85/128 | Elapsed Time: 10.04s
2026-02-11 13:14:20,467 | INFO | Epoch [25/100] - Loss: 0.8968 | Correct: 34093/50000 (68.19%, 39.19s)
2026-02-11 13:14:23,338 | INFO | Validation - Loss: 0.8965 | Correct: 6837/10000 (68.37%, 2.87s)
2026-02-11 13:14:23,394 | INFO | New best model saved at epoch 25 with Top1 Acc: 68.37%
2026-02-11 13:14:33,417 | INFO | Batch 100 | Loss: 0.8625 | Correct: 91/128 | Elapsed Time: 10.02s
2026-02-11 13:14:43,417 | INFO | Batch 200 | Loss: 1.0387 | Correct: 78/128 | Elapsed Time: 10.00s
2026-02-11 13:14:53,413 | INFO | Batch 300 | Loss: 0.8547 | Correct: 90/128 | Elapsed Time: 10.00s
2026-02-11 13:15:02,493 | INFO | Epoch [26/100] - Loss: 0.8905 | Correct: 34323/50000 (68.65%, 39.10s)
2026-02-11 13:15:05,339 | INFO | Validation - Loss: 0.9331 | Correct: 6696/10000 (66.96%, 2.84s)
2026-02-11 13:15:15,326 | INFO | Batch 100 | Loss: 0.8853 | Correct: 82/128 | Elapsed Time: 9.99s
2026-02-11 13:15:25,327 | INFO | Batch 200 | Loss: 0.8790 | Correct: 81/128 | Elapsed Time: 10.00s
2026-02-11 13:15:35,322 | INFO | Batch 300 | Loss: 0.8498 | Correct: 87/128 | Elapsed Time: 9.99s
2026-02-11 13:15:44,411 | INFO | Epoch [27/100] - Loss: 0.8793 | Correct: 34415/50000 (68.83%, 39.07s)
2026-02-11 13:15:47,319 | INFO | Validation - Loss: 0.9134 | Correct: 6804/10000 (68.04%, 2.91s)
2026-02-11 13:15:57,335 | INFO | Batch 100 | Loss: 0.7663 | Correct: 98/128 | Elapsed Time: 10.02s
2026-02-11 13:16:07,318 | INFO | Batch 200 | Loss: 0.7362 | Correct: 97/128 | Elapsed Time: 9.98s
2026-02-11 13:16:17,312 | INFO | Batch 300 | Loss: 0.7661 | Correct: 90/128 | Elapsed Time: 9.99s
2026-02-11 13:16:26,443 | INFO | Epoch [28/100] - Loss: 0.8723 | Correct: 34531/50000 (69.06%, 39.12s)
2026-02-11 13:16:29,293 | INFO | Validation - Loss: 0.8578 | Correct: 7014/10000 (70.14%, 2.85s)
2026-02-11 13:16:29,353 | INFO | New best model saved at epoch 28 with Top1 Acc: 70.14%
2026-02-11 13:16:39,456 | INFO | Batch 100 | Loss: 0.8141 | Correct: 89/128 | Elapsed Time: 10.10s
2026-02-11 13:16:49,506 | INFO | Batch 200 | Loss: 0.8355 | Correct: 94/128 | Elapsed Time: 10.05s
2026-02-11 13:16:59,598 | INFO | Batch 300 | Loss: 0.9166 | Correct: 83/128 | Elapsed Time: 10.09s
2026-02-11 13:17:08,787 | INFO | Epoch [29/100] - Loss: 0.8626 | Correct: 34684/50000 (69.37%, 39.43s)
2026-02-11 13:17:11,684 | INFO | Validation - Loss: 0.8592 | Correct: 6969/10000 (69.69%, 2.90s)
2026-02-11 13:17:21,808 | INFO | Batch 100 | Loss: 0.9012 | Correct: 90/128 | Elapsed Time: 10.12s
2026-02-11 13:17:31,922 | INFO | Batch 200 | Loss: 0.7457 | Correct: 92/128 | Elapsed Time: 10.11s
2026-02-11 13:17:42,012 | INFO | Batch 300 | Loss: 0.9302 | Correct: 90/128 | Elapsed Time: 10.09s
2026-02-11 13:17:51,137 | INFO | Epoch [30/100] - Loss: 0.8591 | Correct: 34781/50000 (69.56%, 39.45s)
2026-02-11 13:17:54,031 | INFO | Validation - Loss: 0.8754 | Correct: 6946/10000 (69.46%, 2.89s)
2026-02-11 13:18:04,155 | INFO | Batch 100 | Loss: 0.7415 | Correct: 94/128 | Elapsed Time: 10.12s
2026-02-11 13:18:14,253 | INFO | Batch 200 | Loss: 0.9389 | Correct: 87/128 | Elapsed Time: 10.10s
2026-02-11 13:18:24,373 | INFO | Batch 300 | Loss: 0.9270 | Correct: 85/128 | Elapsed Time: 10.12s
2026-02-11 13:18:33,558 | INFO | Epoch [31/100] - Loss: 0.8483 | Correct: 34924/50000 (69.85%, 39.53s)
2026-02-11 13:18:36,504 | INFO | Validation - Loss: 0.8768 | Correct: 6938/10000 (69.38%, 2.95s)
2026-02-11 13:18:46,628 | INFO | Batch 100 | Loss: 0.8875 | Correct: 84/128 | Elapsed Time: 10.12s
2026-02-11 13:18:56,669 | INFO | Batch 200 | Loss: 0.9876 | Correct: 80/128 | Elapsed Time: 10.04s
2026-02-11 13:19:06,765 | INFO | Batch 300 | Loss: 0.8331 | Correct: 90/128 | Elapsed Time: 10.10s
2026-02-11 13:19:15,942 | INFO | Epoch [32/100] - Loss: 0.8445 | Correct: 35051/50000 (70.10%, 39.44s)
2026-02-11 13:19:18,826 | INFO | Validation - Loss: 0.8502 | Correct: 7063/10000 (70.63%, 2.88s)
2026-02-11 13:19:18,881 | INFO | New best model saved at epoch 32 with Top1 Acc: 70.63%
2026-02-11 13:19:28,987 | INFO | Batch 100 | Loss: 0.7305 | Correct: 94/128 | Elapsed Time: 10.11s
2026-02-11 13:19:39,100 | INFO | Batch 200 | Loss: 0.6736 | Correct: 103/128 | Elapsed Time: 10.11s
2026-02-11 13:19:49,139 | INFO | Batch 300 | Loss: 0.7303 | Correct: 95/128 | Elapsed Time: 10.04s
2026-02-11 13:19:58,319 | INFO | Epoch [33/100] - Loss: 0.8362 | Correct: 35156/50000 (70.31%, 39.44s)
2026-02-11 13:20:01,183 | INFO | Validation - Loss: 0.8145 | Correct: 7123/10000 (71.23%, 2.86s)
2026-02-11 13:20:01,243 | INFO | New best model saved at epoch 33 with Top1 Acc: 71.23%
2026-02-11 13:20:11,315 | INFO | Batch 100 | Loss: 0.9503 | Correct: 81/128 | Elapsed Time: 10.07s
2026-02-11 13:20:21,385 | INFO | Batch 200 | Loss: 0.7448 | Correct: 92/128 | Elapsed Time: 10.07s
2026-02-11 13:20:31,427 | INFO | Batch 300 | Loss: 0.7337 | Correct: 97/128 | Elapsed Time: 10.04s
2026-02-11 13:20:40,519 | INFO | Epoch [34/100] - Loss: 0.8239 | Correct: 35318/50000 (70.64%, 39.28s)
2026-02-11 13:20:43,415 | INFO | Validation - Loss: 0.8314 | Correct: 7081/10000 (70.81%, 2.89s)
2026-02-11 13:20:53,505 | INFO | Batch 100 | Loss: 0.8467 | Correct: 86/128 | Elapsed Time: 10.09s
2026-02-11 13:21:03,544 | INFO | Batch 200 | Loss: 0.8494 | Correct: 88/128 | Elapsed Time: 10.04s
2026-02-11 13:21:13,610 | INFO | Batch 300 | Loss: 0.9360 | Correct: 88/128 | Elapsed Time: 10.07s
2026-02-11 13:21:22,756 | INFO | Epoch [35/100] - Loss: 0.8212 | Correct: 35439/50000 (70.88%, 39.34s)
2026-02-11 13:21:25,583 | INFO | Validation - Loss: 0.8810 | Correct: 6860/10000 (68.60%, 2.83s)
2026-02-11 13:21:35,624 | INFO | Batch 100 | Loss: 0.7298 | Correct: 98/128 | Elapsed Time: 10.04s
2026-02-11 13:21:45,681 | INFO | Batch 200 | Loss: 0.7804 | Correct: 96/128 | Elapsed Time: 10.06s
2026-02-11 13:21:55,716 | INFO | Batch 300 | Loss: 0.7475 | Correct: 96/128 | Elapsed Time: 10.03s
2026-02-11 13:22:04,810 | INFO | Epoch [36/100] - Loss: 0.8174 | Correct: 35535/50000 (71.07%, 39.23s)
2026-02-11 13:22:07,729 | INFO | Validation - Loss: 0.8576 | Correct: 7000/10000 (70.00%, 2.92s)
2026-02-11 13:22:17,740 | INFO | Batch 100 | Loss: 0.7334 | Correct: 92/128 | Elapsed Time: 10.01s
2026-02-11 13:22:27,810 | INFO | Batch 200 | Loss: 0.8802 | Correct: 87/128 | Elapsed Time: 10.07s
2026-02-11 13:22:37,881 | INFO | Batch 300 | Loss: 0.7977 | Correct: 94/128 | Elapsed Time: 10.07s
2026-02-11 13:22:46,980 | INFO | Epoch [37/100] - Loss: 0.8125 | Correct: 35510/50000 (71.02%, 39.25s)
2026-02-11 13:22:49,829 | INFO | Validation - Loss: 0.8194 | Correct: 7145/10000 (71.45%, 2.85s)
2026-02-11 13:22:49,887 | INFO | New best model saved at epoch 37 with Top1 Acc: 71.45%
2026-02-11 13:22:59,939 | INFO | Batch 100 | Loss: 0.7379 | Correct: 95/128 | Elapsed Time: 10.05s
2026-02-11 13:23:09,975 | INFO | Batch 200 | Loss: 0.6060 | Correct: 102/128 | Elapsed Time: 10.04s
2026-02-11 13:23:20,064 | INFO | Batch 300 | Loss: 0.8491 | Correct: 94/128 | Elapsed Time: 10.09s
2026-02-11 13:23:29,203 | INFO | Epoch [38/100] - Loss: 0.8004 | Correct: 35820/50000 (71.64%, 39.32s)
2026-02-11 13:23:32,111 | INFO | Validation - Loss: 0.8666 | Correct: 6981/10000 (69.81%, 2.91s)
2026-02-11 13:23:42,135 | INFO | Batch 100 | Loss: 0.7167 | Correct: 96/128 | Elapsed Time: 10.02s
2026-02-11 13:23:52,149 | INFO | Batch 200 | Loss: 0.8244 | Correct: 94/128 | Elapsed Time: 10.01s
2026-02-11 13:24:02,125 | INFO | Batch 300 | Loss: 0.9266 | Correct: 85/128 | Elapsed Time: 9.98s
2026-02-11 13:24:11,215 | INFO | Epoch [39/100] - Loss: 0.8006 | Correct: 35810/50000 (71.62%, 39.10s)
2026-02-11 13:24:14,047 | INFO | Validation - Loss: 0.8677 | Correct: 6920/10000 (69.20%, 2.83s)
2026-02-11 13:24:24,061 | INFO | Batch 100 | Loss: 0.6822 | Correct: 94/128 | Elapsed Time: 10.01s
2026-02-11 13:24:34,026 | INFO | Batch 200 | Loss: 0.8699 | Correct: 90/128 | Elapsed Time: 9.96s
2026-02-11 13:24:43,984 | INFO | Batch 300 | Loss: 0.8844 | Correct: 89/128 | Elapsed Time: 9.96s
2026-02-11 13:24:53,034 | INFO | Epoch [40/100] - Loss: 0.7950 | Correct: 35924/50000 (71.85%, 38.99s)
2026-02-11 13:24:55,878 | INFO | Validation - Loss: 0.8251 | Correct: 7080/10000 (70.80%, 2.84s)
2026-02-11 13:25:05,986 | INFO | Batch 100 | Loss: 1.0107 | Correct: 84/128 | Elapsed Time: 10.11s
2026-02-11 13:25:16,050 | INFO | Batch 200 | Loss: 0.7285 | Correct: 101/128 | Elapsed Time: 10.06s
2026-02-11 13:25:26,091 | INFO | Batch 300 | Loss: 0.6826 | Correct: 104/128 | Elapsed Time: 10.04s
2026-02-11 13:25:35,223 | INFO | Epoch [41/100] - Loss: 0.7889 | Correct: 35989/50000 (71.98%, 39.34s)
2026-02-11 13:25:38,118 | INFO | Validation - Loss: 0.8020 | Correct: 7158/10000 (71.58%, 2.89s)
2026-02-11 13:25:38,176 | INFO | New best model saved at epoch 41 with Top1 Acc: 71.58%
2026-02-11 13:25:48,242 | INFO | Batch 100 | Loss: 0.7716 | Correct: 88/128 | Elapsed Time: 10.07s
2026-02-11 13:25:58,331 | INFO | Batch 200 | Loss: 0.7782 | Correct: 93/128 | Elapsed Time: 10.09s
2026-02-11 13:26:08,432 | INFO | Batch 300 | Loss: 0.8208 | Correct: 83/128 | Elapsed Time: 10.10s
2026-02-11 13:26:17,618 | INFO | Epoch [42/100] - Loss: 0.7891 | Correct: 36084/50000 (72.17%, 39.44s)
2026-02-11 13:26:20,485 | INFO | Validation - Loss: 0.8316 | Correct: 7066/10000 (70.66%, 2.87s)
2026-02-11 13:26:30,559 | INFO | Batch 100 | Loss: 0.8343 | Correct: 84/128 | Elapsed Time: 10.07s
2026-02-11 13:26:40,714 | INFO | Batch 200 | Loss: 0.7607 | Correct: 95/128 | Elapsed Time: 10.16s
2026-02-11 13:26:50,752 | INFO | Batch 300 | Loss: 0.8402 | Correct: 90/128 | Elapsed Time: 10.04s
2026-02-11 13:26:59,952 | INFO | Epoch [43/100] - Loss: 0.7795 | Correct: 36132/50000 (72.26%, 39.47s)
2026-02-11 13:27:02,825 | INFO | Validation - Loss: 0.8173 | Correct: 7133/10000 (71.33%, 2.87s)
2026-02-11 13:27:12,892 | INFO | Batch 100 | Loss: 0.7498 | Correct: 92/128 | Elapsed Time: 10.06s
2026-02-11 13:27:22,967 | INFO | Batch 200 | Loss: 0.7090 | Correct: 96/128 | Elapsed Time: 10.08s
2026-02-11 13:27:33,077 | INFO | Batch 300 | Loss: 0.6661 | Correct: 102/128 | Elapsed Time: 10.11s
2026-02-11 13:27:42,215 | INFO | Epoch [44/100] - Loss: 0.7767 | Correct: 36255/50000 (72.51%, 39.39s)
2026-02-11 13:27:45,082 | INFO | Validation - Loss: 0.7870 | Correct: 7215/10000 (72.15%, 2.87s)
2026-02-11 13:27:45,134 | INFO | New best model saved at epoch 44 with Top1 Acc: 72.15%
2026-02-11 13:27:55,237 | INFO | Batch 100 | Loss: 0.7994 | Correct: 91/128 | Elapsed Time: 10.10s
2026-02-11 13:28:05,293 | INFO | Batch 200 | Loss: 0.7370 | Correct: 91/128 | Elapsed Time: 10.06s
2026-02-11 13:28:15,395 | INFO | Batch 300 | Loss: 0.8589 | Correct: 92/128 | Elapsed Time: 10.10s
2026-02-11 13:28:24,645 | INFO | Epoch [45/100] - Loss: 0.7732 | Correct: 36272/50000 (72.54%, 39.51s)
2026-02-11 13:28:27,601 | INFO | Validation - Loss: 0.8116 | Correct: 7205/10000 (72.05%, 2.96s)
2026-02-11 13:28:37,825 | INFO | Batch 100 | Loss: 0.7019 | Correct: 94/128 | Elapsed Time: 10.22s
2026-02-11 13:28:48,029 | INFO | Batch 200 | Loss: 0.8498 | Correct: 91/128 | Elapsed Time: 10.20s
2026-02-11 13:28:58,259 | INFO | Batch 300 | Loss: 0.6789 | Correct: 104/128 | Elapsed Time: 10.23s
2026-02-11 13:29:07,480 | INFO | Epoch [46/100] - Loss: 0.7741 | Correct: 36198/50000 (72.40%, 39.88s)
2026-02-11 13:29:10,382 | INFO | Validation - Loss: 0.8031 | Correct: 7231/10000 (72.31%, 2.90s)
2026-02-11 13:29:10,440 | INFO | New best model saved at epoch 46 with Top1 Acc: 72.31%
2026-02-11 13:29:20,734 | INFO | Batch 100 | Loss: 0.9563 | Correct: 88/128 | Elapsed Time: 10.29s
2026-02-11 13:29:30,855 | INFO | Batch 200 | Loss: 0.5746 | Correct: 104/128 | Elapsed Time: 10.12s
2026-02-11 13:29:40,980 | INFO | Batch 300 | Loss: 0.7700 | Correct: 91/128 | Elapsed Time: 10.12s
2026-02-11 13:29:50,126 | INFO | Epoch [47/100] - Loss: 0.7648 | Correct: 36475/50000 (72.95%, 39.69s)
2026-02-11 13:29:53,010 | INFO | Validation - Loss: 0.7816 | Correct: 7235/10000 (72.35%, 2.88s)
2026-02-11 13:29:53,070 | INFO | New best model saved at epoch 47 with Top1 Acc: 72.35%
2026-02-11 13:30:03,152 | INFO | Batch 100 | Loss: 0.7256 | Correct: 99/128 | Elapsed Time: 10.08s
2026-02-11 13:30:13,246 | INFO | Batch 200 | Loss: 0.9162 | Correct: 89/128 | Elapsed Time: 10.09s
2026-02-11 13:30:23,340 | INFO | Batch 300 | Loss: 0.7405 | Correct: 92/128 | Elapsed Time: 10.09s
2026-02-11 13:30:32,460 | INFO | Epoch [48/100] - Loss: 0.7650 | Correct: 36482/50000 (72.96%, 39.39s)
2026-02-11 13:30:35,343 | INFO | Validation - Loss: 0.8228 | Correct: 7091/10000 (70.91%, 2.88s)
2026-02-11 13:30:45,414 | INFO | Batch 100 | Loss: 0.7355 | Correct: 102/128 | Elapsed Time: 10.07s
2026-02-11 13:30:55,468 | INFO | Batch 200 | Loss: 0.5757 | Correct: 98/128 | Elapsed Time: 10.05s
2026-02-11 13:31:05,534 | INFO | Batch 300 | Loss: 0.6791 | Correct: 102/128 | Elapsed Time: 10.07s
2026-02-11 13:31:14,639 | INFO | Epoch [49/100] - Loss: 0.7623 | Correct: 36494/50000 (72.99%, 39.29s)
2026-02-11 13:31:17,526 | INFO | Validation - Loss: 0.7913 | Correct: 7249/10000 (72.49%, 2.89s)
2026-02-11 13:31:17,585 | INFO | New best model saved at epoch 49 with Top1 Acc: 72.49%
2026-02-11 13:31:27,643 | INFO | Batch 100 | Loss: 0.8445 | Correct: 85/128 | Elapsed Time: 10.06s
2026-02-11 13:31:37,741 | INFO | Batch 200 | Loss: 0.7390 | Correct: 91/128 | Elapsed Time: 10.10s
2026-02-11 13:31:47,839 | INFO | Batch 300 | Loss: 0.7092 | Correct: 94/128 | Elapsed Time: 10.10s
2026-02-11 13:31:56,963 | INFO | Epoch [50/100] - Loss: 0.7512 | Correct: 36665/50000 (73.33%, 39.38s)
2026-02-11 13:31:59,807 | INFO | Validation - Loss: 0.7922 | Correct: 7271/10000 (72.71%, 2.84s)
2026-02-11 13:31:59,871 | INFO | New best model saved at epoch 50 with Top1 Acc: 72.71%
2026-02-11 13:32:09,951 | INFO | Batch 100 | Loss: 0.7393 | Correct: 92/128 | Elapsed Time: 10.08s
2026-02-11 13:32:20,019 | INFO | Batch 200 | Loss: 0.7958 | Correct: 90/128 | Elapsed Time: 10.07s
2026-02-11 13:32:30,083 | INFO | Batch 300 | Loss: 0.7026 | Correct: 95/128 | Elapsed Time: 10.06s
2026-02-11 13:32:39,199 | INFO | Epoch [51/100] - Loss: 0.6811 | Correct: 37911/50000 (75.82%, 39.33s)
2026-02-11 13:32:42,063 | INFO | Validation - Loss: 0.7073 | Correct: 7549/10000 (75.49%, 2.86s)
2026-02-11 13:32:42,119 | INFO | New best model saved at epoch 51 with Top1 Acc: 75.49%
2026-02-11 13:32:52,112 | INFO | Batch 100 | Loss: 0.5512 | Correct: 103/128 | Elapsed Time: 9.99s
2026-02-11 13:33:02,104 | INFO | Batch 200 | Loss: 0.6593 | Correct: 93/128 | Elapsed Time: 9.99s
2026-02-11 13:33:12,120 | INFO | Batch 300 | Loss: 0.5355 | Correct: 102/128 | Elapsed Time: 10.02s
2026-02-11 13:33:21,178 | INFO | Epoch [52/100] - Loss: 0.6497 | Correct: 38465/50000 (76.93%, 39.06s)
2026-02-11 13:33:23,984 | INFO | Validation - Loss: 0.7074 | Correct: 7564/10000 (75.64%, 2.80s)
2026-02-11 13:33:24,043 | INFO | New best model saved at epoch 52 with Top1 Acc: 75.64%
2026-02-11 13:33:34,055 | INFO | Batch 100 | Loss: 0.6583 | Correct: 101/128 | Elapsed Time: 10.01s
2026-02-11 13:33:44,100 | INFO | Batch 200 | Loss: 0.5433 | Correct: 101/128 | Elapsed Time: 10.04s
2026-02-11 13:33:54,068 | INFO | Batch 300 | Loss: 0.6199 | Correct: 100/128 | Elapsed Time: 9.97s
2026-02-11 13:34:03,187 | INFO | Epoch [53/100] - Loss: 0.6351 | Correct: 38611/50000 (77.22%, 39.14s)
2026-02-11 13:34:05,986 | INFO | Validation - Loss: 0.7023 | Correct: 7563/10000 (75.63%, 2.80s)
2026-02-11 13:34:16,047 | INFO | Batch 100 | Loss: 0.7583 | Correct: 90/128 | Elapsed Time: 10.06s
2026-02-11 13:34:26,049 | INFO | Batch 200 | Loss: 0.7930 | Correct: 92/128 | Elapsed Time: 10.00s
2026-02-11 13:34:36,035 | INFO | Batch 300 | Loss: 0.5147 | Correct: 105/128 | Elapsed Time: 9.99s
2026-02-11 13:34:45,113 | INFO | Epoch [54/100] - Loss: 0.6291 | Correct: 38743/50000 (77.49%, 39.12s)
2026-02-11 13:34:47,942 | INFO | Validation - Loss: 0.6938 | Correct: 7590/10000 (75.90%, 2.83s)
2026-02-11 13:34:48,002 | INFO | New best model saved at epoch 54 with Top1 Acc: 75.90%
2026-02-11 13:34:58,052 | INFO | Batch 100 | Loss: 0.5783 | Correct: 101/128 | Elapsed Time: 10.05s
2026-02-11 13:35:08,114 | INFO | Batch 200 | Loss: 0.6043 | Correct: 101/128 | Elapsed Time: 10.06s
2026-02-11 13:35:18,232 | INFO | Batch 300 | Loss: 0.6134 | Correct: 100/128 | Elapsed Time: 10.12s
2026-02-11 13:35:27,375 | INFO | Epoch [55/100] - Loss: 0.6214 | Correct: 38839/50000 (77.68%, 39.37s)
2026-02-11 13:35:30,241 | INFO | Validation - Loss: 0.6939 | Correct: 7585/10000 (75.85%, 2.86s)
2026-02-11 13:35:40,298 | INFO | Batch 100 | Loss: 0.6148 | Correct: 100/128 | Elapsed Time: 10.05s
2026-02-11 13:35:50,339 | INFO | Batch 200 | Loss: 0.5541 | Correct: 101/128 | Elapsed Time: 10.04s
2026-02-11 13:36:00,337 | INFO | Batch 300 | Loss: 0.5937 | Correct: 100/128 | Elapsed Time: 10.00s
2026-02-11 13:36:09,456 | INFO | Epoch [56/100] - Loss: 0.6203 | Correct: 38943/50000 (77.89%, 39.21s)
2026-02-11 13:36:12,331 | INFO | Validation - Loss: 0.6981 | Correct: 7579/10000 (75.79%, 2.87s)
2026-02-11 13:36:22,373 | INFO | Batch 100 | Loss: 0.5474 | Correct: 104/128 | Elapsed Time: 10.04s
2026-02-11 13:36:32,353 | INFO | Batch 200 | Loss: 0.5257 | Correct: 104/128 | Elapsed Time: 9.98s
2026-02-11 13:36:42,329 | INFO | Batch 300 | Loss: 0.6561 | Correct: 95/128 | Elapsed Time: 9.98s
2026-02-11 13:36:51,483 | INFO | Epoch [57/100] - Loss: 0.6118 | Correct: 39102/50000 (78.20%, 39.15s)
2026-02-11 13:36:54,310 | INFO | Validation - Loss: 0.6964 | Correct: 7595/10000 (75.95%, 2.83s)
2026-02-11 13:36:54,372 | INFO | New best model saved at epoch 57 with Top1 Acc: 75.95%
2026-02-11 13:37:04,428 | INFO | Batch 100 | Loss: 0.4926 | Correct: 102/128 | Elapsed Time: 10.05s
2026-02-11 13:37:14,509 | INFO | Batch 200 | Loss: 0.5575 | Correct: 104/128 | Elapsed Time: 10.08s
2026-02-11 13:37:24,570 | INFO | Batch 300 | Loss: 0.5379 | Correct: 109/128 | Elapsed Time: 10.06s
2026-02-11 13:37:33,747 | INFO | Epoch [58/100] - Loss: 0.6093 | Correct: 39077/50000 (78.15%, 39.37s)
2026-02-11 13:37:36,676 | INFO | Validation - Loss: 0.6975 | Correct: 7587/10000 (75.87%, 2.93s)
2026-02-11 13:37:46,836 | INFO | Batch 100 | Loss: 0.7151 | Correct: 96/128 | Elapsed Time: 10.16s
2026-02-11 13:37:56,952 | INFO | Batch 200 | Loss: 0.6604 | Correct: 98/128 | Elapsed Time: 10.12s
2026-02-11 13:38:07,072 | INFO | Batch 300 | Loss: 0.6121 | Correct: 102/128 | Elapsed Time: 10.12s
2026-02-11 13:38:16,251 | INFO | Epoch [59/100] - Loss: 0.6039 | Correct: 39171/50000 (78.34%, 39.57s)
2026-02-11 13:38:19,125 | INFO | Validation - Loss: 0.6958 | Correct: 7582/10000 (75.82%, 2.87s)
2026-02-11 13:38:29,219 | INFO | Batch 100 | Loss: 0.5835 | Correct: 103/128 | Elapsed Time: 10.09s
2026-02-11 13:38:39,341 | INFO | Batch 200 | Loss: 0.6532 | Correct: 100/128 | Elapsed Time: 10.12s
2026-02-11 13:38:49,388 | INFO | Batch 300 | Loss: 0.5517 | Correct: 103/128 | Elapsed Time: 10.05s
2026-02-11 13:38:58,543 | INFO | Epoch [60/100] - Loss: 0.5988 | Correct: 39308/50000 (78.62%, 39.42s)
2026-02-11 13:39:01,413 | INFO | Validation - Loss: 0.6996 | Correct: 7594/10000 (75.94%, 2.87s)
2026-02-11 13:39:11,506 | INFO | Batch 100 | Loss: 0.5758 | Correct: 101/128 | Elapsed Time: 10.09s
2026-02-11 13:39:21,688 | INFO | Batch 200 | Loss: 0.6615 | Correct: 95/128 | Elapsed Time: 10.18s
2026-02-11 13:39:31,892 | INFO | Batch 300 | Loss: 0.6720 | Correct: 102/128 | Elapsed Time: 10.20s
2026-02-11 13:39:41,165 | INFO | Epoch [61/100] - Loss: 0.5982 | Correct: 39238/50000 (78.48%, 39.75s)
2026-02-11 13:39:44,060 | INFO | Validation - Loss: 0.6985 | Correct: 7581/10000 (75.81%, 2.89s)
2026-02-11 13:39:54,226 | INFO | Batch 100 | Loss: 0.3903 | Correct: 109/128 | Elapsed Time: 10.16s
2026-02-11 13:40:04,451 | INFO | Batch 200 | Loss: 0.5535 | Correct: 106/128 | Elapsed Time: 10.22s
2026-02-11 13:40:14,693 | INFO | Batch 300 | Loss: 0.6319 | Correct: 102/128 | Elapsed Time: 10.24s
2026-02-11 13:40:24,024 | INFO | Epoch [62/100] - Loss: 0.5909 | Correct: 39365/50000 (78.73%, 39.96s)
2026-02-11 13:40:26,959 | INFO | Validation - Loss: 0.6961 | Correct: 7588/10000 (75.88%, 2.93s)
2026-02-11 13:40:37,207 | INFO | Batch 100 | Loss: 0.5776 | Correct: 95/128 | Elapsed Time: 10.25s
2026-02-11 13:40:47,344 | INFO | Batch 200 | Loss: 0.6730 | Correct: 99/128 | Elapsed Time: 10.14s
2026-02-11 13:40:57,479 | INFO | Batch 300 | Loss: 0.6824 | Correct: 95/128 | Elapsed Time: 10.14s
2026-02-11 13:41:06,651 | INFO | Epoch [63/100] - Loss: 0.5889 | Correct: 39422/50000 (78.84%, 39.69s)
2026-02-11 13:41:09,515 | INFO | Validation - Loss: 0.6928 | Correct: 7628/10000 (76.28%, 2.86s)
2026-02-11 13:41:09,579 | INFO | New best model saved at epoch 63 with Top1 Acc: 76.28%
2026-02-11 13:41:19,731 | INFO | Batch 100 | Loss: 0.5302 | Correct: 104/128 | Elapsed Time: 10.15s
2026-02-11 13:41:29,829 | INFO | Batch 200 | Loss: 0.6399 | Correct: 98/128 | Elapsed Time: 10.10s
2026-02-11 13:41:39,919 | INFO | Batch 300 | Loss: 0.6876 | Correct: 97/128 | Elapsed Time: 10.09s
2026-02-11 13:41:49,083 | INFO | Epoch [64/100] - Loss: 0.5863 | Correct: 39471/50000 (78.94%, 39.50s)
2026-02-11 13:41:51,976 | INFO | Validation - Loss: 0.6966 | Correct: 7614/10000 (76.14%, 2.89s)
2026-02-11 13:42:02,054 | INFO | Batch 100 | Loss: 0.7387 | Correct: 90/128 | Elapsed Time: 10.08s
2026-02-11 13:42:12,131 | INFO | Batch 200 | Loss: 0.4108 | Correct: 111/128 | Elapsed Time: 10.08s
2026-02-11 13:42:22,226 | INFO | Batch 300 | Loss: 0.5516 | Correct: 103/128 | Elapsed Time: 10.10s
2026-02-11 13:42:31,384 | INFO | Epoch [65/100] - Loss: 0.5803 | Correct: 39644/50000 (79.29%, 39.41s)
2026-02-11 13:42:34,231 | INFO | Validation - Loss: 0.6949 | Correct: 7608/10000 (76.08%, 2.85s)
2026-02-11 13:42:44,354 | INFO | Batch 100 | Loss: 0.5220 | Correct: 104/128 | Elapsed Time: 10.12s
2026-02-11 13:42:54,453 | INFO | Batch 200 | Loss: 0.5425 | Correct: 103/128 | Elapsed Time: 10.10s
2026-02-11 13:43:04,529 | INFO | Batch 300 | Loss: 0.7112 | Correct: 103/128 | Elapsed Time: 10.08s
2026-02-11 13:43:13,644 | INFO | Epoch [66/100] - Loss: 0.5820 | Correct: 39591/50000 (79.18%, 39.41s)
2026-02-11 13:43:16,542 | INFO | Validation - Loss: 0.6963 | Correct: 7582/10000 (75.82%, 2.90s)
2026-02-11 13:43:26,579 | INFO | Batch 100 | Loss: 0.5090 | Correct: 105/128 | Elapsed Time: 10.03s
2026-02-11 13:43:36,629 | INFO | Batch 200 | Loss: 0.5302 | Correct: 105/128 | Elapsed Time: 10.05s
2026-02-11 13:43:46,665 | INFO | Batch 300 | Loss: 0.4854 | Correct: 105/128 | Elapsed Time: 10.04s
2026-02-11 13:43:55,820 | INFO | Epoch [67/100] - Loss: 0.5785 | Correct: 39602/50000 (79.20%, 39.28s)
2026-02-11 13:43:58,706 | INFO | Validation - Loss: 0.6973 | Correct: 7601/10000 (76.01%, 2.88s)
2026-02-11 13:44:08,805 | INFO | Batch 100 | Loss: 0.5472 | Correct: 105/128 | Elapsed Time: 10.10s
2026-02-11 13:44:18,855 | INFO | Batch 200 | Loss: 0.7405 | Correct: 97/128 | Elapsed Time: 10.05s
2026-02-11 13:44:28,952 | INFO | Batch 300 | Loss: 0.6277 | Correct: 101/128 | Elapsed Time: 10.10s
2026-02-11 13:44:38,124 | INFO | Epoch [68/100] - Loss: 0.5731 | Correct: 39754/50000 (79.51%, 39.42s)
2026-02-11 13:44:40,995 | INFO | Validation - Loss: 0.6997 | Correct: 7635/10000 (76.35%, 2.87s)
2026-02-11 13:44:41,072 | INFO | New best model saved at epoch 68 with Top1 Acc: 76.35%
2026-02-11 13:44:51,192 | INFO | Batch 100 | Loss: 0.3725 | Correct: 113/128 | Elapsed Time: 10.12s
2026-02-11 13:45:01,294 | INFO | Batch 200 | Loss: 0.6003 | Correct: 102/128 | Elapsed Time: 10.10s
2026-02-11 13:45:11,351 | INFO | Batch 300 | Loss: 0.5739 | Correct: 99/128 | Elapsed Time: 10.06s
2026-02-11 13:45:20,426 | INFO | Epoch [69/100] - Loss: 0.5725 | Correct: 39776/50000 (79.55%, 39.35s)
2026-02-11 13:45:23,284 | INFO | Validation - Loss: 0.6943 | Correct: 7638/10000 (76.38%, 2.86s)
2026-02-11 13:45:23,353 | INFO | New best model saved at epoch 69 with Top1 Acc: 76.38%
2026-02-11 13:45:33,423 | INFO | Batch 100 | Loss: 0.6114 | Correct: 100/128 | Elapsed Time: 10.07s
2026-02-11 13:45:43,475 | INFO | Batch 200 | Loss: 0.6574 | Correct: 97/128 | Elapsed Time: 10.05s
2026-02-11 13:45:53,520 | INFO | Batch 300 | Loss: 0.6169 | Correct: 94/128 | Elapsed Time: 10.05s
2026-02-11 13:46:02,686 | INFO | Epoch [70/100] - Loss: 0.5713 | Correct: 39729/50000 (79.46%, 39.33s)
2026-02-11 13:46:05,505 | INFO | Validation - Loss: 0.6941 | Correct: 7630/10000 (76.30%, 2.82s)
2026-02-11 13:46:15,475 | INFO | Batch 100 | Loss: 0.8022 | Correct: 89/128 | Elapsed Time: 9.97s
2026-02-11 13:46:25,469 | INFO | Batch 200 | Loss: 0.5789 | Correct: 102/128 | Elapsed Time: 9.99s
2026-02-11 13:46:35,428 | INFO | Batch 300 | Loss: 0.4407 | Correct: 113/128 | Elapsed Time: 9.96s
2026-02-11 13:46:44,474 | INFO | Epoch [71/100] - Loss: 0.5633 | Correct: 39917/50000 (79.83%, 38.97s)
2026-02-11 13:46:47,361 | INFO | Validation - Loss: 0.6986 | Correct: 7647/10000 (76.47%, 2.89s)
2026-02-11 13:46:47,423 | INFO | New best model saved at epoch 71 with Top1 Acc: 76.47%
2026-02-11 13:46:57,431 | INFO | Batch 100 | Loss: 0.5365 | Correct: 102/128 | Elapsed Time: 10.01s
2026-02-11 13:47:07,467 | INFO | Batch 200 | Loss: 0.5736 | Correct: 107/128 | Elapsed Time: 10.04s
2026-02-11 13:47:17,470 | INFO | Batch 300 | Loss: 0.4154 | Correct: 106/128 | Elapsed Time: 10.00s
2026-02-11 13:47:26,549 | INFO | Epoch [72/100] - Loss: 0.5653 | Correct: 39870/50000 (79.74%, 39.12s)
2026-02-11 13:47:29,370 | INFO | Validation - Loss: 0.6930 | Correct: 7659/10000 (76.59%, 2.82s)
2026-02-11 13:47:29,428 | INFO | New best model saved at epoch 72 with Top1 Acc: 76.59%
2026-02-11 13:47:39,589 | INFO | Batch 100 | Loss: 0.5288 | Correct: 105/128 | Elapsed Time: 10.16s
2026-02-11 13:47:49,651 | INFO | Batch 200 | Loss: 0.6289 | Correct: 102/128 | Elapsed Time: 10.06s
2026-02-11 13:47:59,738 | INFO | Batch 300 | Loss: 0.5591 | Correct: 103/128 | Elapsed Time: 10.09s
2026-02-11 13:48:08,856 | INFO | Epoch [73/100] - Loss: 0.5607 | Correct: 39956/50000 (79.91%, 39.43s)
2026-02-11 13:48:11,713 | INFO | Validation - Loss: 0.6990 | Correct: 7653/10000 (76.53%, 2.86s)
2026-02-11 13:48:21,732 | INFO | Batch 100 | Loss: 0.7051 | Correct: 93/128 | Elapsed Time: 10.02s
2026-02-11 13:48:31,766 | INFO | Batch 200 | Loss: 0.5310 | Correct: 102/128 | Elapsed Time: 10.03s
2026-02-11 13:48:41,812 | INFO | Batch 300 | Loss: 0.5613 | Correct: 101/128 | Elapsed Time: 10.05s
2026-02-11 13:48:50,957 | INFO | Epoch [74/100] - Loss: 0.5612 | Correct: 39849/50000 (79.70%, 39.24s)
2026-02-11 13:48:53,859 | INFO | Validation - Loss: 0.6993 | Correct: 7641/10000 (76.41%, 2.90s)
2026-02-11 13:49:03,889 | INFO | Batch 100 | Loss: 0.5199 | Correct: 102/128 | Elapsed Time: 10.03s
2026-02-11 13:49:13,930 | INFO | Batch 200 | Loss: 0.6067 | Correct: 111/128 | Elapsed Time: 10.04s
2026-02-11 13:49:23,941 | INFO | Batch 300 | Loss: 0.5004 | Correct: 106/128 | Elapsed Time: 10.01s
2026-02-11 13:49:33,041 | INFO | Epoch [75/100] - Loss: 0.5595 | Correct: 40004/50000 (80.01%, 39.18s)
2026-02-11 13:49:35,889 | INFO | Validation - Loss: 0.6959 | Correct: 7651/10000 (76.51%, 2.85s)
2026-02-11 13:49:45,902 | INFO | Batch 100 | Loss: 0.7321 | Correct: 91/128 | Elapsed Time: 10.01s
2026-02-11 13:49:55,917 | INFO | Batch 200 | Loss: 0.5635 | Correct: 104/128 | Elapsed Time: 10.01s
2026-02-11 13:50:05,945 | INFO | Batch 300 | Loss: 0.5357 | Correct: 103/128 | Elapsed Time: 10.03s
2026-02-11 13:50:15,039 | INFO | Epoch [76/100] - Loss: 0.5478 | Correct: 39987/50000 (79.97%, 39.15s)
2026-02-11 13:50:17,904 | INFO | Validation - Loss: 0.6897 | Correct: 7653/10000 (76.53%, 2.86s)
2026-02-11 13:50:27,903 | INFO | Batch 100 | Loss: 0.4919 | Correct: 106/128 | Elapsed Time: 10.00s
2026-02-11 13:50:37,893 | INFO | Batch 200 | Loss: 0.4830 | Correct: 109/128 | Elapsed Time: 9.99s
2026-02-11 13:50:47,857 | INFO | Batch 300 | Loss: 0.4821 | Correct: 104/128 | Elapsed Time: 9.96s
2026-02-11 13:50:56,963 | INFO | Epoch [77/100] - Loss: 0.5492 | Correct: 40121/50000 (80.24%, 39.06s)
2026-02-11 13:50:59,801 | INFO | Validation - Loss: 0.6915 | Correct: 7653/10000 (76.53%, 2.84s)
2026-02-11 13:51:09,817 | INFO | Batch 100 | Loss: 0.7598 | Correct: 91/128 | Elapsed Time: 10.01s
2026-02-11 13:51:19,825 | INFO | Batch 200 | Loss: 0.4346 | Correct: 108/128 | Elapsed Time: 10.01s
2026-02-11 13:51:29,804 | INFO | Batch 300 | Loss: 0.5627 | Correct: 105/128 | Elapsed Time: 9.98s
2026-02-11 13:51:38,902 | INFO | Epoch [78/100] - Loss: 0.5412 | Correct: 40224/50000 (80.45%, 39.10s)
2026-02-11 13:51:41,799 | INFO | Validation - Loss: 0.6910 | Correct: 7663/10000 (76.63%, 2.90s)
2026-02-11 13:51:41,854 | INFO | New best model saved at epoch 78 with Top1 Acc: 76.63%
2026-02-11 13:51:51,866 | INFO | Batch 100 | Loss: 0.5385 | Correct: 102/128 | Elapsed Time: 10.01s
2026-02-11 13:52:01,929 | INFO | Batch 200 | Loss: 0.5881 | Correct: 97/128 | Elapsed Time: 10.06s
2026-02-11 13:52:11,938 | INFO | Batch 300 | Loss: 0.6838 | Correct: 93/128 | Elapsed Time: 10.01s
2026-02-11 13:52:21,048 | INFO | Epoch [79/100] - Loss: 0.5466 | Correct: 40171/50000 (80.34%, 39.19s)
2026-02-11 13:52:23,913 | INFO | Validation - Loss: 0.6896 | Correct: 7685/10000 (76.85%, 2.86s)
2026-02-11 13:52:23,966 | INFO | New best model saved at epoch 79 with Top1 Acc: 76.85%
2026-02-11 13:52:33,989 | INFO | Batch 100 | Loss: 0.4831 | Correct: 99/128 | Elapsed Time: 10.02s
2026-02-11 13:52:44,008 | INFO | Batch 200 | Loss: 0.6541 | Correct: 97/128 | Elapsed Time: 10.02s
2026-02-11 13:52:54,015 | INFO | Batch 300 | Loss: 0.6358 | Correct: 91/128 | Elapsed Time: 10.01s
2026-02-11 13:53:03,095 | INFO | Epoch [80/100] - Loss: 0.5442 | Correct: 40170/50000 (80.34%, 39.13s)
2026-02-11 13:53:05,937 | INFO | Validation - Loss: 0.6888 | Correct: 7686/10000 (76.86%, 2.84s)
2026-02-11 13:53:06,007 | INFO | New best model saved at epoch 80 with Top1 Acc: 76.86%
2026-02-11 13:53:16,058 | INFO | Batch 100 | Loss: 0.4568 | Correct: 105/128 | Elapsed Time: 10.05s
2026-02-11 13:53:26,041 | INFO | Batch 200 | Loss: 0.3982 | Correct: 112/128 | Elapsed Time: 9.98s
2026-02-11 13:53:36,061 | INFO | Batch 300 | Loss: 0.3994 | Correct: 112/128 | Elapsed Time: 10.02s
2026-02-11 13:53:45,199 | INFO | Epoch [81/100] - Loss: 0.5439 | Correct: 40163/50000 (80.33%, 39.19s)
2026-02-11 13:53:48,087 | INFO | Validation - Loss: 0.6903 | Correct: 7662/10000 (76.62%, 2.89s)
2026-02-11 13:53:58,155 | INFO | Batch 100 | Loss: 0.4763 | Correct: 111/128 | Elapsed Time: 10.06s
2026-02-11 13:54:08,198 | INFO | Batch 200 | Loss: 0.5651 | Correct: 102/128 | Elapsed Time: 10.04s
2026-02-11 13:54:18,197 | INFO | Batch 300 | Loss: 0.4677 | Correct: 105/128 | Elapsed Time: 10.00s
2026-02-11 13:54:27,316 | INFO | Epoch [82/100] - Loss: 0.5402 | Correct: 40281/50000 (80.56%, 39.23s)
2026-02-11 13:54:30,178 | INFO | Validation - Loss: 0.6928 | Correct: 7666/10000 (76.66%, 2.86s)
2026-02-11 13:54:40,245 | INFO | Batch 100 | Loss: 0.4558 | Correct: 105/128 | Elapsed Time: 10.06s
2026-02-11 13:54:50,249 | INFO | Batch 200 | Loss: 0.5311 | Correct: 104/128 | Elapsed Time: 10.00s
2026-02-11 13:55:00,221 | INFO | Batch 300 | Loss: 0.5101 | Correct: 105/128 | Elapsed Time: 9.97s
2026-02-11 13:55:09,273 | INFO | Epoch [83/100] - Loss: 0.5390 | Correct: 40190/50000 (80.38%, 39.09s)
2026-02-11 13:55:12,134 | INFO | Validation - Loss: 0.6913 | Correct: 7689/10000 (76.89%, 2.86s)
2026-02-11 13:55:12,201 | INFO | New best model saved at epoch 83 with Top1 Acc: 76.89%
2026-02-11 13:55:22,177 | INFO | Batch 100 | Loss: 0.3990 | Correct: 110/128 | Elapsed Time: 9.98s
2026-02-11 13:55:32,185 | INFO | Batch 200 | Loss: 0.5322 | Correct: 110/128 | Elapsed Time: 10.01s
2026-02-11 13:55:42,166 | INFO | Batch 300 | Loss: 0.4954 | Correct: 105/128 | Elapsed Time: 9.98s
2026-02-11 13:55:51,243 | INFO | Epoch [84/100] - Loss: 0.5387 | Correct: 40251/50000 (80.50%, 39.04s)
2026-02-11 13:55:54,084 | INFO | Validation - Loss: 0.6943 | Correct: 7655/10000 (76.55%, 2.84s)
2026-02-11 13:56:04,084 | INFO | Batch 100 | Loss: 0.6260 | Correct: 99/128 | Elapsed Time: 10.00s
2026-02-11 13:56:14,046 | INFO | Batch 200 | Loss: 0.6265 | Correct: 98/128 | Elapsed Time: 9.96s
2026-02-11 13:56:24,004 | INFO | Batch 300 | Loss: 0.5158 | Correct: 106/128 | Elapsed Time: 9.96s
2026-02-11 13:56:33,116 | INFO | Epoch [85/100] - Loss: 0.5394 | Correct: 40301/50000 (80.60%, 39.03s)
2026-02-11 13:56:35,981 | INFO | Validation - Loss: 0.6905 | Correct: 7685/10000 (76.85%, 2.86s)
2026-02-11 13:56:46,038 | INFO | Batch 100 | Loss: 0.3956 | Correct: 107/128 | Elapsed Time: 10.05s
2026-02-11 13:56:56,035 | INFO | Batch 200 | Loss: 0.4215 | Correct: 108/128 | Elapsed Time: 10.00s
2026-02-11 13:57:06,012 | INFO | Batch 300 | Loss: 0.5603 | Correct: 103/128 | Elapsed Time: 9.98s
2026-02-11 13:57:15,098 | INFO | Epoch [86/100] - Loss: 0.5332 | Correct: 40363/50000 (80.73%, 39.11s)
2026-02-11 13:57:17,961 | INFO | Validation - Loss: 0.6894 | Correct: 7677/10000 (76.77%, 2.86s)
2026-02-11 13:57:27,979 | INFO | Batch 100 | Loss: 0.4967 | Correct: 106/128 | Elapsed Time: 10.01s
2026-02-11 13:57:38,023 | INFO | Batch 200 | Loss: 0.5633 | Correct: 98/128 | Elapsed Time: 10.04s
2026-02-11 13:57:48,027 | INFO | Batch 300 | Loss: 0.6957 | Correct: 96/128 | Elapsed Time: 10.00s
2026-02-11 13:57:57,147 | INFO | Epoch [87/100] - Loss: 0.5440 | Correct: 40220/50000 (80.44%, 39.18s)
2026-02-11 13:57:59,962 | INFO | Validation - Loss: 0.6931 | Correct: 7670/10000 (76.70%, 2.81s)
2026-02-11 13:58:09,989 | INFO | Batch 100 | Loss: 0.7316 | Correct: 94/128 | Elapsed Time: 10.02s
2026-02-11 13:58:20,039 | INFO | Batch 200 | Loss: 0.6492 | Correct: 96/128 | Elapsed Time: 10.05s
2026-02-11 13:58:30,037 | INFO | Batch 300 | Loss: 0.6128 | Correct: 100/128 | Elapsed Time: 10.00s
2026-02-11 13:58:39,142 | INFO | Epoch [88/100] - Loss: 0.5382 | Correct: 40322/50000 (80.64%, 39.18s)
2026-02-11 13:58:42,020 | INFO | Validation - Loss: 0.6926 | Correct: 7688/10000 (76.88%, 2.88s)
2026-02-11 13:58:52,022 | INFO | Batch 100 | Loss: 0.6251 | Correct: 98/128 | Elapsed Time: 10.00s
2026-02-11 13:59:02,075 | INFO | Batch 200 | Loss: 0.4690 | Correct: 108/128 | Elapsed Time: 10.05s
2026-02-11 13:59:12,119 | INFO | Batch 300 | Loss: 0.5132 | Correct: 106/128 | Elapsed Time: 10.04s
2026-02-11 13:59:21,223 | INFO | Epoch [89/100] - Loss: 0.5376 | Correct: 40301/50000 (80.60%, 39.20s)
2026-02-11 13:59:24,083 | INFO | Validation - Loss: 0.6935 | Correct: 7676/10000 (76.76%, 2.86s)
2026-02-11 13:59:34,042 | INFO | Batch 100 | Loss: 0.5110 | Correct: 106/128 | Elapsed Time: 9.96s
2026-02-11 13:59:44,023 | INFO | Batch 200 | Loss: 0.4546 | Correct: 104/128 | Elapsed Time: 9.98s
2026-02-11 13:59:54,095 | INFO | Batch 300 | Loss: 0.5725 | Correct: 99/128 | Elapsed Time: 10.07s
2026-02-11 14:00:03,207 | INFO | Epoch [90/100] - Loss: 0.5332 | Correct: 40378/50000 (80.76%, 39.12s)
2026-02-11 14:00:06,066 | INFO | Validation - Loss: 0.6932 | Correct: 7682/10000 (76.82%, 2.86s)
2026-02-11 14:00:16,108 | INFO | Batch 100 | Loss: 0.5319 | Correct: 100/128 | Elapsed Time: 10.04s
2026-02-11 14:00:26,140 | INFO | Batch 200 | Loss: 0.4617 | Correct: 103/128 | Elapsed Time: 10.03s
2026-02-11 14:00:36,162 | INFO | Batch 300 | Loss: 0.5490 | Correct: 104/128 | Elapsed Time: 10.02s
2026-02-11 14:00:45,218 | INFO | Epoch [91/100] - Loss: 0.5368 | Correct: 40270/50000 (80.54%, 39.15s)
2026-02-11 14:00:48,093 | INFO | Validation - Loss: 0.6912 | Correct: 7670/10000 (76.70%, 2.87s)
2026-02-11 14:00:58,147 | INFO | Batch 100 | Loss: 0.4091 | Correct: 110/128 | Elapsed Time: 10.05s
2026-02-11 14:01:08,194 | INFO | Batch 200 | Loss: 0.3995 | Correct: 109/128 | Elapsed Time: 10.05s
2026-02-11 14:01:18,208 | INFO | Batch 300 | Loss: 0.6308 | Correct: 103/128 | Elapsed Time: 10.01s
2026-02-11 14:01:27,314 | INFO | Epoch [92/100] - Loss: 0.5379 | Correct: 40409/50000 (80.82%, 39.22s)
2026-02-11 14:01:30,158 | INFO | Validation - Loss: 0.6936 | Correct: 7691/10000 (76.91%, 2.84s)
2026-02-11 14:01:30,213 | INFO | New best model saved at epoch 92 with Top1 Acc: 76.91%
2026-02-11 14:01:40,252 | INFO | Batch 100 | Loss: 0.5199 | Correct: 107/128 | Elapsed Time: 10.04s
2026-02-11 14:01:50,270 | INFO | Batch 200 | Loss: 0.4945 | Correct: 101/128 | Elapsed Time: 10.02s
2026-02-11 14:02:00,299 | INFO | Batch 300 | Loss: 0.5462 | Correct: 99/128 | Elapsed Time: 10.03s
2026-02-11 14:02:09,439 | INFO | Epoch [93/100] - Loss: 0.5344 | Correct: 40370/50000 (80.74%, 39.23s)
2026-02-11 14:02:12,349 | INFO | Validation - Loss: 0.6927 | Correct: 7686/10000 (76.86%, 2.91s)
2026-02-11 14:02:22,409 | INFO | Batch 100 | Loss: 0.6909 | Correct: 98/128 | Elapsed Time: 10.06s
2026-02-11 14:02:32,422 | INFO | Batch 200 | Loss: 0.6011 | Correct: 102/128 | Elapsed Time: 10.01s
2026-02-11 14:02:42,471 | INFO | Batch 300 | Loss: 0.5712 | Correct: 105/128 | Elapsed Time: 10.05s
2026-02-11 14:02:51,529 | INFO | Epoch [94/100] - Loss: 0.5332 | Correct: 40359/50000 (80.72%, 39.18s)
2026-02-11 14:02:54,373 | INFO | Validation - Loss: 0.6922 | Correct: 7683/10000 (76.83%, 2.84s)
2026-02-11 14:03:04,407 | INFO | Batch 100 | Loss: 0.4156 | Correct: 109/128 | Elapsed Time: 10.03s
2026-02-11 14:03:14,438 | INFO | Batch 200 | Loss: 0.6016 | Correct: 100/128 | Elapsed Time: 10.03s
2026-02-11 14:03:24,439 | INFO | Batch 300 | Loss: 0.5360 | Correct: 100/128 | Elapsed Time: 10.00s
2026-02-11 14:03:33,566 | INFO | Epoch [95/100] - Loss: 0.5329 | Correct: 40365/50000 (80.73%, 39.19s)
2026-02-11 14:03:36,460 | INFO | Validation - Loss: 0.6950 | Correct: 7685/10000 (76.85%, 2.89s)
2026-02-11 14:03:46,491 | INFO | Batch 100 | Loss: 0.5029 | Correct: 107/128 | Elapsed Time: 10.03s
2026-02-11 14:03:56,526 | INFO | Batch 200 | Loss: 0.5034 | Correct: 102/128 | Elapsed Time: 10.04s
2026-02-11 14:04:06,530 | INFO | Batch 300 | Loss: 0.5436 | Correct: 97/128 | Elapsed Time: 10.00s
2026-02-11 14:04:15,597 | INFO | Epoch [96/100] - Loss: 0.5359 | Correct: 40404/50000 (80.81%, 39.13s)
2026-02-11 14:04:18,473 | INFO | Validation - Loss: 0.6959 | Correct: 7664/10000 (76.64%, 2.87s)
2026-02-11 14:04:28,483 | INFO | Batch 100 | Loss: 0.4963 | Correct: 102/128 | Elapsed Time: 10.01s
2026-02-11 14:04:38,542 | INFO | Batch 200 | Loss: 0.6263 | Correct: 96/128 | Elapsed Time: 10.06s
2026-02-11 14:04:48,734 | INFO | Batch 300 | Loss: 0.5713 | Correct: 104/128 | Elapsed Time: 10.19s
2026-02-11 14:04:57,994 | INFO | Epoch [97/100] - Loss: 0.5313 | Correct: 40439/50000 (80.88%, 39.52s)
2026-02-11 14:05:00,891 | INFO | Validation - Loss: 0.6972 | Correct: 7644/10000 (76.44%, 2.90s)
2026-02-11 14:05:11,109 | INFO | Batch 100 | Loss: 0.5869 | Correct: 103/128 | Elapsed Time: 10.21s
2026-02-11 14:05:21,285 | INFO | Batch 200 | Loss: 0.4699 | Correct: 110/128 | Elapsed Time: 10.18s
2026-02-11 14:05:31,487 | INFO | Batch 300 | Loss: 0.6020 | Correct: 96/128 | Elapsed Time: 10.20s
2026-02-11 14:05:40,749 | INFO | Epoch [98/100] - Loss: 0.5325 | Correct: 40506/50000 (81.01%, 39.86s)
2026-02-11 14:05:43,673 | INFO | Validation - Loss: 0.6966 | Correct: 7689/10000 (76.89%, 2.92s)
2026-02-11 14:05:53,886 | INFO | Batch 100 | Loss: 0.5715 | Correct: 98/128 | Elapsed Time: 10.21s
2026-02-11 14:06:04,097 | INFO | Batch 200 | Loss: 0.5662 | Correct: 98/128 | Elapsed Time: 10.21s
2026-02-11 14:06:14,257 | INFO | Batch 300 | Loss: 0.5367 | Correct: 102/128 | Elapsed Time: 10.16s
2026-02-11 14:06:23,508 | INFO | Epoch [99/100] - Loss: 0.5311 | Correct: 40425/50000 (80.85%, 39.83s)
2026-02-11 14:06:26,434 | INFO | Validation - Loss: 0.6966 | Correct: 7674/10000 (76.74%, 2.92s)
2026-02-11 14:06:36,591 | INFO | Batch 100 | Loss: 0.5406 | Correct: 106/128 | Elapsed Time: 10.15s
2026-02-11 14:06:46,776 | INFO | Batch 200 | Loss: 0.5448 | Correct: 103/128 | Elapsed Time: 10.18s
2026-02-11 14:06:56,974 | INFO | Batch 300 | Loss: 0.5503 | Correct: 101/128 | Elapsed Time: 10.20s
2026-02-11 14:07:06,285 | INFO | Epoch [100/100] - Loss: 0.5347 | Correct: 40375/50000 (80.75%, 39.85s)
2026-02-11 14:07:09,198 | INFO | Validation - Loss: 0.6967 | Correct: 7666/10000 (76.66%, 2.91s)
2026-02-11 14:07:09,202 | INFO | Training complete.
2026-02-11 14:07:09,252 | INFO | Final model saved to ./checkpoints/shufflenetv2_fp_final_20260211_125644.pt
