2026-02-11 10:32:36,449 | INFO | Training ResNet18 on CIFAR-100 with FP (dtype=torch.float32) on device cuda:0
2026-02-11 10:32:36,450 | INFO | Hyperparameters: epochs=100, batch_size=128, lr=0.01, beta=0.999
2026-02-11 10:32:45,105 | INFO | Batch 100 | Loss: 4.1777 | Correct: 9/128 | Elapsed Time: 8.65s
2026-02-11 10:32:53,168 | INFO | Batch 200 | Loss: 3.8717 | Correct: 19/128 | Elapsed Time: 8.06s
2026-02-11 10:33:01,231 | INFO | Batch 300 | Loss: 3.5913 | Correct: 20/128 | Elapsed Time: 8.06s
2026-02-11 10:33:08,632 | INFO | Epoch [1/100] - Loss: 3.8452 | Correct: 6042/50000 (12.08%, 32.18s)
2026-02-11 10:33:11,219 | INFO | Validation - Loss: 3.5852 | Top1: 1661/10000 (16.61%) | Top5: 4332/10000 (43.32%) (2.59s)
2026-02-11 10:33:11,335 | INFO | New best model saved at epoch 1 with Top1 Acc: 16.61% (Top5: 43.32%)
2026-02-11 10:33:19,441 | INFO | Batch 100 | Loss: 3.3178 | Correct: 23/128 | Elapsed Time: 8.11s
2026-02-11 10:33:27,539 | INFO | Batch 200 | Loss: 2.8482 | Correct: 34/128 | Elapsed Time: 8.10s
2026-02-11 10:33:35,592 | INFO | Batch 300 | Loss: 2.9493 | Correct: 36/128 | Elapsed Time: 8.05s
2026-02-11 10:33:42,913 | INFO | Epoch [2/100] - Loss: 3.1821 | Correct: 11156/50000 (22.31%, 31.58s)
2026-02-11 10:33:45,451 | INFO | Validation - Loss: 3.0039 | Top1: 2552/10000 (25.52%) | Top5: 5650/10000 (56.50%) (2.54s)
2026-02-11 10:33:45,682 | INFO | New best model saved at epoch 2 with Top1 Acc: 25.52% (Top5: 56.50%)
2026-02-11 10:33:53,801 | INFO | Batch 100 | Loss: 2.8174 | Correct: 36/128 | Elapsed Time: 8.12s
2026-02-11 10:34:01,843 | INFO | Batch 200 | Loss: 2.8991 | Correct: 36/128 | Elapsed Time: 8.04s
2026-02-11 10:34:09,831 | INFO | Batch 300 | Loss: 2.7706 | Correct: 35/128 | Elapsed Time: 7.99s
2026-02-11 10:34:17,090 | INFO | Epoch [3/100] - Loss: 2.8616 | Correct: 14044/50000 (28.09%, 31.41s)
2026-02-11 10:34:19,639 | INFO | Validation - Loss: 2.6841 | Top1: 3156/10000 (31.56%) | Top5: 6261/10000 (62.61%) (2.55s)
2026-02-11 10:34:19,841 | INFO | New best model saved at epoch 3 with Top1 Acc: 31.56% (Top5: 62.61%)
2026-02-11 10:34:27,856 | INFO | Batch 100 | Loss: 2.5355 | Correct: 44/128 | Elapsed Time: 8.02s
2026-02-11 10:34:35,878 | INFO | Batch 200 | Loss: 2.7054 | Correct: 40/128 | Elapsed Time: 8.02s
2026-02-11 10:34:43,854 | INFO | Batch 300 | Loss: 2.7926 | Correct: 33/128 | Elapsed Time: 7.98s
2026-02-11 10:34:51,068 | INFO | Epoch [4/100] - Loss: 2.6355 | Correct: 16262/50000 (32.52%, 31.23s)
2026-02-11 10:34:53,651 | INFO | Validation - Loss: 2.6344 | Top1: 3311/10000 (33.11%) | Top5: 6477/10000 (64.77%) (2.58s)
2026-02-11 10:34:53,861 | INFO | New best model saved at epoch 4 with Top1 Acc: 33.11% (Top5: 64.77%)
2026-02-11 10:35:01,846 | INFO | Batch 100 | Loss: 2.6664 | Correct: 42/128 | Elapsed Time: 7.98s
2026-02-11 10:35:09,926 | INFO | Batch 200 | Loss: 2.6099 | Correct: 44/128 | Elapsed Time: 8.08s
2026-02-11 10:35:17,894 | INFO | Batch 300 | Loss: 2.2674 | Correct: 52/128 | Elapsed Time: 7.97s
2026-02-11 10:35:25,110 | INFO | Epoch [5/100] - Loss: 2.4671 | Correct: 18068/50000 (36.14%, 31.25s)
2026-02-11 10:35:27,689 | INFO | Validation - Loss: 2.4638 | Top1: 3643/10000 (36.43%) | Top5: 6847/10000 (68.47%) (2.58s)
2026-02-11 10:35:27,851 | INFO | New best model saved at epoch 5 with Top1 Acc: 36.43% (Top5: 68.47%)
2026-02-11 10:35:35,845 | INFO | Batch 100 | Loss: 2.3181 | Correct: 44/128 | Elapsed Time: 7.99s
2026-02-11 10:35:43,964 | INFO | Batch 200 | Loss: 2.3471 | Correct: 49/128 | Elapsed Time: 8.12s
2026-02-11 10:35:51,892 | INFO | Batch 300 | Loss: 2.2399 | Correct: 49/128 | Elapsed Time: 7.93s
2026-02-11 10:35:59,146 | INFO | Epoch [6/100] - Loss: 2.3216 | Correct: 19544/50000 (39.09%, 31.30s)
2026-02-11 10:36:01,709 | INFO | Validation - Loss: 2.3147 | Top1: 3896/10000 (38.96%) | Top5: 7129/10000 (71.29%) (2.56s)
2026-02-11 10:36:01,922 | INFO | New best model saved at epoch 6 with Top1 Acc: 38.96% (Top5: 71.29%)
2026-02-11 10:36:09,991 | INFO | Batch 100 | Loss: 2.0791 | Correct: 56/128 | Elapsed Time: 8.07s
2026-02-11 10:36:18,058 | INFO | Batch 200 | Loss: 2.1820 | Correct: 56/128 | Elapsed Time: 8.07s
2026-02-11 10:36:26,045 | INFO | Batch 300 | Loss: 2.0481 | Correct: 58/128 | Elapsed Time: 7.99s
2026-02-11 10:36:33,252 | INFO | Epoch [7/100] - Loss: 2.2028 | Correct: 20846/50000 (41.69%, 31.33s)
2026-02-11 10:36:35,808 | INFO | Validation - Loss: 2.2036 | Top1: 4215/10000 (42.15%) | Top5: 7359/10000 (73.59%) (2.56s)
2026-02-11 10:36:35,988 | INFO | New best model saved at epoch 7 with Top1 Acc: 42.15% (Top5: 73.59%)
2026-02-11 10:36:44,026 | INFO | Batch 100 | Loss: 2.2347 | Correct: 51/128 | Elapsed Time: 8.04s
2026-02-11 10:36:52,144 | INFO | Batch 200 | Loss: 2.0582 | Correct: 52/128 | Elapsed Time: 8.12s
2026-02-11 10:37:00,135 | INFO | Batch 300 | Loss: 1.9497 | Correct: 57/128 | Elapsed Time: 7.99s
2026-02-11 10:37:07,456 | INFO | Epoch [8/100] - Loss: 2.1031 | Correct: 21912/50000 (43.82%, 31.47s)
2026-02-11 10:37:10,007 | INFO | Validation - Loss: 2.3477 | Top1: 3876/10000 (38.76%) | Top5: 7164/10000 (71.64%) (2.55s)
2026-02-11 10:37:18,038 | INFO | Batch 100 | Loss: 2.0791 | Correct: 55/128 | Elapsed Time: 8.03s
2026-02-11 10:37:26,101 | INFO | Batch 200 | Loss: 1.8250 | Correct: 60/128 | Elapsed Time: 8.06s
2026-02-11 10:37:34,201 | INFO | Batch 300 | Loss: 2.1630 | Correct: 52/128 | Elapsed Time: 8.10s
2026-02-11 10:37:41,541 | INFO | Epoch [9/100] - Loss: 2.0118 | Correct: 22770/50000 (45.54%, 31.53s)
2026-02-11 10:37:44,209 | INFO | Validation - Loss: 2.1134 | Top1: 4410/10000 (44.10%) | Top5: 7594/10000 (75.94%) (2.67s)
2026-02-11 10:37:44,338 | INFO | New best model saved at epoch 9 with Top1 Acc: 44.10% (Top5: 75.94%)
2026-02-11 10:37:52,431 | INFO | Batch 100 | Loss: 2.1229 | Correct: 54/128 | Elapsed Time: 8.09s
2026-02-11 10:38:00,541 | INFO | Batch 200 | Loss: 1.8409 | Correct: 72/128 | Elapsed Time: 8.11s
2026-02-11 10:38:08,563 | INFO | Batch 300 | Loss: 1.7908 | Correct: 69/128 | Elapsed Time: 8.02s
2026-02-11 10:38:15,847 | INFO | Epoch [10/100] - Loss: 1.9339 | Correct: 23655/50000 (47.31%, 31.51s)
2026-02-11 10:38:18,470 | INFO | Validation - Loss: 2.1363 | Top1: 4389/10000 (43.89%) | Top5: 7503/10000 (75.03%) (2.62s)
2026-02-11 10:38:26,499 | INFO | Batch 100 | Loss: 2.0099 | Correct: 64/128 | Elapsed Time: 8.03s
2026-02-11 10:38:34,525 | INFO | Batch 200 | Loss: 1.7079 | Correct: 68/128 | Elapsed Time: 8.03s
2026-02-11 10:38:42,530 | INFO | Batch 300 | Loss: 1.7307 | Correct: 63/128 | Elapsed Time: 8.00s
2026-02-11 10:38:49,807 | INFO | Epoch [11/100] - Loss: 1.8591 | Correct: 24602/50000 (49.20%, 31.34s)
2026-02-11 10:38:52,392 | INFO | Validation - Loss: 2.0574 | Top1: 4654/10000 (46.54%) | Top5: 7648/10000 (76.48%) (2.58s)
2026-02-11 10:38:52,551 | INFO | New best model saved at epoch 11 with Top1 Acc: 46.54% (Top5: 76.48%)
2026-02-11 10:39:00,593 | INFO | Batch 100 | Loss: 1.7197 | Correct: 66/128 | Elapsed Time: 8.04s
2026-02-11 10:39:08,723 | INFO | Batch 200 | Loss: 1.6590 | Correct: 70/128 | Elapsed Time: 8.13s
2026-02-11 10:39:16,791 | INFO | Batch 300 | Loss: 1.8425 | Correct: 69/128 | Elapsed Time: 8.07s
2026-02-11 10:39:24,072 | INFO | Epoch [12/100] - Loss: 1.7864 | Correct: 25537/50000 (51.07%, 31.52s)
2026-02-11 10:39:26,641 | INFO | Validation - Loss: 2.2238 | Top1: 4344/10000 (43.44%) | Top5: 7452/10000 (74.52%) (2.57s)
2026-02-11 10:39:34,647 | INFO | Batch 100 | Loss: 1.9665 | Correct: 59/128 | Elapsed Time: 8.01s
2026-02-11 10:39:42,582 | INFO | Batch 200 | Loss: 1.7939 | Correct: 60/128 | Elapsed Time: 7.93s
2026-02-11 10:39:50,596 | INFO | Batch 300 | Loss: 1.7864 | Correct: 62/128 | Elapsed Time: 8.01s
2026-02-11 10:39:57,865 | INFO | Epoch [13/100] - Loss: 1.7331 | Correct: 26138/50000 (52.28%, 31.22s)
2026-02-11 10:40:00,409 | INFO | Validation - Loss: 2.1419 | Top1: 4478/10000 (44.78%) | Top5: 7604/10000 (76.04%) (2.54s)
2026-02-11 10:40:08,483 | INFO | Batch 100 | Loss: 1.9465 | Correct: 59/128 | Elapsed Time: 8.07s
2026-02-11 10:40:16,527 | INFO | Batch 200 | Loss: 1.5060 | Correct: 71/128 | Elapsed Time: 8.04s
2026-02-11 10:40:24,583 | INFO | Batch 300 | Loss: 1.7125 | Correct: 68/128 | Elapsed Time: 8.06s
2026-02-11 10:40:31,839 | INFO | Epoch [14/100] - Loss: 1.6675 | Correct: 26931/50000 (53.86%, 31.43s)
2026-02-11 10:40:34,464 | INFO | Validation - Loss: 1.9399 | Top1: 4892/10000 (48.92%) | Top5: 7898/10000 (78.98%) (2.62s)
2026-02-11 10:40:34,739 | INFO | New best model saved at epoch 14 with Top1 Acc: 48.92% (Top5: 78.98%)
2026-02-11 10:40:42,894 | INFO | Batch 100 | Loss: 1.6616 | Correct: 63/128 | Elapsed Time: 8.15s
2026-02-11 10:40:50,975 | INFO | Batch 200 | Loss: 1.7941 | Correct: 62/128 | Elapsed Time: 8.08s
2026-02-11 10:40:58,968 | INFO | Batch 300 | Loss: 1.6898 | Correct: 70/128 | Elapsed Time: 7.99s
2026-02-11 10:41:06,256 | INFO | Epoch [15/100] - Loss: 1.6292 | Correct: 27232/50000 (54.46%, 31.52s)
2026-02-11 10:41:08,845 | INFO | Validation - Loss: 1.9517 | Top1: 4888/10000 (48.88%) | Top5: 7939/10000 (79.39%) (2.59s)
2026-02-11 10:41:16,859 | INFO | Batch 100 | Loss: 1.5941 | Correct: 78/128 | Elapsed Time: 8.01s
2026-02-11 10:41:24,839 | INFO | Batch 200 | Loss: 1.5356 | Correct: 74/128 | Elapsed Time: 7.98s
2026-02-11 10:41:32,880 | INFO | Batch 300 | Loss: 1.5837 | Correct: 65/128 | Elapsed Time: 8.04s
2026-02-11 10:41:40,227 | INFO | Epoch [16/100] - Loss: 1.5653 | Correct: 27991/50000 (55.98%, 31.38s)
2026-02-11 10:41:42,830 | INFO | Validation - Loss: 2.0021 | Top1: 4856/10000 (48.56%) | Top5: 7848/10000 (78.48%) (2.60s)
2026-02-11 10:41:50,903 | INFO | Batch 100 | Loss: 1.5232 | Correct: 74/128 | Elapsed Time: 8.07s
2026-02-11 10:41:58,885 | INFO | Batch 200 | Loss: 1.6435 | Correct: 76/128 | Elapsed Time: 7.98s
2026-02-11 10:42:06,897 | INFO | Batch 300 | Loss: 1.6740 | Correct: 65/128 | Elapsed Time: 8.01s
2026-02-11 10:42:14,217 | INFO | Epoch [17/100] - Loss: 1.5254 | Correct: 28509/50000 (57.02%, 31.39s)
2026-02-11 10:42:16,779 | INFO | Validation - Loss: 2.0926 | Top1: 4681/10000 (46.81%) | Top5: 7664/10000 (76.64%) (2.56s)
2026-02-11 10:42:24,859 | INFO | Batch 100 | Loss: 1.3548 | Correct: 77/128 | Elapsed Time: 8.08s
2026-02-11 10:42:32,923 | INFO | Batch 200 | Loss: 1.3621 | Correct: 77/128 | Elapsed Time: 8.06s
2026-02-11 10:42:40,962 | INFO | Batch 300 | Loss: 1.6610 | Correct: 67/128 | Elapsed Time: 8.04s
2026-02-11 10:42:48,260 | INFO | Epoch [18/100] - Loss: 1.4852 | Correct: 28929/50000 (57.86%, 31.48s)
2026-02-11 10:42:50,866 | INFO | Validation - Loss: 1.9295 | Top1: 4990/10000 (49.90%) | Top5: 7926/10000 (79.26%) (2.60s)
2026-02-11 10:42:51,021 | INFO | New best model saved at epoch 18 with Top1 Acc: 49.90% (Top5: 79.26%)
2026-02-11 10:42:59,094 | INFO | Batch 100 | Loss: 1.3025 | Correct: 81/128 | Elapsed Time: 8.07s
2026-02-11 10:43:07,218 | INFO | Batch 200 | Loss: 1.5309 | Correct: 75/128 | Elapsed Time: 8.12s
2026-02-11 10:43:15,234 | INFO | Batch 300 | Loss: 1.3927 | Correct: 78/128 | Elapsed Time: 8.02s
2026-02-11 10:43:22,509 | INFO | Epoch [19/100] - Loss: 1.4424 | Correct: 29439/50000 (58.88%, 31.49s)
2026-02-11 10:43:25,093 | INFO | Validation - Loss: 1.9872 | Top1: 4883/10000 (48.83%) | Top5: 7995/10000 (79.95%) (2.58s)
2026-02-11 10:43:33,069 | INFO | Batch 100 | Loss: 1.3071 | Correct: 84/128 | Elapsed Time: 7.98s
2026-02-11 10:43:41,102 | INFO | Batch 200 | Loss: 1.2065 | Correct: 86/128 | Elapsed Time: 8.03s
2026-02-11 10:43:49,060 | INFO | Batch 300 | Loss: 1.2292 | Correct: 82/128 | Elapsed Time: 7.96s
2026-02-11 10:43:56,329 | INFO | Epoch [20/100] - Loss: 1.3968 | Correct: 30030/50000 (60.06%, 31.23s)
2026-02-11 10:43:58,959 | INFO | Validation - Loss: 1.8773 | Top1: 5108/10000 (51.08%) | Top5: 8080/10000 (80.80%) (2.63s)
2026-02-11 10:43:59,125 | INFO | New best model saved at epoch 20 with Top1 Acc: 51.08% (Top5: 80.80%)
2026-02-11 10:44:07,222 | INFO | Batch 100 | Loss: 1.2916 | Correct: 79/128 | Elapsed Time: 8.10s
2026-02-11 10:44:15,274 | INFO | Batch 200 | Loss: 1.3120 | Correct: 88/128 | Elapsed Time: 8.05s
2026-02-11 10:44:23,254 | INFO | Batch 300 | Loss: 1.3828 | Correct: 83/128 | Elapsed Time: 7.98s
2026-02-11 10:44:30,544 | INFO | Epoch [21/100] - Loss: 1.3623 | Correct: 30458/50000 (60.92%, 31.42s)
2026-02-11 10:44:33,106 | INFO | Validation - Loss: 1.8711 | Top1: 5102/10000 (51.02%) | Top5: 8043/10000 (80.43%) (2.56s)
2026-02-11 10:44:41,194 | INFO | Batch 100 | Loss: 1.2537 | Correct: 78/128 | Elapsed Time: 8.09s
2026-02-11 10:44:49,215 | INFO | Batch 200 | Loss: 1.2628 | Correct: 73/128 | Elapsed Time: 8.02s
2026-02-11 10:44:57,291 | INFO | Batch 300 | Loss: 1.1612 | Correct: 85/128 | Elapsed Time: 8.08s
2026-02-11 10:45:04,621 | INFO | Epoch [22/100] - Loss: 1.3232 | Correct: 31029/50000 (62.06%, 31.51s)
2026-02-11 10:45:07,201 | INFO | Validation - Loss: 1.9987 | Top1: 4937/10000 (49.37%) | Top5: 7884/10000 (78.84%) (2.58s)
2026-02-11 10:45:15,242 | INFO | Batch 100 | Loss: 1.2712 | Correct: 79/128 | Elapsed Time: 8.04s
2026-02-11 10:45:23,288 | INFO | Batch 200 | Loss: 1.2462 | Correct: 78/128 | Elapsed Time: 8.05s
2026-02-11 10:45:31,286 | INFO | Batch 300 | Loss: 1.4677 | Correct: 72/128 | Elapsed Time: 8.00s
2026-02-11 10:45:38,569 | INFO | Epoch [23/100] - Loss: 1.2954 | Correct: 31271/50000 (62.54%, 31.37s)
2026-02-11 10:45:41,083 | INFO | Validation - Loss: 1.8497 | Top1: 5200/10000 (52.00%) | Top5: 8129/10000 (81.29%) (2.51s)
2026-02-11 10:45:41,235 | INFO | New best model saved at epoch 23 with Top1 Acc: 52.00% (Top5: 81.29%)
2026-02-11 10:45:49,263 | INFO | Batch 100 | Loss: 1.2683 | Correct: 83/128 | Elapsed Time: 8.03s
2026-02-11 10:45:57,383 | INFO | Batch 200 | Loss: 1.2261 | Correct: 76/128 | Elapsed Time: 8.12s
2026-02-11 10:46:05,396 | INFO | Batch 300 | Loss: 1.1474 | Correct: 84/128 | Elapsed Time: 8.01s
2026-02-11 10:46:12,589 | INFO | Epoch [24/100] - Loss: 1.2580 | Correct: 31835/50000 (63.67%, 31.35s)
2026-02-11 10:46:15,154 | INFO | Validation - Loss: 2.1187 | Top1: 4880/10000 (48.80%) | Top5: 7731/10000 (77.31%) (2.56s)
2026-02-11 10:46:23,156 | INFO | Batch 100 | Loss: 1.1308 | Correct: 88/128 | Elapsed Time: 8.00s
2026-02-11 10:46:31,198 | INFO | Batch 200 | Loss: 1.1308 | Correct: 83/128 | Elapsed Time: 8.04s
2026-02-11 10:46:39,241 | INFO | Batch 300 | Loss: 1.2642 | Correct: 83/128 | Elapsed Time: 8.04s
2026-02-11 10:46:46,475 | INFO | Epoch [25/100] - Loss: 1.2309 | Correct: 32164/50000 (64.33%, 31.32s)
2026-02-11 10:46:49,041 | INFO | Validation - Loss: 1.8820 | Top1: 5213/10000 (52.13%) | Top5: 8085/10000 (80.85%) (2.57s)
2026-02-11 10:46:49,235 | INFO | New best model saved at epoch 25 with Top1 Acc: 52.13% (Top5: 80.85%)
2026-02-11 10:46:57,214 | INFO | Batch 100 | Loss: 1.2308 | Correct: 82/128 | Elapsed Time: 7.98s
2026-02-11 10:47:05,310 | INFO | Batch 200 | Loss: 0.9261 | Correct: 93/128 | Elapsed Time: 8.10s
2026-02-11 10:47:13,302 | INFO | Batch 300 | Loss: 1.2713 | Correct: 82/128 | Elapsed Time: 7.99s
2026-02-11 10:47:20,600 | INFO | Epoch [26/100] - Loss: 1.2019 | Correct: 32542/50000 (65.08%, 31.36s)
2026-02-11 10:47:23,211 | INFO | Validation - Loss: 1.8583 | Top1: 5269/10000 (52.69%) | Top5: 8163/10000 (81.63%) (2.61s)
2026-02-11 10:47:23,390 | INFO | New best model saved at epoch 26 with Top1 Acc: 52.69% (Top5: 81.63%)
2026-02-11 10:47:31,456 | INFO | Batch 100 | Loss: 1.3954 | Correct: 83/128 | Elapsed Time: 8.07s
2026-02-11 10:47:39,545 | INFO | Batch 200 | Loss: 1.1050 | Correct: 88/128 | Elapsed Time: 8.09s
2026-02-11 10:47:47,524 | INFO | Batch 300 | Loss: 1.4196 | Correct: 70/128 | Elapsed Time: 7.98s
2026-02-11 10:47:54,783 | INFO | Epoch [27/100] - Loss: 1.1731 | Correct: 32865/50000 (65.73%, 31.39s)
2026-02-11 10:47:57,370 | INFO | Validation - Loss: 1.7774 | Top1: 5375/10000 (53.75%) | Top5: 8219/10000 (82.19%) (2.59s)
2026-02-11 10:47:57,540 | INFO | New best model saved at epoch 27 with Top1 Acc: 53.75% (Top5: 82.19%)
2026-02-11 10:48:05,597 | INFO | Batch 100 | Loss: 0.9740 | Correct: 90/128 | Elapsed Time: 8.06s
2026-02-11 10:48:13,669 | INFO | Batch 200 | Loss: 1.2186 | Correct: 81/128 | Elapsed Time: 8.07s
2026-02-11 10:48:21,653 | INFO | Batch 300 | Loss: 1.1998 | Correct: 82/128 | Elapsed Time: 7.98s
2026-02-11 10:48:28,877 | INFO | Epoch [28/100] - Loss: 1.1508 | Correct: 33049/50000 (66.10%, 31.34s)
2026-02-11 10:48:31,417 | INFO | Validation - Loss: 2.0638 | Top1: 4998/10000 (49.98%) | Top5: 7801/10000 (78.01%) (2.54s)
2026-02-11 10:48:39,441 | INFO | Batch 100 | Loss: 1.0364 | Correct: 96/128 | Elapsed Time: 8.02s
2026-02-11 10:48:47,391 | INFO | Batch 200 | Loss: 1.1698 | Correct: 85/128 | Elapsed Time: 7.95s
2026-02-11 10:48:55,392 | INFO | Batch 300 | Loss: 0.9872 | Correct: 93/128 | Elapsed Time: 8.00s
2026-02-11 10:49:02,700 | INFO | Epoch [29/100] - Loss: 1.1194 | Correct: 33610/50000 (67.22%, 31.28s)
2026-02-11 10:49:05,262 | INFO | Validation - Loss: 1.8613 | Top1: 5352/10000 (53.52%) | Top5: 8158/10000 (81.58%) (2.56s)
2026-02-11 10:49:13,245 | INFO | Batch 100 | Loss: 1.0727 | Correct: 81/128 | Elapsed Time: 7.98s
2026-02-11 10:49:21,183 | INFO | Batch 200 | Loss: 1.0402 | Correct: 88/128 | Elapsed Time: 7.94s
2026-02-11 10:49:29,190 | INFO | Batch 300 | Loss: 1.1396 | Correct: 87/128 | Elapsed Time: 8.01s
2026-02-11 10:49:36,397 | INFO | Epoch [30/100] - Loss: 1.0941 | Correct: 33855/50000 (67.71%, 31.13s)
2026-02-11 10:49:38,952 | INFO | Validation - Loss: 1.8399 | Top1: 5333/10000 (53.33%) | Top5: 8129/10000 (81.29%) (2.55s)
2026-02-11 10:49:46,948 | INFO | Batch 100 | Loss: 1.2693 | Correct: 76/128 | Elapsed Time: 7.99s
2026-02-11 10:49:54,959 | INFO | Batch 200 | Loss: 1.1955 | Correct: 84/128 | Elapsed Time: 8.01s
2026-02-11 10:50:03,025 | INFO | Batch 300 | Loss: 1.1133 | Correct: 84/128 | Elapsed Time: 8.07s
2026-02-11 10:50:10,335 | INFO | Epoch [31/100] - Loss: 1.0639 | Correct: 34162/50000 (68.32%, 31.38s)
2026-02-11 10:50:12,926 | INFO | Validation - Loss: 1.8165 | Top1: 5392/10000 (53.92%) | Top5: 8222/10000 (82.22%) (2.59s)
2026-02-11 10:50:13,072 | INFO | New best model saved at epoch 31 with Top1 Acc: 53.92% (Top5: 82.22%)
2026-02-11 10:50:21,105 | INFO | Batch 100 | Loss: 1.1666 | Correct: 74/128 | Elapsed Time: 8.03s
2026-02-11 10:50:29,182 | INFO | Batch 200 | Loss: 1.0911 | Correct: 84/128 | Elapsed Time: 8.08s
2026-02-11 10:50:37,139 | INFO | Batch 300 | Loss: 1.2241 | Correct: 83/128 | Elapsed Time: 7.96s
2026-02-11 10:50:44,392 | INFO | Epoch [32/100] - Loss: 1.0376 | Correct: 34619/50000 (69.24%, 31.32s)
2026-02-11 10:50:46,942 | INFO | Validation - Loss: 1.8035 | Top1: 5442/10000 (54.42%) | Top5: 8261/10000 (82.61%) (2.55s)
2026-02-11 10:50:47,227 | INFO | New best model saved at epoch 32 with Top1 Acc: 54.42% (Top5: 82.61%)
2026-02-11 10:50:55,206 | INFO | Batch 100 | Loss: 0.9552 | Correct: 87/128 | Elapsed Time: 7.98s
2026-02-11 10:51:03,301 | INFO | Batch 200 | Loss: 0.8466 | Correct: 99/128 | Elapsed Time: 8.10s
2026-02-11 10:51:11,364 | INFO | Batch 300 | Loss: 1.1312 | Correct: 80/128 | Elapsed Time: 8.06s
2026-02-11 10:51:18,602 | INFO | Epoch [33/100] - Loss: 1.0127 | Correct: 35001/50000 (70.00%, 31.37s)
2026-02-11 10:51:21,153 | INFO | Validation - Loss: 1.8473 | Top1: 5379/10000 (53.79%) | Top5: 8180/10000 (81.80%) (2.55s)
2026-02-11 10:51:29,127 | INFO | Batch 100 | Loss: 0.9242 | Correct: 96/128 | Elapsed Time: 7.97s
2026-02-11 10:51:37,055 | INFO | Batch 200 | Loss: 1.0637 | Correct: 89/128 | Elapsed Time: 7.93s
2026-02-11 10:51:45,012 | INFO | Batch 300 | Loss: 0.9794 | Correct: 90/128 | Elapsed Time: 7.96s
2026-02-11 10:51:52,255 | INFO | Epoch [34/100] - Loss: 1.0021 | Correct: 34994/50000 (69.99%, 31.10s)
2026-02-11 10:51:54,809 | INFO | Validation - Loss: 1.8215 | Top1: 5515/10000 (55.15%) | Top5: 8284/10000 (82.84%) (2.55s)
2026-02-11 10:51:55,021 | INFO | New best model saved at epoch 34 with Top1 Acc: 55.15% (Top5: 82.84%)
2026-02-11 10:52:03,039 | INFO | Batch 100 | Loss: 0.7505 | Correct: 99/128 | Elapsed Time: 8.02s
2026-02-11 10:52:11,121 | INFO | Batch 200 | Loss: 1.1531 | Correct: 79/128 | Elapsed Time: 8.08s
2026-02-11 10:52:19,138 | INFO | Batch 300 | Loss: 1.1421 | Correct: 83/128 | Elapsed Time: 8.02s
2026-02-11 10:52:26,328 | INFO | Epoch [35/100] - Loss: 0.9738 | Correct: 35384/50000 (70.77%, 31.31s)
2026-02-11 10:52:28,915 | INFO | Validation - Loss: 1.8978 | Top1: 5342/10000 (53.42%) | Top5: 8059/10000 (80.59%) (2.59s)
2026-02-11 10:52:36,865 | INFO | Batch 100 | Loss: 0.9576 | Correct: 91/128 | Elapsed Time: 7.95s
2026-02-11 10:52:44,870 | INFO | Batch 200 | Loss: 1.0317 | Correct: 87/128 | Elapsed Time: 8.00s
2026-02-11 10:52:52,841 | INFO | Batch 300 | Loss: 1.1892 | Correct: 90/128 | Elapsed Time: 7.97s
2026-02-11 10:53:00,131 | INFO | Epoch [36/100] - Loss: 0.9452 | Correct: 35802/50000 (71.60%, 31.21s)
2026-02-11 10:53:02,718 | INFO | Validation - Loss: 1.7601 | Top1: 5556/10000 (55.56%) | Top5: 8324/10000 (83.24%) (2.59s)
2026-02-11 10:53:02,845 | INFO | New best model saved at epoch 36 with Top1 Acc: 55.56% (Top5: 83.24%)
2026-02-11 10:53:10,977 | INFO | Batch 100 | Loss: 0.7348 | Correct: 104/128 | Elapsed Time: 8.13s
2026-02-11 10:53:19,075 | INFO | Batch 200 | Loss: 0.9390 | Correct: 94/128 | Elapsed Time: 8.10s
2026-02-11 10:53:27,055 | INFO | Batch 300 | Loss: 0.8523 | Correct: 101/128 | Elapsed Time: 7.98s
2026-02-11 10:53:34,276 | INFO | Epoch [37/100] - Loss: 0.9280 | Correct: 36021/50000 (72.04%, 31.43s)
2026-02-11 10:53:36,836 | INFO | Validation - Loss: 2.0749 | Top1: 5057/10000 (50.57%) | Top5: 7965/10000 (79.65%) (2.56s)
2026-02-11 10:53:44,893 | INFO | Batch 100 | Loss: 0.9138 | Correct: 93/128 | Elapsed Time: 8.06s
2026-02-11 10:53:52,888 | INFO | Batch 200 | Loss: 0.9093 | Correct: 89/128 | Elapsed Time: 7.99s
2026-02-11 10:54:00,851 | INFO | Batch 300 | Loss: 0.9526 | Correct: 90/128 | Elapsed Time: 7.96s
2026-02-11 10:54:08,130 | INFO | Epoch [38/100] - Loss: 0.9087 | Correct: 36296/50000 (72.59%, 31.29s)
2026-02-11 10:54:10,683 | INFO | Validation - Loss: 1.9999 | Top1: 5141/10000 (51.41%) | Top5: 8060/10000 (80.60%) (2.55s)
2026-02-11 10:54:18,696 | INFO | Batch 100 | Loss: 0.7970 | Correct: 102/128 | Elapsed Time: 8.01s
2026-02-11 10:54:26,704 | INFO | Batch 200 | Loss: 0.9254 | Correct: 92/128 | Elapsed Time: 8.01s
2026-02-11 10:54:34,679 | INFO | Batch 300 | Loss: 0.8436 | Correct: 99/128 | Elapsed Time: 7.98s
2026-02-11 10:54:42,020 | INFO | Epoch [39/100] - Loss: 0.8962 | Correct: 36494/50000 (72.99%, 31.34s)
2026-02-11 10:54:44,555 | INFO | Validation - Loss: 1.8227 | Top1: 5512/10000 (55.12%) | Top5: 8272/10000 (82.72%) (2.53s)
2026-02-11 10:54:52,507 | INFO | Batch 100 | Loss: 0.8269 | Correct: 95/128 | Elapsed Time: 7.95s
2026-02-11 10:55:00,529 | INFO | Batch 200 | Loss: 0.8121 | Correct: 97/128 | Elapsed Time: 8.02s
2026-02-11 10:55:08,578 | INFO | Batch 300 | Loss: 0.8011 | Correct: 95/128 | Elapsed Time: 8.05s
2026-02-11 10:55:15,871 | INFO | Epoch [40/100] - Loss: 0.8700 | Correct: 36830/50000 (73.66%, 31.31s)
2026-02-11 10:55:18,472 | INFO | Validation - Loss: 1.7761 | Top1: 5613/10000 (56.13%) | Top5: 8335/10000 (83.35%) (2.60s)
2026-02-11 10:55:18,640 | INFO | New best model saved at epoch 40 with Top1 Acc: 56.13% (Top5: 83.35%)
2026-02-11 10:55:26,735 | INFO | Batch 100 | Loss: 1.0994 | Correct: 84/128 | Elapsed Time: 8.10s
2026-02-11 10:55:34,900 | INFO | Batch 200 | Loss: 0.8866 | Correct: 91/128 | Elapsed Time: 8.16s
2026-02-11 10:55:42,919 | INFO | Batch 300 | Loss: 0.8543 | Correct: 95/128 | Elapsed Time: 8.02s
2026-02-11 10:55:50,196 | INFO | Epoch [41/100] - Loss: 0.8520 | Correct: 37087/50000 (74.17%, 31.56s)
2026-02-11 10:55:52,759 | INFO | Validation - Loss: 1.8360 | Top1: 5459/10000 (54.59%) | Top5: 8254/10000 (82.54%) (2.56s)
2026-02-11 10:56:00,769 | INFO | Batch 100 | Loss: 0.6904 | Correct: 104/128 | Elapsed Time: 8.01s
2026-02-11 10:56:08,814 | INFO | Batch 200 | Loss: 1.0816 | Correct: 90/128 | Elapsed Time: 8.04s
2026-02-11 10:56:16,894 | INFO | Batch 300 | Loss: 0.7494 | Correct: 100/128 | Elapsed Time: 8.08s
2026-02-11 10:56:24,200 | INFO | Epoch [42/100] - Loss: 0.8362 | Correct: 37431/50000 (74.86%, 31.44s)
2026-02-11 10:56:26,757 | INFO | Validation - Loss: 2.2050 | Top1: 4972/10000 (49.72%) | Top5: 7916/10000 (79.16%) (2.56s)
2026-02-11 10:56:34,778 | INFO | Batch 100 | Loss: 0.8431 | Correct: 90/128 | Elapsed Time: 8.02s
2026-02-11 10:56:42,751 | INFO | Batch 200 | Loss: 0.7560 | Correct: 98/128 | Elapsed Time: 7.97s
2026-02-11 10:56:50,716 | INFO | Batch 300 | Loss: 0.8160 | Correct: 92/128 | Elapsed Time: 7.97s
2026-02-11 10:56:58,041 | INFO | Epoch [43/100] - Loss: 0.8188 | Correct: 37578/50000 (75.16%, 31.28s)
2026-02-11 10:57:00,616 | INFO | Validation - Loss: 1.9630 | Top1: 5316/10000 (53.16%) | Top5: 8126/10000 (81.26%) (2.57s)
2026-02-11 10:57:08,716 | INFO | Batch 100 | Loss: 0.8954 | Correct: 94/128 | Elapsed Time: 8.10s
2026-02-11 10:57:16,698 | INFO | Batch 200 | Loss: 0.7260 | Correct: 95/128 | Elapsed Time: 7.98s
2026-02-11 10:57:24,700 | INFO | Batch 300 | Loss: 0.8145 | Correct: 99/128 | Elapsed Time: 8.00s
2026-02-11 10:57:31,958 | INFO | Epoch [44/100] - Loss: 0.7953 | Correct: 37965/50000 (75.93%, 31.34s)
2026-02-11 10:57:34,567 | INFO | Validation - Loss: 1.8555 | Top1: 5518/10000 (55.18%) | Top5: 8270/10000 (82.70%) (2.61s)
2026-02-11 10:57:42,573 | INFO | Batch 100 | Loss: 0.7489 | Correct: 101/128 | Elapsed Time: 8.00s
2026-02-11 10:57:50,536 | INFO | Batch 200 | Loss: 0.7623 | Correct: 96/128 | Elapsed Time: 7.96s
2026-02-11 10:57:58,587 | INFO | Batch 300 | Loss: 0.8059 | Correct: 100/128 | Elapsed Time: 8.05s
2026-02-11 10:58:05,874 | INFO | Epoch [45/100] - Loss: 0.7811 | Correct: 38100/50000 (76.20%, 31.31s)
2026-02-11 10:58:08,446 | INFO | Validation - Loss: 1.8630 | Top1: 5496/10000 (54.96%) | Top5: 8213/10000 (82.13%) (2.57s)
2026-02-11 10:58:16,386 | INFO | Batch 100 | Loss: 0.7544 | Correct: 95/128 | Elapsed Time: 7.94s
2026-02-11 10:58:24,329 | INFO | Batch 200 | Loss: 0.9615 | Correct: 89/128 | Elapsed Time: 7.94s
2026-02-11 10:58:32,276 | INFO | Batch 300 | Loss: 1.0082 | Correct: 87/128 | Elapsed Time: 7.95s
2026-02-11 10:58:39,594 | INFO | Epoch [46/100] - Loss: 0.7636 | Correct: 38281/50000 (76.56%, 31.15s)
2026-02-11 10:58:42,153 | INFO | Validation - Loss: 1.9775 | Top1: 5345/10000 (53.45%) | Top5: 8148/10000 (81.48%) (2.56s)
2026-02-11 10:58:50,221 | INFO | Batch 100 | Loss: 0.6192 | Correct: 101/128 | Elapsed Time: 8.07s
2026-02-11 10:58:58,207 | INFO | Batch 200 | Loss: 0.9471 | Correct: 91/128 | Elapsed Time: 7.99s
2026-02-11 10:59:06,167 | INFO | Batch 300 | Loss: 0.7048 | Correct: 101/128 | Elapsed Time: 7.96s
2026-02-11 10:59:13,407 | INFO | Epoch [47/100] - Loss: 0.7598 | Correct: 38419/50000 (76.84%, 31.25s)
2026-02-11 10:59:15,976 | INFO | Validation - Loss: 2.0811 | Top1: 5185/10000 (51.85%) | Top5: 8019/10000 (80.19%) (2.57s)
2026-02-11 10:59:23,950 | INFO | Batch 100 | Loss: 0.9900 | Correct: 89/128 | Elapsed Time: 7.97s
2026-02-11 10:59:31,929 | INFO | Batch 200 | Loss: 0.7240 | Correct: 97/128 | Elapsed Time: 7.98s
2026-02-11 10:59:39,895 | INFO | Batch 300 | Loss: 0.8547 | Correct: 96/128 | Elapsed Time: 7.97s
2026-02-11 10:59:47,150 | INFO | Epoch [48/100] - Loss: 0.7408 | Correct: 38716/50000 (77.43%, 31.17s)
2026-02-11 10:59:49,687 | INFO | Validation - Loss: 1.8361 | Top1: 5598/10000 (55.98%) | Top5: 8346/10000 (83.46%) (2.54s)
2026-02-11 10:59:57,630 | INFO | Batch 100 | Loss: 0.6667 | Correct: 100/128 | Elapsed Time: 7.94s
2026-02-11 11:00:05,656 | INFO | Batch 200 | Loss: 0.6637 | Correct: 100/128 | Elapsed Time: 8.03s
2026-02-11 11:00:13,650 | INFO | Batch 300 | Loss: 0.8087 | Correct: 101/128 | Elapsed Time: 7.99s
2026-02-11 11:00:20,964 | INFO | Epoch [49/100] - Loss: 0.7191 | Correct: 38974/50000 (77.95%, 31.27s)
2026-02-11 11:00:23,565 | INFO | Validation - Loss: 1.8919 | Top1: 5411/10000 (54.11%) | Top5: 8270/10000 (82.70%) (2.60s)
2026-02-11 11:00:31,623 | INFO | Batch 100 | Loss: 0.6546 | Correct: 102/128 | Elapsed Time: 8.06s
2026-02-11 11:00:39,519 | INFO | Batch 200 | Loss: 0.7870 | Correct: 97/128 | Elapsed Time: 7.90s
2026-02-11 11:00:47,524 | INFO | Batch 300 | Loss: 0.7475 | Correct: 101/128 | Elapsed Time: 8.00s
2026-02-11 11:00:54,740 | INFO | Epoch [50/100] - Loss: 0.7097 | Correct: 39109/50000 (78.22%, 31.17s)
2026-02-11 11:00:57,323 | INFO | Validation - Loss: 1.8788 | Top1: 5492/10000 (54.92%) | Top5: 8192/10000 (81.92%) (2.58s)
2026-02-11 11:01:05,478 | INFO | Batch 100 | Loss: 0.5269 | Correct: 111/128 | Elapsed Time: 8.15s
2026-02-11 11:01:13,417 | INFO | Batch 200 | Loss: 0.3594 | Correct: 115/128 | Elapsed Time: 7.94s
2026-02-11 11:01:21,415 | INFO | Batch 300 | Loss: 0.4879 | Correct: 107/128 | Elapsed Time: 8.00s
2026-02-11 11:01:28,672 | INFO | Epoch [51/100] - Loss: 0.4396 | Correct: 43748/50000 (87.50%, 31.35s)
2026-02-11 11:01:31,206 | INFO | Validation - Loss: 1.5488 | Top1: 6187/10000 (61.87%) | Top5: 8651/10000 (86.51%) (2.53s)
2026-02-11 11:01:31,353 | INFO | New best model saved at epoch 51 with Top1 Acc: 61.87% (Top5: 86.51%)
2026-02-11 11:01:39,417 | INFO | Batch 100 | Loss: 0.3520 | Correct: 117/128 | Elapsed Time: 8.06s
2026-02-11 11:01:47,542 | INFO | Batch 200 | Loss: 0.3245 | Correct: 115/128 | Elapsed Time: 8.12s
2026-02-11 11:01:55,566 | INFO | Batch 300 | Loss: 0.3961 | Correct: 112/128 | Elapsed Time: 8.02s
2026-02-11 11:02:02,831 | INFO | Epoch [52/100] - Loss: 0.3611 | Correct: 45051/50000 (90.10%, 31.48s)
2026-02-11 11:02:05,392 | INFO | Validation - Loss: 1.5478 | Top1: 6190/10000 (61.90%) | Top5: 8656/10000 (86.56%) (2.56s)
2026-02-11 11:02:05,605 | INFO | New best model saved at epoch 52 with Top1 Acc: 61.90% (Top5: 86.56%)
2026-02-11 11:02:13,775 | INFO | Batch 100 | Loss: 0.3608 | Correct: 114/128 | Elapsed Time: 8.17s
2026-02-11 11:02:21,837 | INFO | Batch 200 | Loss: 0.3742 | Correct: 112/128 | Elapsed Time: 8.06s
2026-02-11 11:02:29,836 | INFO | Batch 300 | Loss: 0.4342 | Correct: 108/128 | Elapsed Time: 8.00s
2026-02-11 11:02:37,082 | INFO | Epoch [53/100] - Loss: 0.3209 | Correct: 45706/50000 (91.41%, 31.48s)
2026-02-11 11:02:39,644 | INFO | Validation - Loss: 1.5543 | Top1: 6198/10000 (61.98%) | Top5: 8663/10000 (86.63%) (2.56s)
2026-02-11 11:02:39,878 | INFO | New best model saved at epoch 53 with Top1 Acc: 61.98% (Top5: 86.63%)
2026-02-11 11:02:47,893 | INFO | Batch 100 | Loss: 0.2466 | Correct: 122/128 | Elapsed Time: 8.01s
2026-02-11 11:02:56,014 | INFO | Batch 200 | Loss: 0.3454 | Correct: 114/128 | Elapsed Time: 8.12s
2026-02-11 11:03:04,127 | INFO | Batch 300 | Loss: 0.3906 | Correct: 111/128 | Elapsed Time: 8.11s
2026-02-11 11:03:11,433 | INFO | Epoch [54/100] - Loss: 0.3028 | Correct: 45964/50000 (91.93%, 31.55s)
2026-02-11 11:03:13,992 | INFO | Validation - Loss: 1.5537 | Top1: 6214/10000 (62.14%) | Top5: 8666/10000 (86.66%) (2.56s)
2026-02-11 11:03:14,239 | INFO | New best model saved at epoch 54 with Top1 Acc: 62.14% (Top5: 86.66%)
2026-02-11 11:03:22,328 | INFO | Batch 100 | Loss: 0.2456 | Correct: 121/128 | Elapsed Time: 8.09s
2026-02-11 11:03:30,409 | INFO | Batch 200 | Loss: 0.2929 | Correct: 116/128 | Elapsed Time: 8.08s
2026-02-11 11:03:38,459 | INFO | Batch 300 | Loss: 0.2902 | Correct: 116/128 | Elapsed Time: 8.05s
2026-02-11 11:03:45,735 | INFO | Epoch [55/100] - Loss: 0.2835 | Correct: 46284/50000 (92.57%, 31.50s)
2026-02-11 11:03:48,311 | INFO | Validation - Loss: 1.5643 | Top1: 6219/10000 (62.19%) | Top5: 8663/10000 (86.63%) (2.58s)
2026-02-11 11:03:48,439 | INFO | New best model saved at epoch 55 with Top1 Acc: 62.19% (Top5: 86.63%)
2026-02-11 11:03:56,469 | INFO | Batch 100 | Loss: 0.2374 | Correct: 120/128 | Elapsed Time: 8.03s
2026-02-11 11:04:04,591 | INFO | Batch 200 | Loss: 0.3566 | Correct: 112/128 | Elapsed Time: 8.12s
2026-02-11 11:04:12,658 | INFO | Batch 300 | Loss: 0.2696 | Correct: 121/128 | Elapsed Time: 8.07s
2026-02-11 11:04:20,023 | INFO | Epoch [56/100] - Loss: 0.2724 | Correct: 46450/50000 (92.90%, 31.58s)
2026-02-11 11:04:22,646 | INFO | Validation - Loss: 1.5676 | Top1: 6216/10000 (62.16%) | Top5: 8655/10000 (86.55%) (2.62s)
2026-02-11 11:04:30,659 | INFO | Batch 100 | Loss: 0.3643 | Correct: 115/128 | Elapsed Time: 8.01s
2026-02-11 11:04:38,667 | INFO | Batch 200 | Loss: 0.3351 | Correct: 114/128 | Elapsed Time: 8.01s
2026-02-11 11:04:46,711 | INFO | Batch 300 | Loss: 0.2554 | Correct: 122/128 | Elapsed Time: 8.04s
2026-02-11 11:04:54,020 | INFO | Epoch [57/100] - Loss: 0.2584 | Correct: 46627/50000 (93.25%, 31.37s)
2026-02-11 11:04:56,592 | INFO | Validation - Loss: 1.5728 | Top1: 6222/10000 (62.22%) | Top5: 8674/10000 (86.74%) (2.57s)
2026-02-11 11:04:56,803 | INFO | New best model saved at epoch 57 with Top1 Acc: 62.22% (Top5: 86.74%)
2026-02-11 11:05:04,849 | INFO | Batch 100 | Loss: 0.2468 | Correct: 119/128 | Elapsed Time: 8.05s
2026-02-11 11:05:12,915 | INFO | Batch 200 | Loss: 0.2458 | Correct: 122/128 | Elapsed Time: 8.07s
2026-02-11 11:05:20,900 | INFO | Batch 300 | Loss: 0.2415 | Correct: 121/128 | Elapsed Time: 7.99s
2026-02-11 11:05:28,175 | INFO | Epoch [58/100] - Loss: 0.2498 | Correct: 46819/50000 (93.64%, 31.37s)
2026-02-11 11:05:30,767 | INFO | Validation - Loss: 1.5840 | Top1: 6213/10000 (62.13%) | Top5: 8643/10000 (86.43%) (2.59s)
2026-02-11 11:05:38,806 | INFO | Batch 100 | Loss: 0.2649 | Correct: 118/128 | Elapsed Time: 8.04s
2026-02-11 11:05:46,782 | INFO | Batch 200 | Loss: 0.2932 | Correct: 118/128 | Elapsed Time: 7.98s
2026-02-11 11:05:54,772 | INFO | Batch 300 | Loss: 0.2907 | Correct: 116/128 | Elapsed Time: 7.99s
2026-02-11 11:06:02,043 | INFO | Epoch [59/100] - Loss: 0.2435 | Correct: 46887/50000 (93.77%, 31.27s)
2026-02-11 11:06:04,627 | INFO | Validation - Loss: 1.5859 | Top1: 6253/10000 (62.53%) | Top5: 8667/10000 (86.67%) (2.58s)
2026-02-11 11:06:04,874 | INFO | New best model saved at epoch 59 with Top1 Acc: 62.53% (Top5: 86.67%)
2026-02-11 11:06:12,904 | INFO | Batch 100 | Loss: 0.2930 | Correct: 118/128 | Elapsed Time: 8.03s
2026-02-11 11:06:21,056 | INFO | Batch 200 | Loss: 0.2742 | Correct: 119/128 | Elapsed Time: 8.15s
2026-02-11 11:06:29,061 | INFO | Batch 300 | Loss: 0.2902 | Correct: 120/128 | Elapsed Time: 8.00s
2026-02-11 11:06:36,290 | INFO | Epoch [60/100] - Loss: 0.2331 | Correct: 47033/50000 (94.07%, 31.42s)
2026-02-11 11:06:38,881 | INFO | Validation - Loss: 1.5971 | Top1: 6208/10000 (62.08%) | Top5: 8657/10000 (86.57%) (2.59s)
2026-02-11 11:06:46,908 | INFO | Batch 100 | Loss: 0.2554 | Correct: 119/128 | Elapsed Time: 8.02s
2026-02-11 11:06:54,929 | INFO | Batch 200 | Loss: 0.2436 | Correct: 118/128 | Elapsed Time: 8.02s
2026-02-11 11:07:03,034 | INFO | Batch 300 | Loss: 0.2455 | Correct: 120/128 | Elapsed Time: 8.10s
2026-02-11 11:07:10,345 | INFO | Epoch [61/100] - Loss: 0.2260 | Correct: 47137/50000 (94.27%, 31.46s)
2026-02-11 11:07:12,928 | INFO | Validation - Loss: 1.6102 | Top1: 6187/10000 (61.87%) | Top5: 8655/10000 (86.55%) (2.58s)
2026-02-11 11:07:20,937 | INFO | Batch 100 | Loss: 0.1961 | Correct: 121/128 | Elapsed Time: 8.01s
2026-02-11 11:07:28,935 | INFO | Batch 200 | Loss: 0.1642 | Correct: 124/128 | Elapsed Time: 8.00s
2026-02-11 11:07:36,999 | INFO | Batch 300 | Loss: 0.1567 | Correct: 124/128 | Elapsed Time: 8.06s
2026-02-11 11:07:44,289 | INFO | Epoch [62/100] - Loss: 0.2222 | Correct: 47138/50000 (94.28%, 31.36s)
2026-02-11 11:07:46,917 | INFO | Validation - Loss: 1.6001 | Top1: 6230/10000 (62.30%) | Top5: 8654/10000 (86.54%) (2.63s)
2026-02-11 11:07:54,943 | INFO | Batch 100 | Loss: 0.2311 | Correct: 119/128 | Elapsed Time: 8.02s
2026-02-11 11:08:03,039 | INFO | Batch 200 | Loss: 0.2535 | Correct: 117/128 | Elapsed Time: 8.10s
2026-02-11 11:08:11,094 | INFO | Batch 300 | Loss: 0.2501 | Correct: 119/128 | Elapsed Time: 8.05s
2026-02-11 11:08:18,381 | INFO | Epoch [63/100] - Loss: 0.2098 | Correct: 47347/50000 (94.69%, 31.46s)
2026-02-11 11:08:20,981 | INFO | Validation - Loss: 1.6107 | Top1: 6189/10000 (61.89%) | Top5: 8646/10000 (86.46%) (2.60s)
2026-02-11 11:08:28,998 | INFO | Batch 100 | Loss: 0.1518 | Correct: 124/128 | Elapsed Time: 8.01s
2026-02-11 11:08:37,027 | INFO | Batch 200 | Loss: 0.2173 | Correct: 122/128 | Elapsed Time: 8.03s
2026-02-11 11:08:45,076 | INFO | Batch 300 | Loss: 0.2029 | Correct: 120/128 | Elapsed Time: 8.05s
2026-02-11 11:08:52,355 | INFO | Epoch [64/100] - Loss: 0.2045 | Correct: 47482/50000 (94.96%, 31.37s)
2026-02-11 11:08:54,909 | INFO | Validation - Loss: 1.6138 | Top1: 6226/10000 (62.26%) | Top5: 8659/10000 (86.59%) (2.55s)
2026-02-11 11:09:02,902 | INFO | Batch 100 | Loss: 0.1910 | Correct: 122/128 | Elapsed Time: 7.99s
2026-02-11 11:09:10,972 | INFO | Batch 200 | Loss: 0.2469 | Correct: 122/128 | Elapsed Time: 8.07s
2026-02-11 11:09:18,998 | INFO | Batch 300 | Loss: 0.3109 | Correct: 118/128 | Elapsed Time: 8.03s
2026-02-11 11:09:26,296 | INFO | Epoch [65/100] - Loss: 0.2003 | Correct: 47525/50000 (95.05%, 31.38s)
2026-02-11 11:09:28,885 | INFO | Validation - Loss: 1.6265 | Top1: 6223/10000 (62.23%) | Top5: 8653/10000 (86.53%) (2.59s)
2026-02-11 11:09:36,891 | INFO | Batch 100 | Loss: 0.1914 | Correct: 120/128 | Elapsed Time: 8.00s
2026-02-11 11:09:44,936 | INFO | Batch 200 | Loss: 0.1392 | Correct: 125/128 | Elapsed Time: 8.05s
2026-02-11 11:09:52,989 | INFO | Batch 300 | Loss: 0.1937 | Correct: 122/128 | Elapsed Time: 8.05s
2026-02-11 11:10:00,243 | INFO | Epoch [66/100] - Loss: 0.1924 | Correct: 47650/50000 (95.30%, 31.35s)
2026-02-11 11:10:02,844 | INFO | Validation - Loss: 1.6267 | Top1: 6203/10000 (62.03%) | Top5: 8630/10000 (86.30%) (2.60s)
2026-02-11 11:10:10,919 | INFO | Batch 100 | Loss: 0.1563 | Correct: 121/128 | Elapsed Time: 8.07s
2026-02-11 11:10:18,976 | INFO | Batch 200 | Loss: 0.1342 | Correct: 124/128 | Elapsed Time: 8.06s
2026-02-11 11:10:27,035 | INFO | Batch 300 | Loss: 0.1952 | Correct: 123/128 | Elapsed Time: 8.06s
2026-02-11 11:10:34,282 | INFO | Epoch [67/100] - Loss: 0.1899 | Correct: 47673/50000 (95.35%, 31.44s)
2026-02-11 11:10:36,878 | INFO | Validation - Loss: 1.6445 | Top1: 6184/10000 (61.84%) | Top5: 8619/10000 (86.19%) (2.60s)
2026-02-11 11:10:45,016 | INFO | Batch 100 | Loss: 0.1293 | Correct: 123/128 | Elapsed Time: 8.14s
2026-02-11 11:10:53,018 | INFO | Batch 200 | Loss: 0.2341 | Correct: 121/128 | Elapsed Time: 8.00s
2026-02-11 11:11:01,050 | INFO | Batch 300 | Loss: 0.1496 | Correct: 124/128 | Elapsed Time: 8.03s
2026-02-11 11:11:08,355 | INFO | Epoch [68/100] - Loss: 0.1861 | Correct: 47757/50000 (95.51%, 31.47s)
2026-02-11 11:11:10,905 | INFO | Validation - Loss: 1.6426 | Top1: 6190/10000 (61.90%) | Top5: 8649/10000 (86.49%) (2.55s)
2026-02-11 11:11:18,907 | INFO | Batch 100 | Loss: 0.1697 | Correct: 124/128 | Elapsed Time: 8.00s
2026-02-11 11:11:26,892 | INFO | Batch 200 | Loss: 0.1654 | Correct: 123/128 | Elapsed Time: 7.98s
2026-02-11 11:11:34,896 | INFO | Batch 300 | Loss: 0.1152 | Correct: 127/128 | Elapsed Time: 8.00s
2026-02-11 11:11:42,162 | INFO | Epoch [69/100] - Loss: 0.1799 | Correct: 47874/50000 (95.75%, 31.25s)
2026-02-11 11:11:44,703 | INFO | Validation - Loss: 1.6443 | Top1: 6199/10000 (61.99%) | Top5: 8629/10000 (86.29%) (2.54s)
2026-02-11 11:11:52,738 | INFO | Batch 100 | Loss: 0.1530 | Correct: 124/128 | Elapsed Time: 8.03s
2026-02-11 11:12:00,726 | INFO | Batch 200 | Loss: 0.1789 | Correct: 124/128 | Elapsed Time: 7.99s
2026-02-11 11:12:08,786 | INFO | Batch 300 | Loss: 0.1866 | Correct: 124/128 | Elapsed Time: 8.06s
2026-02-11 11:12:16,096 | INFO | Epoch [70/100] - Loss: 0.1735 | Correct: 47927/50000 (95.85%, 31.39s)
2026-02-11 11:12:18,699 | INFO | Validation - Loss: 1.6490 | Top1: 6205/10000 (62.05%) | Top5: 8621/10000 (86.21%) (2.60s)
2026-02-11 11:12:26,717 | INFO | Batch 100 | Loss: 0.1375 | Correct: 126/128 | Elapsed Time: 8.02s
2026-02-11 11:12:34,756 | INFO | Batch 200 | Loss: 0.1778 | Correct: 123/128 | Elapsed Time: 8.04s
2026-02-11 11:12:42,803 | INFO | Batch 300 | Loss: 0.1964 | Correct: 123/128 | Elapsed Time: 8.05s
2026-02-11 11:12:50,124 | INFO | Epoch [71/100] - Loss: 0.1714 | Correct: 47934/50000 (95.87%, 31.42s)
2026-02-11 11:12:52,724 | INFO | Validation - Loss: 1.6474 | Top1: 6208/10000 (62.08%) | Top5: 8660/10000 (86.60%) (2.60s)
2026-02-11 11:13:00,833 | INFO | Batch 100 | Loss: 0.1254 | Correct: 126/128 | Elapsed Time: 8.10s
2026-02-11 11:13:09,046 | INFO | Batch 200 | Loss: 0.1827 | Correct: 122/128 | Elapsed Time: 8.21s
2026-02-11 11:13:17,094 | INFO | Batch 300 | Loss: 0.1796 | Correct: 121/128 | Elapsed Time: 8.05s
2026-02-11 11:13:24,422 | INFO | Epoch [72/100] - Loss: 0.1694 | Correct: 47946/50000 (95.89%, 31.69s)
2026-02-11 11:13:26,955 | INFO | Validation - Loss: 1.6669 | Top1: 6144/10000 (61.44%) | Top5: 8618/10000 (86.18%) (2.53s)
2026-02-11 11:13:35,102 | INFO | Batch 100 | Loss: 0.1720 | Correct: 121/128 | Elapsed Time: 8.14s
2026-02-11 11:13:43,128 | INFO | Batch 200 | Loss: 0.1475 | Correct: 124/128 | Elapsed Time: 8.03s
2026-02-11 11:13:51,192 | INFO | Batch 300 | Loss: 0.1490 | Correct: 122/128 | Elapsed Time: 8.06s
2026-02-11 11:13:58,540 | INFO | Epoch [73/100] - Loss: 0.1655 | Correct: 47995/50000 (95.99%, 31.58s)
2026-02-11 11:14:01,143 | INFO | Validation - Loss: 1.6673 | Top1: 6172/10000 (61.72%) | Top5: 8617/10000 (86.17%) (2.60s)
2026-02-11 11:14:09,250 | INFO | Batch 100 | Loss: 0.1077 | Correct: 126/128 | Elapsed Time: 8.10s
2026-02-11 11:14:17,248 | INFO | Batch 200 | Loss: 0.1678 | Correct: 123/128 | Elapsed Time: 8.00s
2026-02-11 11:14:25,348 | INFO | Batch 300 | Loss: 0.1372 | Correct: 123/128 | Elapsed Time: 8.10s
2026-02-11 11:14:32,712 | INFO | Epoch [74/100] - Loss: 0.1580 | Correct: 48137/50000 (96.27%, 31.57s)
2026-02-11 11:14:35,358 | INFO | Validation - Loss: 1.6680 | Top1: 6170/10000 (61.70%) | Top5: 8621/10000 (86.21%) (2.65s)
2026-02-11 11:14:43,372 | INFO | Batch 100 | Loss: 0.1579 | Correct: 121/128 | Elapsed Time: 8.01s
2026-02-11 11:14:51,409 | INFO | Batch 200 | Loss: 0.1826 | Correct: 121/128 | Elapsed Time: 8.04s
2026-02-11 11:14:59,472 | INFO | Batch 300 | Loss: 0.1737 | Correct: 123/128 | Elapsed Time: 8.06s
2026-02-11 11:15:06,829 | INFO | Epoch [75/100] - Loss: 0.1572 | Correct: 48134/50000 (96.27%, 31.47s)
2026-02-11 11:15:09,438 | INFO | Validation - Loss: 1.6684 | Top1: 6183/10000 (61.83%) | Top5: 8612/10000 (86.12%) (2.61s)
2026-02-11 11:15:17,485 | INFO | Batch 100 | Loss: 0.1501 | Correct: 124/128 | Elapsed Time: 8.04s
2026-02-11 11:15:25,593 | INFO | Batch 200 | Loss: 0.1028 | Correct: 127/128 | Elapsed Time: 8.11s
2026-02-11 11:15:33,674 | INFO | Batch 300 | Loss: 0.1313 | Correct: 126/128 | Elapsed Time: 8.08s
2026-02-11 11:15:40,999 | INFO | Epoch [76/100] - Loss: 0.1428 | Correct: 48410/50000 (96.82%, 31.56s)
2026-02-11 11:15:43,599 | INFO | Validation - Loss: 1.6608 | Top1: 6216/10000 (62.16%) | Top5: 8627/10000 (86.27%) (2.60s)
2026-02-11 11:15:51,674 | INFO | Batch 100 | Loss: 0.1078 | Correct: 125/128 | Elapsed Time: 8.07s
2026-02-11 11:15:59,686 | INFO | Batch 200 | Loss: 0.1819 | Correct: 122/128 | Elapsed Time: 8.01s
2026-02-11 11:16:07,791 | INFO | Batch 300 | Loss: 0.1015 | Correct: 127/128 | Elapsed Time: 8.11s
2026-02-11 11:16:15,140 | INFO | Epoch [77/100] - Loss: 0.1391 | Correct: 48487/50000 (96.97%, 31.54s)
2026-02-11 11:16:17,769 | INFO | Validation - Loss: 1.6563 | Top1: 6195/10000 (61.95%) | Top5: 8640/10000 (86.40%) (2.63s)
2026-02-11 11:16:25,795 | INFO | Batch 100 | Loss: 0.1728 | Correct: 121/128 | Elapsed Time: 8.02s
2026-02-11 11:16:33,810 | INFO | Batch 200 | Loss: 0.0973 | Correct: 126/128 | Elapsed Time: 8.02s
2026-02-11 11:16:41,854 | INFO | Batch 300 | Loss: 0.1146 | Correct: 125/128 | Elapsed Time: 8.04s
2026-02-11 11:16:49,147 | INFO | Epoch [78/100] - Loss: 0.1349 | Correct: 48524/50000 (97.05%, 31.38s)
2026-02-11 11:16:51,697 | INFO | Validation - Loss: 1.6575 | Top1: 6211/10000 (62.11%) | Top5: 8637/10000 (86.37%) (2.55s)
2026-02-11 11:16:59,707 | INFO | Batch 100 | Loss: 0.1199 | Correct: 126/128 | Elapsed Time: 8.01s
2026-02-11 11:17:07,824 | INFO | Batch 200 | Loss: 0.1126 | Correct: 125/128 | Elapsed Time: 8.12s
2026-02-11 11:17:15,898 | INFO | Batch 300 | Loss: 0.1221 | Correct: 126/128 | Elapsed Time: 8.07s
2026-02-11 11:17:23,184 | INFO | Epoch [79/100] - Loss: 0.1352 | Correct: 48549/50000 (97.10%, 31.48s)
2026-02-11 11:17:25,788 | INFO | Validation - Loss: 1.6577 | Top1: 6208/10000 (62.08%) | Top5: 8638/10000 (86.38%) (2.60s)
2026-02-11 11:17:33,873 | INFO | Batch 100 | Loss: 0.1098 | Correct: 127/128 | Elapsed Time: 8.08s
2026-02-11 11:17:41,916 | INFO | Batch 200 | Loss: 0.1366 | Correct: 126/128 | Elapsed Time: 8.04s
2026-02-11 11:17:50,018 | INFO | Batch 300 | Loss: 0.1307 | Correct: 125/128 | Elapsed Time: 8.10s
2026-02-11 11:17:57,335 | INFO | Epoch [80/100] - Loss: 0.1342 | Correct: 48528/50000 (97.06%, 31.54s)
2026-02-11 11:17:59,928 | INFO | Validation - Loss: 1.6588 | Top1: 6208/10000 (62.08%) | Top5: 8643/10000 (86.43%) (2.59s)
2026-02-11 11:18:07,995 | INFO | Batch 100 | Loss: 0.1116 | Correct: 124/128 | Elapsed Time: 8.06s
2026-02-11 11:18:16,021 | INFO | Batch 200 | Loss: 0.1068 | Correct: 127/128 | Elapsed Time: 8.03s
2026-02-11 11:18:24,038 | INFO | Batch 300 | Loss: 0.1077 | Correct: 124/128 | Elapsed Time: 8.02s
2026-02-11 11:18:31,366 | INFO | Epoch [81/100] - Loss: 0.1320 | Correct: 48582/50000 (97.16%, 31.43s)
2026-02-11 11:18:33,962 | INFO | Validation - Loss: 1.6604 | Top1: 6209/10000 (62.09%) | Top5: 8653/10000 (86.53%) (2.60s)
2026-02-11 11:18:42,096 | INFO | Batch 100 | Loss: 0.0953 | Correct: 125/128 | Elapsed Time: 8.13s
2026-02-11 11:18:50,065 | INFO | Batch 200 | Loss: 0.1123 | Correct: 123/128 | Elapsed Time: 7.97s
2026-02-11 11:18:58,103 | INFO | Batch 300 | Loss: 0.0876 | Correct: 127/128 | Elapsed Time: 8.04s
2026-02-11 11:19:05,424 | INFO | Epoch [82/100] - Loss: 0.1292 | Correct: 48609/50000 (97.22%, 31.46s)
2026-02-11 11:19:08,010 | INFO | Validation - Loss: 1.6628 | Top1: 6205/10000 (62.05%) | Top5: 8640/10000 (86.40%) (2.59s)
2026-02-11 11:19:16,046 | INFO | Batch 100 | Loss: 0.1357 | Correct: 123/128 | Elapsed Time: 8.03s
2026-02-11 11:19:24,170 | INFO | Batch 200 | Loss: 0.1226 | Correct: 124/128 | Elapsed Time: 8.12s
2026-02-11 11:19:32,219 | INFO | Batch 300 | Loss: 0.1645 | Correct: 122/128 | Elapsed Time: 8.05s
2026-02-11 11:19:39,526 | INFO | Epoch [83/100] - Loss: 0.1279 | Correct: 48659/50000 (97.32%, 31.51s)
2026-02-11 11:19:42,124 | INFO | Validation - Loss: 1.6611 | Top1: 6208/10000 (62.08%) | Top5: 8641/10000 (86.41%) (2.60s)
2026-02-11 11:19:50,204 | INFO | Batch 100 | Loss: 0.1447 | Correct: 127/128 | Elapsed Time: 8.08s
2026-02-11 11:19:58,220 | INFO | Batch 200 | Loss: 0.1183 | Correct: 127/128 | Elapsed Time: 8.02s
2026-02-11 11:20:06,262 | INFO | Batch 300 | Loss: 0.1043 | Correct: 126/128 | Elapsed Time: 8.04s
2026-02-11 11:20:13,642 | INFO | Epoch [84/100] - Loss: 0.1278 | Correct: 48637/50000 (97.27%, 31.51s)
2026-02-11 11:20:16,244 | INFO | Validation - Loss: 1.6652 | Top1: 6208/10000 (62.08%) | Top5: 8644/10000 (86.44%) (2.60s)
2026-02-11 11:20:24,338 | INFO | Batch 100 | Loss: 0.1292 | Correct: 126/128 | Elapsed Time: 8.09s
2026-02-11 11:20:32,430 | INFO | Batch 200 | Loss: 0.1523 | Correct: 125/128 | Elapsed Time: 8.09s
2026-02-11 11:20:40,566 | INFO | Batch 300 | Loss: 0.1368 | Correct: 125/128 | Elapsed Time: 8.14s
2026-02-11 11:20:47,905 | INFO | Epoch [85/100] - Loss: 0.1287 | Correct: 48643/50000 (97.29%, 31.66s)
2026-02-11 11:20:50,485 | INFO | Validation - Loss: 1.6670 | Top1: 6201/10000 (62.01%) | Top5: 8664/10000 (86.64%) (2.58s)
2026-02-11 11:20:58,575 | INFO | Batch 100 | Loss: 0.0921 | Correct: 126/128 | Elapsed Time: 8.09s
2026-02-11 11:21:06,632 | INFO | Batch 200 | Loss: 0.1223 | Correct: 125/128 | Elapsed Time: 8.06s
2026-02-11 11:21:14,724 | INFO | Batch 300 | Loss: 0.1067 | Correct: 127/128 | Elapsed Time: 8.09s
2026-02-11 11:21:22,060 | INFO | Epoch [86/100] - Loss: 0.1264 | Correct: 48668/50000 (97.34%, 31.57s)
2026-02-11 11:21:24,618 | INFO | Validation - Loss: 1.6682 | Top1: 6193/10000 (61.93%) | Top5: 8646/10000 (86.46%) (2.56s)
2026-02-11 11:21:32,616 | INFO | Batch 100 | Loss: 0.1343 | Correct: 124/128 | Elapsed Time: 7.99s
2026-02-11 11:21:40,646 | INFO | Batch 200 | Loss: 0.1189 | Correct: 126/128 | Elapsed Time: 8.03s
2026-02-11 11:21:48,692 | INFO | Batch 300 | Loss: 0.1563 | Correct: 123/128 | Elapsed Time: 8.05s
2026-02-11 11:21:56,070 | INFO | Epoch [87/100] - Loss: 0.1281 | Correct: 48582/50000 (97.16%, 31.45s)
2026-02-11 11:21:58,691 | INFO | Validation - Loss: 1.6643 | Top1: 6201/10000 (62.01%) | Top5: 8651/10000 (86.51%) (2.62s)
2026-02-11 11:22:06,803 | INFO | Batch 100 | Loss: 0.1114 | Correct: 127/128 | Elapsed Time: 8.11s
2026-02-11 11:22:14,873 | INFO | Batch 200 | Loss: 0.1145 | Correct: 126/128 | Elapsed Time: 8.07s
2026-02-11 11:22:22,966 | INFO | Batch 300 | Loss: 0.0810 | Correct: 128/128 | Elapsed Time: 8.09s
2026-02-11 11:22:30,272 | INFO | Epoch [88/100] - Loss: 0.1256 | Correct: 48689/50000 (97.38%, 31.58s)
2026-02-11 11:22:32,869 | INFO | Validation - Loss: 1.6664 | Top1: 6199/10000 (61.99%) | Top5: 8650/10000 (86.50%) (2.60s)
2026-02-11 11:22:40,989 | INFO | Batch 100 | Loss: 0.1406 | Correct: 123/128 | Elapsed Time: 8.12s
2026-02-11 11:22:49,015 | INFO | Batch 200 | Loss: 0.1197 | Correct: 124/128 | Elapsed Time: 8.03s
2026-02-11 11:22:57,041 | INFO | Batch 300 | Loss: 0.1305 | Correct: 125/128 | Elapsed Time: 8.03s
2026-02-11 11:23:04,387 | INFO | Epoch [89/100] - Loss: 0.1260 | Correct: 48660/50000 (97.32%, 31.52s)
2026-02-11 11:23:06,980 | INFO | Validation - Loss: 1.6645 | Top1: 6213/10000 (62.13%) | Top5: 8645/10000 (86.45%) (2.59s)
2026-02-11 11:23:15,010 | INFO | Batch 100 | Loss: 0.1379 | Correct: 124/128 | Elapsed Time: 8.03s
2026-02-11 11:23:23,095 | INFO | Batch 200 | Loss: 0.1063 | Correct: 126/128 | Elapsed Time: 8.08s
2026-02-11 11:23:31,192 | INFO | Batch 300 | Loss: 0.0780 | Correct: 128/128 | Elapsed Time: 8.10s
2026-02-11 11:23:38,578 | INFO | Epoch [90/100] - Loss: 0.1245 | Correct: 48677/50000 (97.35%, 31.60s)
2026-02-11 11:23:41,134 | INFO | Validation - Loss: 1.6665 | Top1: 6219/10000 (62.19%) | Top5: 8635/10000 (86.35%) (2.56s)
2026-02-11 11:23:49,165 | INFO | Batch 100 | Loss: 0.0901 | Correct: 127/128 | Elapsed Time: 8.03s
2026-02-11 11:23:57,281 | INFO | Batch 200 | Loss: 0.0883 | Correct: 124/128 | Elapsed Time: 8.12s
2026-02-11 11:24:05,337 | INFO | Batch 300 | Loss: 0.1870 | Correct: 123/128 | Elapsed Time: 8.06s
2026-02-11 11:24:12,666 | INFO | Epoch [91/100] - Loss: 0.1234 | Correct: 48680/50000 (97.36%, 31.53s)
2026-02-11 11:24:15,236 | INFO | Validation - Loss: 1.6670 | Top1: 6219/10000 (62.19%) | Top5: 8642/10000 (86.42%) (2.57s)
2026-02-11 11:24:23,303 | INFO | Batch 100 | Loss: 0.1184 | Correct: 125/128 | Elapsed Time: 8.06s
2026-02-11 11:24:31,270 | INFO | Batch 200 | Loss: 0.1731 | Correct: 123/128 | Elapsed Time: 7.97s
2026-02-11 11:24:39,324 | INFO | Batch 300 | Loss: 0.1409 | Correct: 123/128 | Elapsed Time: 8.06s
2026-02-11 11:24:46,600 | INFO | Epoch [92/100] - Loss: 0.1239 | Correct: 48699/50000 (97.40%, 31.36s)
2026-02-11 11:24:49,167 | INFO | Validation - Loss: 1.6711 | Top1: 6208/10000 (62.08%) | Top5: 8639/10000 (86.39%) (2.57s)
2026-02-11 11:24:57,243 | INFO | Batch 100 | Loss: 0.0942 | Correct: 127/128 | Elapsed Time: 8.07s
2026-02-11 11:25:05,401 | INFO | Batch 200 | Loss: 0.1557 | Correct: 122/128 | Elapsed Time: 8.16s
2026-02-11 11:25:13,465 | INFO | Batch 300 | Loss: 0.0972 | Correct: 125/128 | Elapsed Time: 8.06s
2026-02-11 11:25:20,754 | INFO | Epoch [93/100] - Loss: 0.1239 | Correct: 48680/50000 (97.36%, 31.58s)
2026-02-11 11:25:23,338 | INFO | Validation - Loss: 1.6697 | Top1: 6205/10000 (62.05%) | Top5: 8645/10000 (86.45%) (2.58s)
2026-02-11 11:25:31,447 | INFO | Batch 100 | Loss: 0.0960 | Correct: 126/128 | Elapsed Time: 8.10s
2026-02-11 11:25:39,540 | INFO | Batch 200 | Loss: 0.1035 | Correct: 125/128 | Elapsed Time: 8.09s
2026-02-11 11:25:47,629 | INFO | Batch 300 | Loss: 0.1126 | Correct: 126/128 | Elapsed Time: 8.09s
2026-02-11 11:25:54,945 | INFO | Epoch [94/100] - Loss: 0.1224 | Correct: 48739/50000 (97.48%, 31.60s)
2026-02-11 11:25:57,529 | INFO | Validation - Loss: 1.6729 | Top1: 6198/10000 (61.98%) | Top5: 8650/10000 (86.50%) (2.58s)
2026-02-11 11:26:05,576 | INFO | Batch 100 | Loss: 0.1268 | Correct: 125/128 | Elapsed Time: 8.04s
2026-02-11 11:26:13,651 | INFO | Batch 200 | Loss: 0.1229 | Correct: 126/128 | Elapsed Time: 8.08s
2026-02-11 11:26:21,699 | INFO | Batch 300 | Loss: 0.1385 | Correct: 124/128 | Elapsed Time: 8.05s
2026-02-11 11:26:28,985 | INFO | Epoch [95/100] - Loss: 0.1216 | Correct: 48738/50000 (97.48%, 31.45s)
2026-02-11 11:26:31,551 | INFO | Validation - Loss: 1.6713 | Top1: 6213/10000 (62.13%) | Top5: 8646/10000 (86.46%) (2.56s)
2026-02-11 11:26:39,604 | INFO | Batch 100 | Loss: 0.1302 | Correct: 125/128 | Elapsed Time: 8.05s
2026-02-11 11:26:47,613 | INFO | Batch 200 | Loss: 0.1097 | Correct: 125/128 | Elapsed Time: 8.01s
2026-02-11 11:26:55,669 | INFO | Batch 300 | Loss: 0.0918 | Correct: 127/128 | Elapsed Time: 8.06s
2026-02-11 11:27:03,000 | INFO | Epoch [96/100] - Loss: 0.1225 | Correct: 48678/50000 (97.36%, 31.45s)
2026-02-11 11:27:05,594 | INFO | Validation - Loss: 1.6687 | Top1: 6219/10000 (62.19%) | Top5: 8640/10000 (86.40%) (2.59s)
2026-02-11 11:27:13,679 | INFO | Batch 100 | Loss: 0.1611 | Correct: 122/128 | Elapsed Time: 8.08s
2026-02-11 11:27:21,731 | INFO | Batch 200 | Loss: 0.1483 | Correct: 123/128 | Elapsed Time: 8.05s
2026-02-11 11:27:29,813 | INFO | Batch 300 | Loss: 0.1032 | Correct: 123/128 | Elapsed Time: 8.08s
2026-02-11 11:27:37,151 | INFO | Epoch [97/100] - Loss: 0.1214 | Correct: 48733/50000 (97.47%, 31.55s)
2026-02-11 11:27:39,698 | INFO | Validation - Loss: 1.6706 | Top1: 6208/10000 (62.08%) | Top5: 8636/10000 (86.36%) (2.55s)
2026-02-11 11:27:47,832 | INFO | Batch 100 | Loss: 0.1079 | Correct: 125/128 | Elapsed Time: 8.13s
2026-02-11 11:27:55,981 | INFO | Batch 200 | Loss: 0.1584 | Correct: 124/128 | Elapsed Time: 8.15s
2026-02-11 11:28:04,097 | INFO | Batch 300 | Loss: 0.1156 | Correct: 124/128 | Elapsed Time: 8.12s
2026-02-11 11:28:11,388 | INFO | Epoch [98/100] - Loss: 0.1182 | Correct: 48750/50000 (97.50%, 31.69s)
2026-02-11 11:28:13,977 | INFO | Validation - Loss: 1.6697 | Top1: 6210/10000 (62.10%) | Top5: 8646/10000 (86.46%) (2.59s)
2026-02-11 11:28:22,007 | INFO | Batch 100 | Loss: 0.1093 | Correct: 125/128 | Elapsed Time: 8.03s
2026-02-11 11:28:30,072 | INFO | Batch 200 | Loss: 0.1070 | Correct: 124/128 | Elapsed Time: 8.07s
2026-02-11 11:28:38,073 | INFO | Batch 300 | Loss: 0.0996 | Correct: 127/128 | Elapsed Time: 8.00s
2026-02-11 11:28:45,428 | INFO | Epoch [99/100] - Loss: 0.1197 | Correct: 48740/50000 (97.48%, 31.45s)
2026-02-11 11:28:48,032 | INFO | Validation - Loss: 1.6699 | Top1: 6224/10000 (62.24%) | Top5: 8653/10000 (86.53%) (2.60s)
2026-02-11 11:28:56,124 | INFO | Batch 100 | Loss: 0.1211 | Correct: 125/128 | Elapsed Time: 8.09s
2026-02-11 11:29:04,189 | INFO | Batch 200 | Loss: 0.1000 | Correct: 124/128 | Elapsed Time: 8.07s
2026-02-11 11:29:12,263 | INFO | Batch 300 | Loss: 0.0971 | Correct: 126/128 | Elapsed Time: 8.07s
2026-02-11 11:29:19,607 | INFO | Epoch [100/100] - Loss: 0.1208 | Correct: 48710/50000 (97.42%, 31.57s)
2026-02-11 11:29:22,178 | INFO | Validation - Loss: 1.6696 | Top1: 6221/10000 (62.21%) | Top5: 8646/10000 (86.46%) (2.57s)
2026-02-11 11:29:22,182 | INFO | Training complete.
2026-02-11 11:29:22,293 | INFO | Final model saved to ./checkpoints/resnet18_fp_final_20260211_103234.pt
